pool:0 range 331 source 1: executed_steps 5063 model_scanned 3076 overlap 2986 dup 42 adds 1425 blocked_hits 94 bsearch 360 interval_ops 435 model_events 7816 ratio_model_over_steps 1.54 multi_range_cells 21
pool:0 range 331 source 2: executed_steps 8171 model_scanned 6136 overlap 6033 dup 41 adds 2957 blocked_hits 78 bsearch 322 interval_ops 397 model_events 12066 ratio_model_over_steps 1.48 multi_range_cells 21
pool:0 range 331 source 3: executed_steps 8029 model_scanned 5679 overlap 5511 dup 29 adds 2673 blocked_hits 136 bsearch 454 interval_ops 579 model_events 12563 ratio_model_over_steps 1.56 multi_range_cells 21
pool:0 range 331 source 4: executed_steps 9652 model_scanned 7359 overlap 7264 dup 42 adds 3555 blocked_hits 112 bsearch 364 interval_ops 489 model_events 14315 ratio_model_over_steps 1.48 multi_range_cells 21
pool:0 range 331 source 5: executed_steps 8539 model_scanned 6106 overlap 5976 dup 42 adds 2908 blocked_hits 118 bsearch 456 interval_ops 581 model_events 13243 ratio_model_over_steps 1.55 multi_range_cells 21
pool:0 range 331 source 6: executed_steps 9202 model_scanned 7147 overlap 7053 dup 42 adds 3459 blocked_hits 93 bsearch 388 interval_ops 513 model_events 14223 ratio_model_over_steps 1.55 multi_range_cells 21
pool:0 range 331 source 7: executed_steps 9748 model_scanned 8000 overlap 7929 dup 19 adds 3921 blocked_hits 68 bsearch 235 interval_ops 335 model_events 14136 ratio_model_over_steps 1.45 multi_range_cells 21
pool:0 range 331 source 8: executed_steps 7335 model_scanned 5419 overlap 5343 dup 19 adds 2624 blocked_hits 76 bsearch 173 interval_ops 223 model_events 9650 ratio_model_over_steps 1.32 multi_range_cells 21
pool:0 range 331: sources 8 nominal_steps 66500 executed_steps 65739 beyond_cutoff 703 unique_added 23522 wave_cells_scanned 45216 wave_cells_with_active 23522 shells_scanned 672/672
pool:29 range 331 source 1: executed_steps 7089 model_scanned 5163 overlap 5096 dup 42 adds 2481 blocked_hits 92 bsearch 331 interval_ops 431 model_events 10723 ratio_model_over_steps 1.51 multi_range_cells 21
pool:29 range 331 source 2: executed_steps 10615 model_scanned 8755 overlap 8655 dup 42 adds 4266 blocked_hits 81 bsearch 267 interval_ops 367 model_events 15524 ratio_model_over_steps 1.46 multi_range_cells 21
pool:29 range 331 source 3: executed_steps 4711 model_scanned 2599 overlap 2530 dup 42 adds 1194 blocked_hits 100 bsearch 336 interval_ops 411 model_events 6892 ratio_model_over_steps 1.46 multi_range_cells 21
pool:29 range 331 source 4: executed_steps 8710 model_scanned 6526 overlap 6412 dup 42 adds 3138 blocked_hits 94 bsearch 418 interval_ops 543 model_events 13551 ratio_model_over_steps 1.56 multi_range_cells 21
pool:29 range 331 source 5: executed_steps 7722 model_scanned 6318 overlap 6152 dup 42 adds 3014 blocked_hits 82 bsearch 487 interval_ops 637 model_events 13865 ratio_model_over_steps 1.80 multi_range_cells 21
pool:29 range 331 source 6: executed_steps 9879 model_scanned 7611 overlap 7502 dup 42 adds 3666 blocked_hits 128 bsearch 406 interval_ops 531 model_events 15056 ratio_model_over_steps 1.52 multi_range_cells 21
pool:29 range 331 source 7: executed_steps 6753 model_scanned 4881 overlap 4779 dup 42 adds 2330 blocked_hits 77 bsearch 322 interval_ops 397 model_events 10184 ratio_model_over_steps 1.51 multi_range_cells 21
pool:29 range 331 source 8: executed_steps 7471 model_scanned 6233 overlap 6135 dup 42 adds 3027 blocked_hits 39 bsearch 337 interval_ops 437 model_events 12393 ratio_model_over_steps 1.66 multi_range_cells 21
pool:29 range 331: sources 8 nominal_steps 63710 executed_steps 62950 beyond_cutoff 780 unique_added 23116 wave_cells_scanned 45216 wave_cells_with_active 23116 shells_scanned 672/672
pool:48 range 331 source 1: executed_steps 10113 model_scanned 8668 overlap 8546 dup 42 adds 4211 blocked_hits 82 bsearch 418 interval_ops 543 model_events 16766 ratio_model_over_steps 1.66 multi_range_cells 21
pool:48 range 331 source 2: executed_steps 10113 model_scanned 8668 overlap 8546 dup 42 adds 4211 blocked_hits 82 bsearch 418 interval_ops 543 model_events 16766 ratio_model_over_steps 1.66 multi_range_cells 21
pool:48 range 331 source 3: executed_steps 5256 model_scanned 3388 overlap 3322 dup 7 adds 1613 blocked_hits 89 bsearch 198 interval_ops 273 model_events 6858 ratio_model_over_steps 1.30 multi_range_cells 21
pool:48 range 331 source 4: executed_steps 9627 model_scanned 7635 overlap 7514 dup 42 adds 3685 blocked_hits 102 bsearch 386 interval_ops 511 model_events 14919 ratio_model_over_steps 1.55 multi_range_cells 21
pool:48 range 331 source 5: executed_steps 8968 model_scanned 6596 overlap 6518 dup 42 adds 3178 blocked_hits 120 bsearch 264 interval_ops 389 model_events 12275 ratio_model_over_steps 1.37 multi_range_cells 21
pool:48 range 331 source 6: executed_steps 8803 model_scanned 6535 overlap 6445 dup 29 adds 3164 blocked_hits 88 bsearch 262 interval_ops 337 model_events 12132 ratio_model_over_steps 1.38 multi_range_cells 21
pool:48 range 331 source 7: executed_steps 9306 model_scanned 6741 overlap 6617 dup 42 adds 3212 blocked_hits 151 bsearch 338 interval_ops 413 model_events 13070 ratio_model_over_steps 1.40 multi_range_cells 21
pool:48 range 331 source 8: executed_steps 7188 model_scanned 5400 overlap 5302 dup 42 adds 2586 blocked_hits 88 bsearch 378 interval_ops 503 model_events 11513 ratio_model_over_steps 1.60 multi_range_cells 21
pool:48 range 331: sources 8 nominal_steps 70177 executed_steps 69374 beyond_cutoff 741 unique_added 25860 wave_cells_scanned 45216 wave_cells_with_active 25860 shells_scanned 672/672
configured:0 range 331 source 1: executed_steps 9266 model_scanned 6930 overlap 6834 dup 31 adds 3343 blocked_hits 117 bsearch 251 interval_ops 351 model_events 12632 ratio_model_over_steps 1.36 multi_range_cells 21
configured:0 range 331 source 2: executed_steps 6212 model_scanned 4562 overlap 4443 dup 7 adds 2176 blocked_hits 84 bsearch 286 interval_ops 361 model_events 9387 ratio_model_over_steps 1.51 multi_range_cells 21
configured:0 range 331 source 3: executed_steps 7961 model_scanned 5407 overlap 5274 dup 42 adds 2553 blocked_hits 126 bsearch 489 interval_ops 589 model_events 12461 ratio_model_over_steps 1.57 multi_range_cells 21
configured:0 range 331 source 4: executed_steps 7837 model_scanned 5779 overlap 5691 dup 42 adds 2773 blocked_hits 103 bsearch 327 interval_ops 427 model_events 11595 ratio_model_over_steps 1.48 multi_range_cells 21
configured:0 range 331 source 5: executed_steps 6132 model_scanned 4188 overlap 4063 dup 39 adds 1968 blocked_hits 88 bsearch 345 interval_ops 445 model_events 9361 ratio_model_over_steps 1.53 multi_range_cells 21
configured:0 range 331 source 6: executed_steps 9903 model_scanned 7856 overlap 7772 dup 42 adds 3823 blocked_hits 84 bsearch 333 interval_ops 433 model_events 14776 ratio_model_over_steps 1.49 multi_range_cells 21
configured:0 range 331 source 7: executed_steps 7646 model_scanned 5564 overlap 5469 dup 42 adds 2663 blocked_hits 101 bsearch 357 interval_ops 457 model_events 11540 ratio_model_over_steps 1.51 multi_range_cells 21
configured:0 range 331 source 8: executed_steps 6045 model_scanned 3983 overlap 3878 dup 42 adds 1867 blocked_hits 102 bsearch 435 interval_ops 535 model_events 9865 ratio_model_over_steps 1.63 multi_range_cells 21
configured:0 range 331: sources 8 nominal_steps 61735 executed_steps 61002 beyond_cutoff 626 unique_added 21166 wave_cells_scanned 45216 wave_cells_with_active 21166 shells_scanned 672/672
configured:5 range 331 source 1: executed_steps 2919 model_scanned 1126 overlap 1074 dup 9 adds 493 blocked_hits 79 bsearch 149 interval_ops 149 model_events 2960 ratio_model_over_steps 1.01 multi_range_cells 21
configured:5 range 331 source 2: executed_steps 8148 model_scanned 6204 overlap 6126 dup 42 adds 2993 blocked_hits 98 bsearch 336 interval_ops 461 model_events 12346 ratio_model_over_steps 1.52 multi_range_cells 21
configured:5 range 331 source 3: executed_steps 7678 model_scanned 6112 overlap 6047 dup 42 adds 2956 blocked_hits 93 bsearch 244 interval_ops 269 model_events 11289 ratio_model_over_steps 1.47 multi_range_cells 21
configured:5 range 331 source 4: executed_steps 6285 model_scanned 3989 overlap 3939 dup 42 adds 1897 blocked_hits 102 bsearch 273 interval_ops 323 model_events 8393 ratio_model_over_steps 1.34 multi_range_cells 21
configured:5 range 331 source 5: executed_steps 7901 model_scanned 5239 overlap 5168 dup 42 adds 2507 blocked_hits 112 bsearch 316 interval_ops 391 model_events 10665 ratio_model_over_steps 1.35 multi_range_cells 21
configured:5 range 331 source 6: executed_steps 9125 model_scanned 7374 overlap 7310 dup 42 adds 3595 blocked_hits 78 bsearch 318 interval_ops 393 model_events 13906 ratio_model_over_steps 1.52 multi_range_cells 21
configured:5 range 331 source 7: executed_steps 11633 model_scanned 10080 overlap 10004 dup 42 adds 4951 blocked_hits 60 bsearch 286 interval_ops 411 model_events 17730 ratio_model_over_steps 1.52 multi_range_cells 21
configured:5 range 331 source 8: executed_steps 6282 model_scanned 4412 overlap 4345 dup 42 adds 2110 blocked_hits 83 bsearch 369 interval_ops 469 model_events 9943 ratio_model_over_steps 1.58 multi_range_cells 21
configured:5 range 331: sources 8 nominal_steps 60667 executed_steps 59971 beyond_cutoff 673 unique_added 21502 wave_cells_scanned 43344 wave_cells_with_active 21502 shells_scanned 631/672
configured:10 range 331 source 1: executed_steps 5064 model_scanned 3552 overlap 3485 dup 9 adds 1701 blocked_hits 74 bsearch 203 interval_ops 253 model_events 7130 ratio_model_over_steps 1.41 multi_range_cells 21
configured:10 range 331 source 2: executed_steps 9102 model_scanned 7004 overlap 6863 dup 42 adds 3364 blocked_hits 93 bsearch 455 interval_ops 605 model_events 14613 ratio_model_over_steps 1.61 multi_range_cells 21
configured:10 range 331 source 3: executed_steps 4351 model_scanned 2847 overlap 2806 dup 42 adds 1354 blocked_hits 56 bsearch 303 interval_ops 353 model_events 6978 ratio_model_over_steps 1.60 multi_range_cells 21
configured:10 range 331 source 4: executed_steps 9487 model_scanned 7739 overlap 7656 dup 17 adds 3778 blocked_hits 83 bsearch 208 interval_ops 283 model_events 13464 ratio_model_over_steps 1.42 multi_range_cells 21
configured:10 range 331 source 5: executed_steps 6788 model_scanned 5188 overlap 5073 dup 42 adds 2471 blocked_hits 89 bsearch 369 interval_ops 469 model_events 11080 ratio_model_over_steps 1.63 multi_range_cells 21
configured:10 range 331 source 6: executed_steps 7983 model_scanned 5646 overlap 5480 dup 42 adds 2660 blocked_hits 118 bsearch 431 interval_ops 531 model_events 12285 ratio_model_over_steps 1.54 multi_range_cells 21
configured:10 range 331 source 7: executed_steps 8903 model_scanned 7247 overlap 7179 dup 42 adds 3534 blocked_hits 69 bsearch 300 interval_ops 375 model_events 13556 ratio_model_over_steps 1.52 multi_range_cells 21
configured:10 range 331 source 8: executed_steps 9820 model_scanned 7912 overlap 7803 dup 42 adds 3834 blocked_hits 93 bsearch 336 interval_ops 411 model_events 14845 ratio_model_over_steps 1.51 multi_range_cells 21
configured:10 range 331: sources 8 nominal_steps 62215 executed_steps 61498 beyond_cutoff 715 unique_added 22696 wave_cells_scanned 45216 wave_cells_with_active 22696 shells_scanned 672/672
colossal range 331 source 1: executed_steps 11844 model_scanned 10510 overlap 10417 dup 42 adds 5171 blocked_hits 33 bsearch 312 interval_ops 487 model_events 18664 ratio_model_over_steps 1.58 multi_range_cells 21
colossal range 331 source 2: executed_steps 6230 model_scanned 4728 overlap 4425 dup 42 adds 2152 blocked_hits 79 bsearch 921 interval_ops 1221 model_events 15469 ratio_model_over_steps 2.48 multi_range_cells 21
colossal range 331 source 3: executed_steps 8470 model_scanned 6710 overlap 6445 dup 42 adds 3157 blocked_hits 89 bsearch 746 interval_ops 1021 model_events 16856 ratio_model_over_steps 1.99 multi_range_cells 21
colossal range 331 source 4: executed_steps 7019 model_scanned 5628 overlap 5406 dup 42 adds 2649 blocked_hits 66 bsearch 673 interval_ops 923 model_events 14584 ratio_model_over_steps 2.08 multi_range_cells 21
colossal range 331 source 5: executed_steps 8117 model_scanned 6448 overlap 6263 dup 7 adds 3090 blocked_hits 76 bsearch 560 interval_ops 835 model_events 14853 ratio_model_over_steps 1.83 multi_range_cells 21
colossal range 331 source 6: executed_steps 6697 model_scanned 5115 overlap 4919 dup 17 adds 2416 blocked_hits 70 bsearch 604 interval_ops 779 model_events 13142 ratio_model_over_steps 1.96 multi_range_cells 21
colossal range 331 source 7: executed_steps 9071 model_scanned 7211 overlap 6891 dup 42 adds 3384 blocked_hits 81 bsearch 841 interval_ops 1141 model_events 18464 ratio_model_over_steps 2.04 multi_range_cells 21
colossal range 331 source 8: executed_steps 12055 model_scanned 10736 overlap 10687 dup 42 adds 5306 blocked_hits 33 bsearch 283 interval_ops 433 model_events 18739 ratio_model_over_steps 1.55 multi_range_cells 21
colossal range 331: sources 8 nominal_steps 70273 executed_steps 69503 beyond_cutoff 954 unique_added 27325 wave_cells_scanned 45216 wave_cells_with_active 27325 shells_scanned 672/672
pool:0 range 1300 source 1: executed_steps 25880 model_scanned 9317 overlap 8999 dup 164 adds 4325 blocked_hits 185 bsearch 1124 interval_ops 1219 model_events 23853 ratio_model_over_steps 0.92 multi_range_cells 82
pool:0 range 1300 source 2: executed_steps 41119 model_scanned 12410 overlap 12121 dup 41 adds 5890 blocked_hits 300 bsearch 765 interval_ops 765 model_events 25185 ratio_model_over_steps 0.61 multi_range_cells 82
pool:0 range 1300 source 3: executed_steps 37188 model_scanned 9810 overlap 9532 dup 29 adds 4624 blocked_hits 255 bsearch 853 interval_ops 853 model_events 22111 ratio_model_over_steps 0.59 multi_range_cells 82
pool:0 range 1300 source 4: executed_steps 51218 model_scanned 18747 overlap 18387 dup 164 adds 8920 blocked_hits 383 bsearch 1290 interval_ops 1385 model_events 39372 ratio_model_over_steps 0.77 multi_range_cells 82
pool:0 range 1300 source 5: executed_steps 40175 model_scanned 11279 overlap 10988 dup 85 adds 5308 blocked_hits 287 bsearch 783 interval_ops 783 model_events 23634 ratio_model_over_steps 0.59 multi_range_cells 82
pool:0 range 1300 source 6: executed_steps 51683 model_scanned 19383 overlap 18917 dup 164 adds 9201 blocked_hits 351 bsearch 1383 interval_ops 1383 model_events 41031 ratio_model_over_steps 0.79 multi_range_cells 82
pool:0 range 1300 source 7: executed_steps 54591 model_scanned 19992 overlap 19594 dup 19 adds 9612 blocked_hits 351 bsearch 1316 interval_ops 1411 model_events 41543 ratio_model_over_steps 0.76 multi_range_cells 82
pool:0 range 1300 source 8: executed_steps 39245 model_scanned 13052 overlap 12840 dup 19 adds 6282 blocked_hits 257 bsearch 517 interval_ops 517 model_events 23987 ratio_model_over_steps 0.61 multi_range_cells 82
pool:0 range 1300: sources 8 nominal_steps 343224 executed_steps 341099 beyond_cutoff 1363 unique_added 54162 wave_cells_scanned 448312 wave_cells_with_active 54162 shells_scanned 1669/2608
pool:29 range 1300 source 1: executed_steps 47397 model_scanned 22851 overlap 22269 dup 164 adds 10863 blocked_hits 379 bsearch 1477 interval_ops 1477 model_events 47007 ratio_model_over_steps 0.99 multi_range_cells 82
pool:29 range 1300 source 2: executed_steps 64712 model_scanned 27354 overlap 26723 dup 61 adds 13120 blocked_hits 422 bsearch 1711 interval_ops 1711 model_events 55873 ratio_model_over_steps 0.86 multi_range_cells 82
pool:29 range 1300 source 3: executed_steps 25574 model_scanned 10346 overlap 9986 dup 164 adds 4799 blocked_hits 224 bsearch 950 interval_ops 1045 model_events 23790 ratio_model_over_steps 0.93 multi_range_cells 82
pool:29 range 1300 source 4: executed_steps 53715 model_scanned 22905 overlap 22374 dup 164 adds 10934 blocked_hits 342 bsearch 1671 interval_ops 1671 model_events 48878 ratio_model_over_steps 0.91 multi_range_cells 82
pool:29 range 1300 source 5: executed_steps 44692 model_scanned 17636 overlap 17085 dup 164 adds 8304 blocked_hits 313 bsearch 1339 interval_ops 1339 model_events 37991 ratio_model_over_steps 0.85 multi_range_cells 82
pool:29 range 1300 source 6: executed_steps 49568 model_scanned 15742 overlap 15394 dup 155 adds 7446 blocked_hits 347 bsearch 1155 interval_ops 1155 model_events 33583 ratio_model_over_steps 0.68 multi_range_cells 82
pool:29 range 1300 source 7: executed_steps 39730 model_scanned 17503 overlap 17097 dup 45 adds 8408 blocked_hits 236 bsearch 1209 interval_ops 1399 model_events 36982 ratio_model_over_steps 0.93 multi_range_cells 82
pool:29 range 1300 source 8: executed_steps 35989 model_scanned 10958 overlap 10581 dup 93 adds 5115 blocked_hits 258 bsearch 941 interval_ops 941 model_events 24542 ratio_model_over_steps 0.68 multi_range_cells 82
pool:29 range 1300: sources 8 nominal_steps 363727 executed_steps 361377 beyond_cutoff 3505 unique_added 68989 wave_cells_scanned 565012 wave_cells_with_active 68989 shells_scanned 1760/2608
pool:48 range 1300 source 1: executed_steps 54129 model_scanned 19843 overlap 19347 dup 123 adds 9422 blocked_hits 380 bsearch 1431 interval_ops 1431 model_events 42144 ratio_model_over_steps 0.78 multi_range_cells 82
pool:48 range 1300 source 2: executed_steps 54129 model_scanned 19843 overlap 19347 dup 123 adds 9422 blocked_hits 380 bsearch 1431 interval_ops 1431 model_events 42144 ratio_model_over_steps 0.78 multi_range_cells 82
pool:48 range 1300 source 3: executed_steps 27020 model_scanned 9889 overlap 9466 dup 7 adds 4634 blocked_hits 191 bsearch 1103 interval_ops 1293 model_events 24640 ratio_model_over_steps 0.91 multi_range_cells 82
pool:48 range 1300 source 4: executed_steps 46836 model_scanned 14255 overlap 13953 dup 87 adds 6772 blocked_hits 322 bsearch 859 interval_ops 859 model_events 28758 ratio_model_over_steps 0.61 multi_range_cells 82
pool:48 range 1300 source 5: executed_steps 39703 model_scanned 10228 overlap 9908 dup 53 adds 4783 blocked_hits 289 bsearch 627 interval_ops 627 model_events 20654 ratio_model_over_steps 0.52 multi_range_cells 82
pool:48 range 1300 source 6: executed_steps 39576 model_scanned 9438 overlap 9264 dup 29 adds 4479 blocked_hits 277 bsearch 503 interval_ops 503 model_events 18444 ratio_model_over_steps 0.47 multi_range_cells 82
pool:48 range 1300 source 7: executed_steps 40354 model_scanned 9454 overlap 9212 dup 57 adds 4433 blocked_hits 289 bsearch 675 interval_ops 675 model_events 19962 ratio_model_over_steps 0.49 multi_range_cells 82
pool:48 range 1300 source 8: executed_steps 43043 model_scanned 18361 overlap 17685 dup 164 adds 8603 blocked_hits 315 bsearch 1442 interval_ops 1537 model_events 40037 ratio_model_over_steps 0.93 multi_range_cells 82
pool:48 range 1300: sources 8 nominal_steps 346749 executed_steps 344790 beyond_cutoff 1216 unique_added 52548 wave_cells_scanned 461800 wave_cells_with_active 52548 shells_scanned 1582/2608
configured:0 range 1300 source 1: executed_steps 54215 model_scanned 22883 overlap 22433 dup 31 adds 11013 blocked_hits 376 bsearch 1112 interval_ops 1207 model_events 43999 ratio_model_over_steps 0.81 multi_range_cells 82
configured:0 range 1300 source 2: executed_steps 36612 model_scanned 15686 overlap 15309 dup 7 adds 7531 blocked_hits 240 bsearch 812 interval_ops 907 model_events 30620 ratio_model_over_steps 0.84 multi_range_cells 82
configured:0 range 1300 source 3: executed_steps 45957 model_scanned 21221 overlap 20855 dup 164 adds 10220 blocked_hits 251 bsearch 1260 interval_ops 1545 model_events 43066 ratio_model_over_steps 0.94 multi_range_cells 82
configured:0 range 1300 source 4: executed_steps 49804 model_scanned 25197 overlap 24753 dup 67 adds 12200 blocked_hits 286 bsearch 1383 interval_ops 1763 model_events 50224 ratio_model_over_steps 1.01 multi_range_cells 82
configured:0 range 1300 source 5: executed_steps 35225 model_scanned 14889 overlap 14381 dup 39 adds 7055 blocked_hits 232 bsearch 1236 interval_ops 1331 model_events 33163 ratio_model_over_steps 0.94 multi_range_cells 82
configured:0 range 1300 source 6: executed_steps 63681 model_scanned 30196 overlap 29617 dup 115 adds 14563 blocked_hits 376 bsearch 1838 interval_ops 2123 model_events 61586 ratio_model_over_steps 0.97 multi_range_cells 82
configured:0 range 1300 source 7: executed_steps 39365 model_scanned 14210 overlap 13708 dup 164 adds 6641 blocked_hits 261 bsearch 1436 interval_ops 1531 model_events 33870 ratio_model_over_steps 0.86 multi_range_cells 82
configured:0 range 1300 source 8: executed_steps 32799 model_scanned 11851 overlap 11409 dup 164 adds 5489 blocked_hits 267 bsearch 1186 interval_ops 1281 model_events 28109 ratio_model_over_steps 0.86 multi_range_cells 82
configured:0 range 1300: sources 8 nominal_steps 360053 executed_steps 357658 beyond_cutoff 10405 unique_added 74712 wave_cells_scanned 671424 wave_cells_with_active 74712 shells_scanned 2608/2608
configured:5 range 1300 source 1: executed_steps 11379 model_scanned 1162 overlap 1109 dup 9 adds 507 blocked_hits 86 bsearch 151 interval_ops 151 model_events 3028 ratio_model_over_steps 0.27 multi_range_cells 82
configured:5 range 1300 source 2: executed_steps 52330 model_scanned 27022 overlap 26324 dup 164 adds 12895 blocked_hits 370 bsearch 2040 interval_ops 2515 model_events 58752 ratio_model_over_steps 1.12 multi_range_cells 82
configured:5 range 1300 source 3: executed_steps 42401 model_scanned 16809 overlap 16411 dup 53 adds 8046 blocked_hits 266 bsearch 1099 interval_ops 1289 model_events 34936 ratio_model_over_steps 0.82 multi_range_cells 82
configured:5 range 1300 source 4: executed_steps 30320 model_scanned 8140 overlap 7903 dup 63 adds 3798 blocked_hits 244 bsearch 565 interval_ops 565 model_events 17023 ratio_model_over_steps 0.56 multi_range_cells 82
configured:5 range 1300 source 5: executed_steps 42407 model_scanned 16617 overlap 16225 dup 164 adds 7900 blocked_hits 261 bsearch 1141 interval_ops 1331 model_events 34976 ratio_model_over_steps 0.82 multi_range_cells 82
configured:5 range 1300 source 6: executed_steps 68350 model_scanned 37910 overlap 37106 dup 111 adds 18322 blocked_hits 351 bsearch 2145 interval_ops 2715 model_events 76107 ratio_model_over_steps 1.11 multi_range_cells 82
configured:5 range 1300 source 7: executed_steps 74604 model_scanned 33669 overlap 32849 dup 164 adds 16099 blocked_hits 487 bsearch 2013 interval_ops 2013 model_events 67885 ratio_model_over_steps 0.91 multi_range_cells 82
configured:5 range 1300 source 8: executed_steps 35015 model_scanned 13884 overlap 13375 dup 103 adds 6506 blocked_hits 260 bsearch 1174 interval_ops 1269 model_events 31051 ratio_model_over_steps 0.89 multi_range_cells 82
configured:5 range 1300: sources 8 nominal_steps 359098 executed_steps 356806 beyond_cutoff 10506 unique_added 74073 wave_cells_scanned 548912 wave_cells_with_active 74073 shells_scanned 2045/2608
configured:10 range 1300 source 1: executed_steps 24789 model_scanned 7547 overlap 7378 dup 9 adds 3608 blocked_hits 153 bsearch 615 interval_ops 615 model_events 16690 ratio_model_over_steps 0.67 multi_range_cells 82
configured:10 range 1300 source 2: executed_steps 55428 model_scanned 24770 overlap 24309 dup 95 adds 11934 blocked_hits 346 bsearch 1618 interval_ops 1713 model_events 51361 ratio_model_over_steps 0.93 multi_range_cells 82
configured:10 range 1300 source 3: executed_steps 21518 model_scanned 6416 overlap 6141 dup 164 adds 2915 blocked_hits 147 bsearch 733 interval_ops 733 model_events 15928 ratio_model_over_steps 0.74 multi_range_cells 82
configured:10 range 1300 source 4: executed_steps 45403 model_scanned 12598 overlap 12383 dup 17 adds 6030 blocked_hits 306 bsearch 561 interval_ops 561 model_events 23677 ratio_model_over_steps 0.52 multi_range_cells 82
configured:10 range 1300 source 5: executed_steps 42082 model_scanned 19295 overlap 18847 dup 164 adds 9190 blocked_hits 303 bsearch 1505 interval_ops 1695 model_events 42220 ratio_model_over_steps 1.00 multi_range_cells 82
configured:10 range 1300 source 6: executed_steps 44240 model_scanned 18406 overlap 17846 dup 81 adds 8751 blocked_hits 263 bsearch 1787 interval_ops 1977 model_events 43430 ratio_model_over_steps 0.98 multi_range_cells 82
configured:10 range 1300 source 7: executed_steps 46945 model_scanned 15945 overlap 15606 dup 89 adds 7590 blocked_hits 337 bsearch 785 interval_ops 785 model_events 30600 ratio_model_over_steps 0.65 multi_range_cells 82
configured:10 range 1300 source 8: executed_steps 64115 model_scanned 31911 overlap 31395 dup 75 adds 15496 blocked_hits 328 bsearch 1367 interval_ops 1747 model_events 60090 ratio_model_over_steps 0.94 multi_range_cells 82
configured:10 range 1300: sources 8 nominal_steps 346713 executed_steps 344520 beyond_cutoff 6553 unique_added 65514 wave_cells_scanned 528976 wave_cells_with_active 65514 shells_scanned 1917/2608
colossal range 1300 source 1: executed_steps 124452 model_scanned 90933 overlap 90103 dup 87 adds 44781 blocked_hits 453 bsearch 2061 interval_ops 2251 model_events 154453 ratio_model_over_steps 1.24 multi_range_cells 82
colossal range 1300 source 2: executed_steps 32596 model_scanned 13893 overlap 12749 dup 164 adds 6190 blocked_hits 205 bsearch 3331 interval_ops 3711 model_events 50442 ratio_model_over_steps 1.55 multi_range_cells 82
colossal range 1300 source 3: executed_steps 46904 model_scanned 20663 overlap 19100 dup 51 adds 9381 blocked_hits 287 bsearch 4134 interval_ops 4609 model_events 67725 ratio_model_over_steps 1.44 multi_range_cells 82
colossal range 1300 source 4: executed_steps 54946 model_scanned 35503 overlap 34512 dup 164 adds 17077 blocked_hits 194 bsearch 2984 interval_ops 3269 model_events 79721 ratio_model_over_steps 1.45 multi_range_cells 82
colossal range 1300 source 5: executed_steps 50879 model_scanned 27254 overlap 25715 dup 7 adds 12729 blocked_hits 250 bsearch 4352 interval_ops 5207 model_events 80006 ratio_model_over_steps 1.57 multi_range_cells 82
colossal range 1300 source 6: executed_steps 51053 model_scanned 31943 overlap 31175 dup 17 adds 15493 blocked_hits 172 bsearch 2418 interval_ops 2893 model_events 69673 ratio_model_over_steps 1.36 multi_range_cells 82
colossal range 1300 source 7: executed_steps 61209 model_scanned 33046 overlap 31176 dup 164 adds 15349 blocked_hits 313 bsearch 5481 interval_ops 6431 model_events 98674 ratio_model_over_steps 1.61 multi_range_cells 82
colossal range 1300 source 8: executed_steps 119531 model_scanned 82390 overlap 80784 dup 164 adds 40080 blocked_hits 460 bsearch 4315 interval_ops 5075 model_events 162065 ratio_model_over_steps 1.36 multi_range_cells 82
colossal range 1300: sources 8 nominal_steps 545046 executed_steps 541570 beyond_cutoff 37499 unique_added 161080 wave_cells_scanned 671424 wave_cells_with_active 161080 shells_scanned 2608/2608
