Hint: used config file '/Users/jamesboggs/.nimby/nim/config/nim.cfg' [Conf]
Hint: used config file '/Users/jamesboggs/.nimby/nim/config/config.nims' [Conf]
Hint: used config file '/Users/jamesboggs/coding/coworlds/coworld-ctf-worktrees/nav-deferred-cache/nim.cfg' [Conf]
..........................................................................................................................................................................................................................
/Users/jamesboggs/coding/coworlds/coworld-ctf-worktrees/nav-deferred-cache/src/ctf/arena.nim(1373, 5) Hint: 'inside' is declared but not used [XDeclaredButNotUsed]
/Users/jamesboggs/coding/coworlds/coworld-ctf-worktrees/nav-deferred-cache/src/ctf/arena.nim(3702, 6) Hint: 'rectsNode' is declared but not used [XDeclaredButNotUsed]
/Users/jamesboggs/coding/coworlds/coworld-ctf-worktrees/nav-deferred-cache/src/ctf/arena.nim(3707, 6) Hint: 'rectsFromNode' is declared but not used [XDeclaredButNotUsed]
.......
/Users/jamesboggs/coding/coworlds/coworld-ctf-worktrees/nav-deferred-cache/src/shell/body_route_query.nim(3, 24) Warning: imported and not used: 'math' [UnusedImport]
..
/Users/jamesboggs/coding/coworlds/coworld-ctf-worktrees/nav-deferred-cache/tools/c10_replay.nim(2, 12) Hint: duplicate import of 'bitops'; previous import here: /Users/jamesboggs/coding/coworlds/coworld-ctf-worktrees/nav-deferred-cache/src/shell/body_nav.nim(4, 24) [DuplicateModuleImport]
/Users/jamesboggs/coding/coworlds/coworld-ctf-worktrees/nav-deferred-cache/tools/check_c10_replay.nim(16, 19) Hint: duplicate import of 'bitops'; previous import here: /Users/jamesboggs/coding/coworlds/coworld-ctf-worktrees/nav-deferred-cache/tools/c10_replay.nim(2, 12) [DuplicateModuleImport]
CC: system/exceptions.nim
CC: std/private/digitsutils.nim
CC: std/assertions.nim
CC: std/private/dragonbox.nim
CC: std/formatfloat.nim
CC: system/dollars.nim
CC: system.nim
CC: algorithm.nim
CC: hashes.nim
CC: math.nim
CC: unicode.nim
CC: strutils.nim
CC: tables.nim
CC: flatty/binny.nim
CC: posix.nim
CC: times.nim
CC: std/cmdline.nim
CC: pixie/fontformats/opentype.nim
CC: pixie/fileformats/jpeg.nim
CC: heapqueue.nim
CC: pixie/fileformats/png.nim
CC: bitworld/spriteprotocol.nim
CC: random.nim
CC: bitworld/pixelfonts.nim
CC: ../ctf/sim_types.nim
CC: json.nim
CC: ../ctf/arena.nim
CC: body_map.nim
CC: body_cache.nim
CC: body_danger.nim
CC: ../ctf/zone_field.nim
CC: strformat.nim
CC: body_route_index.nim
CC: body_hazard.nim
CC: body_route_query.nim
CC: body_safety_query.nim
CC: check_c10_replay.nim
Hint:  [Link]
Hint: mm: orc; threads: on; opt: speed; options: -d:release
117657 lines; 2.627s; 339.219MiB peakmem; proj: /Users/jamesboggs/coding/coworlds/coworld-ctf-worktrees/nav-deferred-cache/tools/check_c10_replay.nim; out: /Users/jamesboggs/coding/coworlds/coworld-ctf-worktrees/nav-throughput-research/docs/designs/nav-rework-evidence-2026-09-09/research/C10/correctness [SuccessX]
