Hint: used config file '/home/ubuntu/.nimby/nim-2.2.6/config/nim.cfg' [Conf]
Hint: used config file '/home/ubuntu/.nimby/nim-2.2.6/config/config.nims' [Conf]
Hint: used config file '/home/ubuntu/coworld-nav-wavefront-20260909/nim.cfg' [Conf]
...................................................................................................................................................................................................................................
/home/ubuntu/coworld-nav-wavefront-20260909/src/ctf/arena.nim(1373, 5) Hint: 'inside' is declared but not used [XDeclaredButNotUsed]
/home/ubuntu/coworld-nav-wavefront-20260909/src/ctf/arena.nim(3702, 6) Hint: 'rectsNode' is declared but not used [XDeclaredButNotUsed]
/home/ubuntu/coworld-nav-wavefront-20260909/src/ctf/arena.nim(3707, 6) Hint: 'rectsFromNode' is declared but not used [XDeclaredButNotUsed]
........
/home/ubuntu/coworld-nav-wavefront-20260909/tools/check_danger_list_capture.nim(15, 19) Hint: duplicate import of 'bitops'; previous import here: /home/ubuntu/coworld-nav-wavefront-20260909/src/shell/body_nav.nim(4, 24) [DuplicateModuleImport]
/home/ubuntu/coworld-nav-wavefront-20260909/tools/check_danger_list_capture.nim(15, 27) Hint: duplicate import of 'algorithm'; previous import here: /home/ubuntu/coworld-nav-wavefront-20260909/src/shell/body_nav.nim(4, 13) [DuplicateModuleImport]
/home/ubuntu/coworld-nav-wavefront-20260909/tools/check_danger_list_capture.nim(15, 27) Warning: imported and not used: 'algorithm' [UnusedImport]
CC: system/exceptions.nim
CC: std/private/digitsutils.nim
CC: std/assertions.nim
CC: std/private/dragonbox.nim
CC: std/formatfloat.nim
CC: system/dollars.nim
CC: system.nim
CC: algorithm.nim
CC: hashes.nim
CC: math.nim
CC: unicode.nim
CC: strutils.nim
CC: tables.nim
CC: flatty/binny.nim
CC: times.nim
CC: std/envvars.nim
CC: std/cmdline.nim
CC: nimsimd/runtimecheck.nim
CC: pixie/simd.nim
CC: sets.nim
CC: pixie/fontformats/opentype.nim
CC: pixie/fileformats/jpeg.nim
CC: heapqueue.nim
CC: crunchy/sha256.nim
CC: pixie/fileformats/png.nim
CC: bitworld/spriteprotocol.nim
CC: random.nim
CC: bitworld/pixelfonts.nim
CC: ../src/ctf/sim_types.nim
CC: json.nim
CC: ../src/ctf/arena.nim
CC: ../src/shell/body_map.nim
CC: ../src/shell/body_cache.nim
CC: ../src/shell/body_danger.nim
CC: ../src/ctf/zone_field.nim
CC: strformat.nim
CC: ../src/shell/body_route_index.nim
CC: ../src/shell/body_hazard.nim
CC: ../src/shell/body_route_query.nim
CC: ../src/shell/body_safety_query.nim
CC: check_danger_list_capture.nim
Hint:  [Link]
Hint: mm: orc; threads: on; opt: speed; options: -d:release
119671 lines; 4.606s; 340.773MiB peakmem; proj: /home/ubuntu/coworld-nav-wavefront-20260909/tools/check_danger_list_capture.nim; out: /home/ubuntu/nav-throughput-results-20260909/C7-micro/check-c8 [SuccessX]
