data/br_s2_map_pool.json:0:br-gen-20049
data/br_s2_map_pool.json:1:br-gen-20184
data/br_s2_map_pool.json:2:br-gen-20708
data/br_s2_map_pool.json:3:br-gen-20798
data/br_s2_map_pool.json:4:br-gen-20822
data/br_s2_map_pool.json:5:br-gen-20894
data/br_s2_map_pool.json:6:br-gen-20930
data/br_s2_map_pool.json:7:br-gen-21170
data/br_s2_map_pool.json:8:br-gen-21378
data/br_s2_map_pool.json:9:br-gen-21450
data/br_s2_map_pool.json:10:br-gen-21686
data/br_s2_map_pool.json:11:br-gen-21704
data/br_s2_map_pool.json:12:br-gen-21849
data/br_s2_map_pool.json:13:br-gen-21884
data/br_s2_map_pool.json:14:br-gen-21944
data/br_s2_map_pool.json:15:br-gen-22010
data/br_s2_map_pool.json:16:br-gen-22178
data/br_s2_map_pool.json:17:br-gen-22338
data/br_s2_map_pool.json:18:br-gen-22358
data/br_s2_map_pool.json:19:br-gen-22436
data/br_s2_map_pool.json:20:br-gen-22446
data/br_s2_map_pool.json:21:br-gen-22508
data/br_s2_map_pool.json:22:br-gen-22527
data/br_s2_map_pool.json:23:br-gen-22548
data/br_s2_map_pool.json:24:br-gen-22574
data/br_s2_map_pool.json:25:br-gen-22650
data/br_s2_map_pool.json:26:br-gen-22772
data/br_s2_map_pool.json:27:br-gen-22850
data/br_s2_map_pool.json:28:br-gen-23168
data/br_s2_map_pool.json:29:br-gen-23312
data/br_s2_map_pool.json:30:br-gen-23355
data/br_s2_map_pool.json:31:br-gen-23424
data/br_s2_map_pool.json:32:br-gen-23457
data/br_s2_map_pool.json:33:br-gen-23479
data/br_s2_map_pool.json:34:br-gen-23546
data/br_s2_map_pool.json:35:br-gen-23660
data/br_s2_map_pool.json:36:br-gen-23691
data/br_s2_map_pool.json:37:br-gen-23712
data/br_s2_map_pool.json:38:br-gen-23732
data/br_s2_map_pool.json:39:br-gen-23829
data/br_s2_map_pool.json:40:br-gen-23894
data/br_s2_map_pool.json:41:br-gen-23942
data/br_s2_map_pool.json:42:br-gen-24008
data/br_s2_map_pool.json:43:br-gen-24030
data/br_s2_map_pool.json:44:br-gen-24248
data/br_s2_map_pool.json:45:br-gen-24288
data/br_s2_map_pool.json:46:br-gen-24540
data/br_s2_map_pool.json:47:br-gen-24632
data/br_s2_map_pool.json:48:br-gen-24678
data/br_s2_map_pool.json:49:br-gen-24962
data/br_s2_map_pool.json:50:br-gen-24968
data/br_s2_map_pool.json:51:br-gen-25118
data/br_s2_map_pool.json:52:br-gen-25268
data/br_s2_map_pool.json:53:br-gen-25466
data/br_s2_map_pool.json:54:br-gen-25706
data/br_s2_map_pool.json:55:br-gen-25748
data/br_s2_map_pool.json:56:br-gen-25898
data/br_s2_map_pool.json:57:br-gen-25952
data/br_s2_map_pool.json:58:br-gen-26151
data/br_s2_map_pool.json:59:br-gen-26174
data/br_s2_map_pool.json:60:br-gen-26258
data/br_s2_map_pool.json:61:br-gen-26340
data/br_s2_map_pool.json:62:br-gen-26474
data/br_s2_map_pool.json:63:br-gen-26528
data/br_map_pool.json:0:br-gen-505
investigate_body_ray_clearance.nim investigate_body_ray_clearance
json.nim                 []
tables.nim               []
tables.nim               raiseKeyError
Error: unhandled exception: key not found: spec [KeyError]
