#0 building with "orbstack" instance using docker driver

#1 [internal] load build definition from Dockerfile.replay-viewer
#1 transferring dockerfile: 4.66kB done
#1 DONE 0.0s

#2 [internal] load metadata for docker.io/emscripten/emsdk:4.0.15
#2 DONE 0.7s

#3 [internal] load .dockerignore
#3 transferring context: 117B done
#3 DONE 0.0s

#4 [1/7] FROM docker.io/emscripten/emsdk:4.0.15@sha256:27bc6267cb285223b8aebb7627bfebae7cb3ad2aaa0d5923b8aa5321793033e8
#4 resolve docker.io/emscripten/emsdk:4.0.15@sha256:27bc6267cb285223b8aebb7627bfebae7cb3ad2aaa0d5923b8aa5321793033e8 done
#4 DONE 0.0s

#5 [internal] load build context
#5 transferring context: 7.10MB 0.1s done
#5 DONE 0.1s

#6 [4/7] COPY nimby.lock .
#6 CACHED

#7 [2/7] RUN apt-get update &&   apt-get install -y --no-install-recommends ca-certificates curl git &&   rm -rf /var/lib/apt/lists/* &&   curl -fsSL     -o /usr/local/bin/nimby     https://github.com/treeform/nimby/releases/download/0.1.27/nimby-Linux-X64 &&   echo "3b3084394bd26b09f84a3f82389f075221c8784893238390939d71dd66ac9e8b  /usr/local/bin/nimby" | sha256sum -c - &&   chmod +x /usr/local/bin/nimby &&   nimby use 2.2.4
#7 CACHED

#8 [3/7] WORKDIR /workspace/ctf
#8 CACHED

#9 [5/7] RUN nimby --global sync nimby.lock
#9 CACHED

#10 [6/7] COPY . .
#10 DONE 1.1s

#11 [7/7] RUN nim c -d:emscripten -d:ctfSimSourcesStamp="346e7da87f31cfc3dcdd6edb5737eeff208462d8cb83bf6811610ff88234607c"     replay-viewer/ctf_replay.nim &&   nim c -r --hints:off -o:/tmp/gen_wire_constants tools/gen_wire_constants.nim     > replay-viewer/dist/wire_constants.js &&   cp client/broadcast_core.js replay-viewer/dist/broadcast_core.js &&   cp client/chrome_common.js replay-viewer/dist/chrome_common.js &&   cp data/font.ttf replay-viewer/dist/font.ttf &&   cp replay-viewer/static_replay.js replay-viewer/dist/static_replay.js &&   cp replay-viewer/static_replay_worker.js replay-viewer/dist/static_replay_worker.js &&   sed -e 's|<!-- WIRE_CONSTANTS -->|<script src="./wire_constants.js"></script>|'       -e 's|<!-- CHROME_COMMON -->|<script src="./chrome_common.js"></script>|'       -e 's|<!-- BROADCAST_CORE -->|<script src="./static_replay.js"></script>|'     client/replay_broadcast.html > replay-viewer/dist/index.html &&   sed -e 's|<!-- WIRE_CONSTANTS -->|<script src="./wire_constants.js"></script>|'       -e 's|<!-- CHROME_COMMON -->|<script src="./chrome_common.js"></script>|'     client/league_replayer.html > replay-viewer/dist/league.html &&   cp data/soldier_*_front.png data/soldier_*_front_gun.png     replay-viewer/dist/ &&   cp replay-viewer/loop.html replay-viewer/dist/ &&   mkdir -p replay-viewer/dist/art/walls replay-viewer/dist/art/lockerroom &&   cp client/art/walls/wall_h.jpg client/art/walls/wall_v.jpg     replay-viewer/dist/art/walls/ &&   cp client/art/lockerroom/bg.jpg client/art/lockerroom/*.webp     replay-viewer/dist/art/lockerroom/ &&   rm -rf replay-viewer/dist/nimcache &&   test -f replay-viewer/dist/ctf_replay.wasm &&   test -f replay-viewer/dist/ctf_replay.data &&   test -f replay-viewer/dist/static_replay_worker.js &&   test -f replay-viewer/dist/index.html &&   test -f replay-viewer/dist/league.html &&   test -s replay-viewer/dist/wire_constants.js &&   grep -q '^window.CTF_WIRE={' replay-viewer/dist/wire_constants.js &&   grep -q 'wire_constants.js' replay-viewer/dist/index.html &&   grep -q 'wire_constants.js' replay-viewer/dist/league.html &&   test -s replay-viewer/dist/chrome_common.js &&   grep -q 'window.ChromeCommon' replay-viewer/dist/chrome_common.js &&   grep -q 'chrome_common.js' replay-viewer/dist/index.html &&   grep -q 'chrome_common.js' replay-viewer/dist/league.html &&   grep -q 'static_replay_worker.js' replay-viewer/dist/static_replay.js &&   ! grep -q '<script src="./broadcast_core.js"></script>' replay-viewer/dist/index.html &&   ! grep -q '<script src="./ctf_replay.js"></script>' replay-viewer/dist/index.html &&   test -f replay-viewer/dist/soldier_red_front.png &&   test -f replay-viewer/dist/soldier_blue_front.png &&   test -f replay-viewer/dist/soldier_green_front.png &&   test -f replay-viewer/dist/soldier_yellow_front.png &&   test -f replay-viewer/dist/soldier_plum_front.png &&   test -f replay-viewer/dist/soldier_azure_front_gun.png &&   test "$(ls replay-viewer/dist/soldier_*_front.png | wc -l)" = "$(ls data/soldier_*_front.png | wc -l)" &&   test "$(ls replay-viewer/dist/soldier_*_front_gun.png | wc -l)" = "$(ls data/soldier_*_front_gun.png | wc -l)" &&   test -f replay-viewer/dist/art/walls/wall_h.jpg &&   test -f replay-viewer/dist/art/lockerroom/bg.jpg &&   test -f replay-viewer/dist/art/lockerroom/green_1.webp &&   test -f replay-viewer/dist/art/lockerroom/red_6.webp
#11 0.690 Hint: used config file '/root/.nimby/nim/config/nim.cfg' [Conf]
#11 0.690 Hint: used config file '/root/.nimby/nim/config/config.nims' [Conf]
#11 0.690 Hint: used config file '/workspace/ctf/nim.cfg' [Conf]
#11 0.690 Hint: used config file '/workspace/ctf/replay-viewer/config.nims' [Conf]
#11 0.691 .......................................................................................................................................................................................................
#11 2.389 /workspace/ctf/src/ctf/rig_art.nim(552, 5) Hint: 'unitDeg' is declared but not used [XDeclaredButNotUsed]
#11 2.410 .....
#11 2.497 /workspace/ctf/src/ctf/arena.nim(1373, 5) Hint: 'inside' is declared but not used [XDeclaredButNotUsed]
#11 2.634 /workspace/ctf/src/ctf/arena.nim(3702, 6) Hint: 'rectsNode' is declared but not used [XDeclaredButNotUsed]
#11 2.634 /workspace/ctf/src/ctf/arena.nim(3707, 6) Hint: 'rectsFromNode' is declared but not used [XDeclaredButNotUsed]
#11 2.635 ............
#11 3.320 /workspace/ctf/src/ctf/global.nim(3242, 5) Hint: 'v' is declared but not used [XDeclaredButNotUsed]
#11 3.489 /workspace/ctf/src/ctf/global.nim(7594, 7) Hint: 'rebuilt' is declared but not used [XDeclaredButNotUsed]
#11 3.535 /workspace/ctf/src/ctf/global.nim(1499, 6) Hint: 'boardScaledColdMapPixels' is declared but not used [XDeclaredButNotUsed]
#11 3.579 .........
#11 4.337 CC: ../../../root/.nimby/nim/lib/system/exceptions.nim
#11 4.344 CC: ../../../root/.nimby/nim/lib/std/private/digitsutils.nim
#11 4.346 CC: ../../../root/.nimby/nim/lib/std/assertions.nim
#11 4.350 CC: ../../../root/.nimby/nim/lib/std/private/dragonbox.nim
#11 4.357 CC: ../../../root/.nimby/nim/lib/std/formatfloat.nim
#11 4.361 CC: ../../../root/.nimby/nim/lib/system/dollars.nim
#11 4.366 CC: ../../../root/.nimby/nim/lib/std/syncio.nim
#11 4.373 CC: ../../../root/.nimby/nim/lib/system.nim
#11 4.378 CC: ../../../root/.nimby/nim/lib/pure/hashes.nim
#11 4.379 CC: ../../../root/.nimby/nim/lib/pure/math.nim
#11 4.385 CC: ../../../root/.nimby/nim/lib/pure/algorithm.nim
#11 4.388 CC: ../../../root/.nimby/nim/lib/pure/collections/tables.nim
#11 4.399 CC: ../../../root/.nimby/nim/lib/pure/parseutils.nim
#11 4.410 CC: ../../../root/.nimby/nim/lib/pure/unicode.nim
#11 5.171 CC: ../../../root/.nimby/nim/lib/pure/strutils.nim
#11 5.180 CC: ../../../root/.nimby/nim/lib/pure/streams.nim
#11 5.348 CC: ../../../root/.nimby/nim/lib/pure/lexbase.nim
#11 5.353 CC: ../../../root/.nimby/nim/lib/pure/parsejson.nim
#11 5.468 CC: ../../../root/.nimby/nim/lib/pure/json.nim
#11 5.478 CC: ../../../root/.nimby/nim/lib/pure/pathnorm.nim
#11 5.591 CC: ../../../root/.nimby/nim/lib/std/oserrors.nim
#11 5.605 CC: ../../../root/.nimby/nim/lib/std/private/oscommon.nim
#11 5.615 CC: ../../../root/.nimby/nim/lib/std/private/ospaths2.nim
#11 5.637 CC: ../../../root/.nimby/nim/lib/pure/times.nim
#11 5.649 CC: ../../../root/.nimby/nim/lib/std/envvars.nim
#11 5.794 CC: ../../../root/.nimby/nim/lib/std/cmdline.nim
#11 6.265 CC: ../../../root/.nimby/nim/lib/pure/random.nim
#11 6.503 CC: ../../../root/.nimby/pkgs/bumpy/src/bumpy.nim
#11 6.515 CC: ../../../root/.nimby/pkgs/chroma/src/chroma/colortypes.nim
#11 6.538 CC: ../../../root/.nimby/pkgs/chroma/src/chroma/blends.nim
#11 6.555 CC: ../../../root/.nimby/pkgs/chroma/src/chroma/names.nim
#11 6.564 CC: ../../../root/.nimby/pkgs/chroma/src/chroma.nim
#11 6.631 CC: ../../../root/.nimby/pkgs/flatty/src/flatty/binny.nim
#11 6.656 CC: ../../../root/.nimby/pkgs/pixie/src/pixie/common.nim
#11 6.721 CC: ../../../root/.nimby/pkgs/flatty/src/flatty/encode.nim
#11 6.837 CC: ../../../root/.nimby/pkgs/pixie/src/pixie/blends.nim
#11 6.859 CC: ../../../root/.nimby/pkgs/pixie/src/pixie/internal.nim
#11 6.938 CC: ../../../root/.nimby/pkgs/pixie/src/pixie/images.nim
#11 7.034 CC: ../../../root/.nimby/pkgs/pixie/src/pixie/paints.nim
#11 7.157 CC: ../../../root/.nimby/pkgs/pixie/src/pixie/paths.nim
#11 7.445 CC: ../../../root/.nimby/nim/lib/pure/collections/sets.nim
#11 7.488 CC: ../../../root/.nimby/pkgs/pixie/src/pixie/fontformats/opentype.nim
#11 7.497 CC: ../../../root/.nimby/nim/lib/pure/parsexml.nim
#11 7.598 CC: ../../../root/.nimby/nim/lib/pure/strtabs.nim
#11 7.673 CC: ../../../root/.nimby/nim/lib/pure/xmltree.nim
#11 7.691 CC: ../../../root/.nimby/nim/lib/pure/xmlparser.nim
#11 7.868 CC: ../../../root/.nimby/pkgs/pixie/src/pixie/fontformats/svgfont.nim
#11 7.880 CC: ../../../root/.nimby/pkgs/pixie/src/pixie/fonts.nim
#11 7.977 CC: ../../../root/.nimby/pkgs/pixie/src/pixie/fileformats/bmp.nim
#11 8.037 CC: ../../../root/.nimby/pkgs/zippy/src/zippy/common.nim
#11 8.211 CC: ../../../root/.nimby/pkgs/zippy/src/zippy/internal.nim
#11 8.447 CC: ../../../root/.nimby/pkgs/zippy/src/zippy/bitstreams.nim
#11 8.658 CC: ../../../root/.nimby/pkgs/pixie/src/pixie/fileformats/gif.nim
#11 8.783 CC: ../../../root/.nimby/pkgs/pixie/src/pixie/fileformats/jpeg.nim
#11 8.833 CC: ../../../root/.nimby/pkgs/zippy/src/zippy/adler32.nim
#11 8.918 CC: ../../../root/.nimby/pkgs/zippy/src/zippy/crc.nim
#11 8.931 CC: ../../../root/.nimby/nim/lib/pure/collections/heapqueue.nim
#11 9.016 CC: ../../../root/.nimby/pkgs/zippy/src/zippy/inflate.nim
#11 9.060 CC: ../../../root/.nimby/pkgs/zippy/src/zippy/gzip.nim
#11 9.276 CC: ../../../root/.nimby/pkgs/zippy/src/zippy.nim
#11 9.303 CC: ../../../root/.nimby/pkgs/crunchy/src/crunchy/common.nim
#11 9.435 CC: ../../../root/.nimby/pkgs/crunchy/src/crunchy/crc32.nim
#11 9.518 CC: ../../../root/.nimby/pkgs/crunchy/src/crunchy/sha256.nim
#11 9.545 CC: ../../../root/.nimby/pkgs/pixie/src/pixie/fileformats/png.nim
#11 9.901 CC: ../../../root/.nimby/pkgs/pixie/src/pixie/fileformats/ppm.nim
#11 10.07 CC: ../../../root/.nimby/pkgs/pixie/src/pixie/fileformats/qoi.nim
#11 10.12 CC: ../../../root/.nimby/pkgs/pixie/src/pixie/fileformats/svg.nim
#11 10.21 CC: ../../../root/.nimby/pkgs/pixie/src/pixie.nim
#11 10.22 CC: ../../../root/.nimby/pkgs/supersnappy/src/supersnappy/internal.nim
#11 10.35 CC: ../../../root/.nimby/pkgs/supersnappy/src/supersnappy.nim
#11 10.40 CC: ../../../root/.nimby/pkgs/bitworld/src/bitworld/spriteprotocol.nim
#11 10.42 CC: ../../../root/.nimby/pkgs/bitworld/src/bitworld/server.nim
#11 10.45 CC: ../../../root/.nimby/pkgs/bitworld/src/bitworld/aseprite.nim
#11 10.55 CC: ../../../root/.nimby/pkgs/bitworld/src/bitworld/pixelfonts.nim
#11 10.72 CC: ../src/ctf/glory.nim
#11 10.85 CC: ../src/ctf/sim_types.nim
#11 10.93 CC: ../src/ctf/rig_art.nim
#11 11.05 CC: ../../../root/.nimby/nim/lib/pure/collections/deques.nim
#11 11.23 CC: ../../../root/.nimby/pkgs/jsony/src/jsony.nim
#11 11.29 CC: ../src/ctf/map_pool.nim
#11 11.53 CC: ../src/ctf/arena.nim
#11 11.58 CC: ../src/ctf/map_art.nim
#11 11.78 CC: ../../../root/.nimby/nim/lib/pure/strformat.nim
#11 11.86 CC: ../src/ctf/br_map_pool.nim
#11 11.88 CC: ../src/ctf/sim_config.nim
#11 12.01 CC: ../src/ctf/sim_state.nim
#11 12.05 CC: ../src/ctf/paint.nim
#11 12.15 CC: ../src/ctf/roster.nim
#11 12.17 CC: ../src/ctf/zone_field.nim
#11 12.23 CC: ../src/ctf/sim.nim
#11 12.37 CC: ../src/ctf/labels.nim
#11 12.41 CC: ../src/ctf/global.nim
#11 12.63 CC: ../src/ctf/broadcast.nim
#11 12.98 CC: ../../../root/.nimby/pkgs/flatty/src/flatty.nim
#11 13.23 CC: ../../../root/.nimby/pkgs/bitworld/src/bitworld/replays.nim
#11 13.42 CC: ../src/shell/types.nim
#11 13.52 CC: ../src/shell/seats.nim
#11 13.53 CC: ../src/shell/replay_records.nim
#11 13.68 CC: ../src/ctf/replay_codec.nim
#11 13.72 CC: ../src/ctf/replays.nim
#11 13.76 CC: ../src/ctf/replay_runtime.nim
#11 14.27 CC: ctf_replay.nim
#11 16.48 Hint:  [Link]
#11 21.53 Hint: mm: arc; opt: speed; options: -d:release
#11 21.53 169261 lines; 20.840s; 423.91MiB peakmem; proj: /workspace/ctf/replay-viewer/ctf_replay.nim; out: /workspace/ctf/replay-viewer/ctf_replay [SuccessX]
#11 DONE 28.1s

#12 exporting to image
#12 exporting layers
#12 exporting layers 3.4s done
#12 exporting manifest sha256:8376d0bb1ba13595fb7dbd1a8e1ff1cd3dc239f919a01a31d010e525365c1a42
#12 exporting manifest sha256:8376d0bb1ba13595fb7dbd1a8e1ff1cd3dc239f919a01a31d010e525365c1a42 done
#12 exporting config sha256:137bb0bfdb867b92e86ffb8fcdb4ca9e12477ea9e8933a124a5d8545a2c5409b done
#12 exporting attestation manifest sha256:2c4b02742d2b9f9f184629470bf3d457d6c1f77ed1b37f8e7a2be6ee4446b10b 0.0s done
#12 exporting manifest list sha256:6b8899d29bd18e57af4592ac1391221657cfe71755643d9bb27ee1e4f047f086 done
#12 naming to docker.io/library/coworld-ctf-replay-viewer-build:20534 done
#12 DONE 3.5s
