Hint: used config file '/home/ubuntu/.nimby/nim/config/nim.cfg' [Conf]
Hint: used config file '/home/ubuntu/.nimby/nim/config/config.nims' [Conf]
Hint: used config file '/home/ubuntu/coworld-nav-throughput-20260909/nim.cfg' [Conf]
......................................................................................................................................................................................................................................
/home/ubuntu/coworld-nav-throughput-20260909/src/ctf/arena.nim(1373, 5) Hint: 'inside' is declared but not used [XDeclaredButNotUsed]
/home/ubuntu/coworld-nav-throughput-20260909/src/ctf/arena.nim(3702, 6) Hint: 'rectsNode' is declared but not used [XDeclaredButNotUsed]
/home/ubuntu/coworld-nav-throughput-20260909/src/ctf/arena.nim(3707, 6) Hint: 'rectsFromNode' is declared but not used [XDeclaredButNotUsed]
.............
/home/ubuntu/coworld-nav-throughput-20260909/src/shell/body.nim(1299, 6) Hint: 'enemyShootableWithoutPolicy' is declared but not used [XDeclaredButNotUsed]
.....................
/home/ubuntu/coworld-nav-throughput-20260909/src/ctf/policy_page.nim(40, 6) Warning: use command `nimble install checksums` and import `checksums/sha1` instead; sha1 is deprecated [Deprecated]
/home/ubuntu/coworld-nav-throughput-20260909/src/ctf/policy_page.nim(62, 3) Hint: 'AccessOps' is declared but not used [XDeclaredButNotUsed]
..........
CC: std/syncio.nim
CC: system.nim
CC: algorithm.nim
CC: hashes.nim
CC: tables.nim
CC: options.nim
CC: json.nim
CC: std/monotimes.nim
CC: std/private/oscommon.nim
CC: std/private/ospaths2.nim
CC: deques.nim
CC: strformat.nim
CC: bitworld/profile.nim
CC: pixie/fontformats/opentype.nim
CC: jsony.nim
CC: ../src/ctf/sim_types.nim
CC: ../src/ctf/arena.nim
CC: ../src/ctf/zone_field.nim
CC: ../src/shell/body_map.nim
CC: ../src/shell/body_route_index.nim
CC: ../src/shell/body_route_query.nim
CC: ../src/shell/body_nav.nim
CC: ../src/shell/body.nim
CC: ../src/shell/emit_validator.nim
CC: ../src/shell/compile_plane.nim
CC: ../src/shell/instance.nim
CC: ../src/shell/episode.nim
CC: ../tests/nav_route_corpus_support.nim
CC: bench_body_nav_rework.nim
Hint:  [Link]
Hint: mm: orc; threads: on; opt: speed; options: -d:release
137486 lines; 7.668s; 526.711MiB peakmem; proj: /home/ubuntu/coworld-nav-throughput-20260909/tools/bench_body_nav_rework.nim; out: /home/ubuntu/nav-throughput-results-20260909/LATENCY/bench-latency [SuccessX]
