Hint: used config file '/Users/jamesboggs/.nimby/nim/config/nim.cfg' [Conf]
Hint: used config file '/Users/jamesboggs/.nimby/nim/config/config.nims' [Conf]
Hint: used config file '/Users/jamesboggs/coding/coworlds/coworld-ctf-worktrees/nav-deferred-cache/nim.cfg' [Conf]
...........................................................................................................................................................................................................................................
/Users/jamesboggs/coding/coworlds/coworld-ctf-worktrees/nav-deferred-cache/src/ctf/rig_art.nim(552, 5) Hint: 'unitDeg' is declared but not used [XDeclaredButNotUsed]
....
/Users/jamesboggs/coding/coworlds/coworld-ctf-worktrees/nav-deferred-cache/src/ctf/arena.nim(1373, 5) Hint: 'inside' is declared but not used [XDeclaredButNotUsed]
/Users/jamesboggs/coding/coworlds/coworld-ctf-worktrees/nav-deferred-cache/src/ctf/arena.nim(3702, 6) Hint: 'rectsNode' is declared but not used [XDeclaredButNotUsed]
/Users/jamesboggs/coding/coworlds/coworld-ctf-worktrees/nav-deferred-cache/src/ctf/arena.nim(3707, 6) Hint: 'rectsFromNode' is declared but not used [XDeclaredButNotUsed]
.............
/Users/jamesboggs/coding/coworlds/coworld-ctf-worktrees/nav-deferred-cache/src/ctf/global.nim(3242, 5) Hint: 'v' is declared but not used [XDeclaredButNotUsed]
/Users/jamesboggs/coding/coworlds/coworld-ctf-worktrees/nav-deferred-cache/src/ctf/global.nim(7594, 7) Hint: 'rebuilt' is declared but not used [XDeclaredButNotUsed]
/Users/jamesboggs/coding/coworlds/coworld-ctf-worktrees/nav-deferred-cache/src/ctf/global.nim(1499, 6) Hint: 'boardScaledColdMapPixels' is declared but not used [XDeclaredButNotUsed]
..............
/Users/jamesboggs/coding/coworlds/coworld-ctf-worktrees/nav-deferred-cache/src/ctf/control.nim(16, 8) Warning: imported and not used: 'math' [UnusedImport]
.
/Users/jamesboggs/coding/coworlds/coworld-ctf-worktrees/nav-deferred-cache/src/ctf/baselines.nim(17, 8) Warning: imported and not used: 'math' [UnusedImport]
.............
/Users/jamesboggs/coding/coworlds/coworld-ctf-worktrees/nav-deferred-cache/src/shell/body_route_query.nim(3, 24) Warning: imported and not used: 'math' [UnusedImport]
..
/Users/jamesboggs/coding/coworlds/coworld-ctf-worktrees/nav-deferred-cache/src/shell/body.nim(1299, 6) Hint: 'enemyShootableWithoutPolicy' is declared but not used [XDeclaredButNotUsed]
..................
/Users/jamesboggs/coding/coworlds/coworld-ctf-worktrees/nav-deferred-cache/src/ctf/policy_page.nim(40, 6) Warning: use command `nimble install checksums` and import `checksums/sha1` instead; sha1 is deprecated [Deprecated]
/Users/jamesboggs/coding/coworlds/coworld-ctf-worktrees/nav-deferred-cache/src/ctf/policy_page.nim(62, 3) Hint: 'AccessOps' is declared but not used [XDeclaredButNotUsed]
..............
/Users/jamesboggs/coding/coworlds/coworld-ctf-worktrees/nav-deferred-cache/src/ctf/server.nim(1084, 6) Hint: 'registerPlayerWebSocket' is declared but not used [XDeclaredButNotUsed]
/Users/jamesboggs/coding/coworlds/coworld-ctf-worktrees/nav-deferred-cache/src/ctf/server.nim(3940, 6) Hint: 'shellBodyInputs' is declared but not used [XDeclaredButNotUsed]
.
Hint: 
184320 lines; 3.954s; 668.746MiB peakmem; proj: /Users/jamesboggs/coding/coworlds/coworld-ctf-worktrees/nav-deferred-cache/src/ctf.nim; out: unknownOutput [SuccessX]
