Hint: used config file '/Users/jamesboggs/.nimby/nim/config/nim.cfg' [Conf]
Hint: used config file '/Users/jamesboggs/.nimby/nim/config/config.nims' [Conf]
Hint: used config file '/Users/jamesboggs/coding/coworlds/coworld-ctf-worktrees/nav-deferred-cache/nim.cfg' [Conf]
........................................................................................................................................................................................................................
/Users/jamesboggs/coding/coworlds/coworld-ctf-worktrees/nav-deferred-cache/src/ctf/arena.nim(1373, 5) Hint: 'inside' is declared but not used [XDeclaredButNotUsed]
/Users/jamesboggs/coding/coworlds/coworld-ctf-worktrees/nav-deferred-cache/src/ctf/arena.nim(3702, 6) Hint: 'rectsNode' is declared but not used [XDeclaredButNotUsed]
/Users/jamesboggs/coding/coworlds/coworld-ctf-worktrees/nav-deferred-cache/src/ctf/arena.nim(3707, 6) Hint: 'rectsFromNode' is declared but not used [XDeclaredButNotUsed]
..
CC: system/exceptions.nim
CC: std/private/digitsutils.nim
CC: std/assertions.nim
CC: std/private/dragonbox.nim
CC: std/formatfloat.nim
CC: system/dollars.nim
CC: std/syncio.nim
CC: system.nim
CC: algorithm.nim
CC: math.nim
CC: parseutils.nim
CC: unicode.nim
CC: strutils.nim
CC: strformat.nim
CC: heapqueue.nim
CC: hashes.nim
CC: tables.nim
CC: streams.nim
CC: lexbase.nim
CC: parsejson.nim
CC: json.nim
CC: jsony.nim
CC: flatty/binny.nim
CC: posix.nim
CC: times.nim
CC: std/cmdline.nim
CC: pixie/fontformats/opentype.nim
CC: pixie/fileformats/jpeg.nim
CC: pixie/fileformats/png.nim
CC: random.nim
CC: bitworld/spriteprotocol.nim
CC: bitworld/pixelfonts.nim
CC: ../ctf/sim_types.nim
CC: ../ctf/arena.nim
CC: body_map.nim
CC: ../ctf/br_map_pool.nim
CC: check_a8_memo_counts.nim
Hint:  [Link]
Hint: mm: orc; threads: on; opt: speed; options: -d:release
112799 lines; 2.534s; 341.789MiB peakmem; proj: /Users/jamesboggs/coding/coworlds/coworld-ctf-worktrees/nav-deferred-cache/tools/check_a8_memo_counts.nim; out: /Users/jamesboggs/coding/coworlds/coworld-ctf-worktrees/nav-throughput-research/docs/designs/nav-rework-evidence-2026-09-09/research/A8/memo/counts [SuccessX]
Hint: /Users/jamesboggs/coding/coworlds/coworld-ctf-worktrees/nav-throughput-research/docs/designs/nav-rework-evidence-2026-09-09/research/A8/memo/counts [Exec]
{"memo_hits":189,"pixel_dequeues":448841,"retained_bytes":1062480,"transient_peak_bytes":291720}
