#0 building with "orbstack" instance using docker driver

#1 [internal] load build definition from Dockerfile.replay-viewer
#1 transferring dockerfile: 4.66kB done
#1 DONE 0.0s

#2 [internal] load metadata for docker.io/emscripten/emsdk:4.0.15
#2 DONE 0.6s

#3 [internal] load .dockerignore
#3 transferring context: 117B done
#3 DONE 0.0s

#4 [1/7] FROM docker.io/emscripten/emsdk:4.0.15@sha256:27bc6267cb285223b8aebb7627bfebae7cb3ad2aaa0d5923b8aa5321793033e8
#4 resolve docker.io/emscripten/emsdk:4.0.15@sha256:27bc6267cb285223b8aebb7627bfebae7cb3ad2aaa0d5923b8aa5321793033e8 done
#4 DONE 0.0s

#5 [internal] load build context
#5 transferring context: 21.55MB 0.8s done
#5 DONE 0.8s

#6 [2/7] RUN apt-get update &&   apt-get install -y --no-install-recommends ca-certificates curl git &&   rm -rf /var/lib/apt/lists/* &&   curl -fsSL     -o /usr/local/bin/nimby     https://github.com/treeform/nimby/releases/download/0.1.27/nimby-Linux-X64 &&   echo "3b3084394bd26b09f84a3f82389f075221c8784893238390939d71dd66ac9e8b  /usr/local/bin/nimby" | sha256sum -c - &&   chmod +x /usr/local/bin/nimby &&   nimby use 2.2.4
#6 CACHED

#7 [3/7] WORKDIR /workspace/ctf
#7 CACHED

#8 [4/7] COPY nimby.lock .
#8 CACHED

#9 [5/7] RUN nimby --global sync nimby.lock
#9 CACHED

#10 [6/7] COPY . .
#10 DONE 7.5s

#11 [7/7] RUN nim c -d:emscripten -d:ctfSimSourcesStamp="b78c01a1d6f8e440e51110f661de142256b995eae0384a216067c159d99ac2a7"     replay-viewer/ctf_replay.nim &&   nim c -r --hints:off -o:/tmp/gen_wire_constants tools/gen_wire_constants.nim     > replay-viewer/dist/wire_constants.js &&   cp client/broadcast_core.js replay-viewer/dist/broadcast_core.js &&   cp client/chrome_common.js replay-viewer/dist/chrome_common.js &&   cp data/font.ttf replay-viewer/dist/font.ttf &&   cp replay-viewer/static_replay.js replay-viewer/dist/static_replay.js &&   cp replay-viewer/static_replay_worker.js replay-viewer/dist/static_replay_worker.js &&   sed -e 's|<!-- WIRE_CONSTANTS -->|<script src="./wire_constants.js"></script>|'       -e 's|<!-- CHROME_COMMON -->|<script src="./chrome_common.js"></script>|'       -e 's|<!-- BROADCAST_CORE -->|<script src="./static_replay.js"></script>|'     client/replay_broadcast.html > replay-viewer/dist/index.html &&   sed -e 's|<!-- WIRE_CONSTANTS -->|<script src="./wire_constants.js"></script>|'       -e 's|<!-- CHROME_COMMON -->|<script src="./chrome_common.js"></script>|'     client/league_replayer.html > replay-viewer/dist/league.html &&   cp data/soldier_*_front.png data/soldier_*_front_gun.png     replay-viewer/dist/ &&   cp replay-viewer/loop.html replay-viewer/dist/ &&   mkdir -p replay-viewer/dist/art/walls replay-viewer/dist/art/lockerroom &&   cp client/art/walls/wall_h.jpg client/art/walls/wall_v.jpg     replay-viewer/dist/art/walls/ &&   cp client/art/lockerroom/bg.jpg client/art/lockerroom/*.webp     replay-viewer/dist/art/lockerroom/ &&   rm -rf replay-viewer/dist/nimcache &&   test -f replay-viewer/dist/ctf_replay.wasm &&   test -f replay-viewer/dist/ctf_replay.data &&   test -f replay-viewer/dist/static_replay_worker.js &&   test -f replay-viewer/dist/index.html &&   test -f replay-viewer/dist/league.html &&   test -s replay-viewer/dist/wire_constants.js &&   grep -q '^window.CTF_WIRE={' replay-viewer/dist/wire_constants.js &&   grep -q 'wire_constants.js' replay-viewer/dist/index.html &&   grep -q 'wire_constants.js' replay-viewer/dist/league.html &&   test -s replay-viewer/dist/chrome_common.js &&   grep -q 'window.ChromeCommon' replay-viewer/dist/chrome_common.js &&   grep -q 'chrome_common.js' replay-viewer/dist/index.html &&   grep -q 'chrome_common.js' replay-viewer/dist/league.html &&   grep -q 'static_replay_worker.js' replay-viewer/dist/static_replay.js &&   ! grep -q '<script src="./broadcast_core.js"></script>' replay-viewer/dist/index.html &&   ! grep -q '<script src="./ctf_replay.js"></script>' replay-viewer/dist/index.html &&   test -f replay-viewer/dist/soldier_red_front.png &&   test -f replay-viewer/dist/soldier_blue_front.png &&   test -f replay-viewer/dist/soldier_green_front.png &&   test -f replay-viewer/dist/soldier_yellow_front.png &&   test -f replay-viewer/dist/soldier_plum_front.png &&   test -f replay-viewer/dist/soldier_azure_front_gun.png &&   test "$(ls replay-viewer/dist/soldier_*_front.png | wc -l)" = "$(ls data/soldier_*_front.png | wc -l)" &&   test "$(ls replay-viewer/dist/soldier_*_front_gun.png | wc -l)" = "$(ls data/soldier_*_front_gun.png | wc -l)" &&   test -f replay-viewer/dist/art/walls/wall_h.jpg &&   test -f replay-viewer/dist/art/lockerroom/bg.jpg &&   test -f replay-viewer/dist/art/lockerroom/green_1.webp &&   test -f replay-viewer/dist/art/lockerroom/red_6.webp
#11 0.769 Hint: used config file '/root/.nimby/nim/config/nim.cfg' [Conf]
#11 0.769 Hint: used config file '/root/.nimby/nim/config/config.nims' [Conf]
#11 0.769 Hint: used config file '/workspace/ctf/nim.cfg' [Conf]
#11 0.769 Hint: used config file '/workspace/ctf/replay-viewer/config.nims' [Conf]
#11 0.770 .......................................................................................................................................................................................................
#11 2.630 /workspace/ctf/src/ctf/rig_art.nim(552, 5) Hint: 'unitDeg' is declared but not used [XDeclaredButNotUsed]
#11 2.652 .....
#11 2.749 /workspace/ctf/src/ctf/arena.nim(1373, 5) Hint: 'inside' is declared but not used [XDeclaredButNotUsed]
#11 2.889 /workspace/ctf/src/ctf/arena.nim(3702, 6) Hint: 'rectsNode' is declared but not used [XDeclaredButNotUsed]
#11 2.889 /workspace/ctf/src/ctf/arena.nim(3707, 6) Hint: 'rectsFromNode' is declared but not used [XDeclaredButNotUsed]
#11 2.889 ............
#11 3.653 /workspace/ctf/src/ctf/global.nim(3242, 5) Hint: 'v' is declared but not used [XDeclaredButNotUsed]
#11 3.836 /workspace/ctf/src/ctf/global.nim(7594, 7) Hint: 'rebuilt' is declared but not used [XDeclaredButNotUsed]
#11 3.878 /workspace/ctf/src/ctf/global.nim(1499, 6) Hint: 'boardScaledColdMapPixels' is declared but not used [XDeclaredButNotUsed]
#11 3.924 .........
#11 4.745 CC: ../../../root/.nimby/nim/lib/system/exceptions.nim
#11 4.749 CC: ../../../root/.nimby/nim/lib/std/private/digitsutils.nim
#11 4.752 CC: ../../../root/.nimby/nim/lib/std/assertions.nim
#11 4.755 CC: ../../../root/.nimby/nim/lib/std/private/dragonbox.nim
#11 4.757 CC: ../../../root/.nimby/nim/lib/std/formatfloat.nim
#11 4.760 CC: ../../../root/.nimby/nim/lib/system/dollars.nim
#11 4.763 CC: ../../../root/.nimby/nim/lib/std/syncio.nim
#11 4.766 CC: ../../../root/.nimby/nim/lib/system.nim
#11 4.770 CC: ../../../root/.nimby/nim/lib/pure/hashes.nim
#11 4.773 CC: ../../../root/.nimby/nim/lib/pure/math.nim
#11 4.777 CC: ../../../root/.nimby/nim/lib/pure/algorithm.nim
#11 4.780 CC: ../../../root/.nimby/nim/lib/pure/collections/tables.nim
#11 4.784 CC: ../../../root/.nimby/nim/lib/pure/parseutils.nim
#11 4.789 CC: ../../../root/.nimby/nim/lib/pure/unicode.nim
#11 5.834 CC: ../../../root/.nimby/nim/lib/pure/strutils.nim
#11 5.846 CC: ../../../root/.nimby/nim/lib/pure/streams.nim
#11 5.856 CC: ../../../root/.nimby/nim/lib/pure/lexbase.nim
#11 5.987 CC: ../../../root/.nimby/nim/lib/pure/parsejson.nim
#11 6.103 CC: ../../../root/.nimby/nim/lib/pure/json.nim
#11 6.150 CC: ../../../root/.nimby/nim/lib/pure/pathnorm.nim
#11 6.170 CC: ../../../root/.nimby/nim/lib/std/oserrors.nim
#11 6.250 CC: ../../../root/.nimby/nim/lib/std/private/oscommon.nim
#11 6.254 CC: ../../../root/.nimby/nim/lib/std/private/ospaths2.nim
#11 6.401 CC: ../../../root/.nimby/nim/lib/pure/times.nim
#11 6.427 CC: ../../../root/.nimby/nim/lib/std/envvars.nim
#11 6.555 CC: ../../../root/.nimby/nim/lib/std/cmdline.nim
#11 6.999 CC: ../../../root/.nimby/nim/lib/pure/random.nim
#11 7.049 CC: ../../../root/.nimby/pkgs/bumpy/src/bumpy.nim
#11 7.058 CC: ../../../root/.nimby/pkgs/chroma/src/chroma/colortypes.nim
#11 7.113 CC: ../../../root/.nimby/pkgs/chroma/src/chroma/blends.nim
#11 7.204 CC: ../../../root/.nimby/pkgs/chroma/src/chroma/names.nim
#11 7.272 CC: ../../../root/.nimby/pkgs/chroma/src/chroma.nim
#11 7.340 CC: ../../../root/.nimby/pkgs/flatty/src/flatty/binny.nim
#11 7.352 CC: ../../../root/.nimby/pkgs/pixie/src/pixie/common.nim
#11 7.356 CC: ../../../root/.nimby/pkgs/flatty/src/flatty/encode.nim
#11 7.373 CC: ../../../root/.nimby/pkgs/pixie/src/pixie/blends.nim
#11 7.387 CC: ../../../root/.nimby/pkgs/pixie/src/pixie/internal.nim
#11 7.525 CC: ../../../root/.nimby/pkgs/pixie/src/pixie/images.nim
#11 7.676 CC: ../../../root/.nimby/pkgs/pixie/src/pixie/paints.nim
#11 7.886 CC: ../../../root/.nimby/pkgs/pixie/src/pixie/paths.nim
#11 8.006 CC: ../../../root/.nimby/nim/lib/pure/collections/sets.nim
#11 8.011 CC: ../../../root/.nimby/pkgs/pixie/src/pixie/fontformats/opentype.nim
#11 8.136 CC: ../../../root/.nimby/nim/lib/pure/parsexml.nim
#11 8.160 CC: ../../../root/.nimby/nim/lib/pure/strtabs.nim
#11 8.295 CC: ../../../root/.nimby/nim/lib/pure/xmltree.nim
#11 8.311 CC: ../../../root/.nimby/nim/lib/pure/xmlparser.nim
#11 8.488 CC: ../../../root/.nimby/pkgs/pixie/src/pixie/fontformats/svgfont.nim
#11 8.556 CC: ../../../root/.nimby/pkgs/pixie/src/pixie/fonts.nim
#11 8.645 CC: ../../../root/.nimby/pkgs/pixie/src/pixie/fileformats/bmp.nim
#11 8.659 CC: ../../../root/.nimby/pkgs/zippy/src/zippy/common.nim
#11 8.676 CC: ../../../root/.nimby/pkgs/zippy/src/zippy/internal.nim
#11 9.186 CC: ../../../root/.nimby/pkgs/zippy/src/zippy/bitstreams.nim
#11 9.232 CC: ../../../root/.nimby/pkgs/pixie/src/pixie/fileformats/gif.nim
#11 9.257 CC: ../../../root/.nimby/pkgs/pixie/src/pixie/fileformats/jpeg.nim
#11 9.385 CC: ../../../root/.nimby/pkgs/zippy/src/zippy/adler32.nim
#11 9.489 CC: ../../../root/.nimby/pkgs/zippy/src/zippy/crc.nim
#11 9.521 CC: ../../../root/.nimby/nim/lib/pure/collections/heapqueue.nim
#11 9.655 CC: ../../../root/.nimby/pkgs/zippy/src/zippy/inflate.nim
#11 9.736 CC: ../../../root/.nimby/pkgs/zippy/src/zippy/gzip.nim
#11 9.755 CC: ../../../root/.nimby/pkgs/zippy/src/zippy.nim
#11 9.854 CC: ../../../root/.nimby/pkgs/crunchy/src/crunchy/common.nim
#11 9.986 CC: ../../../root/.nimby/pkgs/crunchy/src/crunchy/crc32.nim
#11 10.09 CC: ../../../root/.nimby/pkgs/crunchy/src/crunchy/sha256.nim
#11 10.14 CC: ../../../root/.nimby/pkgs/pixie/src/pixie/fileformats/png.nim
#11 10.26 CC: ../../../root/.nimby/pkgs/pixie/src/pixie/fileformats/ppm.nim
#11 10.37 CC: ../../../root/.nimby/pkgs/pixie/src/pixie/fileformats/qoi.nim
#11 10.42 CC: ../../../root/.nimby/pkgs/pixie/src/pixie/fileformats/svg.nim
#11 10.59 CC: ../../../root/.nimby/pkgs/pixie/src/pixie.nim
#11 10.63 CC: ../../../root/.nimby/pkgs/supersnappy/src/supersnappy/internal.nim
#11 10.76 CC: ../../../root/.nimby/pkgs/supersnappy/src/supersnappy.nim
#11 10.77 CC: ../../../root/.nimby/pkgs/bitworld/src/bitworld/spriteprotocol.nim
#11 10.82 CC: ../../../root/.nimby/pkgs/bitworld/src/bitworld/server.nim
#11 10.90 CC: ../../../root/.nimby/pkgs/bitworld/src/bitworld/aseprite.nim
#11 11.03 CC: ../../../root/.nimby/pkgs/bitworld/src/bitworld/pixelfonts.nim
#11 11.12 CC: ../src/ctf/glory.nim
#11 11.15 CC: ../src/ctf/sim_types.nim
#11 11.17 CC: ../src/ctf/rig_art.nim
#11 11.53 CC: ../../../root/.nimby/nim/lib/pure/collections/deques.nim
#11 11.72 CC: ../../../root/.nimby/pkgs/jsony/src/jsony.nim
#11 11.73 CC: ../src/ctf/map_pool.nim
#11 11.75 CC: ../src/ctf/arena.nim
#11 11.90 CC: ../src/ctf/map_art.nim
#11 12.04 CC: ../../../root/.nimby/nim/lib/pure/strformat.nim
#11 12.10 CC: ../src/ctf/br_map_pool.nim
#11 12.21 CC: ../src/ctf/sim_config.nim
#11 12.27 CC: ../src/ctf/sim_state.nim
#11 12.28 CC: ../src/ctf/paint.nim
#11 12.31 CC: ../src/ctf/roster.nim
#11 12.48 CC: ../src/ctf/zone_field.nim
#11 12.55 CC: ../src/ctf/sim.nim
#11 12.75 CC: ../src/ctf/labels.nim
#11 12.86 CC: ../src/ctf/global.nim
#11 13.05 CC: ../src/ctf/broadcast.nim
#11 13.27 CC: ../../../root/.nimby/pkgs/flatty/src/flatty.nim
#11 13.32 CC: ../../../root/.nimby/pkgs/bitworld/src/bitworld/replays.nim
#11 13.65 CC: ../src/shell/types.nim
#11 13.74 CC: ../src/shell/seats.nim
#11 13.78 CC: ../src/shell/replay_records.nim
#11 13.80 CC: ../src/ctf/replay_codec.nim
#11 13.83 CC: ../src/ctf/replays.nim
#11 14.21 CC: ../src/ctf/replay_runtime.nim
#11 14.43 CC: ctf_replay.nim
#11 16.54 Hint:  [Link]
#11 21.67 Hint: mm: arc; opt: speed; options: -d:release
#11 21.67 169445 lines; 20.901s; 423.898MiB peakmem; proj: /workspace/ctf/replay-viewer/ctf_replay.nim; out: /workspace/ctf/replay-viewer/ctf_replay [SuccessX]
#11 DONE 27.1s

#12 exporting to image
#12 exporting layers
#12 exporting layers 18.8s done
#12 exporting manifest sha256:d5303d645b8a2aabfe43d8fbc27ccd67773f6ce1036a9d5859b8c72b162c3c26
#12 exporting manifest sha256:d5303d645b8a2aabfe43d8fbc27ccd67773f6ce1036a9d5859b8c72b162c3c26 done
#12 exporting config sha256:81743144d08243fd8a4029b3f63d57e2efc8554b7409823ebe108f8b6d9f9833 done
#12 exporting attestation manifest sha256:7ba374fdaf8be84afc3f7483da52971e3d520f760416350aa8738185c6306eab 0.0s done
#12 exporting manifest list sha256:f1a30b57a1d24b5a0d84144ed144ddfae49bfc88e11b0020ff3fb47b4ec13c54 done
#12 naming to docker.io/library/coworld-ctf-replay-viewer-build:56639 done
#12 DONE 18.8s
