Hint: used config file '/Users/jamesboggs/.nimby/nim/config/nim.cfg' [Conf]
Hint: used config file '/Users/jamesboggs/.nimby/nim/config/config.nims' [Conf]
Hint: used config file '/Users/jamesboggs/coding/coworlds/coworld-ctf-worktrees/nav-throughput-research/nim.cfg' [Conf]
.........................................................................................................................................................................................................................
/Users/jamesboggs/coding/coworlds/coworld-ctf-worktrees/nav-throughput-research/src/ctf/arena.nim(1373, 5) Hint: 'inside' is declared but not used [XDeclaredButNotUsed]
/Users/jamesboggs/coding/coworlds/coworld-ctf-worktrees/nav-throughput-research/src/ctf/arena.nim(3702, 6) Hint: 'rectsNode' is declared but not used [XDeclaredButNotUsed]
/Users/jamesboggs/coding/coworlds/coworld-ctf-worktrees/nav-throughput-research/src/ctf/arena.nim(3707, 6) Hint: 'rectsFromNode' is declared but not used [XDeclaredButNotUsed]
...
/Users/jamesboggs/.nimby/pkgs/fluffy/src/fluffy/measure.nim(63, 9) Hint: -d:nimTypeNames must be to track allocations and deallocations [User]
.
CC: system/exceptions.nim
CC: std/private/digitsutils.nim
CC: std/assertions.nim
CC: std/private/dragonbox.nim
CC: std/formatfloat.nim
CC: system/dollars.nim
CC: std/syncio.nim
CC: system.nim
CC: algorithm.nim
CC: math.nim
CC: parseutils.nim
CC: unicode.nim
CC: strutils.nim
CC: strformat.nim
CC: heapqueue.nim
CC: hashes.nim
CC: tables.nim
CC: streams.nim
CC: lexbase.nim
CC: parsejson.nim
CC: json.nim
CC: jsony.nim
CC: flatty/binny.nim
CC: pathnorm.nim
CC: std/oserrors.nim
CC: posix.nim
CC: std/private/oscommon.nim
CC: std/private/ospaths2.nim
CC: times.nim
CC: std/private/osdirs.nim
CC: std/cmdline.nim
CC: pixie/fontformats/opentype.nim
CC: pixie/fileformats/jpeg.nim
CC: pixie/fileformats/png.nim
CC: std/monotimes.nim
CC: random.nim
CC: bitworld/spriteprotocol.nim
CC: bitworld/pixelfonts.nim
CC: ../ctf/sim_types.nim
CC: ../ctf/arena.nim
CC: body_map.nim
CC: fluffy/measure.nim
CC: bitworld/profile.nim
CC: ../ctf/br_map_pool.nim
CC: profile_body_route_index.nim
Hint:  [Link]
Hint: mm: orc; threads: on; opt: speed; options: -d:release
113051 lines; 2.518s; 341.871MiB peakmem; proj: /Users/jamesboggs/coding/coworlds/coworld-ctf-worktrees/nav-throughput-research/tools/profile_body_route_index.nim; out: /Users/jamesboggs/coding/coworlds/coworld-ctf-worktrees/nav-throughput-research/build/profile-body-index [SuccessX]
Hint: /Users/jamesboggs/coding/coworlds/coworld-ctf-worktrees/nav-throughput-research/build/profile-body-index [Exec]
Profile trace enabled: docs/designs/nav-rework-evidence-2026-09-09/research/A2-index-mac-trace.json
Profile ticks: 100
Trace started
 trace events: 0
Trace ended
 trace events: 60
Trace written to docs/designs/nav-rework-evidence-2026-09-09/research/A2-index-mac-trace.json
