#0 building with "orbstack" instance using docker driver

#1 [internal] load build definition from Dockerfile.replay-viewer
#1 transferring dockerfile: 4.66kB done
#1 DONE 0.0s

#2 [internal] load metadata for docker.io/emscripten/emsdk:4.0.15
#2 DONE 0.5s

#3 [internal] load .dockerignore
#3 transferring context: 117B done
#3 DONE 0.0s

#4 [1/7] FROM docker.io/emscripten/emsdk:4.0.15@sha256:27bc6267cb285223b8aebb7627bfebae7cb3ad2aaa0d5923b8aa5321793033e8
#4 resolve docker.io/emscripten/emsdk:4.0.15@sha256:27bc6267cb285223b8aebb7627bfebae7cb3ad2aaa0d5923b8aa5321793033e8 done
#4 DONE 0.0s

#5 [internal] load build context
#5 transferring context: 22.24MB 0.8s done
#5 DONE 0.8s

#6 [4/7] COPY nimby.lock .
#6 CACHED

#7 [2/7] RUN apt-get update &&   apt-get install -y --no-install-recommends ca-certificates curl git &&   rm -rf /var/lib/apt/lists/* &&   curl -fsSL     -o /usr/local/bin/nimby     https://github.com/treeform/nimby/releases/download/0.1.27/nimby-Linux-X64 &&   echo "3b3084394bd26b09f84a3f82389f075221c8784893238390939d71dd66ac9e8b  /usr/local/bin/nimby" | sha256sum -c - &&   chmod +x /usr/local/bin/nimby &&   nimby use 2.2.4
#7 CACHED

#8 [3/7] WORKDIR /workspace/ctf
#8 CACHED

#9 [5/7] RUN nimby --global sync nimby.lock
#9 CACHED

#10 [6/7] COPY . .
#10 DONE 4.1s

#11 [7/7] RUN nim c -d:emscripten -d:ctfSimSourcesStamp="dbdf8d07b09e96549211ef19b15ddde7d5e5bafaab1052716177a34f6ee6c5be"     replay-viewer/ctf_replay.nim &&   nim c -r --hints:off -o:/tmp/gen_wire_constants tools/gen_wire_constants.nim     > replay-viewer/dist/wire_constants.js &&   cp client/broadcast_core.js replay-viewer/dist/broadcast_core.js &&   cp client/chrome_common.js replay-viewer/dist/chrome_common.js &&   cp data/font.ttf replay-viewer/dist/font.ttf &&   cp replay-viewer/static_replay.js replay-viewer/dist/static_replay.js &&   cp replay-viewer/static_replay_worker.js replay-viewer/dist/static_replay_worker.js &&   sed -e 's|<!-- WIRE_CONSTANTS -->|<script src="./wire_constants.js"></script>|'       -e 's|<!-- CHROME_COMMON -->|<script src="./chrome_common.js"></script>|'       -e 's|<!-- BROADCAST_CORE -->|<script src="./static_replay.js"></script>|'     client/replay_broadcast.html > replay-viewer/dist/index.html &&   sed -e 's|<!-- WIRE_CONSTANTS -->|<script src="./wire_constants.js"></script>|'       -e 's|<!-- CHROME_COMMON -->|<script src="./chrome_common.js"></script>|'     client/league_replayer.html > replay-viewer/dist/league.html &&   cp data/soldier_*_front.png data/soldier_*_front_gun.png     replay-viewer/dist/ &&   cp replay-viewer/loop.html replay-viewer/dist/ &&   mkdir -p replay-viewer/dist/art/walls replay-viewer/dist/art/lockerroom &&   cp client/art/walls/wall_h.jpg client/art/walls/wall_v.jpg     replay-viewer/dist/art/walls/ &&   cp client/art/lockerroom/bg.jpg client/art/lockerroom/*.webp     replay-viewer/dist/art/lockerroom/ &&   rm -rf replay-viewer/dist/nimcache &&   test -f replay-viewer/dist/ctf_replay.wasm &&   test -f replay-viewer/dist/ctf_replay.data &&   test -f replay-viewer/dist/static_replay_worker.js &&   test -f replay-viewer/dist/index.html &&   test -f replay-viewer/dist/league.html &&   test -s replay-viewer/dist/wire_constants.js &&   grep -q '^window.CTF_WIRE={' replay-viewer/dist/wire_constants.js &&   grep -q 'wire_constants.js' replay-viewer/dist/index.html &&   grep -q 'wire_constants.js' replay-viewer/dist/league.html &&   test -s replay-viewer/dist/chrome_common.js &&   grep -q 'window.ChromeCommon' replay-viewer/dist/chrome_common.js &&   grep -q 'chrome_common.js' replay-viewer/dist/index.html &&   grep -q 'chrome_common.js' replay-viewer/dist/league.html &&   grep -q 'static_replay_worker.js' replay-viewer/dist/static_replay.js &&   ! grep -q '<script src="./broadcast_core.js"></script>' replay-viewer/dist/index.html &&   ! grep -q '<script src="./ctf_replay.js"></script>' replay-viewer/dist/index.html &&   test -f replay-viewer/dist/soldier_red_front.png &&   test -f replay-viewer/dist/soldier_blue_front.png &&   test -f replay-viewer/dist/soldier_green_front.png &&   test -f replay-viewer/dist/soldier_yellow_front.png &&   test -f replay-viewer/dist/soldier_plum_front.png &&   test -f replay-viewer/dist/soldier_azure_front_gun.png &&   test "$(ls replay-viewer/dist/soldier_*_front.png | wc -l)" = "$(ls data/soldier_*_front.png | wc -l)" &&   test "$(ls replay-viewer/dist/soldier_*_front_gun.png | wc -l)" = "$(ls data/soldier_*_front_gun.png | wc -l)" &&   test -f replay-viewer/dist/art/walls/wall_h.jpg &&   test -f replay-viewer/dist/art/lockerroom/bg.jpg &&   test -f replay-viewer/dist/art/lockerroom/green_1.webp &&   test -f replay-viewer/dist/art/lockerroom/red_6.webp
#11 0.652 Hint: used config file '/root/.nimby/nim/config/nim.cfg' [Conf]
#11 0.652 Hint: used config file '/root/.nimby/nim/config/config.nims' [Conf]
#11 0.652 Hint: used config file '/workspace/ctf/nim.cfg' [Conf]
#11 0.652 Hint: used config file '/workspace/ctf/replay-viewer/config.nims' [Conf]
#11 0.653 .......................................................................................................................................................................................................
#11 2.313 /workspace/ctf/src/ctf/rig_art.nim(552, 5) Hint: 'unitDeg' is declared but not used [XDeclaredButNotUsed]
#11 2.332 .....
#11 2.415 /workspace/ctf/src/ctf/arena.nim(1373, 5) Hint: 'inside' is declared but not used [XDeclaredButNotUsed]
#11 2.555 /workspace/ctf/src/ctf/arena.nim(3702, 6) Hint: 'rectsNode' is declared but not used [XDeclaredButNotUsed]
#11 2.555 /workspace/ctf/src/ctf/arena.nim(3707, 6) Hint: 'rectsFromNode' is declared but not used [XDeclaredButNotUsed]
#11 2.555 ............
#11 3.237 /workspace/ctf/src/ctf/global.nim(3242, 5) Hint: 'v' is declared but not used [XDeclaredButNotUsed]
#11 3.408 /workspace/ctf/src/ctf/global.nim(7594, 7) Hint: 'rebuilt' is declared but not used [XDeclaredButNotUsed]
#11 3.454 /workspace/ctf/src/ctf/global.nim(1499, 6) Hint: 'boardScaledColdMapPixels' is declared but not used [XDeclaredButNotUsed]
#11 3.502 .........
#11 4.247 CC: ../../../root/.nimby/nim/lib/system/exceptions.nim
#11 4.251 CC: ../../../root/.nimby/nim/lib/std/private/digitsutils.nim
#11 4.253 CC: ../../../root/.nimby/nim/lib/std/assertions.nim
#11 4.256 CC: ../../../root/.nimby/nim/lib/std/private/dragonbox.nim
#11 4.259 CC: ../../../root/.nimby/nim/lib/std/formatfloat.nim
#11 4.262 CC: ../../../root/.nimby/nim/lib/system/dollars.nim
#11 4.266 CC: ../../../root/.nimby/nim/lib/std/syncio.nim
#11 4.270 CC: ../../../root/.nimby/nim/lib/system.nim
#11 4.274 CC: ../../../root/.nimby/nim/lib/pure/hashes.nim
#11 4.278 CC: ../../../root/.nimby/nim/lib/pure/math.nim
#11 4.283 CC: ../../../root/.nimby/nim/lib/pure/algorithm.nim
#11 4.290 CC: ../../../root/.nimby/nim/lib/pure/collections/tables.nim
#11 4.293 CC: ../../../root/.nimby/nim/lib/pure/parseutils.nim
#11 4.299 CC: ../../../root/.nimby/nim/lib/pure/unicode.nim
#11 5.084 CC: ../../../root/.nimby/nim/lib/pure/strutils.nim
#11 5.128 CC: ../../../root/.nimby/nim/lib/pure/streams.nim
#11 5.139 CC: ../../../root/.nimby/nim/lib/pure/lexbase.nim
#11 5.237 CC: ../../../root/.nimby/nim/lib/pure/parsejson.nim
#11 5.340 CC: ../../../root/.nimby/nim/lib/pure/json.nim
#11 5.364 CC: ../../../root/.nimby/nim/lib/pure/pathnorm.nim
#11 5.414 CC: ../../../root/.nimby/nim/lib/std/oserrors.nim
#11 5.495 CC: ../../../root/.nimby/nim/lib/std/private/oscommon.nim
#11 5.571 CC: ../../../root/.nimby/nim/lib/std/private/ospaths2.nim
#11 5.587 CC: ../../../root/.nimby/nim/lib/pure/times.nim
#11 5.871 CC: ../../../root/.nimby/nim/lib/std/envvars.nim
#11 6.072 CC: ../../../root/.nimby/nim/lib/std/cmdline.nim
#11 6.415 CC: ../../../root/.nimby/nim/lib/pure/random.nim
#11 6.442 CC: ../../../root/.nimby/pkgs/bumpy/src/bumpy.nim
#11 6.451 CC: ../../../root/.nimby/pkgs/chroma/src/chroma/colortypes.nim
#11 6.534 CC: ../../../root/.nimby/pkgs/chroma/src/chroma/blends.nim
#11 6.572 CC: ../../../root/.nimby/pkgs/chroma/src/chroma/names.nim
#11 6.630 CC: ../../../root/.nimby/pkgs/chroma/src/chroma.nim
#11 6.661 CC: ../../../root/.nimby/pkgs/flatty/src/flatty/binny.nim
#11 6.770 CC: ../../../root/.nimby/pkgs/pixie/src/pixie/common.nim
#11 6.777 CC: ../../../root/.nimby/pkgs/flatty/src/flatty/encode.nim
#11 6.786 CC: ../../../root/.nimby/pkgs/pixie/src/pixie/blends.nim
#11 6.884 CC: ../../../root/.nimby/pkgs/pixie/src/pixie/internal.nim
#11 7.006 CC: ../../../root/.nimby/pkgs/pixie/src/pixie/images.nim
#11 7.104 CC: ../../../root/.nimby/pkgs/pixie/src/pixie/paints.nim
#11 7.214 CC: ../../../root/.nimby/pkgs/pixie/src/pixie/paths.nim
#11 7.447 CC: ../../../root/.nimby/nim/lib/pure/collections/sets.nim
#11 7.457 CC: ../../../root/.nimby/pkgs/pixie/src/pixie/fontformats/opentype.nim
#11 7.581 CC: ../../../root/.nimby/nim/lib/pure/parsexml.nim
#11 7.633 CC: ../../../root/.nimby/nim/lib/pure/strtabs.nim
#11 7.678 CC: ../../../root/.nimby/nim/lib/pure/xmltree.nim
#11 7.686 CC: ../../../root/.nimby/nim/lib/pure/xmlparser.nim
#11 7.971 CC: ../../../root/.nimby/pkgs/pixie/src/pixie/fontformats/svgfont.nim
#11 8.041 CC: ../../../root/.nimby/pkgs/pixie/src/pixie/fonts.nim
#11 8.046 CC: ../../../root/.nimby/pkgs/pixie/src/pixie/fileformats/bmp.nim
#11 8.125 CC: ../../../root/.nimby/pkgs/zippy/src/zippy/common.nim
#11 8.215 CC: ../../../root/.nimby/pkgs/zippy/src/zippy/internal.nim
#11 8.570 CC: ../../../root/.nimby/pkgs/zippy/src/zippy/bitstreams.nim
#11 8.837 CC: ../../../root/.nimby/pkgs/pixie/src/pixie/fileformats/gif.nim
#11 8.852 CC: ../../../root/.nimby/pkgs/pixie/src/pixie/fileformats/jpeg.nim
#11 8.898 CC: ../../../root/.nimby/pkgs/zippy/src/zippy/adler32.nim
#11 8.924 CC: ../../../root/.nimby/pkgs/zippy/src/zippy/crc.nim
#11 9.003 CC: ../../../root/.nimby/nim/lib/pure/collections/heapqueue.nim
#11 9.013 CC: ../../../root/.nimby/pkgs/zippy/src/zippy/inflate.nim
#11 9.083 CC: ../../../root/.nimby/pkgs/zippy/src/zippy/gzip.nim
#11 9.347 CC: ../../../root/.nimby/pkgs/zippy/src/zippy.nim
#11 9.390 CC: ../../../root/.nimby/pkgs/crunchy/src/crunchy/common.nim
#11 9.433 CC: ../../../root/.nimby/pkgs/crunchy/src/crunchy/crc32.nim
#11 9.522 CC: ../../../root/.nimby/pkgs/crunchy/src/crunchy/sha256.nim
#11 9.704 CC: ../../../root/.nimby/pkgs/pixie/src/pixie/fileformats/png.nim
#11 9.766 CC: ../../../root/.nimby/pkgs/pixie/src/pixie/fileformats/ppm.nim
#11 9.828 CC: ../../../root/.nimby/pkgs/pixie/src/pixie/fileformats/qoi.nim
#11 10.07 CC: ../../../root/.nimby/pkgs/pixie/src/pixie/fileformats/svg.nim
#11 10.17 CC: ../../../root/.nimby/pkgs/pixie/src/pixie.nim
#11 10.19 CC: ../../../root/.nimby/pkgs/supersnappy/src/supersnappy/internal.nim
#11 10.31 CC: ../../../root/.nimby/pkgs/supersnappy/src/supersnappy.nim
#11 10.36 CC: ../../../root/.nimby/pkgs/bitworld/src/bitworld/spriteprotocol.nim
#11 10.36 CC: ../../../root/.nimby/pkgs/bitworld/src/bitworld/server.nim
#11 10.47 CC: ../../../root/.nimby/pkgs/bitworld/src/bitworld/aseprite.nim
#11 10.52 CC: ../../../root/.nimby/pkgs/bitworld/src/bitworld/pixelfonts.nim
#11 10.58 CC: ../src/ctf/glory.nim
#11 10.86 CC: ../src/ctf/sim_types.nim
#11 10.95 CC: ../src/ctf/rig_art.nim
#11 11.18 CC: ../../../root/.nimby/nim/lib/pure/collections/deques.nim
#11 11.36 CC: ../../../root/.nimby/pkgs/jsony/src/jsony.nim
#11 11.55 CC: ../src/ctf/map_pool.nim
#11 11.58 CC: ../src/ctf/arena.nim
#11 11.60 CC: ../src/ctf/map_art.nim
#11 11.88 CC: ../../../root/.nimby/nim/lib/pure/strformat.nim
#11 11.97 CC: ../src/ctf/br_map_pool.nim
#11 12.17 CC: ../src/ctf/sim_config.nim
#11 12.19 CC: ../src/ctf/sim_state.nim
#11 12.23 CC: ../src/ctf/paint.nim
#11 12.25 CC: ../src/ctf/roster.nim
#11 12.36 CC: ../src/ctf/zone_field.nim
#11 12.51 CC: ../src/ctf/sim.nim
#11 12.54 CC: ../src/ctf/labels.nim
#11 12.65 CC: ../src/ctf/global.nim
#11 12.94 CC: ../src/ctf/broadcast.nim
#11 13.42 CC: ../../../root/.nimby/pkgs/flatty/src/flatty.nim
#11 13.56 CC: ../../../root/.nimby/pkgs/bitworld/src/bitworld/replays.nim
#11 14.04 CC: ../src/shell/types.nim
#11 14.28 CC: ../src/shell/seats.nim
#11 14.39 CC: ../src/shell/replay_records.nim
#11 14.55 CC: ../src/ctf/replay_codec.nim
#11 15.02 CC: ../src/ctf/replays.nim
#11 15.15 CC: ../src/ctf/replay_runtime.nim
#11 15.30 CC: ctf_replay.nim
#11 17.71 Hint:  [Link]
#11 22.60 Hint: mm: arc; opt: speed; options: -d:release
#11 22.60 169445 lines; 21.944s; 423.898MiB peakmem; proj: /workspace/ctf/replay-viewer/ctf_replay.nim; out: /workspace/ctf/replay-viewer/ctf_replay [SuccessX]
#11 DONE 27.8s

#12 exporting to image
#12 exporting layers
#12 exporting layers 19.3s done
#12 exporting manifest sha256:89909f78e953e1bfb8b54008c7ad5d5bdb5f2cc9593c3a6c01623426e518dcde
#12 exporting manifest sha256:89909f78e953e1bfb8b54008c7ad5d5bdb5f2cc9593c3a6c01623426e518dcde done
#12 exporting config sha256:61fe7a41e6dc32abc6d69d60cef143fd45741c205f04f43edbe2c0b6e4dd161d done
#12 exporting attestation manifest sha256:213780118fcd1d8d31f62d660cad0374511e42e655ceddb1d922af4be4a164a8 0.0s done
#12 exporting manifest list sha256:3ec50c40c5b2a1845cb350c74d6989902c5e75b0af9b718d46cfafbb0fabe92b done
#12 naming to docker.io/library/coworld-ctf-replay-viewer-build:89586 done
#12 DONE 19.3s
