Hint: used config file '/Users/jamesboggs/.nimby/nim/config/nim.cfg' [Conf]
Hint: used config file '/Users/jamesboggs/.nimby/nim/config/config.nims' [Conf]
Hint: used config file '/Users/jamesboggs/coding/coworlds/coworld-ctf-worktrees/nav-throughput-research/nim.cfg' [Conf]
...........................................................................................................................................................................................................................
/Users/jamesboggs/coding/coworlds/coworld-ctf-worktrees/nav-throughput-research/src/ctf/arena.nim(1373, 5) Hint: 'inside' is declared but not used [XDeclaredButNotUsed]
/Users/jamesboggs/coding/coworlds/coworld-ctf-worktrees/nav-throughput-research/src/ctf/arena.nim(3702, 6) Hint: 'rectsNode' is declared but not used [XDeclaredButNotUsed]
/Users/jamesboggs/coding/coworlds/coworld-ctf-worktrees/nav-throughput-research/src/ctf/arena.nim(3707, 6) Hint: 'rectsFromNode' is declared but not used [XDeclaredButNotUsed]
.......
/Users/jamesboggs/coding/coworlds/coworld-ctf-worktrees/nav-throughput-research/src/shell/body_route_query.nim(3, 24) Warning: imported and not used: 'math' [UnusedImport]
..
CC: system/exceptions.nim
CC: std/private/digitsutils.nim
CC: std/assertions.nim
CC: std/private/dragonbox.nim
CC: std/formatfloat.nim
CC: system/dollars.nim
CC: std/syncio.nim
CC: system.nim
CC: hashes.nim
CC: math.nim
CC: algorithm.nim
CC: parseutils.nim
CC: unicode.nim
CC: strutils.nim
CC: tables.nim
CC: flatty/binny.nim
CC: posix.nim
CC: times.nim
CC: std/cmdline.nim
CC: pixie/fontformats/opentype.nim
CC: streams.nim
CC: lexbase.nim
CC: pixie/fileformats/jpeg.nim
CC: heapqueue.nim
CC: pixie/fileformats/png.nim
CC: bitworld/spriteprotocol.nim
CC: std/monotimes.nim
CC: random.nim
CC: bitworld/pixelfonts.nim
CC: ../ctf/sim_types.nim
CC: parsejson.nim
CC: json.nim
CC: jsony.nim
CC: ../ctf/arena.nim
CC: body_map.nim
CC: body_cache.nim
CC: body_danger.nim
CC: ../ctf/zone_field.nim
CC: strformat.nim
CC: body_route_index.nim
CC: body_hazard.nim
CC: body_route_query.nim
CC: body_safety_query.nim
CC: ../ctf/br_map_pool.nim
CC: bench_body_danger_trace.nim
Hint:  [Link]
Hint: mm: orc; threads: on; opt: speed; options: -d:release
119065 lines; 2.786s; 339.812MiB peakmem; proj: /Users/jamesboggs/coding/coworlds/coworld-ctf-worktrees/nav-throughput-research/tools/bench_body_danger_trace.nim; out: /Users/jamesboggs/coding/coworlds/coworld-ctf-worktrees/nav-throughput-research/build/bench-body-danger-trace [SuccessX]
