[james/nav-throughput-research 98c71887] Reject row-cursor and full-word replay after native comparisons
 496 files changed, 2461018 insertions(+), 1 deletion(-)
 create mode 100644 docs/designs/nav-rework-evidence-2026-09-09/research/C3-cache-tests.log
 create mode 100644 docs/designs/nav-rework-evidence-2026-09-09/research/C3-candidate-body_nav.nim
 create mode 100644 docs/designs/nav-rework-evidence-2026-09-09/research/C3-configured-native-summary.json
 create mode 100644 docs/designs/nav-rework-evidence-2026-09-09/research/C3-integrated-build.log
 create mode 100644 docs/designs/nav-rework-evidence-2026-09-09/research/C3-integrated-quality.json
 create mode 100644 docs/designs/nav-rework-evidence-2026-09-09/research/C3-integrated-quality.stderr
 create mode 100644 docs/designs/nav-rework-evidence-2026-09-09/research/C3-m5a/DONE
 create mode 100644 docs/designs/nav-rework-evidence-2026-09-09/research/C3-m5a/base-commit.txt
 create mode 100644 docs/designs/nav-rework-evidence-2026-09-09/research/C3-m5a/build-candidate.log
 create mode 100644 docs/designs/nav-rework-evidence-2026-09-09/research/C3-m5a/build-parent.log
 create mode 100644 docs/designs/nav-rework-evidence-2026-09-09/research/C3-m5a/candidate-configured-r1.exit
 create mode 100644 docs/designs/nav-rework-evidence-2026-09-09/research/C3-m5a/candidate-configured-r1.json
 create mode 100644 docs/designs/nav-rework-evidence-2026-09-09/research/C3-m5a/candidate-configured-r1.stderr
 create mode 100644 docs/designs/nav-rework-evidence-2026-09-09/research/C3-m5a/candidate-configured-r2.exit
 create mode 100644 docs/designs/nav-rework-evidence-2026-09-09/research/C3-m5a/candidate-configured-r2.json
 create mode 100644 docs/designs/nav-rework-evidence-2026-09-09/research/C3-m5a/candidate-configured-r2.stderr
 create mode 100644 docs/designs/nav-rework-evidence-2026-09-09/research/C3-m5a/candidate-configured-r3.exit
 create mode 100644 docs/designs/nav-rework-evidence-2026-09-09/research/C3-m5a/candidate-configured-r3.json
 create mode 100644 docs/designs/nav-rework-evidence-2026-09-09/research/C3-m5a/candidate-configured-r3.stderr
 create mode 100644 docs/designs/nav-rework-evidence-2026-09-09/research/C3-m5a/candidate.patch
 create mode 100644 docs/designs/nav-rework-evidence-2026-09-09/research/C3-m5a/executable-hashes.txt
 create mode 100644 docs/designs/nav-rework-evidence-2026-09-09/research/C3-m5a/input-hashes.txt
 create mode 100644 docs/designs/nav-rework-evidence-2026-09-09/research/C3-m5a/lscpu.txt
 create mode 100644 docs/designs/nav-rework-evidence-2026-09-09/research/C3-m5a/parent-configured-r1.exit
 create mode 100644 docs/designs/nav-rework-evidence-2026-09-09/research/C3-m5a/parent-configured-r1.json
 create mode 100644 docs/designs/nav-rework-evidence-2026-09-09/research/C3-m5a/parent-configured-r1.stderr
 create mode 100644 docs/designs/nav-rework-evidence-2026-09-09/research/C3-m5a/parent-configured-r2.exit
 create mode 100644 docs/designs/nav-rework-evidence-2026-09-09/research/C3-m5a/parent-configured-r2.json
 create mode 100644 docs/designs/nav-rework-evidence-2026-09-09/research/C3-m5a/parent-configured-r2.stderr
 create mode 100644 docs/designs/nav-rework-evidence-2026-09-09/research/C3-m5a/parent-configured-r3.exit
 create mode 100644 docs/designs/nav-rework-evidence-2026-09-09/research/C3-m5a/parent-configured-r3.json
 create mode 100644 docs/designs/nav-rework-evidence-2026-09-09/research/C3-m5a/parent-configured-r3.stderr
 create mode 100644 docs/designs/nav-rework-evidence-2026-09-09/research/C3-m5a/parent.patch
 create mode 100644 docs/designs/nav-rework-evidence-2026-09-09/research/C3-m5a/quality.exit
 create mode 100644 docs/designs/nav-rework-evidence-2026-09-09/research/C3-m5a/quality.json
 create mode 100644 docs/designs/nav-rework-evidence-2026-09-09/research/C3-m5a/quality.stderr
 create mode 100644 docs/designs/nav-rework-evidence-2026-09-09/research/C3-mechanisms-m8i/DONE
 create mode 100644 docs/designs/nav-rework-evidence-2026-09-09/research/C3-mechanisms-m8i/base-commit.txt
 create mode 100644 docs/designs/nav-rework-evidence-2026-09-09/research/C3-mechanisms-m8i/build-candidate-cache.log
 create mode 100644 docs/designs/nav-rework-evidence-2026-09-09/research/C3-mechanisms-m8i/build-candidate-trace.log
 create mode 100644 docs/designs/nav-rework-evidence-2026-09-09/research/C3-mechanisms-m8i/build-parent-cache.log
 create mode 100644 docs/designs/nav-rework-evidence-2026-09-09/research/C3-mechanisms-m8i/build-parent-trace.log
 create mode 100644 docs/designs/nav-rework-evidence-2026-09-09/research/C3-mechanisms-m8i/candidate-regimes-r1.json
 create mode 100644 docs/designs/nav-rework-evidence-2026-09-09/research/C3-mechanisms-m8i/candidate-regimes-r1.stderr
 create mode 100644 docs/designs/nav-rework-evidence-2026-09-09/research/C3-mechanisms-m8i/candidate-regimes-r2.json
 create mode 100644 docs/designs/nav-rework-evidence-2026-09-09/research/C3-mechanisms-m8i/candidate-regimes-r2.stderr
 create mode 100644 docs/designs/nav-rework-evidence-2026-09-09/research/C3-mechanisms-m8i/candidate-regimes-r3.json
 create mode 100644 docs/designs/nav-rework-evidence-2026-09-09/research/C3-mechanisms-m8i/candidate-regimes-r3.stderr
 create mode 100644 docs/designs/nav-rework-evidence-2026-09-09/research/C3-mechanisms-m8i/candidate-s2_16_679962-r1.json
 create mode 100644 docs/designs/nav-rework-evidence-2026-09-09/research/C3-mechanisms-m8i/candidate-s2_16_679962-r1.stderr
 create mode 100644 docs/designs/nav-rework-evidence-2026-09-09/research/C3-mechanisms-m8i/candidate-s2_16_679962-r2.json
 create mode 100644 docs/designs/nav-rework-evidence-2026-09-09/research/C3-mechanisms-m8i/candidate-s2_16_679962-r2.stderr
 create mode 100644 docs/designs/nav-rework-evidence-2026-09-09/research/C3-mechanisms-m8i/candidate-s2_16_679962-r3.json
 create mode 100644 docs/designs/nav-rework-evidence-2026-09-09/research/C3-mechanisms-m8i/candidate-s2_16_679962-r3.stderr
 create mode 100644 docs/designs/nav-rework-evidence-2026-09-09/research/C3-mechanisms-m8i/candidate-s2_16_679963-r1.json
 create mode 100644 docs/designs/nav-rework-evidence-2026-09-09/research/C3-mechanisms-m8i/candidate-s2_16_679963-r1.stderr
 create mode 100644 docs/designs/nav-rework-evidence-2026-09-09/research/C3-mechanisms-m8i/candidate-s2_16_679963-r2.json
 create mode 100644 docs/designs/nav-rework-evidence-2026-09-09/research/C3-mechanisms-m8i/candidate-s2_16_679963-r2.stderr
 create mode 100644 docs/designs/nav-rework-evidence-2026-09-09/research/C3-mechanisms-m8i/candidate-s2_16_679963-r3.json
 create mode 100644 docs/designs/nav-rework-evidence-2026-09-09/research/C3-mechanisms-m8i/candidate-s2_16_679963-r3.stderr
 create mode 100644 docs/designs/nav-rework-evidence-2026-09-09/research/C3-mechanisms-m8i/candidate-s2_16_679964-r1.json
 create mode 100644 docs/designs/nav-rework-evidence-2026-09-09/research/C3-mechanisms-m8i/candidate-s2_16_679964-r1.stderr
 create mode 100644 docs/designs/nav-rework-evidence-2026-09-09/research/C3-mechanisms-m8i/candidate-s2_16_679964-r2.json
 create mode 100644 docs/designs/nav-rework-evidence-2026-09-09/research/C3-mechanisms-m8i/candidate-s2_16_679964-r2.stderr
 create mode 100644 docs/designs/nav-rework-evidence-2026-09-09/research/C3-mechanisms-m8i/candidate-s2_16_679964-r3.json
 create mode 100644 docs/designs/nav-rework-evidence-2026-09-09/research/C3-mechanisms-m8i/candidate-s2_16_679964-r3.stderr
 create mode 100644 docs/designs/nav-rework-evidence-2026-09-09/research/C3-mechanisms-m8i/candidate-s2_16_679965-r1.json
 create mode 100644 docs/designs/nav-rework-evidence-2026-09-09/research/C3-mechanisms-m8i/candidate-s2_16_679965-r1.stderr
 create mode 100644 docs/designs/nav-rework-evidence-2026-09-09/research/C3-mechanisms-m8i/candidate-s2_16_679965-r2.json
 create mode 100644 docs/designs/nav-rework-evidence-2026-09-09/research/C3-mechanisms-m8i/candidate-s2_16_679965-r2.stderr
 create mode 100644 docs/designs/nav-rework-evidence-2026-09-09/research/C3-mechanisms-m8i/candidate-s2_16_679965-r3.json
 create mode 100644 docs/designs/nav-rework-evidence-2026-09-09/research/C3-mechanisms-m8i/candidate-s2_16_679965-r3.stderr
 create mode 100644 docs/designs/nav-rework-evidence-2026-09-09/research/C3-mechanisms-m8i/candidate-s2_32_679962-r1.json
 create mode 100644 docs/designs/nav-rework-evidence-2026-09-09/research/C3-mechanisms-m8i/candidate-s2_32_679962-r1.stderr
 create mode 100644 docs/designs/nav-rework-evidence-2026-09-09/research/C3-mechanisms-m8i/candidate-s2_32_679962-r2.json
 create mode 100644 docs/designs/nav-rework-evidence-2026-09-09/research/C3-mechanisms-m8i/candidate-s2_32_679962-r2.stderr
 create mode 100644 docs/designs/nav-rework-evidence-2026-09-09/research/C3-mechanisms-m8i/candidate-s2_32_679962-r3.json
 create mode 100644 docs/designs/nav-rework-evidence-2026-09-09/research/C3-mechanisms-m8i/candidate-s2_32_679962-r3.stderr
 create mode 100644 docs/designs/nav-rework-evidence-2026-09-09/research/C3-mechanisms-m8i/candidate-s2_32_679963-r1.json
 create mode 100644 docs/designs/nav-rework-evidence-2026-09-09/research/C3-mechanisms-m8i/candidate-s2_32_679963-r1.stderr
 create mode 100644 docs/designs/nav-rework-evidence-2026-09-09/research/C3-mechanisms-m8i/candidate-s2_32_679963-r2.json
 create mode 100644 docs/designs/nav-rework-evidence-2026-09-09/research/C3-mechanisms-m8i/candidate-s2_32_679963-r2.stderr
 create mode 100644 docs/designs/nav-rework-evidence-2026-09-09/research/C3-mechanisms-m8i/candidate-s2_32_679963-r3.json
 create mode 100644 docs/designs/nav-rework-evidence-2026-09-09/research/C3-mechanisms-m8i/candidate-s2_32_679963-r3.stderr
 create mode 100644 docs/designs/nav-rework-evidence-2026-09-09/research/C3-mechanisms-m8i/candidate-s2_32_679964-r1.json
 create mode 100644 docs/designs/nav-rework-evidence-2026-09-09/research/C3-mechanisms-m8i/candidate-s2_32_679964-r1.stderr
 create mode 100644 docs/designs/nav-rework-evidence-2026-09-09/research/C3-mechanisms-m8i/candidate-s2_32_679964-r2.json
 create mode 100644 docs/designs/nav-rework-evidence-2026-09-09/research/C3-mechanisms-m8i/candidate-s2_32_679964-r2.stderr
 create mode 100644 docs/designs/nav-rework-evidence-2026-09-09/research/C3-mechanisms-m8i/candidate-s2_32_679964-r3.json
 create mode 100644 docs/designs/nav-rework-evidence-2026-09-09/research/C3-mechanisms-m8i/candidate-s2_32_679964-r3.stderr
 create mode 100644 docs/designs/nav-rework-evidence-2026-09-09/research/C3-mechanisms-m8i/candidate-s2_32_679965-r1.json
 create mode 100644 docs/designs/nav-rework-evidence-2026-09-09/research/C3-mechanisms-m8i/candidate-s2_32_679965-r1.stderr
 create mode 100644 docs/designs/nav-rework-evidence-2026-09-09/research/C3-mechanisms-m8i/candidate-s2_32_679965-r2.json
 create mode 100644 docs/designs/nav-rework-evidence-2026-09-09/research/C3-mechanisms-m8i/candidate-s2_32_679965-r2.stderr
 create mode 100644 docs/designs/nav-rework-evidence-2026-09-09/research/C3-mechanisms-m8i/candidate-s2_32_679965-r3.json
 create mode 100644 docs/designs/nav-rework-evidence-2026-09-09/research/C3-mechanisms-m8i/candidate-s2_32_679965-r3.stderr
 create mode 100644 docs/designs/nav-rework-evidence-2026-09-09/research/C3-mechanisms-m8i/candidate-smoke_s2_16_randomized-r1.json
 create mode 100644 docs/designs/nav-rework-evidence-2026-09-09/research/C3-mechanisms-m8i/candidate-smoke_s2_16_randomized-r1.stderr
 create mode 100644 docs/designs/nav-rework-evidence-2026-09-09/research/C3-mechanisms-m8i/candidate-smoke_s2_16_randomized-r2.json
 create mode 100644 docs/designs/nav-rework-evidence-2026-09-09/research/C3-mechanisms-m8i/candidate-smoke_s2_16_randomized-r2.stderr
 create mode 100644 docs/designs/nav-rework-evidence-2026-09-09/research/C3-mechanisms-m8i/candidate-smoke_s2_16_randomized-r3.json
 create mode 100644 docs/designs/nav-rework-evidence-2026-09-09/research/C3-mechanisms-m8i/candidate-smoke_s2_16_randomized-r3.stderr
 create mode 100644 docs/designs/nav-rework-evidence-2026-09-09/research/C3-mechanisms-m8i/candidate.patch
 create mode 100644 docs/designs/nav-rework-evidence-2026-09-09/research/C3-mechanisms-m8i/executable-hashes.txt
 create mode 100644 docs/designs/nav-rework-evidence-2026-09-09/research/C3-mechanisms-m8i/input-hashes.txt
 create mode 100644 docs/designs/nav-rework-evidence-2026-09-09/research/C3-mechanisms-m8i/lscpu.txt
 create mode 100644 docs/designs/nav-rework-evidence-2026-09-09/research/C3-mechanisms-m8i/parent-regimes-r1.json
 create mode 100644 docs/designs/nav-rework-evidence-2026-09-09/research/C3-mechanisms-m8i/parent-regimes-r1.stderr
 create mode 100644 docs/designs/nav-rework-evidence-2026-09-09/research/C3-mechanisms-m8i/parent-regimes-r2.json
 create mode 100644 docs/designs/nav-rework-evidence-2026-09-09/research/C3-mechanisms-m8i/parent-regimes-r2.stderr
 create mode 100644 docs/designs/nav-rework-evidence-2026-09-09/research/C3-mechanisms-m8i/parent-regimes-r3.json
 create mode 100644 docs/designs/nav-rework-evidence-2026-09-09/research/C3-mechanisms-m8i/parent-regimes-r3.stderr
 create mode 100644 docs/designs/nav-rework-evidence-2026-09-09/research/C3-mechanisms-m8i/parent-s2_16_679962-r1.json
 create mode 100644 docs/designs/nav-rework-evidence-2026-09-09/research/C3-mechanisms-m8i/parent-s2_16_679962-r1.stderr
 create mode 100644 docs/designs/nav-rework-evidence-2026-09-09/research/C3-mechanisms-m8i/parent-s2_16_679962-r2.json
 create mode 100644 docs/designs/nav-rework-evidence-2026-09-09/research/C3-mechanisms-m8i/parent-s2_16_679962-r2.stderr
 create mode 100644 docs/designs/nav-rework-evidence-2026-09-09/research/C3-mechanisms-m8i/parent-s2_16_679962-r3.json
 create mode 100644 docs/designs/nav-rework-evidence-2026-09-09/research/C3-mechanisms-m8i/parent-s2_16_679962-r3.stderr
 create mode 100644 docs/designs/nav-rework-evidence-2026-09-09/research/C3-mechanisms-m8i/parent-s2_16_679963-r1.json
 create mode 100644 docs/designs/nav-rework-evidence-2026-09-09/research/C3-mechanisms-m8i/parent-s2_16_679963-r1.stderr
 create mode 100644 docs/designs/nav-rework-evidence-2026-09-09/research/C3-mechanisms-m8i/parent-s2_16_679963-r2.json
 create mode 100644 docs/designs/nav-rework-evidence-2026-09-09/research/C3-mechanisms-m8i/parent-s2_16_679963-r2.stderr
 create mode 100644 docs/designs/nav-rework-evidence-2026-09-09/research/C3-mechanisms-m8i/parent-s2_16_679963-r3.json
 create mode 100644 docs/designs/nav-rework-evidence-2026-09-09/research/C3-mechanisms-m8i/parent-s2_16_679963-r3.stderr
 create mode 100644 docs/designs/nav-rework-evidence-2026-09-09/research/C3-mechanisms-m8i/parent-s2_16_679964-r1.json
 create mode 100644 docs/designs/nav-rework-evidence-2026-09-09/research/C3-mechanisms-m8i/parent-s2_16_679964-r1.stderr
 create mode 100644 docs/designs/nav-rework-evidence-2026-09-09/research/C3-mechanisms-m8i/parent-s2_16_679964-r2.json
 create mode 100644 docs/designs/nav-rework-evidence-2026-09-09/research/C3-mechanisms-m8i/parent-s2_16_679964-r2.stderr
 create mode 100644 docs/designs/nav-rework-evidence-2026-09-09/research/C3-mechanisms-m8i/parent-s2_16_679964-r3.json
 create mode 100644 docs/designs/nav-rework-evidence-2026-09-09/research/C3-mechanisms-m8i/parent-s2_16_679964-r3.stderr
 create mode 100644 docs/designs/nav-rework-evidence-2026-09-09/research/C3-mechanisms-m8i/parent-s2_16_679965-r1.json
 create mode 100644 docs/designs/nav-rework-evidence-2026-09-09/research/C3-mechanisms-m8i/parent-s2_16_679965-r1.stderr
 create mode 100644 docs/designs/nav-rework-evidence-2026-09-09/research/C3-mechanisms-m8i/parent-s2_16_679965-r2.json
 create mode 100644 docs/designs/nav-rework-evidence-2026-09-09/research/C3-mechanisms-m8i/parent-s2_16_679965-r2.stderr
 create mode 100644 docs/designs/nav-rework-evidence-2026-09-09/research/C3-mechanisms-m8i/parent-s2_16_679965-r3.json
 create mode 100644 docs/designs/nav-rework-evidence-2026-09-09/research/C3-mechanisms-m8i/parent-s2_16_679965-r3.stderr
 create mode 100644 docs/designs/nav-rework-evidence-2026-09-09/research/C3-mechanisms-m8i/parent-s2_32_679962-r1.json
 create mode 100644 docs/designs/nav-rework-evidence-2026-09-09/research/C3-mechanisms-m8i/parent-s2_32_679962-r1.stderr
 create mode 100644 docs/designs/nav-rework-evidence-2026-09-09/research/C3-mechanisms-m8i/parent-s2_32_679962-r2.json
 create mode 100644 docs/designs/nav-rework-evidence-2026-09-09/research/C3-mechanisms-m8i/parent-s2_32_679962-r2.stderr
 create mode 100644 docs/designs/nav-rework-evidence-2026-09-09/research/C3-mechanisms-m8i/parent-s2_32_679962-r3.json
 create mode 100644 docs/designs/nav-rework-evidence-2026-09-09/research/C3-mechanisms-m8i/parent-s2_32_679962-r3.stderr
 create mode 100644 docs/designs/nav-rework-evidence-2026-09-09/research/C3-mechanisms-m8i/parent-s2_32_679963-r1.json
 create mode 100644 docs/designs/nav-rework-evidence-2026-09-09/research/C3-mechanisms-m8i/parent-s2_32_679963-r1.stderr
 create mode 100644 docs/designs/nav-rework-evidence-2026-09-09/research/C3-mechanisms-m8i/parent-s2_32_679963-r2.json
 create mode 100644 docs/designs/nav-rework-evidence-2026-09-09/research/C3-mechanisms-m8i/parent-s2_32_679963-r2.stderr
 create mode 100644 docs/designs/nav-rework-evidence-2026-09-09/research/C3-mechanisms-m8i/parent-s2_32_679963-r3.json
 create mode 100644 docs/designs/nav-rework-evidence-2026-09-09/research/C3-mechanisms-m8i/parent-s2_32_679963-r3.stderr
 create mode 100644 docs/designs/nav-rework-evidence-2026-09-09/research/C3-mechanisms-m8i/parent-s2_32_679964-r1.json
 create mode 100644 docs/designs/nav-rework-evidence-2026-09-09/research/C3-mechanisms-m8i/parent-s2_32_679964-r1.stderr
 create mode 100644 docs/designs/nav-rework-evidence-2026-09-09/research/C3-mechanisms-m8i/parent-s2_32_679964-r2.json
 create mode 100644 docs/designs/nav-rework-evidence-2026-09-09/research/C3-mechanisms-m8i/parent-s2_32_679964-r2.stderr
 create mode 100644 docs/designs/nav-rework-evidence-2026-09-09/research/C3-mechanisms-m8i/parent-s2_32_679964-r3.json
 create mode 100644 docs/designs/nav-rework-evidence-2026-09-09/research/C3-mechanisms-m8i/parent-s2_32_679964-r3.stderr
 create mode 100644 docs/designs/nav-rework-evidence-2026-09-09/research/C3-mechanisms-m8i/parent-s2_32_679965-r1.json
 create mode 100644 docs/designs/nav-rework-evidence-2026-09-09/research/C3-mechanisms-m8i/parent-s2_32_679965-r1.stderr
 create mode 100644 docs/designs/nav-rework-evidence-2026-09-09/research/C3-mechanisms-m8i/parent-s2_32_679965-r2.json
 create mode 100644 docs/designs/nav-rework-evidence-2026-09-09/research/C3-mechanisms-m8i/parent-s2_32_679965-r2.stderr
 create mode 100644 docs/designs/nav-rework-evidence-2026-09-09/research/C3-mechanisms-m8i/parent-s2_32_679965-r3.json
 create mode 100644 docs/designs/nav-rework-evidence-2026-09-09/research/C3-mechanisms-m8i/parent-s2_32_679965-r3.stderr
 create mode 100644 docs/designs/nav-rework-evidence-2026-09-09/research/C3-mechanisms-m8i/parent-smoke_s2_16_randomized-r1.json
 create mode 100644 docs/designs/nav-rework-evidence-2026-09-09/research/C3-mechanisms-m8i/parent-smoke_s2_16_randomized-r1.stderr
 create mode 100644 docs/designs/nav-rework-evidence-2026-09-09/research/C3-mechanisms-m8i/parent-smoke_s2_16_randomized-r2.json
 create mode 100644 docs/designs/nav-rework-evidence-2026-09-09/research/C3-mechanisms-m8i/parent-smoke_s2_16_randomized-r2.stderr
 create mode 100644 docs/designs/nav-rework-evidence-2026-09-09/research/C3-mechanisms-m8i/parent-smoke_s2_16_randomized-r3.json
 create mode 100644 docs/designs/nav-rework-evidence-2026-09-09/research/C3-mechanisms-m8i/parent-smoke_s2_16_randomized-r3.stderr
 create mode 100644 docs/designs/nav-rework-evidence-2026-09-09/research/C3-mechanisms-m8i/parent.patch
 create mode 100644 docs/designs/nav-rework-evidence-2026-09-09/research/C3-nav-tests.log
 create mode 100644 docs/designs/nav-rework-evidence-2026-09-09/research/C3-parent-body_nav.nim
 create mode 100644 docs/designs/nav-rework-evidence-2026-09-09/research/C3-regimes-native-summary.json
 create mode 100644 docs/designs/nav-rework-evidence-2026-09-09/research/C3-retained-cache-tests.log
 create mode 100644 docs/designs/nav-rework-evidence-2026-09-09/research/C3-server-linked.log
 create mode 100644 docs/designs/nav-rework-evidence-2026-09-09/research/C3-server-stub.log
 create mode 100644 docs/designs/nav-rework-evidence-2026-09-09/research/C3-trace-native-summary.json
 create mode 100644 docs/designs/nav-rework-evidence-2026-09-09/research/C3-viewer-build.log
 create mode 100644 docs/designs/nav-rework-evidence-2026-09-09/research/C3-viewer-check.log
 create mode 100644 docs/designs/nav-rework-evidence-2026-09-09/research/C3_C6_DOCUMENTATION_AUDIT.md
 create mode 100644 docs/designs/nav-rework-evidence-2026-09-09/research/C3_FINAL_REVIEW.md
 create mode 100644 docs/designs/nav-rework-evidence-2026-09-09/research/C3_FINAL_REVIEW_REQUEST.md
 create mode 100644 docs/designs/nav-rework-evidence-2026-09-09/research/C3_PREREG.md
 create mode 100644 docs/designs/nav-rework-evidence-2026-09-09/research/C3_REVIEW.md
 create mode 100644 docs/designs/nav-rework-evidence-2026-09-09/research/C3_REVIEW_REQUEST.md
 create mode 100644 docs/designs/nav-rework-evidence-2026-09-09/research/C3_STATUS.md
 create mode 100644 docs/designs/nav-rework-evidence-2026-09-09/research/C6-micro-m8i/DONE
 create mode 100644 docs/designs/nav-rework-evidence-2026-09-09/research/C6-micro-m8i/base-commit.txt
 create mode 100644 docs/designs/nav-rework-evidence-2026-09-09/research/C6-micro-m8i/build-candidate-bench_body_danger_trace.log
 create mode 100644 docs/designs/nav-rework-evidence-2026-09-09/research/C6-micro-m8i/build-candidate-bench_danger_replay.log
 create mode 100644 docs/designs/nav-rework-evidence-2026-09-09/research/C6-micro-m8i/build-candidate-check_danger_fullword_replay.log
 create mode 100644 docs/designs/nav-rework-evidence-2026-09-09/research/C6-micro-m8i/build-parent-bench_body_danger_trace.log
 create mode 100644 docs/designs/nav-rework-evidence-2026-09-09/research/C6-micro-m8i/build-parent-bench_danger_replay.log
 create mode 100644 docs/designs/nav-rework-evidence-2026-09-09/research/C6-micro-m8i/build-parent-check_danger_fullword_replay.log
 create mode 100644 docs/designs/nav-rework-evidence-2026-09-09/research/C6-micro-m8i/candidate-br-gen-5120-1300-r1.json
 create mode 100644 docs/designs/nav-rework-evidence-2026-09-09/research/C6-micro-m8i/candidate-br-gen-5120-1300-r1.stderr
 create mode 100644 docs/designs/nav-rework-evidence-2026-09-09/research/C6-micro-m8i/candidate-br-gen-5120-1300-r2.json
 create mode 100644 docs/designs/nav-rework-evidence-2026-09-09/research/C6-micro-m8i/candidate-br-gen-5120-1300-r2.stderr
 create mode 100644 docs/designs/nav-rework-evidence-2026-09-09/research/C6-micro-m8i/candidate-br-gen-5120-1300-r3.json
 create mode 100644 docs/designs/nav-rework-evidence-2026-09-09/research/C6-micro-m8i/candidate-br-gen-5120-1300-r3.stderr
 create mode 100644 docs/designs/nav-rework-evidence-2026-09-09/research/C6-micro-m8i/candidate-br-gen-5120-1300-r4.json
 create mode 100644 docs/designs/nav-rework-evidence-2026-09-09/research/C6-micro-m8i/candidate-br-gen-5120-1300-r4.stderr
 create mode 100644 docs/designs/nav-rework-evidence-2026-09-09/research/C6-micro-m8i/candidate-br-gen-5120-1300-r5.json
 create mode 100644 docs/designs/nav-rework-evidence-2026-09-09/research/C6-micro-m8i/candidate-br-gen-5120-1300-r5.stderr
 create mode 100644 docs/designs/nav-rework-evidence-2026-09-09/research/C6-micro-m8i/candidate-br-gen-5120-331-r1.json
 create mode 100644 docs/designs/nav-rework-evidence-2026-09-09/research/C6-micro-m8i/candidate-br-gen-5120-331-r1.stderr
 create mode 100644 docs/designs/nav-rework-evidence-2026-09-09/research/C6-micro-m8i/candidate-br-gen-5120-331-r2.json
 create mode 100644 docs/designs/nav-rework-evidence-2026-09-09/research/C6-micro-m8i/candidate-br-gen-5120-331-r2.stderr
 create mode 100644 docs/designs/nav-rework-evidence-2026-09-09/research/C6-micro-m8i/candidate-br-gen-5120-331-r3.json
 create mode 100644 docs/designs/nav-rework-evidence-2026-09-09/research/C6-micro-m8i/candidate-br-gen-5120-331-r3.stderr
 create mode 100644 docs/designs/nav-rework-evidence-2026-09-09/research/C6-micro-m8i/candidate-br-gen-5120-331-r4.json
 create mode 100644 docs/designs/nav-rework-evidence-2026-09-09/research/C6-micro-m8i/candidate-br-gen-5120-331-r4.stderr
 create mode 100644 docs/designs/nav-rework-evidence-2026-09-09/research/C6-micro-m8i/candidate-br-gen-5120-331-r5.json
 create mode 100644 docs/designs/nav-rework-evidence-2026-09-09/research/C6-micro-m8i/candidate-br-gen-5120-331-r5.stderr
 create mode 100644 docs/designs/nav-rework-evidence-2026-09-09/research/C6-micro-m8i/candidate-br-gen-5204-1300-r1.json
 create mode 100644 docs/designs/nav-rework-evidence-2026-09-09/research/C6-micro-m8i/candidate-br-gen-5204-1300-r1.stderr
 create mode 100644 docs/designs/nav-rework-evidence-2026-09-09/research/C6-micro-m8i/candidate-br-gen-5204-1300-r2.json
 create mode 100644 docs/designs/nav-rework-evidence-2026-09-09/research/C6-micro-m8i/candidate-br-gen-5204-1300-r2.stderr
 create mode 100644 docs/designs/nav-rework-evidence-2026-09-09/research/C6-micro-m8i/candidate-br-gen-5204-1300-r3.json
 create mode 100644 docs/designs/nav-rework-evidence-2026-09-09/research/C6-micro-m8i/candidate-br-gen-5204-1300-r3.stderr
 create mode 100644 docs/designs/nav-rework-evidence-2026-09-09/research/C6-micro-m8i/candidate-br-gen-5204-1300-r4.json
 create mode 100644 docs/designs/nav-rework-evidence-2026-09-09/research/C6-micro-m8i/candidate-br-gen-5204-1300-r4.stderr
 create mode 100644 docs/designs/nav-rework-evidence-2026-09-09/research/C6-micro-m8i/candidate-br-gen-5204-1300-r5.json
 create mode 100644 docs/designs/nav-rework-evidence-2026-09-09/research/C6-micro-m8i/candidate-br-gen-5204-1300-r5.stderr
 create mode 100644 docs/designs/nav-rework-evidence-2026-09-09/research/C6-micro-m8i/candidate-br-gen-5204-331-r1.json
 create mode 100644 docs/designs/nav-rework-evidence-2026-09-09/research/C6-micro-m8i/candidate-br-gen-5204-331-r1.stderr
 create mode 100644 docs/designs/nav-rework-evidence-2026-09-09/research/C6-micro-m8i/candidate-br-gen-5204-331-r2.json
 create mode 100644 docs/designs/nav-rework-evidence-2026-09-09/research/C6-micro-m8i/candidate-br-gen-5204-331-r2.stderr
 create mode 100644 docs/designs/nav-rework-evidence-2026-09-09/research/C6-micro-m8i/candidate-br-gen-5204-331-r3.json
 create mode 100644 docs/designs/nav-rework-evidence-2026-09-09/research/C6-micro-m8i/candidate-br-gen-5204-331-r3.stderr
 create mode 100644 docs/designs/nav-rework-evidence-2026-09-09/research/C6-micro-m8i/candidate-br-gen-5204-331-r4.json
 create mode 100644 docs/designs/nav-rework-evidence-2026-09-09/research/C6-micro-m8i/candidate-br-gen-5204-331-r4.stderr
 create mode 100644 docs/designs/nav-rework-evidence-2026-09-09/research/C6-micro-m8i/candidate-br-gen-5204-331-r5.json
 create mode 100644 docs/designs/nav-rework-evidence-2026-09-09/research/C6-micro-m8i/candidate-br-gen-5204-331-r5.stderr
 create mode 100644 docs/designs/nav-rework-evidence-2026-09-09/research/C6-micro-m8i/candidate-br-gen-5263-1300-r1.json
 create mode 100644 docs/designs/nav-rework-evidence-2026-09-09/research/C6-micro-m8i/candidate-br-gen-5263-1300-r1.stderr
 create mode 100644 docs/designs/nav-rework-evidence-2026-09-09/research/C6-micro-m8i/candidate-br-gen-5263-1300-r2.json
 create mode 100644 docs/designs/nav-rework-evidence-2026-09-09/research/C6-micro-m8i/candidate-br-gen-5263-1300-r2.stderr
 create mode 100644 docs/designs/nav-rework-evidence-2026-09-09/research/C6-micro-m8i/candidate-br-gen-5263-1300-r3.json
 create mode 100644 docs/designs/nav-rework-evidence-2026-09-09/research/C6-micro-m8i/candidate-br-gen-5263-1300-r3.stderr
 create mode 100644 docs/designs/nav-rework-evidence-2026-09-09/research/C6-micro-m8i/candidate-br-gen-5263-1300-r4.json
 create mode 100644 docs/designs/nav-rework-evidence-2026-09-09/research/C6-micro-m8i/candidate-br-gen-5263-1300-r4.stderr
 create mode 100644 docs/designs/nav-rework-evidence-2026-09-09/research/C6-micro-m8i/candidate-br-gen-5263-1300-r5.json
 create mode 100644 docs/designs/nav-rework-evidence-2026-09-09/research/C6-micro-m8i/candidate-br-gen-5263-1300-r5.stderr
 create mode 100644 docs/designs/nav-rework-evidence-2026-09-09/research/C6-micro-m8i/candidate-br-gen-5263-331-r1.json
 create mode 100644 docs/designs/nav-rework-evidence-2026-09-09/research/C6-micro-m8i/candidate-br-gen-5263-331-r1.stderr
 create mode 100644 docs/designs/nav-rework-evidence-2026-09-09/research/C6-micro-m8i/candidate-br-gen-5263-331-r2.json
 create mode 100644 docs/designs/nav-rework-evidence-2026-09-09/research/C6-micro-m8i/candidate-br-gen-5263-331-r2.stderr
 create mode 100644 docs/designs/nav-rework-evidence-2026-09-09/research/C6-micro-m8i/candidate-br-gen-5263-331-r3.json
 create mode 100644 docs/designs/nav-rework-evidence-2026-09-09/research/C6-micro-m8i/candidate-br-gen-5263-331-r3.stderr
 create mode 100644 docs/designs/nav-rework-evidence-2026-09-09/research/C6-micro-m8i/candidate-br-gen-5263-331-r4.json
 create mode 100644 docs/designs/nav-rework-evidence-2026-09-09/research/C6-micro-m8i/candidate-br-gen-5263-331-r4.stderr
 create mode 100644 docs/designs/nav-rework-evidence-2026-09-09/research/C6-micro-m8i/candidate-br-gen-5263-331-r5.json
 create mode 100644 docs/designs/nav-rework-evidence-2026-09-09/research/C6-micro-m8i/candidate-br-gen-5263-331-r5.stderr
 create mode 100644 docs/designs/nav-rework-evidence-2026-09-09/research/C6-micro-m8i/candidate-correctness.json
 create mode 100644 docs/designs/nav-rework-evidence-2026-09-09/research/C6-micro-m8i/candidate-correctness.stderr
 create mode 100644 docs/designs/nav-rework-evidence-2026-09-09/research/C6-micro-m8i/candidate-trace-s2_16_679962-r1.json
 create mode 100644 docs/designs/nav-rework-evidence-2026-09-09/research/C6-micro-m8i/candidate-trace-s2_16_679962-r1.stderr
 create mode 100644 docs/designs/nav-rework-evidence-2026-09-09/research/C6-micro-m8i/candidate-trace-s2_16_679962-r2.json
 create mode 100644 docs/designs/nav-rework-evidence-2026-09-09/research/C6-micro-m8i/candidate-trace-s2_16_679962-r2.stderr
 create mode 100644 docs/designs/nav-rework-evidence-2026-09-09/research/C6-micro-m8i/candidate-trace-s2_16_679962-r3.json
 create mode 100644 docs/designs/nav-rework-evidence-2026-09-09/research/C6-micro-m8i/candidate-trace-s2_16_679962-r3.stderr
 create mode 100644 docs/designs/nav-rework-evidence-2026-09-09/research/C6-micro-m8i/candidate-trace-s2_16_679963-r1.json
 create mode 100644 docs/designs/nav-rework-evidence-2026-09-09/research/C6-micro-m8i/candidate-trace-s2_16_679963-r1.stderr
 create mode 100644 docs/designs/nav-rework-evidence-2026-09-09/research/C6-micro-m8i/candidate-trace-s2_16_679963-r2.json
 create mode 100644 docs/designs/nav-rework-evidence-2026-09-09/research/C6-micro-m8i/candidate-trace-s2_16_679963-r2.stderr
 create mode 100644 docs/designs/nav-rework-evidence-2026-09-09/research/C6-micro-m8i/candidate-trace-s2_16_679963-r3.json
 create mode 100644 docs/designs/nav-rework-evidence-2026-09-09/research/C6-micro-m8i/candidate-trace-s2_16_679963-r3.stderr
 create mode 100644 docs/designs/nav-rework-evidence-2026-09-09/research/C6-micro-m8i/candidate-trace-s2_16_679964-r1.json
 create mode 100644 docs/designs/nav-rework-evidence-2026-09-09/research/C6-micro-m8i/candidate-trace-s2_16_679964-r1.stderr
 create mode 100644 docs/designs/nav-rework-evidence-2026-09-09/research/C6-micro-m8i/candidate-trace-s2_16_679964-r2.json
 create mode 100644 docs/designs/nav-rework-evidence-2026-09-09/research/C6-micro-m8i/candidate-trace-s2_16_679964-r2.stderr
 create mode 100644 docs/designs/nav-rework-evidence-2026-09-09/research/C6-micro-m8i/candidate-trace-s2_16_679964-r3.json
 create mode 100644 docs/designs/nav-rework-evidence-2026-09-09/research/C6-micro-m8i/candidate-trace-s2_16_679964-r3.stderr
 create mode 100644 docs/designs/nav-rework-evidence-2026-09-09/research/C6-micro-m8i/candidate-trace-s2_16_679965-r1.json
 create mode 100644 docs/designs/nav-rework-evidence-2026-09-09/research/C6-micro-m8i/candidate-trace-s2_16_679965-r1.stderr
 create mode 100644 docs/designs/nav-rework-evidence-2026-09-09/research/C6-micro-m8i/candidate-trace-s2_16_679965-r2.json
 create mode 100644 docs/designs/nav-rework-evidence-2026-09-09/research/C6-micro-m8i/candidate-trace-s2_16_679965-r2.stderr
 create mode 100644 docs/designs/nav-rework-evidence-2026-09-09/research/C6-micro-m8i/candidate-trace-s2_16_679965-r3.json
 create mode 100644 docs/designs/nav-rework-evidence-2026-09-09/research/C6-micro-m8i/candidate-trace-s2_16_679965-r3.stderr
 create mode 100644 docs/designs/nav-rework-evidence-2026-09-09/research/C6-micro-m8i/candidate-trace-s2_32_679962-r1.json
 create mode 100644 docs/designs/nav-rework-evidence-2026-09-09/research/C6-micro-m8i/candidate-trace-s2_32_679962-r1.stderr
 create mode 100644 docs/designs/nav-rework-evidence-2026-09-09/research/C6-micro-m8i/candidate-trace-s2_32_679962-r2.json
 create mode 100644 docs/designs/nav-rework-evidence-2026-09-09/research/C6-micro-m8i/candidate-trace-s2_32_679962-r2.stderr
 create mode 100644 docs/designs/nav-rework-evidence-2026-09-09/research/C6-micro-m8i/candidate-trace-s2_32_679962-r3.json
 create mode 100644 docs/designs/nav-rework-evidence-2026-09-09/research/C6-micro-m8i/candidate-trace-s2_32_679962-r3.stderr
 create mode 100644 docs/designs/nav-rework-evidence-2026-09-09/research/C6-micro-m8i/candidate-trace-s2_32_679963-r1.json
 create mode 100644 docs/designs/nav-rework-evidence-2026-09-09/research/C6-micro-m8i/candidate-trace-s2_32_679963-r1.stderr
 create mode 100644 docs/designs/nav-rework-evidence-2026-09-09/research/C6-micro-m8i/candidate-trace-s2_32_679963-r2.json
 create mode 100644 docs/designs/nav-rework-evidence-2026-09-09/research/C6-micro-m8i/candidate-trace-s2_32_679963-r2.stderr
 create mode 100644 docs/designs/nav-rework-evidence-2026-09-09/research/C6-micro-m8i/candidate-trace-s2_32_679963-r3.json
 create mode 100644 docs/designs/nav-rework-evidence-2026-09-09/research/C6-micro-m8i/candidate-trace-s2_32_679963-r3.stderr
 create mode 100644 docs/designs/nav-rework-evidence-2026-09-09/research/C6-micro-m8i/candidate-trace-s2_32_679964-r1.json
 create mode 100644 docs/designs/nav-rework-evidence-2026-09-09/research/C6-micro-m8i/candidate-trace-s2_32_679964-r1.stderr
 create mode 100644 docs/designs/nav-rework-evidence-2026-09-09/research/C6-micro-m8i/candidate-trace-s2_32_679964-r2.json
 create mode 100644 docs/designs/nav-rework-evidence-2026-09-09/research/C6-micro-m8i/candidate-trace-s2_32_679964-r2.stderr
 create mode 100644 docs/designs/nav-rework-evidence-2026-09-09/research/C6-micro-m8i/candidate-trace-s2_32_679964-r3.json
 create mode 100644 docs/designs/nav-rework-evidence-2026-09-09/research/C6-micro-m8i/candidate-trace-s2_32_679964-r3.stderr
 create mode 100644 docs/designs/nav-rework-evidence-2026-09-09/research/C6-micro-m8i/candidate-trace-s2_32_679965-r1.json
 create mode 100644 docs/designs/nav-rework-evidence-2026-09-09/research/C6-micro-m8i/candidate-trace-s2_32_679965-r1.stderr
 create mode 100644 docs/designs/nav-rework-evidence-2026-09-09/research/C6-micro-m8i/candidate-trace-s2_32_679965-r2.json
 create mode 100644 docs/designs/nav-rework-evidence-2026-09-09/research/C6-micro-m8i/candidate-trace-s2_32_679965-r2.stderr
 create mode 100644 docs/designs/nav-rework-evidence-2026-09-09/research/C6-micro-m8i/candidate-trace-s2_32_679965-r3.json
 create mode 100644 docs/designs/nav-rework-evidence-2026-09-09/research/C6-micro-m8i/candidate-trace-s2_32_679965-r3.stderr
 create mode 100644 docs/designs/nav-rework-evidence-2026-09-09/research/C6-micro-m8i/candidate-trace-smoke_s2_16_randomized-r1.json
 create mode 100644 docs/designs/nav-rework-evidence-2026-09-09/research/C6-micro-m8i/candidate-trace-smoke_s2_16_randomized-r1.stderr
 create mode 100644 docs/designs/nav-rework-evidence-2026-09-09/research/C6-micro-m8i/candidate-trace-smoke_s2_16_randomized-r2.json
 create mode 100644 docs/designs/nav-rework-evidence-2026-09-09/research/C6-micro-m8i/candidate-trace-smoke_s2_16_randomized-r2.stderr
 create mode 100644 docs/designs/nav-rework-evidence-2026-09-09/research/C6-micro-m8i/candidate-trace-smoke_s2_16_randomized-r3.json
 create mode 100644 docs/designs/nav-rework-evidence-2026-09-09/research/C6-micro-m8i/candidate-trace-smoke_s2_16_randomized-r3.stderr
 create mode 100644 docs/designs/nav-rework-evidence-2026-09-09/research/C6-micro-m8i/candidate.patch
 create mode 100644 docs/designs/nav-rework-evidence-2026-09-09/research/C6-micro-m8i/executable-hashes.txt
 create mode 100644 docs/designs/nav-rework-evidence-2026-09-09/research/C6-micro-m8i/input-hashes.txt
 create mode 100644 docs/designs/nav-rework-evidence-2026-09-09/research/C6-micro-m8i/lscpu.txt
 create mode 100644 docs/designs/nav-rework-evidence-2026-09-09/research/C6-micro-m8i/parent-br-gen-5120-1300-r1.json
 create mode 100644 docs/designs/nav-rework-evidence-2026-09-09/research/C6-micro-m8i/parent-br-gen-5120-1300-r1.stderr
 create mode 100644 docs/designs/nav-rework-evidence-2026-09-09/research/C6-micro-m8i/parent-br-gen-5120-1300-r2.json
 create mode 100644 docs/designs/nav-rework-evidence-2026-09-09/research/C6-micro-m8i/parent-br-gen-5120-1300-r2.stderr
 create mode 100644 docs/designs/nav-rework-evidence-2026-09-09/research/C6-micro-m8i/parent-br-gen-5120-1300-r3.json
 create mode 100644 docs/designs/nav-rework-evidence-2026-09-09/research/C6-micro-m8i/parent-br-gen-5120-1300-r3.stderr
 create mode 100644 docs/designs/nav-rework-evidence-2026-09-09/research/C6-micro-m8i/parent-br-gen-5120-1300-r4.json
 create mode 100644 docs/designs/nav-rework-evidence-2026-09-09/research/C6-micro-m8i/parent-br-gen-5120-1300-r4.stderr
 create mode 100644 docs/designs/nav-rework-evidence-2026-09-09/research/C6-micro-m8i/parent-br-gen-5120-1300-r5.json
 create mode 100644 docs/designs/nav-rework-evidence-2026-09-09/research/C6-micro-m8i/parent-br-gen-5120-1300-r5.stderr
 create mode 100644 docs/designs/nav-rework-evidence-2026-09-09/research/C6-micro-m8i/parent-br-gen-5120-331-r1.json
 create mode 100644 docs/designs/nav-rework-evidence-2026-09-09/research/C6-micro-m8i/parent-br-gen-5120-331-r1.stderr
 create mode 100644 docs/designs/nav-rework-evidence-2026-09-09/research/C6-micro-m8i/parent-br-gen-5120-331-r2.json
 create mode 100644 docs/designs/nav-rework-evidence-2026-09-09/research/C6-micro-m8i/parent-br-gen-5120-331-r2.stderr
 create mode 100644 docs/designs/nav-rework-evidence-2026-09-09/research/C6-micro-m8i/parent-br-gen-5120-331-r3.json
 create mode 100644 docs/designs/nav-rework-evidence-2026-09-09/research/C6-micro-m8i/parent-br-gen-5120-331-r3.stderr
 create mode 100644 docs/designs/nav-rework-evidence-2026-09-09/research/C6-micro-m8i/parent-br-gen-5120-331-r4.json
 create mode 100644 docs/designs/nav-rework-evidence-2026-09-09/research/C6-micro-m8i/parent-br-gen-5120-331-r4.stderr
 create mode 100644 docs/designs/nav-rework-evidence-2026-09-09/research/C6-micro-m8i/parent-br-gen-5120-331-r5.json
 create mode 100644 docs/designs/nav-rework-evidence-2026-09-09/research/C6-micro-m8i/parent-br-gen-5120-331-r5.stderr
 create mode 100644 docs/designs/nav-rework-evidence-2026-09-09/research/C6-micro-m8i/parent-br-gen-5204-1300-r1.json
 create mode 100644 docs/designs/nav-rework-evidence-2026-09-09/research/C6-micro-m8i/parent-br-gen-5204-1300-r1.stderr
 create mode 100644 docs/designs/nav-rework-evidence-2026-09-09/research/C6-micro-m8i/parent-br-gen-5204-1300-r2.json
 create mode 100644 docs/designs/nav-rework-evidence-2026-09-09/research/C6-micro-m8i/parent-br-gen-5204-1300-r2.stderr
 create mode 100644 docs/designs/nav-rework-evidence-2026-09-09/research/C6-micro-m8i/parent-br-gen-5204-1300-r3.json
 create mode 100644 docs/designs/nav-rework-evidence-2026-09-09/research/C6-micro-m8i/parent-br-gen-5204-1300-r3.stderr
 create mode 100644 docs/designs/nav-rework-evidence-2026-09-09/research/C6-micro-m8i/parent-br-gen-5204-1300-r4.json
 create mode 100644 docs/designs/nav-rework-evidence-2026-09-09/research/C6-micro-m8i/parent-br-gen-5204-1300-r4.stderr
 create mode 100644 docs/designs/nav-rework-evidence-2026-09-09/research/C6-micro-m8i/parent-br-gen-5204-1300-r5.json
 create mode 100644 docs/designs/nav-rework-evidence-2026-09-09/research/C6-micro-m8i/parent-br-gen-5204-1300-r5.stderr
 create mode 100644 docs/designs/nav-rework-evidence-2026-09-09/research/C6-micro-m8i/parent-br-gen-5204-331-r1.json
 create mode 100644 docs/designs/nav-rework-evidence-2026-09-09/research/C6-micro-m8i/parent-br-gen-5204-331-r1.stderr
 create mode 100644 docs/designs/nav-rework-evidence-2026-09-09/research/C6-micro-m8i/parent-br-gen-5204-331-r2.json
 create mode 100644 docs/designs/nav-rework-evidence-2026-09-09/research/C6-micro-m8i/parent-br-gen-5204-331-r2.stderr
 create mode 100644 docs/designs/nav-rework-evidence-2026-09-09/research/C6-micro-m8i/parent-br-gen-5204-331-r3.json
 create mode 100644 docs/designs/nav-rework-evidence-2026-09-09/research/C6-micro-m8i/parent-br-gen-5204-331-r3.stderr
 create mode 100644 docs/designs/nav-rework-evidence-2026-09-09/research/C6-micro-m8i/parent-br-gen-5204-331-r4.json
 create mode 100644 docs/designs/nav-rework-evidence-2026-09-09/research/C6-micro-m8i/parent-br-gen-5204-331-r4.stderr
 create mode 100644 docs/designs/nav-rework-evidence-2026-09-09/research/C6-micro-m8i/parent-br-gen-5204-331-r5.json
 create mode 100644 docs/designs/nav-rework-evidence-2026-09-09/research/C6-micro-m8i/parent-br-gen-5204-331-r5.stderr
 create mode 100644 docs/designs/nav-rework-evidence-2026-09-09/research/C6-micro-m8i/parent-br-gen-5263-1300-r1.json
 create mode 100644 docs/designs/nav-rework-evidence-2026-09-09/research/C6-micro-m8i/parent-br-gen-5263-1300-r1.stderr
 create mode 100644 docs/designs/nav-rework-evidence-2026-09-09/research/C6-micro-m8i/parent-br-gen-5263-1300-r2.json
 create mode 100644 docs/designs/nav-rework-evidence-2026-09-09/research/C6-micro-m8i/parent-br-gen-5263-1300-r2.stderr
 create mode 100644 docs/designs/nav-rework-evidence-2026-09-09/research/C6-micro-m8i/parent-br-gen-5263-1300-r3.json
 create mode 100644 docs/designs/nav-rework-evidence-2026-09-09/research/C6-micro-m8i/parent-br-gen-5263-1300-r3.stderr
 create mode 100644 docs/designs/nav-rework-evidence-2026-09-09/research/C6-micro-m8i/parent-br-gen-5263-1300-r4.json
 create mode 100644 docs/designs/nav-rework-evidence-2026-09-09/research/C6-micro-m8i/parent-br-gen-5263-1300-r4.stderr
 create mode 100644 docs/designs/nav-rework-evidence-2026-09-09/research/C6-micro-m8i/parent-br-gen-5263-1300-r5.json
 create mode 100644 docs/designs/nav-rework-evidence-2026-09-09/research/C6-micro-m8i/parent-br-gen-5263-1300-r5.stderr
 create mode 100644 docs/designs/nav-rework-evidence-2026-09-09/research/C6-micro-m8i/parent-br-gen-5263-331-r1.json
 create mode 100644 docs/designs/nav-rework-evidence-2026-09-09/research/C6-micro-m8i/parent-br-gen-5263-331-r1.stderr
 create mode 100644 docs/designs/nav-rework-evidence-2026-09-09/research/C6-micro-m8i/parent-br-gen-5263-331-r2.json
 create mode 100644 docs/designs/nav-rework-evidence-2026-09-09/research/C6-micro-m8i/parent-br-gen-5263-331-r2.stderr
 create mode 100644 docs/designs/nav-rework-evidence-2026-09-09/research/C6-micro-m8i/parent-br-gen-5263-331-r3.json
 create mode 100644 docs/designs/nav-rework-evidence-2026-09-09/research/C6-micro-m8i/parent-br-gen-5263-331-r3.stderr
 create mode 100644 docs/designs/nav-rework-evidence-2026-09-09/research/C6-micro-m8i/parent-br-gen-5263-331-r4.json
 create mode 100644 docs/designs/nav-rework-evidence-2026-09-09/research/C6-micro-m8i/parent-br-gen-5263-331-r4.stderr
 create mode 100644 docs/designs/nav-rework-evidence-2026-09-09/research/C6-micro-m8i/parent-br-gen-5263-331-r5.json
 create mode 100644 docs/designs/nav-rework-evidence-2026-09-09/research/C6-micro-m8i/parent-br-gen-5263-331-r5.stderr
 create mode 100644 docs/designs/nav-rework-evidence-2026-09-09/research/C6-micro-m8i/parent-correctness.json
 create mode 100644 docs/designs/nav-rework-evidence-2026-09-09/research/C6-micro-m8i/parent-correctness.stderr
 create mode 100644 docs/designs/nav-rework-evidence-2026-09-09/research/C6-micro-m8i/parent-trace-s2_16_679962-r1.json
 create mode 100644 docs/designs/nav-rework-evidence-2026-09-09/research/C6-micro-m8i/parent-trace-s2_16_679962-r1.stderr
 create mode 100644 docs/designs/nav-rework-evidence-2026-09-09/research/C6-micro-m8i/parent-trace-s2_16_679962-r2.json
 create mode 100644 docs/designs/nav-rework-evidence-2026-09-09/research/C6-micro-m8i/parent-trace-s2_16_679962-r2.stderr
 create mode 100644 docs/designs/nav-rework-evidence-2026-09-09/research/C6-micro-m8i/parent-trace-s2_16_679962-r3.json
 create mode 100644 docs/designs/nav-rework-evidence-2026-09-09/research/C6-micro-m8i/parent-trace-s2_16_679962-r3.stderr
 create mode 100644 docs/designs/nav-rework-evidence-2026-09-09/research/C6-micro-m8i/parent-trace-s2_16_679963-r1.json
 create mode 100644 docs/designs/nav-rework-evidence-2026-09-09/research/C6-micro-m8i/parent-trace-s2_16_679963-r1.stderr
 create mode 100644 docs/designs/nav-rework-evidence-2026-09-09/research/C6-micro-m8i/parent-trace-s2_16_679963-r2.json
 create mode 100644 docs/designs/nav-rework-evidence-2026-09-09/research/C6-micro-m8i/parent-trace-s2_16_679963-r2.stderr
 create mode 100644 docs/designs/nav-rework-evidence-2026-09-09/research/C6-micro-m8i/parent-trace-s2_16_679963-r3.json
 create mode 100644 docs/designs/nav-rework-evidence-2026-09-09/research/C6-micro-m8i/parent-trace-s2_16_679963-r3.stderr
 create mode 100644 docs/designs/nav-rework-evidence-2026-09-09/research/C6-micro-m8i/parent-trace-s2_16_679964-r1.json
 create mode 100644 docs/designs/nav-rework-evidence-2026-09-09/research/C6-micro-m8i/parent-trace-s2_16_679964-r1.stderr
 create mode 100644 docs/designs/nav-rework-evidence-2026-09-09/research/C6-micro-m8i/parent-trace-s2_16_679964-r2.json
 create mode 100644 docs/designs/nav-rework-evidence-2026-09-09/research/C6-micro-m8i/parent-trace-s2_16_679964-r2.stderr
 create mode 100644 docs/designs/nav-rework-evidence-2026-09-09/research/C6-micro-m8i/parent-trace-s2_16_679964-r3.json
 create mode 100644 docs/designs/nav-rework-evidence-2026-09-09/research/C6-micro-m8i/parent-trace-s2_16_679964-r3.stderr
 create mode 100644 docs/designs/nav-rework-evidence-2026-09-09/research/C6-micro-m8i/parent-trace-s2_16_679965-r1.json
 create mode 100644 docs/designs/nav-rework-evidence-2026-09-09/research/C6-micro-m8i/parent-trace-s2_16_679965-r1.stderr
 create mode 100644 docs/designs/nav-rework-evidence-2026-09-09/research/C6-micro-m8i/parent-trace-s2_16_679965-r2.json
 create mode 100644 docs/designs/nav-rework-evidence-2026-09-09/research/C6-micro-m8i/parent-trace-s2_16_679965-r2.stderr
 create mode 100644 docs/designs/nav-rework-evidence-2026-09-09/research/C6-micro-m8i/parent-trace-s2_16_679965-r3.json
 create mode 100644 docs/designs/nav-rework-evidence-2026-09-09/research/C6-micro-m8i/parent-trace-s2_16_679965-r3.stderr
 create mode 100644 docs/designs/nav-rework-evidence-2026-09-09/research/C6-micro-m8i/parent-trace-s2_32_679962-r1.json
 create mode 100644 docs/designs/nav-rework-evidence-2026-09-09/research/C6-micro-m8i/parent-trace-s2_32_679962-r1.stderr
 create mode 100644 docs/designs/nav-rework-evidence-2026-09-09/research/C6-micro-m8i/parent-trace-s2_32_679962-r2.json
 create mode 100644 docs/designs/nav-rework-evidence-2026-09-09/research/C6-micro-m8i/parent-trace-s2_32_679962-r2.stderr
 create mode 100644 docs/designs/nav-rework-evidence-2026-09-09/research/C6-micro-m8i/parent-trace-s2_32_679962-r3.json
 create mode 100644 docs/designs/nav-rework-evidence-2026-09-09/research/C6-micro-m8i/parent-trace-s2_32_679962-r3.stderr
 create mode 100644 docs/designs/nav-rework-evidence-2026-09-09/research/C6-micro-m8i/parent-trace-s2_32_679963-r1.json
 create mode 100644 docs/designs/nav-rework-evidence-2026-09-09/research/C6-micro-m8i/parent-trace-s2_32_679963-r1.stderr
 create mode 100644 docs/designs/nav-rework-evidence-2026-09-09/research/C6-micro-m8i/parent-trace-s2_32_679963-r2.json
 create mode 100644 docs/designs/nav-rework-evidence-2026-09-09/research/C6-micro-m8i/parent-trace-s2_32_679963-r2.stderr
 create mode 100644 docs/designs/nav-rework-evidence-2026-09-09/research/C6-micro-m8i/parent-trace-s2_32_679963-r3.json
 create mode 100644 docs/designs/nav-rework-evidence-2026-09-09/research/C6-micro-m8i/parent-trace-s2_32_679963-r3.stderr
 create mode 100644 docs/designs/nav-rework-evidence-2026-09-09/research/C6-micro-m8i/parent-trace-s2_32_679964-r1.json
 create mode 100644 docs/designs/nav-rework-evidence-2026-09-09/research/C6-micro-m8i/parent-trace-s2_32_679964-r1.stderr
 create mode 100644 docs/designs/nav-rework-evidence-2026-09-09/research/C6-micro-m8i/parent-trace-s2_32_679964-r2.json
 create mode 100644 docs/designs/nav-rework-evidence-2026-09-09/research/C6-micro-m8i/parent-trace-s2_32_679964-r2.stderr
 create mode 100644 docs/designs/nav-rework-evidence-2026-09-09/research/C6-micro-m8i/parent-trace-s2_32_679964-r3.json
 create mode 100644 docs/designs/nav-rework-evidence-2026-09-09/research/C6-micro-m8i/parent-trace-s2_32_679964-r3.stderr
 create mode 100644 docs/designs/nav-rework-evidence-2026-09-09/research/C6-micro-m8i/parent-trace-s2_32_679965-r1.json
 create mode 100644 docs/designs/nav-rework-evidence-2026-09-09/research/C6-micro-m8i/parent-trace-s2_32_679965-r1.stderr
 create mode 100644 docs/designs/nav-rework-evidence-2026-09-09/research/C6-micro-m8i/parent-trace-s2_32_679965-r2.json
 create mode 100644 docs/designs/nav-rework-evidence-2026-09-09/research/C6-micro-m8i/parent-trace-s2_32_679965-r2.stderr
 create mode 100644 docs/designs/nav-rework-evidence-2026-09-09/research/C6-micro-m8i/parent-trace-s2_32_679965-r3.json
 create mode 100644 docs/designs/nav-rework-evidence-2026-09-09/research/C6-micro-m8i/parent-trace-s2_32_679965-r3.stderr
 create mode 100644 docs/designs/nav-rework-evidence-2026-09-09/research/C6-micro-m8i/parent-trace-smoke_s2_16_randomized-r1.json
 create mode 100644 docs/designs/nav-rework-evidence-2026-09-09/research/C6-micro-m8i/parent-trace-smoke_s2_16_randomized-r1.stderr
 create mode 100644 docs/designs/nav-rework-evidence-2026-09-09/research/C6-micro-m8i/parent-trace-smoke_s2_16_randomized-r2.json
 create mode 100644 docs/designs/nav-rework-evidence-2026-09-09/research/C6-micro-m8i/parent-trace-smoke_s2_16_randomized-r2.stderr
 create mode 100644 docs/designs/nav-rework-evidence-2026-09-09/research/C6-micro-m8i/parent-trace-smoke_s2_16_randomized-r3.json
 create mode 100644 docs/designs/nav-rework-evidence-2026-09-09/research/C6-micro-m8i/parent-trace-smoke_s2_16_randomized-r3.stderr
 create mode 100644 docs/designs/nav-rework-evidence-2026-09-09/research/C6-micro-m8i/parent.patch
 create mode 100644 docs/designs/nav-rework-evidence-2026-09-09/research/C6-micro-native-summary.json
 create mode 100644 docs/designs/nav-rework-evidence-2026-09-09/research/C6-trace-native-summary.json
 create mode 100644 docs/designs/nav-rework-evidence-2026-09-09/research/C6/C6-candidate-over-C5v2.patch
 create mode 100644 docs/designs/nav-rework-evidence-2026-09-09/research/C6/C6-full-tree-over-f9dff753.diff
 create mode 100644 docs/designs/nav-rework-evidence-2026-09-09/research/C6/C6-screen-over-C5v2.patch
 create mode 100644 docs/designs/nav-rework-evidence-2026-09-09/research/C6/C6_MICRO_REPORT.md
 create mode 100644 docs/designs/nav-rework-evidence-2026-09-09/research/C6/SHA256SUMS
 create mode 100644 docs/designs/nav-rework-evidence-2026-09-09/research/C6/baseline/C5v2-bench_body_nav_rework.nim
 create mode 100644 docs/designs/nav-rework-evidence-2026-09-09/research/C6/baseline/C5v2-body_nav.nim
 create mode 100644 docs/designs/nav-rework-evidence-2026-09-09/research/C6/baseline/SHA256SUMS
 create mode 100644 docs/designs/nav-rework-evidence-2026-09-09/research/C6/baseline/body_nav_source_trace_replay.nim
 create mode 100644 docs/designs/nav-rework-evidence-2026-09-09/research/C6/baseline/replay_danger_source_trace.nim
 create mode 100644 docs/designs/nav-rework-evidence-2026-09-09/research/C6/local-mac/build_bench_fullwords.log
 create mode 100644 docs/designs/nav-rework-evidence-2026-09-09/research/C6/local-mac/build_bench_parent.log
 create mode 100644 docs/designs/nav-rework-evidence-2026-09-09/research/C6/local-mac/build_check_fullwords.log
 create mode 100644 docs/designs/nav-rework-evidence-2026-09-09/research/C6/local-mac/build_check_parent.log
 create mode 100644 docs/designs/nav-rework-evidence-2026-09-09/research/C6/local-mac/build_replay_fullwords.log
 create mode 100644 docs/designs/nav-rework-evidence-2026-09-09/research/C6/local-mac/build_replay_parent.log
 create mode 100644 docs/designs/nav-rework-evidence-2026-09-09/research/C6/local-mac/build_test_fullwords.log
 create mode 100644 docs/designs/nav-rework-evidence-2026-09-09/research/C6/local-mac/build_test_parent.log
 create mode 100644 docs/designs/nav-rework-evidence-2026-09-09/research/C6/local-mac/chains_fullwords.txt
 create mode 100644 docs/designs/nav-rework-evidence-2026-09-09/research/C6/local-mac/chains_parent.txt
 create mode 100644 docs/designs/nav-rework-evidence-2026-09-09/research/C6/local-mac/check_fullwords.json
 create mode 100644 docs/designs/nav-rework-evidence-2026-09-09/research/C6/local-mac/check_parent.json
 create mode 100644 docs/designs/nav-rework-evidence-2026-09-09/research/C6/local-mac/check_snap_candidate.log
 create mode 100644 docs/designs/nav-rework-evidence-2026-09-09/research/C6/local-mac/check_snap_parent.log
 create mode 100644 docs/designs/nav-rework-evidence-2026-09-09/research/C6/local-mac/micro_results.jsonl
 create mode 100644 docs/designs/nav-rework-evidence-2026-09-09/research/C6/local-mac/test_cache_fullwords.log
 create mode 100644 docs/designs/nav-rework-evidence-2026-09-09/research/C6/local-mac/test_cache_parent.log
 create mode 100755 docs/designs/nav-rework-evidence-2026-09-09/research/C6/run_c6_micro.sh
 create mode 100644 docs/designs/nav-rework-evidence-2026-09-09/research/C6/snapshots/candidate-body_nav.nim
 create mode 100644 docs/designs/nav-rework-evidence-2026-09-09/research/C6/snapshots/parent-body_nav.nim
 create mode 100644 docs/designs/nav-rework-evidence-2026-09-09/research/C6/snapshots/screen-body_nav.nim
 create mode 100644 docs/designs/nav-rework-evidence-2026-09-09/research/C6/tools/bench_danger_replay.nim
 create mode 100644 docs/designs/nav-rework-evidence-2026-09-09/research/C6/tools/check_danger_fullword_replay.nim
 create mode 100644 docs/designs/nav-rework-evidence-2026-09-09/research/C6/v1/C6_MICRO_REPORT-v1.md
 create mode 100644 docs/designs/nav-rework-evidence-2026-09-09/research/C6/v1/bench_danger_replay-v1.nim
 create mode 100644 docs/designs/nav-rework-evidence-2026-09-09/research/C6/v1/micro_results-v1.jsonl
 create mode 100755 docs/designs/nav-rework-evidence-2026-09-09/research/C6/v1/run_c6_micro-v1.sh
 create mode 100644 docs/designs/nav-rework-evidence-2026-09-09/research/C6/v2/bench_danger_replay-v2.nim
 create mode 100644 docs/designs/nav-rework-evidence-2026-09-09/research/C6/v2/check_danger_fullword_replay-v2.nim
 create mode 100644 docs/designs/nav-rework-evidence-2026-09-09/research/C6/v2/micro_results_v2.jsonl
 create mode 100644 docs/designs/nav-rework-evidence-2026-09-09/research/C6/v2/origins-v2.json
 create mode 100755 docs/designs/nav-rework-evidence-2026-09-09/research/C6/v2/run_c6_micro-v2.sh
 create mode 100644 docs/designs/nav-rework-evidence-2026-09-09/research/C6/v2/snapbuild_bench_candidate.log
 create mode 100644 docs/designs/nav-rework-evidence-2026-09-09/research/C6/v2/snapbuild_bench_parent.log
 create mode 100644 docs/designs/nav-rework-evidence-2026-09-09/research/C6/v2/snapbuild_check_candidate.log
 create mode 100644 docs/designs/nav-rework-evidence-2026-09-09/research/C6/v2/snapbuild_check_parent.log
 create mode 100644 docs/designs/nav-rework-evidence-2026-09-09/research/C6/v2/snapbuild_replay_candidate.log
 create mode 100644 docs/designs/nav-rework-evidence-2026-09-09/research/C6/v2/snapbuild_replay_parent.log
 create mode 100644 docs/designs/nav-rework-evidence-2026-09-09/research/C6/v2/snapbuild_test_candidate.log
 create mode 100644 docs/designs/nav-rework-evidence-2026-09-09/research/C6/v2/snapbuild_test_parent.log
 create mode 100644 docs/designs/nav-rework-evidence-2026-09-09/research/C6/v2/table.md
 create mode 100644 docs/designs/nav-rework-evidence-2026-09-09/research/C6_COUNT_ROOT_CHECK.md
 create mode 100644 docs/designs/nav-rework-evidence-2026-09-09/research/C6_MICRO_SAMPLING_REVIEW.md
 create mode 100644 docs/designs/nav-rework-evidence-2026-09-09/research/C6_NATIVE_READINESS.md
 create mode 100644 docs/designs/nav-rework-evidence-2026-09-09/research/C6_NATIVE_REPORT.md
 create mode 100644 docs/designs/nav-rework-evidence-2026-09-09/research/C6_REVIEW.md
 create mode 100644 docs/designs/nav-rework-evidence-2026-09-09/research/C6_REVIEW_REQUEST.md
 create mode 100644 docs/designs/nav-rework-evidence-2026-09-09/research/C6_ROOT_REVIEW.md
 create mode 100644 docs/designs/nav-rework-evidence-2026-09-09/research/peer-proofs/c3_row_cursor_check.out
 create mode 100644 docs/designs/nav-rework-evidence-2026-09-09/research/peer-proofs/c3_row_cursor_check.py
 create mode 100644 docs/designs/nav-rework-evidence-2026-09-09/research/peer-proofs/c6_fullword_count.nim
 create mode 100644 docs/designs/nav-rework-evidence-2026-09-09/research/peer-proofs/c6_map3.json
 create mode 100644 docs/designs/nav-rework-evidence-2026-09-09/research/peer-proofs/c6_traces.json
