#0 building with "orbstack" instance using docker driver

#1 [internal] load build definition from Dockerfile.replay-viewer
#1 transferring dockerfile: 4.66kB done
#1 DONE 0.0s

#2 [internal] load metadata for docker.io/emscripten/emsdk:4.0.15
#2 DONE 0.6s

#3 [internal] load .dockerignore
#3 transferring context: 117B done
#3 DONE 0.0s

#4 [1/7] FROM docker.io/emscripten/emsdk:4.0.15@sha256:27bc6267cb285223b8aebb7627bfebae7cb3ad2aaa0d5923b8aa5321793033e8
#4 resolve docker.io/emscripten/emsdk:4.0.15@sha256:27bc6267cb285223b8aebb7627bfebae7cb3ad2aaa0d5923b8aa5321793033e8 0.0s done
#4 DONE 0.0s

#5 [internal] load build context
#5 transferring context: 1.39GB 4.3s done
#5 DONE 4.5s

#6 [2/7] RUN apt-get update &&   apt-get install -y --no-install-recommends ca-certificates curl git &&   rm -rf /var/lib/apt/lists/* &&   curl -fsSL     -o /usr/local/bin/nimby     https://github.com/treeform/nimby/releases/download/0.1.27/nimby-Linux-X64 &&   echo "3b3084394bd26b09f84a3f82389f075221c8784893238390939d71dd66ac9e8b  /usr/local/bin/nimby" | sha256sum -c - &&   chmod +x /usr/local/bin/nimby &&   nimby use 2.2.4
#6 CACHED

#7 [3/7] WORKDIR /workspace/ctf
#7 CACHED

#8 [4/7] COPY nimby.lock .
#8 CACHED

#9 [5/7] RUN nimby --global sync nimby.lock
#9 CACHED

#10 [6/7] COPY . .
#10 DONE 5.3s

#11 [7/7] RUN nim c -d:emscripten -d:ctfSimSourcesStamp="757b6ad07bb69231b97d6afa7f6379f69f3ab95ee97c8ad89ecf08fe72d33340"     replay-viewer/ctf_replay.nim &&   nim c -r --hints:off -o:/tmp/gen_wire_constants tools/gen_wire_constants.nim     > replay-viewer/dist/wire_constants.js &&   cp client/broadcast_core.js replay-viewer/dist/broadcast_core.js &&   cp client/chrome_common.js replay-viewer/dist/chrome_common.js &&   cp data/font.ttf replay-viewer/dist/font.ttf &&   cp replay-viewer/static_replay.js replay-viewer/dist/static_replay.js &&   cp replay-viewer/static_replay_worker.js replay-viewer/dist/static_replay_worker.js &&   sed -e 's|<!-- WIRE_CONSTANTS -->|<script src="./wire_constants.js"></script>|'       -e 's|<!-- CHROME_COMMON -->|<script src="./chrome_common.js"></script>|'       -e 's|<!-- BROADCAST_CORE -->|<script src="./static_replay.js"></script>|'     client/replay_broadcast.html > replay-viewer/dist/index.html &&   sed -e 's|<!-- WIRE_CONSTANTS -->|<script src="./wire_constants.js"></script>|'       -e 's|<!-- CHROME_COMMON -->|<script src="./chrome_common.js"></script>|'     client/league_replayer.html > replay-viewer/dist/league.html &&   cp data/soldier_*_front.png data/soldier_*_front_gun.png     replay-viewer/dist/ &&   cp replay-viewer/loop.html replay-viewer/dist/ &&   mkdir -p replay-viewer/dist/art/walls replay-viewer/dist/art/lockerroom &&   cp client/art/walls/wall_h.jpg client/art/walls/wall_v.jpg     replay-viewer/dist/art/walls/ &&   cp client/art/lockerroom/bg.jpg client/art/lockerroom/*.webp     replay-viewer/dist/art/lockerroom/ &&   rm -rf replay-viewer/dist/nimcache &&   test -f replay-viewer/dist/ctf_replay.wasm &&   test -f replay-viewer/dist/ctf_replay.data &&   test -f replay-viewer/dist/static_replay_worker.js &&   test -f replay-viewer/dist/index.html &&   test -f replay-viewer/dist/league.html &&   test -s replay-viewer/dist/wire_constants.js &&   grep -q '^window.CTF_WIRE={' replay-viewer/dist/wire_constants.js &&   grep -q 'wire_constants.js' replay-viewer/dist/index.html &&   grep -q 'wire_constants.js' replay-viewer/dist/league.html &&   test -s replay-viewer/dist/chrome_common.js &&   grep -q 'window.ChromeCommon' replay-viewer/dist/chrome_common.js &&   grep -q 'chrome_common.js' replay-viewer/dist/index.html &&   grep -q 'chrome_common.js' replay-viewer/dist/league.html &&   grep -q 'static_replay_worker.js' replay-viewer/dist/static_replay.js &&   ! grep -q '<script src="./broadcast_core.js"></script>' replay-viewer/dist/index.html &&   ! grep -q '<script src="./ctf_replay.js"></script>' replay-viewer/dist/index.html &&   test -f replay-viewer/dist/soldier_red_front.png &&   test -f replay-viewer/dist/soldier_blue_front.png &&   test -f replay-viewer/dist/soldier_green_front.png &&   test -f replay-viewer/dist/soldier_yellow_front.png &&   test -f replay-viewer/dist/soldier_plum_front.png &&   test -f replay-viewer/dist/soldier_azure_front_gun.png &&   test "$(ls replay-viewer/dist/soldier_*_front.png | wc -l)" = "$(ls data/soldier_*_front.png | wc -l)" &&   test "$(ls replay-viewer/dist/soldier_*_front_gun.png | wc -l)" = "$(ls data/soldier_*_front_gun.png | wc -l)" &&   test -f replay-viewer/dist/art/walls/wall_h.jpg &&   test -f replay-viewer/dist/art/lockerroom/bg.jpg &&   test -f replay-viewer/dist/art/lockerroom/green_1.webp &&   test -f replay-viewer/dist/art/lockerroom/red_6.webp
#11 0.670 Hint: used config file '/root/.nimby/nim/config/nim.cfg' [Conf]
#11 0.671 Hint: used config file '/root/.nimby/nim/config/config.nims' [Conf]
#11 0.671 Hint: used config file '/workspace/ctf/nim.cfg' [Conf]
#11 0.671 Hint: used config file '/workspace/ctf/replay-viewer/config.nims' [Conf]
#11 0.671 .......................................................................................................................................................................................................
#11 2.436 /workspace/ctf/src/ctf/rig_art.nim(552, 5) Hint: 'unitDeg' is declared but not used [XDeclaredButNotUsed]
#11 2.461 .....
#11 2.557 /workspace/ctf/src/ctf/arena.nim(1373, 5) Hint: 'inside' is declared but not used [XDeclaredButNotUsed]
#11 2.695 /workspace/ctf/src/ctf/arena.nim(3702, 6) Hint: 'rectsNode' is declared but not used [XDeclaredButNotUsed]
#11 2.695 /workspace/ctf/src/ctf/arena.nim(3707, 6) Hint: 'rectsFromNode' is declared but not used [XDeclaredButNotUsed]
#11 2.695 ............
#11 3.405 /workspace/ctf/src/ctf/global.nim(3242, 5) Hint: 'v' is declared but not used [XDeclaredButNotUsed]
#11 3.593 /workspace/ctf/src/ctf/global.nim(7594, 7) Hint: 'rebuilt' is declared but not used [XDeclaredButNotUsed]
#11 3.638 /workspace/ctf/src/ctf/global.nim(1499, 6) Hint: 'boardScaledColdMapPixels' is declared but not used [XDeclaredButNotUsed]
#11 3.685 .........
#11 4.483 CC: ../../../root/.nimby/nim/lib/system/exceptions.nim
#11 4.487 CC: ../../../root/.nimby/nim/lib/std/private/digitsutils.nim
#11 4.490 CC: ../../../root/.nimby/nim/lib/std/assertions.nim
#11 4.494 CC: ../../../root/.nimby/nim/lib/std/private/dragonbox.nim
#11 4.497 CC: ../../../root/.nimby/nim/lib/std/formatfloat.nim
#11 4.501 CC: ../../../root/.nimby/nim/lib/system/dollars.nim
#11 4.503 CC: ../../../root/.nimby/nim/lib/std/syncio.nim
#11 4.507 CC: ../../../root/.nimby/nim/lib/system.nim
#11 4.510 CC: ../../../root/.nimby/nim/lib/pure/hashes.nim
#11 4.513 CC: ../../../root/.nimby/nim/lib/pure/math.nim
#11 4.518 CC: ../../../root/.nimby/nim/lib/pure/algorithm.nim
#11 4.524 CC: ../../../root/.nimby/nim/lib/pure/collections/tables.nim
#11 4.528 CC: ../../../root/.nimby/nim/lib/pure/parseutils.nim
#11 4.538 CC: ../../../root/.nimby/nim/lib/pure/unicode.nim
#11 5.341 CC: ../../../root/.nimby/nim/lib/pure/strutils.nim
#11 5.367 CC: ../../../root/.nimby/nim/lib/pure/streams.nim
#11 5.397 CC: ../../../root/.nimby/nim/lib/pure/lexbase.nim
#11 5.509 CC: ../../../root/.nimby/nim/lib/pure/parsejson.nim
#11 5.771 CC: ../../../root/.nimby/nim/lib/pure/json.nim
#11 5.832 CC: ../../../root/.nimby/nim/lib/pure/pathnorm.nim
#11 5.840 CC: ../../../root/.nimby/nim/lib/std/oserrors.nim
#11 5.849 CC: ../../../root/.nimby/nim/lib/std/private/oscommon.nim
#11 5.937 CC: ../../../root/.nimby/nim/lib/std/private/ospaths2.nim
#11 5.942 CC: ../../../root/.nimby/nim/lib/pure/times.nim
#11 6.100 CC: ../../../root/.nimby/nim/lib/std/envvars.nim
#11 6.134 CC: ../../../root/.nimby/nim/lib/std/cmdline.nim
#11 6.565 CC: ../../../root/.nimby/nim/lib/pure/random.nim
#11 6.732 CC: ../../../root/.nimby/pkgs/bumpy/src/bumpy.nim
#11 6.755 CC: ../../../root/.nimby/pkgs/chroma/src/chroma/colortypes.nim
#11 6.797 CC: ../../../root/.nimby/pkgs/chroma/src/chroma/blends.nim
#11 6.803 CC: ../../../root/.nimby/pkgs/chroma/src/chroma/names.nim
#11 6.913 CC: ../../../root/.nimby/pkgs/chroma/src/chroma.nim
#11 6.928 CC: ../../../root/.nimby/pkgs/flatty/src/flatty/binny.nim
#11 6.944 CC: ../../../root/.nimby/pkgs/pixie/src/pixie/common.nim
#11 7.004 CC: ../../../root/.nimby/pkgs/flatty/src/flatty/encode.nim
#11 7.078 CC: ../../../root/.nimby/pkgs/pixie/src/pixie/blends.nim
#11 7.285 CC: ../../../root/.nimby/pkgs/pixie/src/pixie/internal.nim
#11 7.407 CC: ../../../root/.nimby/pkgs/pixie/src/pixie/images.nim
#11 7.447 CC: ../../../root/.nimby/pkgs/pixie/src/pixie/paints.nim
#11 7.513 CC: ../../../root/.nimby/pkgs/pixie/src/pixie/paths.nim
#11 7.687 CC: ../../../root/.nimby/nim/lib/pure/collections/sets.nim
#11 7.795 CC: ../../../root/.nimby/pkgs/pixie/src/pixie/fontformats/opentype.nim
#11 7.811 CC: ../../../root/.nimby/nim/lib/pure/parsexml.nim
#11 7.844 CC: ../../../root/.nimby/nim/lib/pure/strtabs.nim
#11 7.964 CC: ../../../root/.nimby/nim/lib/pure/xmltree.nim
#11 8.150 CC: ../../../root/.nimby/nim/lib/pure/xmlparser.nim
#11 8.250 CC: ../../../root/.nimby/pkgs/pixie/src/pixie/fontformats/svgfont.nim
#11 8.378 CC: ../../../root/.nimby/pkgs/pixie/src/pixie/fonts.nim
#11 8.403 CC: ../../../root/.nimby/pkgs/pixie/src/pixie/fileformats/bmp.nim
#11 8.536 CC: ../../../root/.nimby/pkgs/zippy/src/zippy/common.nim
#11 8.587 CC: ../../../root/.nimby/pkgs/zippy/src/zippy/internal.nim
#11 8.967 CC: ../../../root/.nimby/pkgs/zippy/src/zippy/bitstreams.nim
#11 8.984 CC: ../../../root/.nimby/pkgs/pixie/src/pixie/fileformats/gif.nim
#11 9.107 CC: ../../../root/.nimby/pkgs/pixie/src/pixie/fileformats/jpeg.nim
#11 9.269 CC: ../../../root/.nimby/pkgs/zippy/src/zippy/adler32.nim
#11 9.313 CC: ../../../root/.nimby/pkgs/zippy/src/zippy/crc.nim
#11 9.329 CC: ../../../root/.nimby/nim/lib/pure/collections/heapqueue.nim
#11 9.372 CC: ../../../root/.nimby/pkgs/zippy/src/zippy/inflate.nim
#11 9.474 CC: ../../../root/.nimby/pkgs/zippy/src/zippy/gzip.nim
#11 9.606 CC: ../../../root/.nimby/pkgs/zippy/src/zippy.nim
#11 9.806 CC: ../../../root/.nimby/pkgs/crunchy/src/crunchy/common.nim
#11 9.951 CC: ../../../root/.nimby/pkgs/crunchy/src/crunchy/crc32.nim
#11 9.958 CC: ../../../root/.nimby/pkgs/crunchy/src/crunchy/sha256.nim
#11 9.996 CC: ../../../root/.nimby/pkgs/pixie/src/pixie/fileformats/png.nim
#11 10.06 CC: ../../../root/.nimby/pkgs/pixie/src/pixie/fileformats/ppm.nim
#11 10.39 CC: ../../../root/.nimby/pkgs/pixie/src/pixie/fileformats/qoi.nim
#11 10.46 CC: ../../../root/.nimby/pkgs/pixie/src/pixie/fileformats/svg.nim
#11 10.57 CC: ../../../root/.nimby/pkgs/pixie/src/pixie.nim
#11 10.58 CC: ../../../root/.nimby/pkgs/supersnappy/src/supersnappy/internal.nim
#11 10.68 CC: ../../../root/.nimby/pkgs/supersnappy/src/supersnappy.nim
#11 10.75 CC: ../../../root/.nimby/pkgs/bitworld/src/bitworld/spriteprotocol.nim
#11 10.83 CC: ../../../root/.nimby/pkgs/bitworld/src/bitworld/server.nim
#11 10.92 CC: ../../../root/.nimby/pkgs/bitworld/src/bitworld/aseprite.nim
#11 11.05 CC: ../../../root/.nimby/pkgs/bitworld/src/bitworld/pixelfonts.nim
#11 11.05 CC: ../src/ctf/glory.nim
#11 11.18 CC: ../src/ctf/sim_types.nim
#11 11.18 CC: ../src/ctf/rig_art.nim
#11 11.57 CC: ../../../root/.nimby/nim/lib/pure/collections/deques.nim
#11 11.58 CC: ../../../root/.nimby/pkgs/jsony/src/jsony.nim
#11 11.71 CC: ../src/ctf/map_pool.nim
#11 11.80 CC: ../src/ctf/arena.nim
#11 11.84 CC: ../src/ctf/map_art.nim
#11 12.11 CC: ../../../root/.nimby/nim/lib/pure/strformat.nim
#11 12.27 CC: ../src/ctf/br_map_pool.nim
#11 12.33 CC: ../src/ctf/sim_config.nim
#11 12.37 CC: ../src/ctf/sim_state.nim
#11 12.43 CC: ../src/ctf/paint.nim
#11 12.52 CC: ../src/ctf/roster.nim
#11 12.58 CC: ../src/ctf/zone_field.nim
#11 12.60 CC: ../src/ctf/sim.nim
#11 12.67 CC: ../src/ctf/labels.nim
#11 12.69 CC: ../src/ctf/global.nim
#11 12.88 CC: ../src/ctf/broadcast.nim
#11 13.30 CC: ../../../root/.nimby/pkgs/flatty/src/flatty.nim
#11 13.56 CC: ../../../root/.nimby/pkgs/bitworld/src/bitworld/replays.nim
#11 13.87 CC: ../src/shell/types.nim
#11 13.87 CC: ../src/shell/seats.nim
#11 13.97 CC: ../src/shell/replay_records.nim
#11 14.07 CC: ../src/ctf/replay_codec.nim
#11 14.09 CC: ../src/ctf/replays.nim
#11 14.23 CC: ../src/ctf/replay_runtime.nim
#11 14.53 CC: ctf_replay.nim
#11 16.86 Hint:  [Link]
#11 21.90 Hint: mm: arc; opt: speed; options: -d:release
#11 21.90 169445 lines; 21.228s; 423.898MiB peakmem; proj: /workspace/ctf/replay-viewer/ctf_replay.nim; out: /workspace/ctf/replay-viewer/ctf_replay [SuccessX]
#11 DONE 27.3s

#12 exporting to image
#12 exporting layers
#12 exporting layers 20.3s done
#12 exporting manifest sha256:fbb93c6da2f3a267ff0ac0a92622525204f6d4ac6cb7ab8a6d1adac1a4ad9497 done
#12 exporting config sha256:1d0c7df65ed212d90c8485f3fdb0c7aa8d259a0ed81ec8b684c5e30a74056712 done
#12 exporting attestation manifest sha256:be38a391a71d671467b43024d7679d165cd442770cd31691796d38f06329de6c 0.0s done
#12 exporting manifest list sha256:725a877d1e188fc4d441799362ae9bd57c5e377b19e92b04f29784bb24310004 done
#12 naming to docker.io/library/coworld-ctf-replay-viewer-build:41504 done
#12 DONE 20.4s
