[james/nav-throughput-research 7fe0c3a3] Record native activation limits and reject zero-weight bitmap omission
 350 files changed, 772960 insertions(+)
 create mode 100644 docs/designs/nav-rework-evidence-2026-09-09/research/A6-m5a-native-summary.json
 create mode 100644 docs/designs/nav-rework-evidence-2026-09-09/research/A6-m5a-qualification-summary.json
 create mode 100644 docs/designs/nav-rework-evidence-2026-09-09/research/A6-m5a/DONE
 create mode 100644 docs/designs/nav-rework-evidence-2026-09-09/research/A6-m5a/base-commit.txt
 create mode 100644 docs/designs/nav-rework-evidence-2026-09-09/research/A6-m5a/build-direct.log
 create mode 100644 docs/designs/nav-rework-evidence-2026-09-09/research/A6-m5a/build-eager.log
 create mode 100644 docs/designs/nav-rework-evidence-2026-09-09/research/A6-m5a/build-lazy.log
 create mode 100644 docs/designs/nav-rework-evidence-2026-09-09/research/A6-m5a/direct-r1.json
 create mode 100644 docs/designs/nav-rework-evidence-2026-09-09/research/A6-m5a/direct-r1.log
 create mode 100644 docs/designs/nav-rework-evidence-2026-09-09/research/A6-m5a/direct-r2.json
 create mode 100644 docs/designs/nav-rework-evidence-2026-09-09/research/A6-m5a/direct-r2.log
 create mode 100644 docs/designs/nav-rework-evidence-2026-09-09/research/A6-m5a/direct-r3.json
 create mode 100644 docs/designs/nav-rework-evidence-2026-09-09/research/A6-m5a/direct-r3.log
 create mode 100644 docs/designs/nav-rework-evidence-2026-09-09/research/A6-m5a/direct.patch
 create mode 100644 docs/designs/nav-rework-evidence-2026-09-09/research/A6-m5a/eager-r1.json
 create mode 100644 docs/designs/nav-rework-evidence-2026-09-09/research/A6-m5a/eager-r1.log
 create mode 100644 docs/designs/nav-rework-evidence-2026-09-09/research/A6-m5a/eager-r2.json
 create mode 100644 docs/designs/nav-rework-evidence-2026-09-09/research/A6-m5a/eager-r2.log
 create mode 100644 docs/designs/nav-rework-evidence-2026-09-09/research/A6-m5a/eager-r3.json
 create mode 100644 docs/designs/nav-rework-evidence-2026-09-09/research/A6-m5a/eager-r3.log
 create mode 100644 docs/designs/nav-rework-evidence-2026-09-09/research/A6-m5a/eager.patch
 create mode 100644 docs/designs/nav-rework-evidence-2026-09-09/research/A6-m5a/input-hashes.txt
 create mode 100644 docs/designs/nav-rework-evidence-2026-09-09/research/A6-m5a/lazy-r1.json
 create mode 100644 docs/designs/nav-rework-evidence-2026-09-09/research/A6-m5a/lazy-r1.log
 create mode 100644 docs/designs/nav-rework-evidence-2026-09-09/research/A6-m5a/lazy-r2.json
 create mode 100644 docs/designs/nav-rework-evidence-2026-09-09/research/A6-m5a/lazy-r2.log
 create mode 100644 docs/designs/nav-rework-evidence-2026-09-09/research/A6-m5a/lazy-r3.json
 create mode 100644 docs/designs/nav-rework-evidence-2026-09-09/research/A6-m5a/lazy-r3.log
 create mode 100644 docs/designs/nav-rework-evidence-2026-09-09/research/A6-m5a/lazy.patch
 create mode 100644 docs/designs/nav-rework-evidence-2026-09-09/research/A6-m5a/lscpu.txt
 create mode 100644 docs/designs/nav-rework-evidence-2026-09-09/research/A6-m5a/result-hashes.txt
 create mode 100644 docs/designs/nav-rework-evidence-2026-09-09/research/A6-qualify-m5a/DONE
 create mode 100644 docs/designs/nav-rework-evidence-2026-09-09/research/A6-qualify-m5a/activation.exit
 create mode 100644 docs/designs/nav-rework-evidence-2026-09-09/research/A6-qualify-m5a/activation.json
 create mode 100644 docs/designs/nav-rework-evidence-2026-09-09/research/A6-qualify-m5a/activation.stderr
 create mode 100644 docs/designs/nav-rework-evidence-2026-09-09/research/A6-qualify-m5a/base-commit.txt
 create mode 100644 docs/designs/nav-rework-evidence-2026-09-09/research/A6-qualify-m5a/build.log
 create mode 100644 docs/designs/nav-rework-evidence-2026-09-09/research/A6-qualify-m5a/cache/bench.json
 create mode 100644 docs/designs/nav-rework-evidence-2026-09-09/research/A6-qualify-m5a/candidate.patch
 create mode 100644 docs/designs/nav-rework-evidence-2026-09-09/research/A6-qualify-m5a/configured-tick.exit
 create mode 100644 docs/designs/nav-rework-evidence-2026-09-09/research/A6-qualify-m5a/configured-tick.json
 create mode 100644 docs/designs/nav-rework-evidence-2026-09-09/research/A6-qualify-m5a/configured-tick.stderr
 create mode 100644 docs/designs/nav-rework-evidence-2026-09-09/research/A6-qualify-m5a/executable-hashes.txt
 create mode 100644 docs/designs/nav-rework-evidence-2026-09-09/research/A6-qualify-m5a/focused.log
 create mode 100644 docs/designs/nav-rework-evidence-2026-09-09/research/A6-qualify-m5a/quality.json
 create mode 100644 docs/designs/nav-rework-evidence-2026-09-09/research/A6-qualify-m5a/quality.stderr
 create mode 100644 docs/designs/nav-rework-evidence-2026-09-09/research/A6-qualify-m5a/source-hashes.txt
 create mode 100644 docs/designs/nav-rework-evidence-2026-09-09/research/A6-qualify-m8i/activation.exit
 create mode 100644 docs/designs/nav-rework-evidence-2026-09-09/research/A6-qualify-m8i/configured-tick.exit
 create mode 100644 docs/designs/nav-rework-evidence-2026-09-09/research/C5-m5a-stage-summary.json
 create mode 100644 docs/designs/nav-rework-evidence-2026-09-09/research/C5-native-stage-summary.json
 create mode 100644 docs/designs/nav-rework-evidence-2026-09-09/research/C5-v2-m5a/DONE
 create mode 100644 docs/designs/nav-rework-evidence-2026-09-09/research/C5-v2-m5a/base-commit.txt
 create mode 100644 docs/designs/nav-rework-evidence-2026-09-09/research/C5-v2-m5a/build-counted.log
 create mode 100644 docs/designs/nav-rework-evidence-2026-09-09/research/C5-v2-m5a/build-traced.log
 create mode 100644 docs/designs/nav-rework-evidence-2026-09-09/research/C5-v2-m5a/cache-counted/bench-counted.json
 create mode 100644 docs/designs/nav-rework-evidence-2026-09-09/research/C5-v2-m5a/cache-traced/bench-traced.json
 create mode 100644 docs/designs/nav-rework-evidence-2026-09-09/research/C5-v2-m5a/clear-attribution.json
 create mode 100644 docs/designs/nav-rework-evidence-2026-09-09/research/C5-v2-m5a/configured-counted.json
 create mode 100644 docs/designs/nav-rework-evidence-2026-09-09/research/C5-v2-m5a/configured-counted.stderr
 create mode 100644 docs/designs/nav-rework-evidence-2026-09-09/research/C5-v2-m5a/configured-trace.json
 create mode 100644 docs/designs/nav-rework-evidence-2026-09-09/research/C5-v2-m5a/configured-traced.json
 create mode 100644 docs/designs/nav-rework-evidence-2026-09-09/research/C5-v2-m5a/configured-traced.stderr
 create mode 100644 docs/designs/nav-rework-evidence-2026-09-09/research/C5-v2-m5a/exit-codes.txt
 create mode 100644 docs/designs/nav-rework-evidence-2026-09-09/research/C5-v2-m5a/lscpu.txt
 create mode 100644 docs/designs/nav-rework-evidence-2026-09-09/research/C5-v2-m5a/result-hashes.txt
 create mode 100644 docs/designs/nav-rework-evidence-2026-09-09/research/C5-v2-m5a/source-hashes.txt
 create mode 100644 docs/designs/nav-rework-evidence-2026-09-09/research/C5-v2-m5a/source.patch
 create mode 100644 docs/designs/nav-rework-evidence-2026-09-09/research/C5-v2-m8i/DONE
 create mode 100644 docs/designs/nav-rework-evidence-2026-09-09/research/C5-v2-m8i/base-commit.txt
 create mode 100644 docs/designs/nav-rework-evidence-2026-09-09/research/C5-v2-m8i/build-counted.log
 create mode 100644 docs/designs/nav-rework-evidence-2026-09-09/research/C5-v2-m8i/build-traced.log
 create mode 100644 docs/designs/nav-rework-evidence-2026-09-09/research/C5-v2-m8i/clear-attribution.json
 create mode 100644 docs/designs/nav-rework-evidence-2026-09-09/research/C5-v2-m8i/configured-counted.json
 create mode 100644 docs/designs/nav-rework-evidence-2026-09-09/research/C5-v2-m8i/configured-counted.stderr
 create mode 100644 docs/designs/nav-rework-evidence-2026-09-09/research/C5-v2-m8i/configured-trace.json
 create mode 100644 docs/designs/nav-rework-evidence-2026-09-09/research/C5-v2-m8i/configured-traced.json
 create mode 100644 docs/designs/nav-rework-evidence-2026-09-09/research/C5-v2-m8i/configured-traced.stderr
 create mode 100644 docs/designs/nav-rework-evidence-2026-09-09/research/C5-v2-m8i/exit-codes.txt
 create mode 100644 docs/designs/nav-rework-evidence-2026-09-09/research/C5-v2-m8i/lscpu.txt
 create mode 100644 docs/designs/nav-rework-evidence-2026-09-09/research/C5-v2-m8i/result-hashes.txt
 create mode 100644 docs/designs/nav-rework-evidence-2026-09-09/research/C5-v2-m8i/source-hashes.txt
 create mode 100644 docs/designs/nav-rework-evidence-2026-09-09/research/C5-v2-m8i/source.patch
 create mode 100644 docs/designs/nav-rework-evidence-2026-09-09/research/C5/C5-bench-over-C2.patch
 create mode 100644 docs/designs/nav-rework-evidence-2026-09-09/research/C5/C5-body_nav-over-C2.patch
 create mode 100644 docs/designs/nav-rework-evidence-2026-09-09/research/C5/C5-full-tree-over-f9dff753.diff
 create mode 100644 docs/designs/nav-rework-evidence-2026-09-09/research/C5/C5_PROFILE_READY.md
 create mode 100644 docs/designs/nav-rework-evidence-2026-09-09/research/C5/local-mac/body-nav-rework-tests.log
 create mode 100644 docs/designs/nav-rework-evidence-2026-09-09/research/C5/local-mac/build_bench_plain.log
 create mode 100644 docs/designs/nav-rework-evidence-2026-09-09/research/C5/local-mac/build_bench_profile.log
 create mode 100644 docs/designs/nav-rework-evidence-2026-09-09/research/C5/local-mac/build_test.log
 create mode 100644 docs/designs/nav-rework-evidence-2026-09-09/research/C5/local-mac/configured-pool3.json
 create mode 100644 docs/designs/nav-rework-evidence-2026-09-09/research/C5/local-mac/configured-pool3.stderr
 create mode 100644 docs/designs/nav-rework-evidence-2026-09-09/research/C5/local-mac/configured-trace.json.gz
 create mode 100644 docs/designs/nav-rework-evidence-2026-09-09/research/C5/local-mac/focused-cache-tests.log
 create mode 100644 docs/designs/nav-rework-evidence-2026-09-09/research/C5/local-mac/trace-summary.txt
 create mode 100644 docs/designs/nav-rework-evidence-2026-09-09/research/C5/original/C2-bench_body_nav_rework.nim
 create mode 100644 docs/designs/nav-rework-evidence-2026-09-09/research/C5/original/C2-body_nav.nim
 create mode 100644 docs/designs/nav-rework-evidence-2026-09-09/research/C5/original/SHA256SUMS
 create mode 100644 docs/designs/nav-rework-evidence-2026-09-09/research/C5/original/test_shell_body_danger_source_cache.nim
 create mode 100755 docs/designs/nav-rework-evidence-2026-09-09/research/C5/run_c5_profile.sh
 create mode 100644 docs/designs/nav-rework-evidence-2026-09-09/research/C5/snapshot/C5-bench_body_nav_rework.nim
 create mode 100644 docs/designs/nav-rework-evidence-2026-09-09/research/C5/snapshot/C5-body_nav.nim
 create mode 100644 docs/designs/nav-rework-evidence-2026-09-09/research/C5/snapshot/SHA256SUMS
 create mode 100644 docs/designs/nav-rework-evidence-2026-09-09/research/C5/summarize_trace.py
 create mode 100644 docs/designs/nav-rework-evidence-2026-09-09/research/C5/v1/C5-bench-over-C2.patch
 create mode 100644 docs/designs/nav-rework-evidence-2026-09-09/research/C5/v1/C5-body_nav-over-C2.patch
 create mode 100644 docs/designs/nav-rework-evidence-2026-09-09/research/C5/v1/C5-full-tree-over-f9dff753.diff
 create mode 100644 docs/designs/nav-rework-evidence-2026-09-09/research/C5/v1/C5_PROFILE_READY.md
 create mode 100644 docs/designs/nav-rework-evidence-2026-09-09/research/C5/v1/local-mac/body-nav-rework-tests.log
 create mode 100644 docs/designs/nav-rework-evidence-2026-09-09/research/C5/v1/local-mac/build_bench_plain.log
 create mode 100644 docs/designs/nav-rework-evidence-2026-09-09/research/C5/v1/local-mac/build_bench_profile.log
 create mode 100644 docs/designs/nav-rework-evidence-2026-09-09/research/C5/v1/local-mac/build_test.log
 create mode 100644 docs/designs/nav-rework-evidence-2026-09-09/research/C5/v1/local-mac/configured-pool3.json
 create mode 100644 docs/designs/nav-rework-evidence-2026-09-09/research/C5/v1/local-mac/configured-pool3.stderr
 create mode 100644 docs/designs/nav-rework-evidence-2026-09-09/research/C5/v1/local-mac/configured-trace.json.gz
 create mode 100644 docs/designs/nav-rework-evidence-2026-09-09/research/C5/v1/local-mac/focused-cache-tests.log
 create mode 100644 docs/designs/nav-rework-evidence-2026-09-09/research/C5/v1/local-mac/trace-summary.txt
 create mode 100755 docs/designs/nav-rework-evidence-2026-09-09/research/C5/v1/run_c5_profile.sh
 create mode 100644 docs/designs/nav-rework-evidence-2026-09-09/research/C5/v1/snapshot/C5-bench_body_nav_rework.nim
 create mode 100644 docs/designs/nav-rework-evidence-2026-09-09/research/C5/v1/snapshot/C5-body_nav.nim
 create mode 100644 docs/designs/nav-rework-evidence-2026-09-09/research/C5/v1/snapshot/SHA256SUMS
 create mode 100644 docs/designs/nav-rework-evidence-2026-09-09/research/C5/v2/C5_V2_REPORT.md
 create mode 100644 docs/designs/nav-rework-evidence-2026-09-09/research/C5/v2/C5v2-bench-over-C2.patch
 create mode 100644 docs/designs/nav-rework-evidence-2026-09-09/research/C5/v2/C5v2-bench-over-v1.patch
 create mode 100644 docs/designs/nav-rework-evidence-2026-09-09/research/C5/v2/C5v2-body_nav-over-C2.patch
 create mode 100644 docs/designs/nav-rework-evidence-2026-09-09/research/C5/v2/C5v2-body_nav-over-v1.patch
 create mode 100644 docs/designs/nav-rework-evidence-2026-09-09/research/C5/v2/C5v2-full-tree-over-f9dff753.diff
 create mode 100644 docs/designs/nav-rework-evidence-2026-09-09/research/C5/v2/attribute_clears.py
 create mode 100644 docs/designs/nav-rework-evidence-2026-09-09/research/C5/v2/local-mac/body-nav-rework-tests.log
 create mode 100644 docs/designs/nav-rework-evidence-2026-09-09/research/C5/v2/local-mac/build_bench_plain.log
 create mode 100644 docs/designs/nav-rework-evidence-2026-09-09/research/C5/v2/local-mac/build_bench_profile.log
 create mode 100644 docs/designs/nav-rework-evidence-2026-09-09/research/C5/v2/local-mac/build_test.log
 create mode 100644 docs/designs/nav-rework-evidence-2026-09-09/research/C5/v2/local-mac/build_test_nav.log
 create mode 100644 docs/designs/nav-rework-evidence-2026-09-09/research/C5/v2/local-mac/clear-attribution.json
 create mode 100644 docs/designs/nav-rework-evidence-2026-09-09/research/C5/v2/local-mac/configured-pool3.json
 create mode 100644 docs/designs/nav-rework-evidence-2026-09-09/research/C5/v2/local-mac/configured-pool3.stderr
 create mode 100644 docs/designs/nav-rework-evidence-2026-09-09/research/C5/v2/local-mac/configured-trace.json.gz
 create mode 100644 docs/designs/nav-rework-evidence-2026-09-09/research/C5/v2/local-mac/focused-cache-tests.log
 create mode 100644 docs/designs/nav-rework-evidence-2026-09-09/research/C5/v2/local-mac/smoke-exit.txt
 create mode 100644 docs/designs/nav-rework-evidence-2026-09-09/research/C5/v2/local-mac/trace-summary.txt
 create mode 100755 docs/designs/nav-rework-evidence-2026-09-09/research/C5/v2/run_c5_v2_profile.sh
 create mode 100644 docs/designs/nav-rework-evidence-2026-09-09/research/C5/v2/snapshot/C5v2-bench_body_nav_rework.nim
 create mode 100644 docs/designs/nav-rework-evidence-2026-09-09/research/C5/v2/snapshot/C5v2-body_nav.nim
 create mode 100644 docs/designs/nav-rework-evidence-2026-09-09/research/C5/v2/snapshot/SHA256SUMS
 create mode 100644 docs/designs/nav-rework-evidence-2026-09-09/research/C5/v2/summarize_trace.py
 create mode 100644 docs/designs/nav-rework-evidence-2026-09-09/research/C5_A6_C8_DOCUMENTATION_AUDIT.md
 create mode 100644 docs/designs/nav-rework-evidence-2026-09-09/research/C5_M5A_REVIEW.md
 create mode 100644 docs/designs/nav-rework-evidence-2026-09-09/research/C5_M5A_REVIEW_REQUEST.md
 create mode 100644 docs/designs/nav-rework-evidence-2026-09-09/research/C5_NATIVE_STATUS.md
 create mode 100644 docs/designs/nav-rework-evidence-2026-09-09/research/C5_PROFILE_REQUEST.md
 create mode 100644 docs/designs/nav-rework-evidence-2026-09-09/research/C5_ROOT_REVIEW.md
 create mode 100644 docs/designs/nav-rework-evidence-2026-09-09/research/C8-mechanisms-m8i/DONE
 create mode 100644 docs/designs/nav-rework-evidence-2026-09-09/research/C8-mechanisms-m8i/base-commit.txt
 create mode 100644 docs/designs/nav-rework-evidence-2026-09-09/research/C8-mechanisms-m8i/build-candidate-cache.log
 create mode 100644 docs/designs/nav-rework-evidence-2026-09-09/research/C8-mechanisms-m8i/build-candidate-trace.log
 create mode 100644 docs/designs/nav-rework-evidence-2026-09-09/research/C8-mechanisms-m8i/build-parent-cache.log
 create mode 100644 docs/designs/nav-rework-evidence-2026-09-09/research/C8-mechanisms-m8i/build-parent-trace.log
 create mode 100644 docs/designs/nav-rework-evidence-2026-09-09/research/C8-mechanisms-m8i/build-quality.log
 create mode 100644 docs/designs/nav-rework-evidence-2026-09-09/research/C8-mechanisms-m8i/cache-candidate-cache/bench-candidate-cache.json
 create mode 100644 docs/designs/nav-rework-evidence-2026-09-09/research/C8-mechanisms-m8i/cache-candidate-trace/bench-candidate-trace.json
 create mode 100644 docs/designs/nav-rework-evidence-2026-09-09/research/C8-mechanisms-m8i/cache-parent-cache/bench-parent-cache.json
 create mode 100644 docs/designs/nav-rework-evidence-2026-09-09/research/C8-mechanisms-m8i/cache-parent-trace/bench-parent-trace.json
 create mode 100644 docs/designs/nav-rework-evidence-2026-09-09/research/C8-mechanisms-m8i/cache-quality/bench-quality.json
 create mode 100644 docs/designs/nav-rework-evidence-2026-09-09/research/C8-mechanisms-m8i/candidate-regimes-r1.json
 create mode 100644 docs/designs/nav-rework-evidence-2026-09-09/research/C8-mechanisms-m8i/candidate-regimes-r1.stderr
 create mode 100644 docs/designs/nav-rework-evidence-2026-09-09/research/C8-mechanisms-m8i/candidate-regimes-r2.json
 create mode 100644 docs/designs/nav-rework-evidence-2026-09-09/research/C8-mechanisms-m8i/candidate-regimes-r2.stderr
 create mode 100644 docs/designs/nav-rework-evidence-2026-09-09/research/C8-mechanisms-m8i/candidate-regimes-r3.json
 create mode 100644 docs/designs/nav-rework-evidence-2026-09-09/research/C8-mechanisms-m8i/candidate-regimes-r3.stderr
 create mode 100644 docs/designs/nav-rework-evidence-2026-09-09/research/C8-mechanisms-m8i/candidate-s2_16_679962-r1.json
 create mode 100644 docs/designs/nav-rework-evidence-2026-09-09/research/C8-mechanisms-m8i/candidate-s2_16_679962-r1.stderr
 create mode 100644 docs/designs/nav-rework-evidence-2026-09-09/research/C8-mechanisms-m8i/candidate-s2_16_679962-r2.json
 create mode 100644 docs/designs/nav-rework-evidence-2026-09-09/research/C8-mechanisms-m8i/candidate-s2_16_679962-r2.stderr
 create mode 100644 docs/designs/nav-rework-evidence-2026-09-09/research/C8-mechanisms-m8i/candidate-s2_16_679962-r3.json
 create mode 100644 docs/designs/nav-rework-evidence-2026-09-09/research/C8-mechanisms-m8i/candidate-s2_16_679962-r3.stderr
 create mode 100644 docs/designs/nav-rework-evidence-2026-09-09/research/C8-mechanisms-m8i/candidate-s2_16_679963-r1.json
 create mode 100644 docs/designs/nav-rework-evidence-2026-09-09/research/C8-mechanisms-m8i/candidate-s2_16_679963-r1.stderr
 create mode 100644 docs/designs/nav-rework-evidence-2026-09-09/research/C8-mechanisms-m8i/candidate-s2_16_679963-r2.json
 create mode 100644 docs/designs/nav-rework-evidence-2026-09-09/research/C8-mechanisms-m8i/candidate-s2_16_679963-r2.stderr
 create mode 100644 docs/designs/nav-rework-evidence-2026-09-09/research/C8-mechanisms-m8i/candidate-s2_16_679963-r3.json
 create mode 100644 docs/designs/nav-rework-evidence-2026-09-09/research/C8-mechanisms-m8i/candidate-s2_16_679963-r3.stderr
 create mode 100644 docs/designs/nav-rework-evidence-2026-09-09/research/C8-mechanisms-m8i/candidate-s2_16_679964-r1.json
 create mode 100644 docs/designs/nav-rework-evidence-2026-09-09/research/C8-mechanisms-m8i/candidate-s2_16_679964-r1.stderr
 create mode 100644 docs/designs/nav-rework-evidence-2026-09-09/research/C8-mechanisms-m8i/candidate-s2_16_679964-r2.json
 create mode 100644 docs/designs/nav-rework-evidence-2026-09-09/research/C8-mechanisms-m8i/candidate-s2_16_679964-r2.stderr
 create mode 100644 docs/designs/nav-rework-evidence-2026-09-09/research/C8-mechanisms-m8i/candidate-s2_16_679964-r3.json
 create mode 100644 docs/designs/nav-rework-evidence-2026-09-09/research/C8-mechanisms-m8i/candidate-s2_16_679964-r3.stderr
 create mode 100644 docs/designs/nav-rework-evidence-2026-09-09/research/C8-mechanisms-m8i/candidate-s2_16_679965-r1.json
 create mode 100644 docs/designs/nav-rework-evidence-2026-09-09/research/C8-mechanisms-m8i/candidate-s2_16_679965-r1.stderr
 create mode 100644 docs/designs/nav-rework-evidence-2026-09-09/research/C8-mechanisms-m8i/candidate-s2_16_679965-r2.json
 create mode 100644 docs/designs/nav-rework-evidence-2026-09-09/research/C8-mechanisms-m8i/candidate-s2_16_679965-r2.stderr
 create mode 100644 docs/designs/nav-rework-evidence-2026-09-09/research/C8-mechanisms-m8i/candidate-s2_16_679965-r3.json
 create mode 100644 docs/designs/nav-rework-evidence-2026-09-09/research/C8-mechanisms-m8i/candidate-s2_16_679965-r3.stderr
 create mode 100644 docs/designs/nav-rework-evidence-2026-09-09/research/C8-mechanisms-m8i/candidate-s2_32_679962-r1.json
 create mode 100644 docs/designs/nav-rework-evidence-2026-09-09/research/C8-mechanisms-m8i/candidate-s2_32_679962-r1.stderr
 create mode 100644 docs/designs/nav-rework-evidence-2026-09-09/research/C8-mechanisms-m8i/candidate-s2_32_679962-r2.json
 create mode 100644 docs/designs/nav-rework-evidence-2026-09-09/research/C8-mechanisms-m8i/candidate-s2_32_679962-r2.stderr
 create mode 100644 docs/designs/nav-rework-evidence-2026-09-09/research/C8-mechanisms-m8i/candidate-s2_32_679962-r3.json
 create mode 100644 docs/designs/nav-rework-evidence-2026-09-09/research/C8-mechanisms-m8i/candidate-s2_32_679962-r3.stderr
 create mode 100644 docs/designs/nav-rework-evidence-2026-09-09/research/C8-mechanisms-m8i/candidate-s2_32_679963-r1.json
 create mode 100644 docs/designs/nav-rework-evidence-2026-09-09/research/C8-mechanisms-m8i/candidate-s2_32_679963-r1.stderr
 create mode 100644 docs/designs/nav-rework-evidence-2026-09-09/research/C8-mechanisms-m8i/candidate-s2_32_679963-r2.json
 create mode 100644 docs/designs/nav-rework-evidence-2026-09-09/research/C8-mechanisms-m8i/candidate-s2_32_679963-r2.stderr
 create mode 100644 docs/designs/nav-rework-evidence-2026-09-09/research/C8-mechanisms-m8i/candidate-s2_32_679963-r3.json
 create mode 100644 docs/designs/nav-rework-evidence-2026-09-09/research/C8-mechanisms-m8i/candidate-s2_32_679963-r3.stderr
 create mode 100644 docs/designs/nav-rework-evidence-2026-09-09/research/C8-mechanisms-m8i/candidate-s2_32_679964-r1.json
 create mode 100644 docs/designs/nav-rework-evidence-2026-09-09/research/C8-mechanisms-m8i/candidate-s2_32_679964-r1.stderr
 create mode 100644 docs/designs/nav-rework-evidence-2026-09-09/research/C8-mechanisms-m8i/candidate-s2_32_679964-r2.json
 create mode 100644 docs/designs/nav-rework-evidence-2026-09-09/research/C8-mechanisms-m8i/candidate-s2_32_679964-r2.stderr
 create mode 100644 docs/designs/nav-rework-evidence-2026-09-09/research/C8-mechanisms-m8i/candidate-s2_32_679964-r3.json
 create mode 100644 docs/designs/nav-rework-evidence-2026-09-09/research/C8-mechanisms-m8i/candidate-s2_32_679964-r3.stderr
 create mode 100644 docs/designs/nav-rework-evidence-2026-09-09/research/C8-mechanisms-m8i/candidate-s2_32_679965-r1.json
 create mode 100644 docs/designs/nav-rework-evidence-2026-09-09/research/C8-mechanisms-m8i/candidate-s2_32_679965-r1.stderr
 create mode 100644 docs/designs/nav-rework-evidence-2026-09-09/research/C8-mechanisms-m8i/candidate-s2_32_679965-r2.json
 create mode 100644 docs/designs/nav-rework-evidence-2026-09-09/research/C8-mechanisms-m8i/candidate-s2_32_679965-r2.stderr
 create mode 100644 docs/designs/nav-rework-evidence-2026-09-09/research/C8-mechanisms-m8i/candidate-s2_32_679965-r3.json
 create mode 100644 docs/designs/nav-rework-evidence-2026-09-09/research/C8-mechanisms-m8i/candidate-s2_32_679965-r3.stderr
 create mode 100644 docs/designs/nav-rework-evidence-2026-09-09/research/C8-mechanisms-m8i/candidate-smoke_s2_16_randomized-r1.json
 create mode 100644 docs/designs/nav-rework-evidence-2026-09-09/research/C8-mechanisms-m8i/candidate-smoke_s2_16_randomized-r1.stderr
 create mode 100644 docs/designs/nav-rework-evidence-2026-09-09/research/C8-mechanisms-m8i/candidate-smoke_s2_16_randomized-r2.json
 create mode 100644 docs/designs/nav-rework-evidence-2026-09-09/research/C8-mechanisms-m8i/candidate-smoke_s2_16_randomized-r2.stderr
 create mode 100644 docs/designs/nav-rework-evidence-2026-09-09/research/C8-mechanisms-m8i/candidate-smoke_s2_16_randomized-r3.json
 create mode 100644 docs/designs/nav-rework-evidence-2026-09-09/research/C8-mechanisms-m8i/candidate-smoke_s2_16_randomized-r3.stderr
 create mode 100644 docs/designs/nav-rework-evidence-2026-09-09/research/C8-mechanisms-m8i/candidate.patch
 create mode 100644 docs/designs/nav-rework-evidence-2026-09-09/research/C8-mechanisms-m8i/executable-hashes.txt
 create mode 100644 docs/designs/nav-rework-evidence-2026-09-09/research/C8-mechanisms-m8i/input-hashes.txt
 create mode 100644 docs/designs/nav-rework-evidence-2026-09-09/research/C8-mechanisms-m8i/lscpu.txt
 create mode 100644 docs/designs/nav-rework-evidence-2026-09-09/research/C8-mechanisms-m8i/parent-regimes-r1.json
 create mode 100644 docs/designs/nav-rework-evidence-2026-09-09/research/C8-mechanisms-m8i/parent-regimes-r1.stderr
 create mode 100644 docs/designs/nav-rework-evidence-2026-09-09/research/C8-mechanisms-m8i/parent-regimes-r2.json
 create mode 100644 docs/designs/nav-rework-evidence-2026-09-09/research/C8-mechanisms-m8i/parent-regimes-r2.stderr
 create mode 100644 docs/designs/nav-rework-evidence-2026-09-09/research/C8-mechanisms-m8i/parent-regimes-r3.json
 create mode 100644 docs/designs/nav-rework-evidence-2026-09-09/research/C8-mechanisms-m8i/parent-regimes-r3.stderr
 create mode 100644 docs/designs/nav-rework-evidence-2026-09-09/research/C8-mechanisms-m8i/parent-s2_16_679962-r1.json
 create mode 100644 docs/designs/nav-rework-evidence-2026-09-09/research/C8-mechanisms-m8i/parent-s2_16_679962-r1.stderr
 create mode 100644 docs/designs/nav-rework-evidence-2026-09-09/research/C8-mechanisms-m8i/parent-s2_16_679962-r2.json
 create mode 100644 docs/designs/nav-rework-evidence-2026-09-09/research/C8-mechanisms-m8i/parent-s2_16_679962-r2.stderr
 create mode 100644 docs/designs/nav-rework-evidence-2026-09-09/research/C8-mechanisms-m8i/parent-s2_16_679962-r3.json
 create mode 100644 docs/designs/nav-rework-evidence-2026-09-09/research/C8-mechanisms-m8i/parent-s2_16_679962-r3.stderr
 create mode 100644 docs/designs/nav-rework-evidence-2026-09-09/research/C8-mechanisms-m8i/parent-s2_16_679963-r1.json
 create mode 100644 docs/designs/nav-rework-evidence-2026-09-09/research/C8-mechanisms-m8i/parent-s2_16_679963-r1.stderr
 create mode 100644 docs/designs/nav-rework-evidence-2026-09-09/research/C8-mechanisms-m8i/parent-s2_16_679963-r2.json
 create mode 100644 docs/designs/nav-rework-evidence-2026-09-09/research/C8-mechanisms-m8i/parent-s2_16_679963-r2.stderr
 create mode 100644 docs/designs/nav-rework-evidence-2026-09-09/research/C8-mechanisms-m8i/parent-s2_16_679963-r3.json
 create mode 100644 docs/designs/nav-rework-evidence-2026-09-09/research/C8-mechanisms-m8i/parent-s2_16_679963-r3.stderr
 create mode 100644 docs/designs/nav-rework-evidence-2026-09-09/research/C8-mechanisms-m8i/parent-s2_16_679964-r1.json
 create mode 100644 docs/designs/nav-rework-evidence-2026-09-09/research/C8-mechanisms-m8i/parent-s2_16_679964-r1.stderr
 create mode 100644 docs/designs/nav-rework-evidence-2026-09-09/research/C8-mechanisms-m8i/parent-s2_16_679964-r2.json
 create mode 100644 docs/designs/nav-rework-evidence-2026-09-09/research/C8-mechanisms-m8i/parent-s2_16_679964-r2.stderr
 create mode 100644 docs/designs/nav-rework-evidence-2026-09-09/research/C8-mechanisms-m8i/parent-s2_16_679964-r3.json
 create mode 100644 docs/designs/nav-rework-evidence-2026-09-09/research/C8-mechanisms-m8i/parent-s2_16_679964-r3.stderr
 create mode 100644 docs/designs/nav-rework-evidence-2026-09-09/research/C8-mechanisms-m8i/parent-s2_16_679965-r1.json
 create mode 100644 docs/designs/nav-rework-evidence-2026-09-09/research/C8-mechanisms-m8i/parent-s2_16_679965-r1.stderr
 create mode 100644 docs/designs/nav-rework-evidence-2026-09-09/research/C8-mechanisms-m8i/parent-s2_16_679965-r2.json
 create mode 100644 docs/designs/nav-rework-evidence-2026-09-09/research/C8-mechanisms-m8i/parent-s2_16_679965-r2.stderr
 create mode 100644 docs/designs/nav-rework-evidence-2026-09-09/research/C8-mechanisms-m8i/parent-s2_16_679965-r3.json
 create mode 100644 docs/designs/nav-rework-evidence-2026-09-09/research/C8-mechanisms-m8i/parent-s2_16_679965-r3.stderr
 create mode 100644 docs/designs/nav-rework-evidence-2026-09-09/research/C8-mechanisms-m8i/parent-s2_32_679962-r1.json
 create mode 100644 docs/designs/nav-rework-evidence-2026-09-09/research/C8-mechanisms-m8i/parent-s2_32_679962-r1.stderr
 create mode 100644 docs/designs/nav-rework-evidence-2026-09-09/research/C8-mechanisms-m8i/parent-s2_32_679962-r2.json
 create mode 100644 docs/designs/nav-rework-evidence-2026-09-09/research/C8-mechanisms-m8i/parent-s2_32_679962-r2.stderr
 create mode 100644 docs/designs/nav-rework-evidence-2026-09-09/research/C8-mechanisms-m8i/parent-s2_32_679962-r3.json
 create mode 100644 docs/designs/nav-rework-evidence-2026-09-09/research/C8-mechanisms-m8i/parent-s2_32_679962-r3.stderr
 create mode 100644 docs/designs/nav-rework-evidence-2026-09-09/research/C8-mechanisms-m8i/parent-s2_32_679963-r1.json
 create mode 100644 docs/designs/nav-rework-evidence-2026-09-09/research/C8-mechanisms-m8i/parent-s2_32_679963-r1.stderr
 create mode 100644 docs/designs/nav-rework-evidence-2026-09-09/research/C8-mechanisms-m8i/parent-s2_32_679963-r2.json
 create mode 100644 docs/designs/nav-rework-evidence-2026-09-09/research/C8-mechanisms-m8i/parent-s2_32_679963-r2.stderr
 create mode 100644 docs/designs/nav-rework-evidence-2026-09-09/research/C8-mechanisms-m8i/parent-s2_32_679963-r3.json
 create mode 100644 docs/designs/nav-rework-evidence-2026-09-09/research/C8-mechanisms-m8i/parent-s2_32_679963-r3.stderr
 create mode 100644 docs/designs/nav-rework-evidence-2026-09-09/research/C8-mechanisms-m8i/parent-s2_32_679964-r1.json
 create mode 100644 docs/designs/nav-rework-evidence-2026-09-09/research/C8-mechanisms-m8i/parent-s2_32_679964-r1.stderr
 create mode 100644 docs/designs/nav-rework-evidence-2026-09-09/research/C8-mechanisms-m8i/parent-s2_32_679964-r2.json
 create mode 100644 docs/designs/nav-rework-evidence-2026-09-09/research/C8-mechanisms-m8i/parent-s2_32_679964-r2.stderr
 create mode 100644 docs/designs/nav-rework-evidence-2026-09-09/research/C8-mechanisms-m8i/parent-s2_32_679964-r3.json
 create mode 100644 docs/designs/nav-rework-evidence-2026-09-09/research/C8-mechanisms-m8i/parent-s2_32_679964-r3.stderr
 create mode 100644 docs/designs/nav-rework-evidence-2026-09-09/research/C8-mechanisms-m8i/parent-s2_32_679965-r1.json
 create mode 100644 docs/designs/nav-rework-evidence-2026-09-09/research/C8-mechanisms-m8i/parent-s2_32_679965-r1.stderr
 create mode 100644 docs/designs/nav-rework-evidence-2026-09-09/research/C8-mechanisms-m8i/parent-s2_32_679965-r2.json
 create mode 100644 docs/designs/nav-rework-evidence-2026-09-09/research/C8-mechanisms-m8i/parent-s2_32_679965-r2.stderr
 create mode 100644 docs/designs/nav-rework-evidence-2026-09-09/research/C8-mechanisms-m8i/parent-s2_32_679965-r3.json
 create mode 100644 docs/designs/nav-rework-evidence-2026-09-09/research/C8-mechanisms-m8i/parent-s2_32_679965-r3.stderr
 create mode 100644 docs/designs/nav-rework-evidence-2026-09-09/research/C8-mechanisms-m8i/parent-smoke_s2_16_randomized-r1.json
 create mode 100644 docs/designs/nav-rework-evidence-2026-09-09/research/C8-mechanisms-m8i/parent-smoke_s2_16_randomized-r1.stderr
 create mode 100644 docs/designs/nav-rework-evidence-2026-09-09/research/C8-mechanisms-m8i/parent-smoke_s2_16_randomized-r2.json
 create mode 100644 docs/designs/nav-rework-evidence-2026-09-09/research/C8-mechanisms-m8i/parent-smoke_s2_16_randomized-r2.stderr
 create mode 100644 docs/designs/nav-rework-evidence-2026-09-09/research/C8-mechanisms-m8i/parent-smoke_s2_16_randomized-r3.json
 create mode 100644 docs/designs/nav-rework-evidence-2026-09-09/research/C8-mechanisms-m8i/parent-smoke_s2_16_randomized-r3.stderr
 create mode 100644 docs/designs/nav-rework-evidence-2026-09-09/research/C8-mechanisms-m8i/parent.patch
 create mode 100644 docs/designs/nav-rework-evidence-2026-09-09/research/C8-mechanisms-m8i/quality.json
 create mode 100644 docs/designs/nav-rework-evidence-2026-09-09/research/C8-mechanisms-m8i/quality.stderr
 create mode 100644 docs/designs/nav-rework-evidence-2026-09-09/research/C8-regimes-native-summary.json
 create mode 100644 docs/designs/nav-rework-evidence-2026-09-09/research/C8-trace-native-summary.json
 create mode 100644 docs/designs/nav-rework-evidence-2026-09-09/research/C8/C8-candidate-over-parent.patch
 create mode 100644 docs/designs/nav-rework-evidence-2026-09-09/research/C8/C8-full-tree-over-f9dff753.diff
 create mode 100644 docs/designs/nav-rework-evidence-2026-09-09/research/C8/C8-screen-source-over-parent.patch
 create mode 100644 docs/designs/nav-rework-evidence-2026-09-09/research/C8/C8_SCREEN_READY.md
 create mode 100644 docs/designs/nav-rework-evidence-2026-09-09/research/C8/SHA256SUMS
 create mode 100644 docs/designs/nav-rework-evidence-2026-09-09/research/C8/baseline-c6v2/SHA256SUMS
 create mode 100644 docs/designs/nav-rework-evidence-2026-09-09/research/C8/baseline-c6v2/bench_danger_replay.nim
 create mode 100644 docs/designs/nav-rework-evidence-2026-09-09/research/C8/baseline-c6v2/check_danger_fullword_replay.nim
 create mode 100644 docs/designs/nav-rework-evidence-2026-09-09/research/C8/baseline-c6v2/replay_danger_source_trace.nim
 create mode 100644 docs/designs/nav-rework-evidence-2026-09-09/research/C8/baseline-c6v2/screen-body_nav.nim
 create mode 100644 docs/designs/nav-rework-evidence-2026-09-09/research/C8/c8_kernel.json
 create mode 100644 docs/designs/nav-rework-evidence-2026-09-09/research/C8/c8_map3_1300.json
 create mode 100644 docs/designs/nav-rework-evidence-2026-09-09/research/C8/c8_map3_331.json
 create mode 100644 docs/designs/nav-rework-evidence-2026-09-09/research/C8/c8_traces.json
 create mode 100644 docs/designs/nav-rework-evidence-2026-09-09/research/C8/c8_zero_count.nim
 create mode 100644 docs/designs/nav-rework-evidence-2026-09-09/research/C8/local-mac/build_ledger_candidate.log
 create mode 100644 docs/designs/nav-rework-evidence-2026-09-09/research/C8/local-mac/build_ledger_parent.log
 create mode 100644 docs/designs/nav-rework-evidence-2026-09-09/research/C8/local-mac/build_replay_candidate.log
 create mode 100644 docs/designs/nav-rework-evidence-2026-09-09/research/C8/local-mac/build_replay_parent.log
 create mode 100644 docs/designs/nav-rework-evidence-2026-09-09/research/C8/local-mac/build_test_cache_candidate.log
 create mode 100644 docs/designs/nav-rework-evidence-2026-09-09/research/C8/local-mac/build_test_cache_parent.log
 create mode 100644 docs/designs/nav-rework-evidence-2026-09-09/research/C8/local-mac/build_test_nav_candidate.log
 create mode 100644 docs/designs/nav-rework-evidence-2026-09-09/research/C8/local-mac/build_test_nav_parent.log
 create mode 100644 docs/designs/nav-rework-evidence-2026-09-09/research/C8/local-mac/chains_candidate.txt
 create mode 100644 docs/designs/nav-rework-evidence-2026-09-09/research/C8/local-mac/chains_parent.txt
 create mode 100644 docs/designs/nav-rework-evidence-2026-09-09/research/C8/local-mac/count_map3_1300_candidate.json
 create mode 100644 docs/designs/nav-rework-evidence-2026-09-09/research/C8/local-mac/count_map3_1300_parent.json
 create mode 100644 docs/designs/nav-rework-evidence-2026-09-09/research/C8/local-mac/count_map3_331_candidate.json
 create mode 100644 docs/designs/nav-rework-evidence-2026-09-09/research/C8/local-mac/count_map3_331_parent.json
 create mode 100644 docs/designs/nav-rework-evidence-2026-09-09/research/C8/local-mac/count_traces_candidate.json
 create mode 100644 docs/designs/nav-rework-evidence-2026-09-09/research/C8/local-mac/count_traces_parent.json
 create mode 100644 docs/designs/nav-rework-evidence-2026-09-09/research/C8/local-mac/kernel_candidate.json
 create mode 100644 docs/designs/nav-rework-evidence-2026-09-09/research/C8/local-mac/kernel_parent.json
 create mode 100644 docs/designs/nav-rework-evidence-2026-09-09/research/C8/local-mac/ledger_candidate.txt
 create mode 100644 docs/designs/nav-rework-evidence-2026-09-09/research/C8/local-mac/ledger_parent.txt
 create mode 100644 docs/designs/nav-rework-evidence-2026-09-09/research/C8/local-mac/test_cache_candidate.log
 create mode 100644 docs/designs/nav-rework-evidence-2026-09-09/research/C8/local-mac/test_cache_parent.log
 create mode 100644 docs/designs/nav-rework-evidence-2026-09-09/research/C8/local-mac/test_nav_candidate.log
 create mode 100644 docs/designs/nav-rework-evidence-2026-09-09/research/C8/local-mac/test_nav_parent.log
 create mode 100755 docs/designs/nav-rework-evidence-2026-09-09/research/C8/run_c8_screen.sh
 create mode 100644 docs/designs/nav-rework-evidence-2026-09-09/research/C8/snapshots/candidate-body_nav.nim
 create mode 100644 docs/designs/nav-rework-evidence-2026-09-09/research/C8/snapshots/parent-body_nav.nim
 create mode 100644 docs/designs/nav-rework-evidence-2026-09-09/research/C8/snapshots/screen-body_nav.nim
 create mode 100644 docs/designs/nav-rework-evidence-2026-09-09/research/C8_NATIVE_PREREG.md
 create mode 100644 docs/designs/nav-rework-evidence-2026-09-09/research/C8_ROOT_RESULT.md
 create mode 100644 docs/designs/nav-rework-evidence-2026-09-09/research/C8_ROOT_REVIEW.md
 create mode 100644 docs/designs/nav-rework-evidence-2026-09-09/research/C8_ZERO_REVIEW.md
 create mode 100644 docs/designs/nav-rework-evidence-2026-09-09/research/C8_ZERO_REVIEW_REQUEST.md
 create mode 100644 docs/designs/nav-rework-evidence-2026-09-09/research/run_c3.sh
 create mode 100644 docs/designs/nav-rework-evidence-2026-09-09/research/run_c3_mechanisms.sh
 create mode 100644 docs/designs/nav-rework-evidence-2026-09-09/research/run_c5_m5a.sh
 create mode 100644 docs/designs/nav-rework-evidence-2026-09-09/research/run_c5_owned.sh
 create mode 100644 docs/designs/nav-rework-evidence-2026-09-09/research/run_c6_micro.sh
 create mode 100644 docs/designs/nav-rework-evidence-2026-09-09/research/run_c8_mechanisms.sh
