[james/nav-throughput-research e10b6f11] Measure list replay gains and close the early-visited speed screen
 489 files changed, 34860 insertions(+)
 create mode 100644 docs/designs/nav-rework-evidence-2026-09-09/research/A7-m5a-summary.json
 create mode 100644 docs/designs/nav-rework-evidence-2026-09-09/research/A7-m5a/DONE
 create mode 100644 docs/designs/nav-rework-evidence-2026-09-09/research/A7-m5a/base-commit.txt
 create mode 100644 docs/designs/nav-rework-evidence-2026-09-09/research/A7-m5a/build-eager-early.log
 create mode 100644 docs/designs/nav-rework-evidence-2026-09-09/research/A7-m5a/build-eager.log
 create mode 100644 docs/designs/nav-rework-evidence-2026-09-09/research/A7-m5a/build-lazy-early.log
 create mode 100644 docs/designs/nav-rework-evidence-2026-09-09/research/A7-m5a/build-lazy.log
 create mode 100644 docs/designs/nav-rework-evidence-2026-09-09/research/A7-m5a/cache-eager-early/bench-eager-early.json
 create mode 100644 docs/designs/nav-rework-evidence-2026-09-09/research/A7-m5a/cache-eager/bench-eager.json
 create mode 100644 docs/designs/nav-rework-evidence-2026-09-09/research/A7-m5a/cache-lazy-early/bench-lazy-early.json
 create mode 100644 docs/designs/nav-rework-evidence-2026-09-09/research/A7-m5a/cache-lazy/bench-lazy.json
 create mode 100644 docs/designs/nav-rework-evidence-2026-09-09/research/A7-m5a/eager-early-r1.json
 create mode 100644 docs/designs/nav-rework-evidence-2026-09-09/research/A7-m5a/eager-early-r1.stderr
 create mode 100644 docs/designs/nav-rework-evidence-2026-09-09/research/A7-m5a/eager-early-r2.json
 create mode 100644 docs/designs/nav-rework-evidence-2026-09-09/research/A7-m5a/eager-early-r2.stderr
 create mode 100644 docs/designs/nav-rework-evidence-2026-09-09/research/A7-m5a/eager-early-r3.json
 create mode 100644 docs/designs/nav-rework-evidence-2026-09-09/research/A7-m5a/eager-early-r3.stderr
 create mode 100644 docs/designs/nav-rework-evidence-2026-09-09/research/A7-m5a/eager-early.patch
 create mode 100644 docs/designs/nav-rework-evidence-2026-09-09/research/A7-m5a/eager-r1.json
 create mode 100644 docs/designs/nav-rework-evidence-2026-09-09/research/A7-m5a/eager-r1.stderr
 create mode 100644 docs/designs/nav-rework-evidence-2026-09-09/research/A7-m5a/eager-r2.json
 create mode 100644 docs/designs/nav-rework-evidence-2026-09-09/research/A7-m5a/eager-r2.stderr
 create mode 100644 docs/designs/nav-rework-evidence-2026-09-09/research/A7-m5a/eager-r3.json
 create mode 100644 docs/designs/nav-rework-evidence-2026-09-09/research/A7-m5a/eager-r3.stderr
 create mode 100644 docs/designs/nav-rework-evidence-2026-09-09/research/A7-m5a/eager.patch
 create mode 100644 docs/designs/nav-rework-evidence-2026-09-09/research/A7-m5a/executable-hashes.txt
 create mode 100644 docs/designs/nav-rework-evidence-2026-09-09/research/A7-m5a/input-hashes.txt
 create mode 100644 docs/designs/nav-rework-evidence-2026-09-09/research/A7-m5a/lazy-early-r1.json
 create mode 100644 docs/designs/nav-rework-evidence-2026-09-09/research/A7-m5a/lazy-early-r1.stderr
 create mode 100644 docs/designs/nav-rework-evidence-2026-09-09/research/A7-m5a/lazy-early-r2.json
 create mode 100644 docs/designs/nav-rework-evidence-2026-09-09/research/A7-m5a/lazy-early-r2.stderr
 create mode 100644 docs/designs/nav-rework-evidence-2026-09-09/research/A7-m5a/lazy-early-r3.json
 create mode 100644 docs/designs/nav-rework-evidence-2026-09-09/research/A7-m5a/lazy-early-r3.stderr
 create mode 100644 docs/designs/nav-rework-evidence-2026-09-09/research/A7-m5a/lazy-early.patch
 create mode 100644 docs/designs/nav-rework-evidence-2026-09-09/research/A7-m5a/lazy-r1.json
 create mode 100644 docs/designs/nav-rework-evidence-2026-09-09/research/A7-m5a/lazy-r1.stderr
 create mode 100644 docs/designs/nav-rework-evidence-2026-09-09/research/A7-m5a/lazy-r2.json
 create mode 100644 docs/designs/nav-rework-evidence-2026-09-09/research/A7-m5a/lazy-r2.stderr
 create mode 100644 docs/designs/nav-rework-evidence-2026-09-09/research/A7-m5a/lazy-r3.json
 create mode 100644 docs/designs/nav-rework-evidence-2026-09-09/research/A7-m5a/lazy-r3.stderr
 create mode 100644 docs/designs/nav-rework-evidence-2026-09-09/research/A7-m5a/lazy.patch
 create mode 100644 docs/designs/nav-rework-evidence-2026-09-09/research/A7-m5a/lscpu.txt
 create mode 100644 docs/designs/nav-rework-evidence-2026-09-09/research/A7-m8i-summary.json
 create mode 100644 docs/designs/nav-rework-evidence-2026-09-09/research/A7-m8i/DONE
 create mode 100644 docs/designs/nav-rework-evidence-2026-09-09/research/A7-m8i/base-commit.txt
 create mode 100644 docs/designs/nav-rework-evidence-2026-09-09/research/A7-m8i/build-eager-early.log
 create mode 100644 docs/designs/nav-rework-evidence-2026-09-09/research/A7-m8i/build-eager.log
 create mode 100644 docs/designs/nav-rework-evidence-2026-09-09/research/A7-m8i/build-lazy-early.log
 create mode 100644 docs/designs/nav-rework-evidence-2026-09-09/research/A7-m8i/build-lazy.log
 create mode 100644 docs/designs/nav-rework-evidence-2026-09-09/research/A7-m8i/cache-eager-early/bench-eager-early.json
 create mode 100644 docs/designs/nav-rework-evidence-2026-09-09/research/A7-m8i/cache-eager/bench-eager.json
 create mode 100644 docs/designs/nav-rework-evidence-2026-09-09/research/A7-m8i/cache-lazy-early/bench-lazy-early.json
 create mode 100644 docs/designs/nav-rework-evidence-2026-09-09/research/A7-m8i/cache-lazy/bench-lazy.json
 create mode 100644 docs/designs/nav-rework-evidence-2026-09-09/research/A7-m8i/eager-early-r1.json
 create mode 100644 docs/designs/nav-rework-evidence-2026-09-09/research/A7-m8i/eager-early-r1.stderr
 create mode 100644 docs/designs/nav-rework-evidence-2026-09-09/research/A7-m8i/eager-early-r2.json
 create mode 100644 docs/designs/nav-rework-evidence-2026-09-09/research/A7-m8i/eager-early-r2.stderr
 create mode 100644 docs/designs/nav-rework-evidence-2026-09-09/research/A7-m8i/eager-early-r3.json
 create mode 100644 docs/designs/nav-rework-evidence-2026-09-09/research/A7-m8i/eager-early-r3.stderr
 create mode 100644 docs/designs/nav-rework-evidence-2026-09-09/research/A7-m8i/eager-early.patch
 create mode 100644 docs/designs/nav-rework-evidence-2026-09-09/research/A7-m8i/eager-r1.json
 create mode 100644 docs/designs/nav-rework-evidence-2026-09-09/research/A7-m8i/eager-r1.stderr
 create mode 100644 docs/designs/nav-rework-evidence-2026-09-09/research/A7-m8i/eager-r2.json
 create mode 100644 docs/designs/nav-rework-evidence-2026-09-09/research/A7-m8i/eager-r2.stderr
 create mode 100644 docs/designs/nav-rework-evidence-2026-09-09/research/A7-m8i/eager-r3.json
 create mode 100644 docs/designs/nav-rework-evidence-2026-09-09/research/A7-m8i/eager-r3.stderr
 create mode 100644 docs/designs/nav-rework-evidence-2026-09-09/research/A7-m8i/eager.patch
 create mode 100644 docs/designs/nav-rework-evidence-2026-09-09/research/A7-m8i/executable-hashes.txt
 create mode 100644 docs/designs/nav-rework-evidence-2026-09-09/research/A7-m8i/input-hashes.txt
 create mode 100644 docs/designs/nav-rework-evidence-2026-09-09/research/A7-m8i/lazy-early-r1.json
 create mode 100644 docs/designs/nav-rework-evidence-2026-09-09/research/A7-m8i/lazy-early-r1.stderr
 create mode 100644 docs/designs/nav-rework-evidence-2026-09-09/research/A7-m8i/lazy-early-r2.json
 create mode 100644 docs/designs/nav-rework-evidence-2026-09-09/research/A7-m8i/lazy-early-r2.stderr
 create mode 100644 docs/designs/nav-rework-evidence-2026-09-09/research/A7-m8i/lazy-early-r3.json
 create mode 100644 docs/designs/nav-rework-evidence-2026-09-09/research/A7-m8i/lazy-early-r3.stderr
 create mode 100644 docs/designs/nav-rework-evidence-2026-09-09/research/A7-m8i/lazy-early.patch
 create mode 100644 docs/designs/nav-rework-evidence-2026-09-09/research/A7-m8i/lazy-r1.json
 create mode 100644 docs/designs/nav-rework-evidence-2026-09-09/research/A7-m8i/lazy-r1.stderr
 create mode 100644 docs/designs/nav-rework-evidence-2026-09-09/research/A7-m8i/lazy-r2.json
 create mode 100644 docs/designs/nav-rework-evidence-2026-09-09/research/A7-m8i/lazy-r2.stderr
 create mode 100644 docs/designs/nav-rework-evidence-2026-09-09/research/A7-m8i/lazy-r3.json
 create mode 100644 docs/designs/nav-rework-evidence-2026-09-09/research/A7-m8i/lazy-r3.stderr
 create mode 100644 docs/designs/nav-rework-evidence-2026-09-09/research/A7-m8i/lazy.patch
 create mode 100644 docs/designs/nav-rework-evidence-2026-09-09/research/A7-m8i/lscpu.txt
 create mode 100644 docs/designs/nav-rework-evidence-2026-09-09/research/A7/OWNERSHIP.md
 create mode 100644 docs/designs/nav-rework-evidence-2026-09-09/research/A7/SOURCE_MANIFEST.txt
 create mode 100644 docs/designs/nav-rework-evidence-2026-09-09/research/A7/before-edge-coverage.nim
 create mode 100644 docs/designs/nav-rework-evidence-2026-09-09/research/A7/bench_index_constructor.nim
 create mode 100644 docs/designs/nav-rework-evidence-2026-09-09/research/A7/check_body_route_index_identity.nim
 create mode 100644 docs/designs/nav-rework-evidence-2026-09-09/research/A7/check_pixel_search_arms-v1.nim
 create mode 100644 docs/designs/nav-rework-evidence-2026-09-09/research/A7/check_pixel_search_arms-v2.nim
 create mode 100644 docs/designs/nav-rework-evidence-2026-09-09/research/A7/check_pixel_search_arms.nim
 create mode 100644 docs/designs/nav-rework-evidence-2026-09-09/research/A7/local/DONE
 create mode 100644 docs/designs/nav-rework-evidence-2026-09-09/research/A7/local/EDGE_DONE
 create mode 100644 docs/designs/nav-rework-evidence-2026-09-09/research/A7/local/build-before-nimby-sync.log
 create mode 100644 docs/designs/nav-rework-evidence-2026-09-09/research/A7/local/build-eager-arms-v2.log
 create mode 100644 docs/designs/nav-rework-evidence-2026-09-09/research/A7/local/build-eager-arms.log
 create mode 100644 docs/designs/nav-rework-evidence-2026-09-09/research/A7/local/build-eager-early-arms-v2.log
 create mode 100644 docs/designs/nav-rework-evidence-2026-09-09/research/A7/local/build-eager-early-arms.log
 create mode 100644 docs/designs/nav-rework-evidence-2026-09-09/research/A7/local/build-eager-early-identity.log
 create mode 100644 docs/designs/nav-rework-evidence-2026-09-09/research/A7/local/build-eager-identity.log
 create mode 100644 docs/designs/nav-rework-evidence-2026-09-09/research/A7/local/build-lazy-arms-v2.log
 create mode 100644 docs/designs/nav-rework-evidence-2026-09-09/research/A7/local/build-lazy-arms.log
 create mode 100644 docs/designs/nav-rework-evidence-2026-09-09/research/A7/local/build-lazy-early-arms-v2.log
 create mode 100644 docs/designs/nav-rework-evidence-2026-09-09/research/A7/local/build-lazy-early-arms.log
 create mode 100644 docs/designs/nav-rework-evidence-2026-09-09/research/A7/local/build-lazy-early-identity.log
 create mode 100644 docs/designs/nav-rework-evidence-2026-09-09/research/A7/local/build-lazy-identity.log
 create mode 100644 docs/designs/nav-rework-evidence-2026-09-09/research/A7/local/cache-eager-arms/eager-arms-v2.json
 create mode 100644 docs/designs/nav-rework-evidence-2026-09-09/research/A7/local/cache-eager-arms/eager-arms.json
 create mode 100644 docs/designs/nav-rework-evidence-2026-09-09/research/A7/local/cache-eager-early-arms/eager-early-arms-v2.json
 create mode 100644 docs/designs/nav-rework-evidence-2026-09-09/research/A7/local/cache-eager-early-arms/eager-early-arms.json
 create mode 100644 docs/designs/nav-rework-evidence-2026-09-09/research/A7/local/cache-eager-early-identity/eager-early-identity.json
 create mode 100644 docs/designs/nav-rework-evidence-2026-09-09/research/A7/local/cache-eager-identity/eager-identity.json
 create mode 100644 docs/designs/nav-rework-evidence-2026-09-09/research/A7/local/cache-lazy-arms/lazy-arms-v2.json
 create mode 100644 docs/designs/nav-rework-evidence-2026-09-09/research/A7/local/cache-lazy-arms/lazy-arms.json
 create mode 100644 docs/designs/nav-rework-evidence-2026-09-09/research/A7/local/cache-lazy-early-arms/lazy-early-arms-v2.json
 create mode 100644 docs/designs/nav-rework-evidence-2026-09-09/research/A7/local/cache-lazy-early-arms/lazy-early-arms.json
 create mode 100644 docs/designs/nav-rework-evidence-2026-09-09/research/A7/local/cache-lazy-early-identity/lazy-early-identity.json
 create mode 100644 docs/designs/nav-rework-evidence-2026-09-09/research/A7/local/cache-lazy-identity/lazy-identity.json
 create mode 100644 docs/designs/nav-rework-evidence-2026-09-09/research/A7/local/eager-arms-v2.json
 create mode 100644 docs/designs/nav-rework-evidence-2026-09-09/research/A7/local/eager-arms-v2.stderr
 create mode 100644 docs/designs/nav-rework-evidence-2026-09-09/research/A7/local/eager-arms.json
 create mode 100644 docs/designs/nav-rework-evidence-2026-09-09/research/A7/local/eager-arms.stderr
 create mode 100644 docs/designs/nav-rework-evidence-2026-09-09/research/A7/local/eager-early-arms-v2.json
 create mode 100644 docs/designs/nav-rework-evidence-2026-09-09/research/A7/local/eager-early-arms-v2.stderr
 create mode 100644 docs/designs/nav-rework-evidence-2026-09-09/research/A7/local/eager-early-arms.json
 create mode 100644 docs/designs/nav-rework-evidence-2026-09-09/research/A7/local/eager-early-arms.stderr
 create mode 100644 docs/designs/nav-rework-evidence-2026-09-09/research/A7/local/eager-early-identity.json
 create mode 100644 docs/designs/nav-rework-evidence-2026-09-09/research/A7/local/eager-early-identity.stderr
 create mode 100644 docs/designs/nav-rework-evidence-2026-09-09/research/A7/local/eager-identity.json
 create mode 100644 docs/designs/nav-rework-evidence-2026-09-09/research/A7/local/eager-identity.stderr
 create mode 100644 docs/designs/nav-rework-evidence-2026-09-09/research/A7/local/lazy-arms-v2.json
 create mode 100644 docs/designs/nav-rework-evidence-2026-09-09/research/A7/local/lazy-arms-v2.stderr
 create mode 100644 docs/designs/nav-rework-evidence-2026-09-09/research/A7/local/lazy-arms.json
 create mode 100644 docs/designs/nav-rework-evidence-2026-09-09/research/A7/local/lazy-arms.stderr
 create mode 100644 docs/designs/nav-rework-evidence-2026-09-09/research/A7/local/lazy-early-arms-v2.json
 create mode 100644 docs/designs/nav-rework-evidence-2026-09-09/research/A7/local/lazy-early-arms-v2.stderr
 create mode 100644 docs/designs/nav-rework-evidence-2026-09-09/research/A7/local/lazy-early-arms.json
 create mode 100644 docs/designs/nav-rework-evidence-2026-09-09/research/A7/local/lazy-early-arms.stderr
 create mode 100644 docs/designs/nav-rework-evidence-2026-09-09/research/A7/local/lazy-early-identity.json
 create mode 100644 docs/designs/nav-rework-evidence-2026-09-09/research/A7/local/lazy-early-identity.stderr
 create mode 100644 docs/designs/nav-rework-evidence-2026-09-09/research/A7/local/lazy-identity.json
 create mode 100644 docs/designs/nav-rework-evidence-2026-09-09/research/A7/local/lazy-identity.stderr
 create mode 100644 docs/designs/nav-rework-evidence-2026-09-09/research/A7/local/test-eager-early.log
 create mode 100644 docs/designs/nav-rework-evidence-2026-09-09/research/A7/local/test-eager.log
 create mode 100644 docs/designs/nav-rework-evidence-2026-09-09/research/A7/local/test-lazy-early.log
 create mode 100644 docs/designs/nav-rework-evidence-2026-09-09/research/A7/local/test-lazy.log
 create mode 100644 docs/designs/nav-rework-evidence-2026-09-09/research/A7/original-index.nim
 create mode 100644 docs/designs/nav-rework-evidence-2026-09-09/research/A7/profile_body_route_index.nim
 create mode 100644 docs/designs/nav-rework-evidence-2026-09-09/research/A7/run_edge_coverage.sh
 create mode 100644 docs/designs/nav-rework-evidence-2026-09-09/research/A7/run_local.sh
 create mode 100644 docs/designs/nav-rework-evidence-2026-09-09/research/A7/run_native.sh
 create mode 100644 docs/designs/nav-rework-evidence-2026-09-09/research/A7/snapshots/eager-early.nim
 create mode 100644 docs/designs/nav-rework-evidence-2026-09-09/research/A7/snapshots/eager.nim
 create mode 100644 docs/designs/nav-rework-evidence-2026-09-09/research/A7/snapshots/lazy-early.nim
 create mode 100644 docs/designs/nav-rework-evidence-2026-09-09/research/A7/snapshots/lazy.nim
 create mode 100644 docs/designs/nav-rework-evidence-2026-09-09/research/A7_LOCAL_REVIEW.md
 create mode 100644 docs/designs/nav-rework-evidence-2026-09-09/research/A7_NATIVE_REPORT.md
 create mode 100644 docs/designs/nav-rework-evidence-2026-09-09/research/A7_PEER_REVIEW.md
 create mode 100644 docs/designs/nav-rework-evidence-2026-09-09/research/A7_PROPOSAL.md
 create mode 100644 docs/designs/nav-rework-evidence-2026-09-09/research/C7-m5a-summary.json
 create mode 100644 docs/designs/nav-rework-evidence-2026-09-09/research/C7-m5a/DONE
 create mode 100644 docs/designs/nav-rework-evidence-2026-09-09/research/C7-m5a/base-commit.txt
 create mode 100644 docs/designs/nav-rework-evidence-2026-09-09/research/C7-m5a/build-c2-bench.log
 create mode 100644 docs/designs/nav-rework-evidence-2026-09-09/research/C7-m5a/build-c2-check.log
 create mode 100644 docs/designs/nav-rework-evidence-2026-09-09/research/C7-m5a/build-c8-bench.log
 create mode 100644 docs/designs/nav-rework-evidence-2026-09-09/research/C7-m5a/build-c8-check.log
 create mode 100644 docs/designs/nav-rework-evidence-2026-09-09/research/C7-m5a/c2-br-gen-5120-1300-r1.json
 create mode 100644 docs/designs/nav-rework-evidence-2026-09-09/research/C7-m5a/c2-br-gen-5120-1300-r1.stderr
 create mode 100644 docs/designs/nav-rework-evidence-2026-09-09/research/C7-m5a/c2-br-gen-5120-1300-r2.json
 create mode 100644 docs/designs/nav-rework-evidence-2026-09-09/research/C7-m5a/c2-br-gen-5120-1300-r2.stderr
 create mode 100644 docs/designs/nav-rework-evidence-2026-09-09/research/C7-m5a/c2-br-gen-5120-1300-r3.json
 create mode 100644 docs/designs/nav-rework-evidence-2026-09-09/research/C7-m5a/c2-br-gen-5120-1300-r3.stderr
 create mode 100644 docs/designs/nav-rework-evidence-2026-09-09/research/C7-m5a/c2-br-gen-5120-1300-r4.json
 create mode 100644 docs/designs/nav-rework-evidence-2026-09-09/research/C7-m5a/c2-br-gen-5120-1300-r4.stderr
 create mode 100644 docs/designs/nav-rework-evidence-2026-09-09/research/C7-m5a/c2-br-gen-5120-1300-r5.json
 create mode 100644 docs/designs/nav-rework-evidence-2026-09-09/research/C7-m5a/c2-br-gen-5120-1300-r5.stderr
 create mode 100644 docs/designs/nav-rework-evidence-2026-09-09/research/C7-m5a/c2-br-gen-5120-331-r1.json
 create mode 100644 docs/designs/nav-rework-evidence-2026-09-09/research/C7-m5a/c2-br-gen-5120-331-r1.stderr
 create mode 100644 docs/designs/nav-rework-evidence-2026-09-09/research/C7-m5a/c2-br-gen-5120-331-r2.json
 create mode 100644 docs/designs/nav-rework-evidence-2026-09-09/research/C7-m5a/c2-br-gen-5120-331-r2.stderr
 create mode 100644 docs/designs/nav-rework-evidence-2026-09-09/research/C7-m5a/c2-br-gen-5120-331-r3.json
 create mode 100644 docs/designs/nav-rework-evidence-2026-09-09/research/C7-m5a/c2-br-gen-5120-331-r3.stderr
 create mode 100644 docs/designs/nav-rework-evidence-2026-09-09/research/C7-m5a/c2-br-gen-5120-331-r4.json
 create mode 100644 docs/designs/nav-rework-evidence-2026-09-09/research/C7-m5a/c2-br-gen-5120-331-r4.stderr
 create mode 100644 docs/designs/nav-rework-evidence-2026-09-09/research/C7-m5a/c2-br-gen-5120-331-r5.json
 create mode 100644 docs/designs/nav-rework-evidence-2026-09-09/research/C7-m5a/c2-br-gen-5120-331-r5.stderr
 create mode 100644 docs/designs/nav-rework-evidence-2026-09-09/research/C7-m5a/c2-br-gen-5204-1300-r1.json
 create mode 100644 docs/designs/nav-rework-evidence-2026-09-09/research/C7-m5a/c2-br-gen-5204-1300-r1.stderr
 create mode 100644 docs/designs/nav-rework-evidence-2026-09-09/research/C7-m5a/c2-br-gen-5204-1300-r2.json
 create mode 100644 docs/designs/nav-rework-evidence-2026-09-09/research/C7-m5a/c2-br-gen-5204-1300-r2.stderr
 create mode 100644 docs/designs/nav-rework-evidence-2026-09-09/research/C7-m5a/c2-br-gen-5204-1300-r3.json
 create mode 100644 docs/designs/nav-rework-evidence-2026-09-09/research/C7-m5a/c2-br-gen-5204-1300-r3.stderr
 create mode 100644 docs/designs/nav-rework-evidence-2026-09-09/research/C7-m5a/c2-br-gen-5204-1300-r4.json
 create mode 100644 docs/designs/nav-rework-evidence-2026-09-09/research/C7-m5a/c2-br-gen-5204-1300-r4.stderr
 create mode 100644 docs/designs/nav-rework-evidence-2026-09-09/research/C7-m5a/c2-br-gen-5204-1300-r5.json
 create mode 100644 docs/designs/nav-rework-evidence-2026-09-09/research/C7-m5a/c2-br-gen-5204-1300-r5.stderr
 create mode 100644 docs/designs/nav-rework-evidence-2026-09-09/research/C7-m5a/c2-br-gen-5204-331-r1.json
 create mode 100644 docs/designs/nav-rework-evidence-2026-09-09/research/C7-m5a/c2-br-gen-5204-331-r1.stderr
 create mode 100644 docs/designs/nav-rework-evidence-2026-09-09/research/C7-m5a/c2-br-gen-5204-331-r2.json
 create mode 100644 docs/designs/nav-rework-evidence-2026-09-09/research/C7-m5a/c2-br-gen-5204-331-r2.stderr
 create mode 100644 docs/designs/nav-rework-evidence-2026-09-09/research/C7-m5a/c2-br-gen-5204-331-r3.json
 create mode 100644 docs/designs/nav-rework-evidence-2026-09-09/research/C7-m5a/c2-br-gen-5204-331-r3.stderr
 create mode 100644 docs/designs/nav-rework-evidence-2026-09-09/research/C7-m5a/c2-br-gen-5204-331-r4.json
 create mode 100644 docs/designs/nav-rework-evidence-2026-09-09/research/C7-m5a/c2-br-gen-5204-331-r4.stderr
 create mode 100644 docs/designs/nav-rework-evidence-2026-09-09/research/C7-m5a/c2-br-gen-5204-331-r5.json
 create mode 100644 docs/designs/nav-rework-evidence-2026-09-09/research/C7-m5a/c2-br-gen-5204-331-r5.stderr
 create mode 100644 docs/designs/nav-rework-evidence-2026-09-09/research/C7-m5a/c2-br-gen-5263-1300-r1.json
 create mode 100644 docs/designs/nav-rework-evidence-2026-09-09/research/C7-m5a/c2-br-gen-5263-1300-r1.stderr
 create mode 100644 docs/designs/nav-rework-evidence-2026-09-09/research/C7-m5a/c2-br-gen-5263-1300-r2.json
 create mode 100644 docs/designs/nav-rework-evidence-2026-09-09/research/C7-m5a/c2-br-gen-5263-1300-r2.stderr
 create mode 100644 docs/designs/nav-rework-evidence-2026-09-09/research/C7-m5a/c2-br-gen-5263-1300-r3.json
 create mode 100644 docs/designs/nav-rework-evidence-2026-09-09/research/C7-m5a/c2-br-gen-5263-1300-r3.stderr
 create mode 100644 docs/designs/nav-rework-evidence-2026-09-09/research/C7-m5a/c2-br-gen-5263-1300-r4.json
 create mode 100644 docs/designs/nav-rework-evidence-2026-09-09/research/C7-m5a/c2-br-gen-5263-1300-r4.stderr
 create mode 100644 docs/designs/nav-rework-evidence-2026-09-09/research/C7-m5a/c2-br-gen-5263-1300-r5.json
 create mode 100644 docs/designs/nav-rework-evidence-2026-09-09/research/C7-m5a/c2-br-gen-5263-1300-r5.stderr
 create mode 100644 docs/designs/nav-rework-evidence-2026-09-09/research/C7-m5a/c2-br-gen-5263-331-r1.json
 create mode 100644 docs/designs/nav-rework-evidence-2026-09-09/research/C7-m5a/c2-br-gen-5263-331-r1.stderr
 create mode 100644 docs/designs/nav-rework-evidence-2026-09-09/research/C7-m5a/c2-br-gen-5263-331-r2.json
 create mode 100644 docs/designs/nav-rework-evidence-2026-09-09/research/C7-m5a/c2-br-gen-5263-331-r2.stderr
 create mode 100644 docs/designs/nav-rework-evidence-2026-09-09/research/C7-m5a/c2-br-gen-5263-331-r3.json
 create mode 100644 docs/designs/nav-rework-evidence-2026-09-09/research/C7-m5a/c2-br-gen-5263-331-r3.stderr
 create mode 100644 docs/designs/nav-rework-evidence-2026-09-09/research/C7-m5a/c2-br-gen-5263-331-r4.json
 create mode 100644 docs/designs/nav-rework-evidence-2026-09-09/research/C7-m5a/c2-br-gen-5263-331-r4.stderr
 create mode 100644 docs/designs/nav-rework-evidence-2026-09-09/research/C7-m5a/c2-br-gen-5263-331-r5.json
 create mode 100644 docs/designs/nav-rework-evidence-2026-09-09/research/C7-m5a/c2-br-gen-5263-331-r5.stderr
 create mode 100644 docs/designs/nav-rework-evidence-2026-09-09/research/C7-m5a/c2.patch
 create mode 100644 docs/designs/nav-rework-evidence-2026-09-09/research/C7-m5a/c8-br-gen-5120-1300-r1.json
 create mode 100644 docs/designs/nav-rework-evidence-2026-09-09/research/C7-m5a/c8-br-gen-5120-1300-r1.stderr
 create mode 100644 docs/designs/nav-rework-evidence-2026-09-09/research/C7-m5a/c8-br-gen-5120-1300-r2.json
 create mode 100644 docs/designs/nav-rework-evidence-2026-09-09/research/C7-m5a/c8-br-gen-5120-1300-r2.stderr
 create mode 100644 docs/designs/nav-rework-evidence-2026-09-09/research/C7-m5a/c8-br-gen-5120-1300-r3.json
 create mode 100644 docs/designs/nav-rework-evidence-2026-09-09/research/C7-m5a/c8-br-gen-5120-1300-r3.stderr
 create mode 100644 docs/designs/nav-rework-evidence-2026-09-09/research/C7-m5a/c8-br-gen-5120-1300-r4.json
 create mode 100644 docs/designs/nav-rework-evidence-2026-09-09/research/C7-m5a/c8-br-gen-5120-1300-r4.stderr
 create mode 100644 docs/designs/nav-rework-evidence-2026-09-09/research/C7-m5a/c8-br-gen-5120-1300-r5.json
 create mode 100644 docs/designs/nav-rework-evidence-2026-09-09/research/C7-m5a/c8-br-gen-5120-1300-r5.stderr
 create mode 100644 docs/designs/nav-rework-evidence-2026-09-09/research/C7-m5a/c8-br-gen-5120-331-r1.json
 create mode 100644 docs/designs/nav-rework-evidence-2026-09-09/research/C7-m5a/c8-br-gen-5120-331-r1.stderr
 create mode 100644 docs/designs/nav-rework-evidence-2026-09-09/research/C7-m5a/c8-br-gen-5120-331-r2.json
 create mode 100644 docs/designs/nav-rework-evidence-2026-09-09/research/C7-m5a/c8-br-gen-5120-331-r2.stderr
 create mode 100644 docs/designs/nav-rework-evidence-2026-09-09/research/C7-m5a/c8-br-gen-5120-331-r3.json
 create mode 100644 docs/designs/nav-rework-evidence-2026-09-09/research/C7-m5a/c8-br-gen-5120-331-r3.stderr
 create mode 100644 docs/designs/nav-rework-evidence-2026-09-09/research/C7-m5a/c8-br-gen-5120-331-r4.json
 create mode 100644 docs/designs/nav-rework-evidence-2026-09-09/research/C7-m5a/c8-br-gen-5120-331-r4.stderr
 create mode 100644 docs/designs/nav-rework-evidence-2026-09-09/research/C7-m5a/c8-br-gen-5120-331-r5.json
 create mode 100644 docs/designs/nav-rework-evidence-2026-09-09/research/C7-m5a/c8-br-gen-5120-331-r5.stderr
 create mode 100644 docs/designs/nav-rework-evidence-2026-09-09/research/C7-m5a/c8-br-gen-5204-1300-r1.json
 create mode 100644 docs/designs/nav-rework-evidence-2026-09-09/research/C7-m5a/c8-br-gen-5204-1300-r1.stderr
 create mode 100644 docs/designs/nav-rework-evidence-2026-09-09/research/C7-m5a/c8-br-gen-5204-1300-r2.json
 create mode 100644 docs/designs/nav-rework-evidence-2026-09-09/research/C7-m5a/c8-br-gen-5204-1300-r2.stderr
 create mode 100644 docs/designs/nav-rework-evidence-2026-09-09/research/C7-m5a/c8-br-gen-5204-1300-r3.json
 create mode 100644 docs/designs/nav-rework-evidence-2026-09-09/research/C7-m5a/c8-br-gen-5204-1300-r3.stderr
 create mode 100644 docs/designs/nav-rework-evidence-2026-09-09/research/C7-m5a/c8-br-gen-5204-1300-r4.json
 create mode 100644 docs/designs/nav-rework-evidence-2026-09-09/research/C7-m5a/c8-br-gen-5204-1300-r4.stderr
 create mode 100644 docs/designs/nav-rework-evidence-2026-09-09/research/C7-m5a/c8-br-gen-5204-1300-r5.json
 create mode 100644 docs/designs/nav-rework-evidence-2026-09-09/research/C7-m5a/c8-br-gen-5204-1300-r5.stderr
 create mode 100644 docs/designs/nav-rework-evidence-2026-09-09/research/C7-m5a/c8-br-gen-5204-331-r1.json
 create mode 100644 docs/designs/nav-rework-evidence-2026-09-09/research/C7-m5a/c8-br-gen-5204-331-r1.stderr
 create mode 100644 docs/designs/nav-rework-evidence-2026-09-09/research/C7-m5a/c8-br-gen-5204-331-r2.json
 create mode 100644 docs/designs/nav-rework-evidence-2026-09-09/research/C7-m5a/c8-br-gen-5204-331-r2.stderr
 create mode 100644 docs/designs/nav-rework-evidence-2026-09-09/research/C7-m5a/c8-br-gen-5204-331-r3.json
 create mode 100644 docs/designs/nav-rework-evidence-2026-09-09/research/C7-m5a/c8-br-gen-5204-331-r3.stderr
 create mode 100644 docs/designs/nav-rework-evidence-2026-09-09/research/C7-m5a/c8-br-gen-5204-331-r4.json
 create mode 100644 docs/designs/nav-rework-evidence-2026-09-09/research/C7-m5a/c8-br-gen-5204-331-r4.stderr
 create mode 100644 docs/designs/nav-rework-evidence-2026-09-09/research/C7-m5a/c8-br-gen-5204-331-r5.json
 create mode 100644 docs/designs/nav-rework-evidence-2026-09-09/research/C7-m5a/c8-br-gen-5204-331-r5.stderr
 create mode 100644 docs/designs/nav-rework-evidence-2026-09-09/research/C7-m5a/c8-br-gen-5263-1300-r1.json
 create mode 100644 docs/designs/nav-rework-evidence-2026-09-09/research/C7-m5a/c8-br-gen-5263-1300-r1.stderr
 create mode 100644 docs/designs/nav-rework-evidence-2026-09-09/research/C7-m5a/c8-br-gen-5263-1300-r2.json
 create mode 100644 docs/designs/nav-rework-evidence-2026-09-09/research/C7-m5a/c8-br-gen-5263-1300-r2.stderr
 create mode 100644 docs/designs/nav-rework-evidence-2026-09-09/research/C7-m5a/c8-br-gen-5263-1300-r3.json
 create mode 100644 docs/designs/nav-rework-evidence-2026-09-09/research/C7-m5a/c8-br-gen-5263-1300-r3.stderr
 create mode 100644 docs/designs/nav-rework-evidence-2026-09-09/research/C7-m5a/c8-br-gen-5263-1300-r4.json
 create mode 100644 docs/designs/nav-rework-evidence-2026-09-09/research/C7-m5a/c8-br-gen-5263-1300-r4.stderr
 create mode 100644 docs/designs/nav-rework-evidence-2026-09-09/research/C7-m5a/c8-br-gen-5263-1300-r5.json
 create mode 100644 docs/designs/nav-rework-evidence-2026-09-09/research/C7-m5a/c8-br-gen-5263-1300-r5.stderr
 create mode 100644 docs/designs/nav-rework-evidence-2026-09-09/research/C7-m5a/c8-br-gen-5263-331-r1.json
 create mode 100644 docs/designs/nav-rework-evidence-2026-09-09/research/C7-m5a/c8-br-gen-5263-331-r1.stderr
 create mode 100644 docs/designs/nav-rework-evidence-2026-09-09/research/C7-m5a/c8-br-gen-5263-331-r2.json
 create mode 100644 docs/designs/nav-rework-evidence-2026-09-09/research/C7-m5a/c8-br-gen-5263-331-r2.stderr
 create mode 100644 docs/designs/nav-rework-evidence-2026-09-09/research/C7-m5a/c8-br-gen-5263-331-r3.json
 create mode 100644 docs/designs/nav-rework-evidence-2026-09-09/research/C7-m5a/c8-br-gen-5263-331-r3.stderr
 create mode 100644 docs/designs/nav-rework-evidence-2026-09-09/research/C7-m5a/c8-br-gen-5263-331-r4.json
 create mode 100644 docs/designs/nav-rework-evidence-2026-09-09/research/C7-m5a/c8-br-gen-5263-331-r4.stderr
 create mode 100644 docs/designs/nav-rework-evidence-2026-09-09/research/C7-m5a/c8-br-gen-5263-331-r5.json
 create mode 100644 docs/designs/nav-rework-evidence-2026-09-09/research/C7-m5a/c8-br-gen-5263-331-r5.stderr
 create mode 100644 docs/designs/nav-rework-evidence-2026-09-09/research/C7-m5a/c8.patch
 create mode 100644 docs/designs/nav-rework-evidence-2026-09-09/research/C7-m5a/cache-c2-bench/bench-c2.json
 create mode 100644 docs/designs/nav-rework-evidence-2026-09-09/research/C7-m5a/cache-c2-check/check-c2.json
 create mode 100644 docs/designs/nav-rework-evidence-2026-09-09/research/C7-m5a/cache-c8-bench/bench-c8.json
 create mode 100644 docs/designs/nav-rework-evidence-2026-09-09/research/C7-m5a/cache-c8-check/check-c8.json
 create mode 100644 docs/designs/nav-rework-evidence-2026-09-09/research/C7-m5a/check-c2.json
 create mode 100644 docs/designs/nav-rework-evidence-2026-09-09/research/C7-m5a/check-c2.stderr
 create mode 100644 docs/designs/nav-rework-evidence-2026-09-09/research/C7-m5a/check-c8.json
 create mode 100644 docs/designs/nav-rework-evidence-2026-09-09/research/C7-m5a/check-c8.stderr
 create mode 100644 docs/designs/nav-rework-evidence-2026-09-09/research/C7-m5a/executable-hashes.txt
 create mode 100644 docs/designs/nav-rework-evidence-2026-09-09/research/C7-m5a/exit-codes.txt
 create mode 100644 docs/designs/nav-rework-evidence-2026-09-09/research/C7-m5a/input-hashes.txt
 create mode 100644 docs/designs/nav-rework-evidence-2026-09-09/research/C7-m5a/lscpu.txt
 create mode 100644 docs/designs/nav-rework-evidence-2026-09-09/research/C7-m8i-summary.json
 create mode 100644 docs/designs/nav-rework-evidence-2026-09-09/research/C7-m8i/DONE
 create mode 100644 docs/designs/nav-rework-evidence-2026-09-09/research/C7-m8i/base-commit.txt
 create mode 100644 docs/designs/nav-rework-evidence-2026-09-09/research/C7-m8i/build-c2-bench.log
 create mode 100644 docs/designs/nav-rework-evidence-2026-09-09/research/C7-m8i/build-c2-check.log
 create mode 100644 docs/designs/nav-rework-evidence-2026-09-09/research/C7-m8i/build-c8-bench.log
 create mode 100644 docs/designs/nav-rework-evidence-2026-09-09/research/C7-m8i/build-c8-check.log
 create mode 100644 docs/designs/nav-rework-evidence-2026-09-09/research/C7-m8i/c2-br-gen-5120-1300-r1.json
 create mode 100644 docs/designs/nav-rework-evidence-2026-09-09/research/C7-m8i/c2-br-gen-5120-1300-r1.stderr
 create mode 100644 docs/designs/nav-rework-evidence-2026-09-09/research/C7-m8i/c2-br-gen-5120-1300-r2.json
 create mode 100644 docs/designs/nav-rework-evidence-2026-09-09/research/C7-m8i/c2-br-gen-5120-1300-r2.stderr
 create mode 100644 docs/designs/nav-rework-evidence-2026-09-09/research/C7-m8i/c2-br-gen-5120-1300-r3.json
 create mode 100644 docs/designs/nav-rework-evidence-2026-09-09/research/C7-m8i/c2-br-gen-5120-1300-r3.stderr
 create mode 100644 docs/designs/nav-rework-evidence-2026-09-09/research/C7-m8i/c2-br-gen-5120-1300-r4.json
 create mode 100644 docs/designs/nav-rework-evidence-2026-09-09/research/C7-m8i/c2-br-gen-5120-1300-r4.stderr
 create mode 100644 docs/designs/nav-rework-evidence-2026-09-09/research/C7-m8i/c2-br-gen-5120-1300-r5.json
 create mode 100644 docs/designs/nav-rework-evidence-2026-09-09/research/C7-m8i/c2-br-gen-5120-1300-r5.stderr
 create mode 100644 docs/designs/nav-rework-evidence-2026-09-09/research/C7-m8i/c2-br-gen-5120-331-r1.json
 create mode 100644 docs/designs/nav-rework-evidence-2026-09-09/research/C7-m8i/c2-br-gen-5120-331-r1.stderr
 create mode 100644 docs/designs/nav-rework-evidence-2026-09-09/research/C7-m8i/c2-br-gen-5120-331-r2.json
 create mode 100644 docs/designs/nav-rework-evidence-2026-09-09/research/C7-m8i/c2-br-gen-5120-331-r2.stderr
 create mode 100644 docs/designs/nav-rework-evidence-2026-09-09/research/C7-m8i/c2-br-gen-5120-331-r3.json
 create mode 100644 docs/designs/nav-rework-evidence-2026-09-09/research/C7-m8i/c2-br-gen-5120-331-r3.stderr
 create mode 100644 docs/designs/nav-rework-evidence-2026-09-09/research/C7-m8i/c2-br-gen-5120-331-r4.json
 create mode 100644 docs/designs/nav-rework-evidence-2026-09-09/research/C7-m8i/c2-br-gen-5120-331-r4.stderr
 create mode 100644 docs/designs/nav-rework-evidence-2026-09-09/research/C7-m8i/c2-br-gen-5120-331-r5.json
 create mode 100644 docs/designs/nav-rework-evidence-2026-09-09/research/C7-m8i/c2-br-gen-5120-331-r5.stderr
 create mode 100644 docs/designs/nav-rework-evidence-2026-09-09/research/C7-m8i/c2-br-gen-5204-1300-r1.json
 create mode 100644 docs/designs/nav-rework-evidence-2026-09-09/research/C7-m8i/c2-br-gen-5204-1300-r1.stderr
 create mode 100644 docs/designs/nav-rework-evidence-2026-09-09/research/C7-m8i/c2-br-gen-5204-1300-r2.json
 create mode 100644 docs/designs/nav-rework-evidence-2026-09-09/research/C7-m8i/c2-br-gen-5204-1300-r2.stderr
 create mode 100644 docs/designs/nav-rework-evidence-2026-09-09/research/C7-m8i/c2-br-gen-5204-1300-r3.json
 create mode 100644 docs/designs/nav-rework-evidence-2026-09-09/research/C7-m8i/c2-br-gen-5204-1300-r3.stderr
 create mode 100644 docs/designs/nav-rework-evidence-2026-09-09/research/C7-m8i/c2-br-gen-5204-1300-r4.json
 create mode 100644 docs/designs/nav-rework-evidence-2026-09-09/research/C7-m8i/c2-br-gen-5204-1300-r4.stderr
 create mode 100644 docs/designs/nav-rework-evidence-2026-09-09/research/C7-m8i/c2-br-gen-5204-1300-r5.json
 create mode 100644 docs/designs/nav-rework-evidence-2026-09-09/research/C7-m8i/c2-br-gen-5204-1300-r5.stderr
 create mode 100644 docs/designs/nav-rework-evidence-2026-09-09/research/C7-m8i/c2-br-gen-5204-331-r1.json
 create mode 100644 docs/designs/nav-rework-evidence-2026-09-09/research/C7-m8i/c2-br-gen-5204-331-r1.stderr
 create mode 100644 docs/designs/nav-rework-evidence-2026-09-09/research/C7-m8i/c2-br-gen-5204-331-r2.json
 create mode 100644 docs/designs/nav-rework-evidence-2026-09-09/research/C7-m8i/c2-br-gen-5204-331-r2.stderr
 create mode 100644 docs/designs/nav-rework-evidence-2026-09-09/research/C7-m8i/c2-br-gen-5204-331-r3.json
 create mode 100644 docs/designs/nav-rework-evidence-2026-09-09/research/C7-m8i/c2-br-gen-5204-331-r3.stderr
 create mode 100644 docs/designs/nav-rework-evidence-2026-09-09/research/C7-m8i/c2-br-gen-5204-331-r4.json
 create mode 100644 docs/designs/nav-rework-evidence-2026-09-09/research/C7-m8i/c2-br-gen-5204-331-r4.stderr
 create mode 100644 docs/designs/nav-rework-evidence-2026-09-09/research/C7-m8i/c2-br-gen-5204-331-r5.json
 create mode 100644 docs/designs/nav-rework-evidence-2026-09-09/research/C7-m8i/c2-br-gen-5204-331-r5.stderr
 create mode 100644 docs/designs/nav-rework-evidence-2026-09-09/research/C7-m8i/c2-br-gen-5263-1300-r1.json
 create mode 100644 docs/designs/nav-rework-evidence-2026-09-09/research/C7-m8i/c2-br-gen-5263-1300-r1.stderr
 create mode 100644 docs/designs/nav-rework-evidence-2026-09-09/research/C7-m8i/c2-br-gen-5263-1300-r2.json
 create mode 100644 docs/designs/nav-rework-evidence-2026-09-09/research/C7-m8i/c2-br-gen-5263-1300-r2.stderr
 create mode 100644 docs/designs/nav-rework-evidence-2026-09-09/research/C7-m8i/c2-br-gen-5263-1300-r3.json
 create mode 100644 docs/designs/nav-rework-evidence-2026-09-09/research/C7-m8i/c2-br-gen-5263-1300-r3.stderr
 create mode 100644 docs/designs/nav-rework-evidence-2026-09-09/research/C7-m8i/c2-br-gen-5263-1300-r4.json
 create mode 100644 docs/designs/nav-rework-evidence-2026-09-09/research/C7-m8i/c2-br-gen-5263-1300-r4.stderr
 create mode 100644 docs/designs/nav-rework-evidence-2026-09-09/research/C7-m8i/c2-br-gen-5263-1300-r5.json
 create mode 100644 docs/designs/nav-rework-evidence-2026-09-09/research/C7-m8i/c2-br-gen-5263-1300-r5.stderr
 create mode 100644 docs/designs/nav-rework-evidence-2026-09-09/research/C7-m8i/c2-br-gen-5263-331-r1.json
 create mode 100644 docs/designs/nav-rework-evidence-2026-09-09/research/C7-m8i/c2-br-gen-5263-331-r1.stderr
 create mode 100644 docs/designs/nav-rework-evidence-2026-09-09/research/C7-m8i/c2-br-gen-5263-331-r2.json
 create mode 100644 docs/designs/nav-rework-evidence-2026-09-09/research/C7-m8i/c2-br-gen-5263-331-r2.stderr
 create mode 100644 docs/designs/nav-rework-evidence-2026-09-09/research/C7-m8i/c2-br-gen-5263-331-r3.json
 create mode 100644 docs/designs/nav-rework-evidence-2026-09-09/research/C7-m8i/c2-br-gen-5263-331-r3.stderr
 create mode 100644 docs/designs/nav-rework-evidence-2026-09-09/research/C7-m8i/c2-br-gen-5263-331-r4.json
 create mode 100644 docs/designs/nav-rework-evidence-2026-09-09/research/C7-m8i/c2-br-gen-5263-331-r4.stderr
 create mode 100644 docs/designs/nav-rework-evidence-2026-09-09/research/C7-m8i/c2-br-gen-5263-331-r5.json
 create mode 100644 docs/designs/nav-rework-evidence-2026-09-09/research/C7-m8i/c2-br-gen-5263-331-r5.stderr
 create mode 100644 docs/designs/nav-rework-evidence-2026-09-09/research/C7-m8i/c2.patch
 create mode 100644 docs/designs/nav-rework-evidence-2026-09-09/research/C7-m8i/c8-br-gen-5120-1300-r1.json
 create mode 100644 docs/designs/nav-rework-evidence-2026-09-09/research/C7-m8i/c8-br-gen-5120-1300-r1.stderr
 create mode 100644 docs/designs/nav-rework-evidence-2026-09-09/research/C7-m8i/c8-br-gen-5120-1300-r2.json
 create mode 100644 docs/designs/nav-rework-evidence-2026-09-09/research/C7-m8i/c8-br-gen-5120-1300-r2.stderr
 create mode 100644 docs/designs/nav-rework-evidence-2026-09-09/research/C7-m8i/c8-br-gen-5120-1300-r3.json
 create mode 100644 docs/designs/nav-rework-evidence-2026-09-09/research/C7-m8i/c8-br-gen-5120-1300-r3.stderr
 create mode 100644 docs/designs/nav-rework-evidence-2026-09-09/research/C7-m8i/c8-br-gen-5120-1300-r4.json
 create mode 100644 docs/designs/nav-rework-evidence-2026-09-09/research/C7-m8i/c8-br-gen-5120-1300-r4.stderr
 create mode 100644 docs/designs/nav-rework-evidence-2026-09-09/research/C7-m8i/c8-br-gen-5120-1300-r5.json
 create mode 100644 docs/designs/nav-rework-evidence-2026-09-09/research/C7-m8i/c8-br-gen-5120-1300-r5.stderr
 create mode 100644 docs/designs/nav-rework-evidence-2026-09-09/research/C7-m8i/c8-br-gen-5120-331-r1.json
 create mode 100644 docs/designs/nav-rework-evidence-2026-09-09/research/C7-m8i/c8-br-gen-5120-331-r1.stderr
 create mode 100644 docs/designs/nav-rework-evidence-2026-09-09/research/C7-m8i/c8-br-gen-5120-331-r2.json
 create mode 100644 docs/designs/nav-rework-evidence-2026-09-09/research/C7-m8i/c8-br-gen-5120-331-r2.stderr
 create mode 100644 docs/designs/nav-rework-evidence-2026-09-09/research/C7-m8i/c8-br-gen-5120-331-r3.json
 create mode 100644 docs/designs/nav-rework-evidence-2026-09-09/research/C7-m8i/c8-br-gen-5120-331-r3.stderr
 create mode 100644 docs/designs/nav-rework-evidence-2026-09-09/research/C7-m8i/c8-br-gen-5120-331-r4.json
 create mode 100644 docs/designs/nav-rework-evidence-2026-09-09/research/C7-m8i/c8-br-gen-5120-331-r4.stderr
 create mode 100644 docs/designs/nav-rework-evidence-2026-09-09/research/C7-m8i/c8-br-gen-5120-331-r5.json
 create mode 100644 docs/designs/nav-rework-evidence-2026-09-09/research/C7-m8i/c8-br-gen-5120-331-r5.stderr
 create mode 100644 docs/designs/nav-rework-evidence-2026-09-09/research/C7-m8i/c8-br-gen-5204-1300-r1.json
 create mode 100644 docs/designs/nav-rework-evidence-2026-09-09/research/C7-m8i/c8-br-gen-5204-1300-r1.stderr
 create mode 100644 docs/designs/nav-rework-evidence-2026-09-09/research/C7-m8i/c8-br-gen-5204-1300-r2.json
 create mode 100644 docs/designs/nav-rework-evidence-2026-09-09/research/C7-m8i/c8-br-gen-5204-1300-r2.stderr
 create mode 100644 docs/designs/nav-rework-evidence-2026-09-09/research/C7-m8i/c8-br-gen-5204-1300-r3.json
 create mode 100644 docs/designs/nav-rework-evidence-2026-09-09/research/C7-m8i/c8-br-gen-5204-1300-r3.stderr
 create mode 100644 docs/designs/nav-rework-evidence-2026-09-09/research/C7-m8i/c8-br-gen-5204-1300-r4.json
 create mode 100644 docs/designs/nav-rework-evidence-2026-09-09/research/C7-m8i/c8-br-gen-5204-1300-r4.stderr
 create mode 100644 docs/designs/nav-rework-evidence-2026-09-09/research/C7-m8i/c8-br-gen-5204-1300-r5.json
 create mode 100644 docs/designs/nav-rework-evidence-2026-09-09/research/C7-m8i/c8-br-gen-5204-1300-r5.stderr
 create mode 100644 docs/designs/nav-rework-evidence-2026-09-09/research/C7-m8i/c8-br-gen-5204-331-r1.json
 create mode 100644 docs/designs/nav-rework-evidence-2026-09-09/research/C7-m8i/c8-br-gen-5204-331-r1.stderr
 create mode 100644 docs/designs/nav-rework-evidence-2026-09-09/research/C7-m8i/c8-br-gen-5204-331-r2.json
 create mode 100644 docs/designs/nav-rework-evidence-2026-09-09/research/C7-m8i/c8-br-gen-5204-331-r2.stderr
 create mode 100644 docs/designs/nav-rework-evidence-2026-09-09/research/C7-m8i/c8-br-gen-5204-331-r3.json
 create mode 100644 docs/designs/nav-rework-evidence-2026-09-09/research/C7-m8i/c8-br-gen-5204-331-r3.stderr
 create mode 100644 docs/designs/nav-rework-evidence-2026-09-09/research/C7-m8i/c8-br-gen-5204-331-r4.json
 create mode 100644 docs/designs/nav-rework-evidence-2026-09-09/research/C7-m8i/c8-br-gen-5204-331-r4.stderr
 create mode 100644 docs/designs/nav-rework-evidence-2026-09-09/research/C7-m8i/c8-br-gen-5204-331-r5.json
 create mode 100644 docs/designs/nav-rework-evidence-2026-09-09/research/C7-m8i/c8-br-gen-5204-331-r5.stderr
 create mode 100644 docs/designs/nav-rework-evidence-2026-09-09/research/C7-m8i/c8-br-gen-5263-1300-r1.json
 create mode 100644 docs/designs/nav-rework-evidence-2026-09-09/research/C7-m8i/c8-br-gen-5263-1300-r1.stderr
 create mode 100644 docs/designs/nav-rework-evidence-2026-09-09/research/C7-m8i/c8-br-gen-5263-1300-r2.json
 create mode 100644 docs/designs/nav-rework-evidence-2026-09-09/research/C7-m8i/c8-br-gen-5263-1300-r2.stderr
 create mode 100644 docs/designs/nav-rework-evidence-2026-09-09/research/C7-m8i/c8-br-gen-5263-1300-r3.json
 create mode 100644 docs/designs/nav-rework-evidence-2026-09-09/research/C7-m8i/c8-br-gen-5263-1300-r3.stderr
 create mode 100644 docs/designs/nav-rework-evidence-2026-09-09/research/C7-m8i/c8-br-gen-5263-1300-r4.json
 create mode 100644 docs/designs/nav-rework-evidence-2026-09-09/research/C7-m8i/c8-br-gen-5263-1300-r4.stderr
 create mode 100644 docs/designs/nav-rework-evidence-2026-09-09/research/C7-m8i/c8-br-gen-5263-1300-r5.json
 create mode 100644 docs/designs/nav-rework-evidence-2026-09-09/research/C7-m8i/c8-br-gen-5263-1300-r5.stderr
 create mode 100644 docs/designs/nav-rework-evidence-2026-09-09/research/C7-m8i/c8-br-gen-5263-331-r1.json
 create mode 100644 docs/designs/nav-rework-evidence-2026-09-09/research/C7-m8i/c8-br-gen-5263-331-r1.stderr
 create mode 100644 docs/designs/nav-rework-evidence-2026-09-09/research/C7-m8i/c8-br-gen-5263-331-r2.json
 create mode 100644 docs/designs/nav-rework-evidence-2026-09-09/research/C7-m8i/c8-br-gen-5263-331-r2.stderr
 create mode 100644 docs/designs/nav-rework-evidence-2026-09-09/research/C7-m8i/c8-br-gen-5263-331-r3.json
 create mode 100644 docs/designs/nav-rework-evidence-2026-09-09/research/C7-m8i/c8-br-gen-5263-331-r3.stderr
 create mode 100644 docs/designs/nav-rework-evidence-2026-09-09/research/C7-m8i/c8-br-gen-5263-331-r4.json
 create mode 100644 docs/designs/nav-rework-evidence-2026-09-09/research/C7-m8i/c8-br-gen-5263-331-r4.stderr
 create mode 100644 docs/designs/nav-rework-evidence-2026-09-09/research/C7-m8i/c8-br-gen-5263-331-r5.json
 create mode 100644 docs/designs/nav-rework-evidence-2026-09-09/research/C7-m8i/c8-br-gen-5263-331-r5.stderr
 create mode 100644 docs/designs/nav-rework-evidence-2026-09-09/research/C7-m8i/c8.patch
 create mode 100644 docs/designs/nav-rework-evidence-2026-09-09/research/C7-m8i/cache-c2-bench/bench-c2.json
 create mode 100644 docs/designs/nav-rework-evidence-2026-09-09/research/C7-m8i/cache-c2-check/check-c2.json
 create mode 100644 docs/designs/nav-rework-evidence-2026-09-09/research/C7-m8i/cache-c8-bench/bench-c8.json
 create mode 100644 docs/designs/nav-rework-evidence-2026-09-09/research/C7-m8i/cache-c8-check/check-c8.json
 create mode 100644 docs/designs/nav-rework-evidence-2026-09-09/research/C7-m8i/check-c2.json
 create mode 100644 docs/designs/nav-rework-evidence-2026-09-09/research/C7-m8i/check-c2.stderr
 create mode 100644 docs/designs/nav-rework-evidence-2026-09-09/research/C7-m8i/check-c8.json
 create mode 100644 docs/designs/nav-rework-evidence-2026-09-09/research/C7-m8i/check-c8.stderr
 create mode 100644 docs/designs/nav-rework-evidence-2026-09-09/research/C7-m8i/executable-hashes.txt
 create mode 100644 docs/designs/nav-rework-evidence-2026-09-09/research/C7-m8i/exit-codes.txt
 create mode 100644 docs/designs/nav-rework-evidence-2026-09-09/research/C7-m8i/input-hashes.txt
 create mode 100644 docs/designs/nav-rework-evidence-2026-09-09/research/C7-m8i/lscpu.txt
 create mode 100644 docs/designs/nav-rework-evidence-2026-09-09/research/C7/C7_MICRO_READY.md
 create mode 100644 docs/designs/nav-rework-evidence-2026-09-09/research/C7/SHA256SUMS
 create mode 100644 docs/designs/nav-rework-evidence-2026-09-09/research/C7/baseline/SHA256SUMS
 create mode 100644 docs/designs/nav-rework-evidence-2026-09-09/research/C7/baseline/bench_danger_replay.nim
 create mode 100644 docs/designs/nav-rework-evidence-2026-09-09/research/C7/baseline/check_danger_fullword_replay.nim
 create mode 100644 docs/designs/nav-rework-evidence-2026-09-09/research/C7/baseline/replay_danger_source_trace.nim
 create mode 100644 docs/designs/nav-rework-evidence-2026-09-09/research/C7/baseline/screen-body_nav.nim
 create mode 100644 docs/designs/nav-rework-evidence-2026-09-09/research/C7/c7_memory_calc-32.json
 create mode 100644 docs/designs/nav-rework-evidence-2026-09-09/research/C7/c7_memory_calc-64.json
 create mode 100644 docs/designs/nav-rework-evidence-2026-09-09/research/C7/c7_memory_calc.py
 create mode 100644 docs/designs/nav-rework-evidence-2026-09-09/research/C7/local-mac/build_c2.log
 create mode 100644 docs/designs/nav-rework-evidence-2026-09-09/research/C7/local-mac/build_c8.log
 create mode 100644 docs/designs/nav-rework-evidence-2026-09-09/research/C7/local-mac/build_check_c2.log
 create mode 100644 docs/designs/nav-rework-evidence-2026-09-09/research/C7/local-mac/build_check_c8.log
 create mode 100644 docs/designs/nav-rework-evidence-2026-09-09/research/C7/local-mac/check_c2.json
 create mode 100644 docs/designs/nav-rework-evidence-2026-09-09/research/C7/local-mac/check_c8.json
 create mode 100644 docs/designs/nav-rework-evidence-2026-09-09/research/C7/local-mac/micro_results-v2.jsonl
 create mode 100644 docs/designs/nav-rework-evidence-2026-09-09/research/C7/local-mac/micro_results.jsonl
 create mode 100644 docs/designs/nav-rework-evidence-2026-09-09/research/C7/local-mac/micro_table-v2.json
 create mode 100644 docs/designs/nav-rework-evidence-2026-09-09/research/C7/local-mac/micro_table.json
 create mode 100644 docs/designs/nav-rework-evidence-2026-09-09/research/C7/local-mac/origins.json
 create mode 100644 docs/designs/nav-rework-evidence-2026-09-09/research/C7/local-mac/snapbuild_bench_c2.log
 create mode 100644 docs/designs/nav-rework-evidence-2026-09-09/research/C7/local-mac/snapbuild_bench_c8.log
 create mode 100644 docs/designs/nav-rework-evidence-2026-09-09/research/C7/local-mac/snapbuild_check_c2.log
 create mode 100644 docs/designs/nav-rework-evidence-2026-09-09/research/C7/local-mac/snapbuild_check_c8.log
 create mode 100644 docs/designs/nav-rework-evidence-2026-09-09/research/C7/local-mac/table-v2.md
 create mode 100755 docs/designs/nav-rework-evidence-2026-09-09/research/C7/run_c7_micro.sh
 create mode 100644 docs/designs/nav-rework-evidence-2026-09-09/research/C7/tools/bench_danger_list_replay-v2.nim
 create mode 100644 docs/designs/nav-rework-evidence-2026-09-09/research/C7/tools/bench_danger_list_replay.nim
 create mode 100644 docs/designs/nav-rework-evidence-2026-09-09/research/C7/tools/check_danger_list_capture.nim
 create mode 100644 docs/designs/nav-rework-evidence-2026-09-09/research/C7/v1/C7_MICRO_READY-v1.md
 create mode 100644 docs/designs/nav-rework-evidence-2026-09-09/research/C7/v1/bench_danger_list_replay-v1.nim
 create mode 100644 docs/designs/nav-rework-evidence-2026-09-09/research/C7/v1/micro_results-v1.jsonl
 create mode 100644 docs/designs/nav-rework-evidence-2026-09-09/research/C7/v1/micro_table-v1.json
 create mode 100755 docs/designs/nav-rework-evidence-2026-09-09/research/C7/v1/run_c7_micro-v1.sh
 create mode 100644 docs/designs/nav-rework-evidence-2026-09-09/research/C7_A7_DOCUMENTATION_AUDIT.md
 create mode 100644 docs/designs/nav-rework-evidence-2026-09-09/research/C7_MEMORY_REVIEW.md
 create mode 100644 docs/designs/nav-rework-evidence-2026-09-09/research/C7_MEMORY_REVIEW_REQUEST.md
 create mode 100644 docs/designs/nav-rework-evidence-2026-09-09/research/C7_NATIVE_MICRO_REPORT.md
 create mode 100644 docs/designs/nav-rework-evidence-2026-09-09/research/C7_RESEARCH_REQUEST.md
 create mode 100644 docs/designs/nav-rework-evidence-2026-09-09/research/C7_RESEARCH_REVIEW.md
 create mode 100644 docs/designs/nav-rework-evidence-2026-09-09/research/C7_RESUME.md
 create mode 100644 docs/designs/nav-rework-evidence-2026-09-09/research/C7_ROOT_MICRO_REVIEW.md
 create mode 100644 docs/designs/nav-rework-evidence-2026-09-09/research/C7_ROOT_REVIEW.md
 create mode 100644 docs/designs/nav-rework-evidence-2026-09-09/research/run_c7_owned.sh
