[james/nav-throughput-research eaa208bd] Reject eager list cache and measure deferred conversion cost
 718 files changed, 139465 insertions(+)
 create mode 100644 docs/designs/nav-rework-evidence-2026-09-09/research/C7-full-generated-owner-C.txt
 create mode 100644 docs/designs/nav-rework-evidence-2026-09-09/research/C7-full-m5a-regimes-summary.json
 create mode 100644 docs/designs/nav-rework-evidence-2026-09-09/research/C7-full-m5a-trace-summary.json
 create mode 100644 docs/designs/nav-rework-evidence-2026-09-09/research/C7-full-m5a/DONE
 create mode 100644 docs/designs/nav-rework-evidence-2026-09-09/research/C7-full-m5a/base-commit.txt
 create mode 100644 docs/designs/nav-rework-evidence-2026-09-09/research/C7-full-m5a/build-candidate-cache.log
 create mode 100644 docs/designs/nav-rework-evidence-2026-09-09/research/C7-full-m5a/build-candidate-trace.log
 create mode 100644 docs/designs/nav-rework-evidence-2026-09-09/research/C7-full-m5a/build-parent-cache.log
 create mode 100644 docs/designs/nav-rework-evidence-2026-09-09/research/C7-full-m5a/build-parent-trace.log
 create mode 100644 docs/designs/nav-rework-evidence-2026-09-09/research/C7-full-m5a/build-quality.log
 create mode 100644 docs/designs/nav-rework-evidence-2026-09-09/research/C7-full-m5a/candidate-regimes-r1.json
 create mode 100644 docs/designs/nav-rework-evidence-2026-09-09/research/C7-full-m5a/candidate-regimes-r1.stderr
 create mode 100644 docs/designs/nav-rework-evidence-2026-09-09/research/C7-full-m5a/candidate-regimes-r2.json
 create mode 100644 docs/designs/nav-rework-evidence-2026-09-09/research/C7-full-m5a/candidate-regimes-r2.stderr
 create mode 100644 docs/designs/nav-rework-evidence-2026-09-09/research/C7-full-m5a/candidate-regimes-r3.json
 create mode 100644 docs/designs/nav-rework-evidence-2026-09-09/research/C7-full-m5a/candidate-regimes-r3.stderr
 create mode 100644 docs/designs/nav-rework-evidence-2026-09-09/research/C7-full-m5a/candidate-s2_16_679962-r1.json
 create mode 100644 docs/designs/nav-rework-evidence-2026-09-09/research/C7-full-m5a/candidate-s2_16_679962-r1.stderr
 create mode 100644 docs/designs/nav-rework-evidence-2026-09-09/research/C7-full-m5a/candidate-s2_16_679962-r2.json
 create mode 100644 docs/designs/nav-rework-evidence-2026-09-09/research/C7-full-m5a/candidate-s2_16_679962-r2.stderr
 create mode 100644 docs/designs/nav-rework-evidence-2026-09-09/research/C7-full-m5a/candidate-s2_16_679962-r3.json
 create mode 100644 docs/designs/nav-rework-evidence-2026-09-09/research/C7-full-m5a/candidate-s2_16_679962-r3.stderr
 create mode 100644 docs/designs/nav-rework-evidence-2026-09-09/research/C7-full-m5a/candidate-s2_16_679963-r1.json
 create mode 100644 docs/designs/nav-rework-evidence-2026-09-09/research/C7-full-m5a/candidate-s2_16_679963-r1.stderr
 create mode 100644 docs/designs/nav-rework-evidence-2026-09-09/research/C7-full-m5a/candidate-s2_16_679963-r2.json
 create mode 100644 docs/designs/nav-rework-evidence-2026-09-09/research/C7-full-m5a/candidate-s2_16_679963-r2.stderr
 create mode 100644 docs/designs/nav-rework-evidence-2026-09-09/research/C7-full-m5a/candidate-s2_16_679963-r3.json
 create mode 100644 docs/designs/nav-rework-evidence-2026-09-09/research/C7-full-m5a/candidate-s2_16_679963-r3.stderr
 create mode 100644 docs/designs/nav-rework-evidence-2026-09-09/research/C7-full-m5a/candidate-s2_16_679964-r1.json
 create mode 100644 docs/designs/nav-rework-evidence-2026-09-09/research/C7-full-m5a/candidate-s2_16_679964-r1.stderr
 create mode 100644 docs/designs/nav-rework-evidence-2026-09-09/research/C7-full-m5a/candidate-s2_16_679964-r2.json
 create mode 100644 docs/designs/nav-rework-evidence-2026-09-09/research/C7-full-m5a/candidate-s2_16_679964-r2.stderr
 create mode 100644 docs/designs/nav-rework-evidence-2026-09-09/research/C7-full-m5a/candidate-s2_16_679964-r3.json
 create mode 100644 docs/designs/nav-rework-evidence-2026-09-09/research/C7-full-m5a/candidate-s2_16_679964-r3.stderr
 create mode 100644 docs/designs/nav-rework-evidence-2026-09-09/research/C7-full-m5a/candidate-s2_16_679965-r1.json
 create mode 100644 docs/designs/nav-rework-evidence-2026-09-09/research/C7-full-m5a/candidate-s2_16_679965-r1.stderr
 create mode 100644 docs/designs/nav-rework-evidence-2026-09-09/research/C7-full-m5a/candidate-s2_16_679965-r2.json
 create mode 100644 docs/designs/nav-rework-evidence-2026-09-09/research/C7-full-m5a/candidate-s2_16_679965-r2.stderr
 create mode 100644 docs/designs/nav-rework-evidence-2026-09-09/research/C7-full-m5a/candidate-s2_16_679965-r3.json
 create mode 100644 docs/designs/nav-rework-evidence-2026-09-09/research/C7-full-m5a/candidate-s2_16_679965-r3.stderr
 create mode 100644 docs/designs/nav-rework-evidence-2026-09-09/research/C7-full-m5a/candidate-s2_32_679962-r1.json
 create mode 100644 docs/designs/nav-rework-evidence-2026-09-09/research/C7-full-m5a/candidate-s2_32_679962-r1.stderr
 create mode 100644 docs/designs/nav-rework-evidence-2026-09-09/research/C7-full-m5a/candidate-s2_32_679962-r2.json
 create mode 100644 docs/designs/nav-rework-evidence-2026-09-09/research/C7-full-m5a/candidate-s2_32_679962-r2.stderr
 create mode 100644 docs/designs/nav-rework-evidence-2026-09-09/research/C7-full-m5a/candidate-s2_32_679962-r3.json
 create mode 100644 docs/designs/nav-rework-evidence-2026-09-09/research/C7-full-m5a/candidate-s2_32_679962-r3.stderr
 create mode 100644 docs/designs/nav-rework-evidence-2026-09-09/research/C7-full-m5a/candidate-s2_32_679963-r1.json
 create mode 100644 docs/designs/nav-rework-evidence-2026-09-09/research/C7-full-m5a/candidate-s2_32_679963-r1.stderr
 create mode 100644 docs/designs/nav-rework-evidence-2026-09-09/research/C7-full-m5a/candidate-s2_32_679963-r2.json
 create mode 100644 docs/designs/nav-rework-evidence-2026-09-09/research/C7-full-m5a/candidate-s2_32_679963-r2.stderr
 create mode 100644 docs/designs/nav-rework-evidence-2026-09-09/research/C7-full-m5a/candidate-s2_32_679963-r3.json
 create mode 100644 docs/designs/nav-rework-evidence-2026-09-09/research/C7-full-m5a/candidate-s2_32_679963-r3.stderr
 create mode 100644 docs/designs/nav-rework-evidence-2026-09-09/research/C7-full-m5a/candidate-s2_32_679964-r1.json
 create mode 100644 docs/designs/nav-rework-evidence-2026-09-09/research/C7-full-m5a/candidate-s2_32_679964-r1.stderr
 create mode 100644 docs/designs/nav-rework-evidence-2026-09-09/research/C7-full-m5a/candidate-s2_32_679964-r2.json
 create mode 100644 docs/designs/nav-rework-evidence-2026-09-09/research/C7-full-m5a/candidate-s2_32_679964-r2.stderr
 create mode 100644 docs/designs/nav-rework-evidence-2026-09-09/research/C7-full-m5a/candidate-s2_32_679964-r3.json
 create mode 100644 docs/designs/nav-rework-evidence-2026-09-09/research/C7-full-m5a/candidate-s2_32_679964-r3.stderr
 create mode 100644 docs/designs/nav-rework-evidence-2026-09-09/research/C7-full-m5a/candidate-s2_32_679965-r1.json
 create mode 100644 docs/designs/nav-rework-evidence-2026-09-09/research/C7-full-m5a/candidate-s2_32_679965-r1.stderr
 create mode 100644 docs/designs/nav-rework-evidence-2026-09-09/research/C7-full-m5a/candidate-s2_32_679965-r2.json
 create mode 100644 docs/designs/nav-rework-evidence-2026-09-09/research/C7-full-m5a/candidate-s2_32_679965-r2.stderr
 create mode 100644 docs/designs/nav-rework-evidence-2026-09-09/research/C7-full-m5a/candidate-s2_32_679965-r3.json
 create mode 100644 docs/designs/nav-rework-evidence-2026-09-09/research/C7-full-m5a/candidate-s2_32_679965-r3.stderr
 create mode 100644 docs/designs/nav-rework-evidence-2026-09-09/research/C7-full-m5a/candidate-smoke_s2_16_randomized-r1.json
 create mode 100644 docs/designs/nav-rework-evidence-2026-09-09/research/C7-full-m5a/candidate-smoke_s2_16_randomized-r1.stderr
 create mode 100644 docs/designs/nav-rework-evidence-2026-09-09/research/C7-full-m5a/candidate-smoke_s2_16_randomized-r2.json
 create mode 100644 docs/designs/nav-rework-evidence-2026-09-09/research/C7-full-m5a/candidate-smoke_s2_16_randomized-r2.stderr
 create mode 100644 docs/designs/nav-rework-evidence-2026-09-09/research/C7-full-m5a/candidate-smoke_s2_16_randomized-r3.json
 create mode 100644 docs/designs/nav-rework-evidence-2026-09-09/research/C7-full-m5a/candidate-smoke_s2_16_randomized-r3.stderr
 create mode 100644 docs/designs/nav-rework-evidence-2026-09-09/research/C7-full-m5a/candidate.patch
 create mode 100644 docs/designs/nav-rework-evidence-2026-09-09/research/C7-full-m5a/executable-hashes.txt
 create mode 100644 docs/designs/nav-rework-evidence-2026-09-09/research/C7-full-m5a/input-hashes.txt
 create mode 100644 docs/designs/nav-rework-evidence-2026-09-09/research/C7-full-m5a/lscpu.txt
 create mode 100644 docs/designs/nav-rework-evidence-2026-09-09/research/C7-full-m5a/parent-regimes-r1.json
 create mode 100644 docs/designs/nav-rework-evidence-2026-09-09/research/C7-full-m5a/parent-regimes-r1.stderr
 create mode 100644 docs/designs/nav-rework-evidence-2026-09-09/research/C7-full-m5a/parent-regimes-r2.json
 create mode 100644 docs/designs/nav-rework-evidence-2026-09-09/research/C7-full-m5a/parent-regimes-r2.stderr
 create mode 100644 docs/designs/nav-rework-evidence-2026-09-09/research/C7-full-m5a/parent-regimes-r3.json
 create mode 100644 docs/designs/nav-rework-evidence-2026-09-09/research/C7-full-m5a/parent-regimes-r3.stderr
 create mode 100644 docs/designs/nav-rework-evidence-2026-09-09/research/C7-full-m5a/parent-s2_16_679962-r1.json
 create mode 100644 docs/designs/nav-rework-evidence-2026-09-09/research/C7-full-m5a/parent-s2_16_679962-r1.stderr
 create mode 100644 docs/designs/nav-rework-evidence-2026-09-09/research/C7-full-m5a/parent-s2_16_679962-r2.json
 create mode 100644 docs/designs/nav-rework-evidence-2026-09-09/research/C7-full-m5a/parent-s2_16_679962-r2.stderr
 create mode 100644 docs/designs/nav-rework-evidence-2026-09-09/research/C7-full-m5a/parent-s2_16_679962-r3.json
 create mode 100644 docs/designs/nav-rework-evidence-2026-09-09/research/C7-full-m5a/parent-s2_16_679962-r3.stderr
 create mode 100644 docs/designs/nav-rework-evidence-2026-09-09/research/C7-full-m5a/parent-s2_16_679963-r1.json
 create mode 100644 docs/designs/nav-rework-evidence-2026-09-09/research/C7-full-m5a/parent-s2_16_679963-r1.stderr
 create mode 100644 docs/designs/nav-rework-evidence-2026-09-09/research/C7-full-m5a/parent-s2_16_679963-r2.json
 create mode 100644 docs/designs/nav-rework-evidence-2026-09-09/research/C7-full-m5a/parent-s2_16_679963-r2.stderr
 create mode 100644 docs/designs/nav-rework-evidence-2026-09-09/research/C7-full-m5a/parent-s2_16_679963-r3.json
 create mode 100644 docs/designs/nav-rework-evidence-2026-09-09/research/C7-full-m5a/parent-s2_16_679963-r3.stderr
 create mode 100644 docs/designs/nav-rework-evidence-2026-09-09/research/C7-full-m5a/parent-s2_16_679964-r1.json
 create mode 100644 docs/designs/nav-rework-evidence-2026-09-09/research/C7-full-m5a/parent-s2_16_679964-r1.stderr
 create mode 100644 docs/designs/nav-rework-evidence-2026-09-09/research/C7-full-m5a/parent-s2_16_679964-r2.json
 create mode 100644 docs/designs/nav-rework-evidence-2026-09-09/research/C7-full-m5a/parent-s2_16_679964-r2.stderr
 create mode 100644 docs/designs/nav-rework-evidence-2026-09-09/research/C7-full-m5a/parent-s2_16_679964-r3.json
 create mode 100644 docs/designs/nav-rework-evidence-2026-09-09/research/C7-full-m5a/parent-s2_16_679964-r3.stderr
 create mode 100644 docs/designs/nav-rework-evidence-2026-09-09/research/C7-full-m5a/parent-s2_16_679965-r1.json
 create mode 100644 docs/designs/nav-rework-evidence-2026-09-09/research/C7-full-m5a/parent-s2_16_679965-r1.stderr
 create mode 100644 docs/designs/nav-rework-evidence-2026-09-09/research/C7-full-m5a/parent-s2_16_679965-r2.json
 create mode 100644 docs/designs/nav-rework-evidence-2026-09-09/research/C7-full-m5a/parent-s2_16_679965-r2.stderr
 create mode 100644 docs/designs/nav-rework-evidence-2026-09-09/research/C7-full-m5a/parent-s2_16_679965-r3.json
 create mode 100644 docs/designs/nav-rework-evidence-2026-09-09/research/C7-full-m5a/parent-s2_16_679965-r3.stderr
 create mode 100644 docs/designs/nav-rework-evidence-2026-09-09/research/C7-full-m5a/parent-s2_32_679962-r1.json
 create mode 100644 docs/designs/nav-rework-evidence-2026-09-09/research/C7-full-m5a/parent-s2_32_679962-r1.stderr
 create mode 100644 docs/designs/nav-rework-evidence-2026-09-09/research/C7-full-m5a/parent-s2_32_679962-r2.json
 create mode 100644 docs/designs/nav-rework-evidence-2026-09-09/research/C7-full-m5a/parent-s2_32_679962-r2.stderr
 create mode 100644 docs/designs/nav-rework-evidence-2026-09-09/research/C7-full-m5a/parent-s2_32_679962-r3.json
 create mode 100644 docs/designs/nav-rework-evidence-2026-09-09/research/C7-full-m5a/parent-s2_32_679962-r3.stderr
 create mode 100644 docs/designs/nav-rework-evidence-2026-09-09/research/C7-full-m5a/parent-s2_32_679963-r1.json
 create mode 100644 docs/designs/nav-rework-evidence-2026-09-09/research/C7-full-m5a/parent-s2_32_679963-r1.stderr
 create mode 100644 docs/designs/nav-rework-evidence-2026-09-09/research/C7-full-m5a/parent-s2_32_679963-r2.json
 create mode 100644 docs/designs/nav-rework-evidence-2026-09-09/research/C7-full-m5a/parent-s2_32_679963-r2.stderr
 create mode 100644 docs/designs/nav-rework-evidence-2026-09-09/research/C7-full-m5a/parent-s2_32_679963-r3.json
 create mode 100644 docs/designs/nav-rework-evidence-2026-09-09/research/C7-full-m5a/parent-s2_32_679963-r3.stderr
 create mode 100644 docs/designs/nav-rework-evidence-2026-09-09/research/C7-full-m5a/parent-s2_32_679964-r1.json
 create mode 100644 docs/designs/nav-rework-evidence-2026-09-09/research/C7-full-m5a/parent-s2_32_679964-r1.stderr
 create mode 100644 docs/designs/nav-rework-evidence-2026-09-09/research/C7-full-m5a/parent-s2_32_679964-r2.json
 create mode 100644 docs/designs/nav-rework-evidence-2026-09-09/research/C7-full-m5a/parent-s2_32_679964-r2.stderr
 create mode 100644 docs/designs/nav-rework-evidence-2026-09-09/research/C7-full-m5a/parent-s2_32_679964-r3.json
 create mode 100644 docs/designs/nav-rework-evidence-2026-09-09/research/C7-full-m5a/parent-s2_32_679964-r3.stderr
 create mode 100644 docs/designs/nav-rework-evidence-2026-09-09/research/C7-full-m5a/parent-s2_32_679965-r1.json
 create mode 100644 docs/designs/nav-rework-evidence-2026-09-09/research/C7-full-m5a/parent-s2_32_679965-r1.stderr
 create mode 100644 docs/designs/nav-rework-evidence-2026-09-09/research/C7-full-m5a/parent-s2_32_679965-r2.json
 create mode 100644 docs/designs/nav-rework-evidence-2026-09-09/research/C7-full-m5a/parent-s2_32_679965-r2.stderr
 create mode 100644 docs/designs/nav-rework-evidence-2026-09-09/research/C7-full-m5a/parent-s2_32_679965-r3.json
 create mode 100644 docs/designs/nav-rework-evidence-2026-09-09/research/C7-full-m5a/parent-s2_32_679965-r3.stderr
 create mode 100644 docs/designs/nav-rework-evidence-2026-09-09/research/C7-full-m5a/parent-smoke_s2_16_randomized-r1.json
 create mode 100644 docs/designs/nav-rework-evidence-2026-09-09/research/C7-full-m5a/parent-smoke_s2_16_randomized-r1.stderr
 create mode 100644 docs/designs/nav-rework-evidence-2026-09-09/research/C7-full-m5a/parent-smoke_s2_16_randomized-r2.json
 create mode 100644 docs/designs/nav-rework-evidence-2026-09-09/research/C7-full-m5a/parent-smoke_s2_16_randomized-r2.stderr
 create mode 100644 docs/designs/nav-rework-evidence-2026-09-09/research/C7-full-m5a/parent-smoke_s2_16_randomized-r3.json
 create mode 100644 docs/designs/nav-rework-evidence-2026-09-09/research/C7-full-m5a/parent-smoke_s2_16_randomized-r3.stderr
 create mode 100644 docs/designs/nav-rework-evidence-2026-09-09/research/C7-full-m5a/parent.patch
 create mode 100644 docs/designs/nav-rework-evidence-2026-09-09/research/C7-full-m5a/quality.json
 create mode 100644 docs/designs/nav-rework-evidence-2026-09-09/research/C7-full-m5a/quality.stderr
 create mode 100644 docs/designs/nav-rework-evidence-2026-09-09/research/C7-full-m8i-regimes-summary.json
 create mode 100644 docs/designs/nav-rework-evidence-2026-09-09/research/C7-full-m8i-trace-summary.json
 create mode 100644 docs/designs/nav-rework-evidence-2026-09-09/research/C7-full-m8i/DONE
 create mode 100644 docs/designs/nav-rework-evidence-2026-09-09/research/C7-full-m8i/base-commit.txt
 create mode 100644 docs/designs/nav-rework-evidence-2026-09-09/research/C7-full-m8i/build-candidate-cache.log
 create mode 100644 docs/designs/nav-rework-evidence-2026-09-09/research/C7-full-m8i/build-candidate-trace.log
 create mode 100644 docs/designs/nav-rework-evidence-2026-09-09/research/C7-full-m8i/build-parent-cache.log
 create mode 100644 docs/designs/nav-rework-evidence-2026-09-09/research/C7-full-m8i/build-parent-trace.log
 create mode 100644 docs/designs/nav-rework-evidence-2026-09-09/research/C7-full-m8i/build-quality.log
 create mode 100644 docs/designs/nav-rework-evidence-2026-09-09/research/C7-full-m8i/candidate-regimes-r1.json
 create mode 100644 docs/designs/nav-rework-evidence-2026-09-09/research/C7-full-m8i/candidate-regimes-r1.stderr
 create mode 100644 docs/designs/nav-rework-evidence-2026-09-09/research/C7-full-m8i/candidate-regimes-r2.json
 create mode 100644 docs/designs/nav-rework-evidence-2026-09-09/research/C7-full-m8i/candidate-regimes-r2.stderr
 create mode 100644 docs/designs/nav-rework-evidence-2026-09-09/research/C7-full-m8i/candidate-regimes-r3.json
 create mode 100644 docs/designs/nav-rework-evidence-2026-09-09/research/C7-full-m8i/candidate-regimes-r3.stderr
 create mode 100644 docs/designs/nav-rework-evidence-2026-09-09/research/C7-full-m8i/candidate-s2_16_679962-r1.json
 create mode 100644 docs/designs/nav-rework-evidence-2026-09-09/research/C7-full-m8i/candidate-s2_16_679962-r1.stderr
 create mode 100644 docs/designs/nav-rework-evidence-2026-09-09/research/C7-full-m8i/candidate-s2_16_679962-r2.json
 create mode 100644 docs/designs/nav-rework-evidence-2026-09-09/research/C7-full-m8i/candidate-s2_16_679962-r2.stderr
 create mode 100644 docs/designs/nav-rework-evidence-2026-09-09/research/C7-full-m8i/candidate-s2_16_679962-r3.json
 create mode 100644 docs/designs/nav-rework-evidence-2026-09-09/research/C7-full-m8i/candidate-s2_16_679962-r3.stderr
 create mode 100644 docs/designs/nav-rework-evidence-2026-09-09/research/C7-full-m8i/candidate-s2_16_679963-r1.json
 create mode 100644 docs/designs/nav-rework-evidence-2026-09-09/research/C7-full-m8i/candidate-s2_16_679963-r1.stderr
 create mode 100644 docs/designs/nav-rework-evidence-2026-09-09/research/C7-full-m8i/candidate-s2_16_679963-r2.json
 create mode 100644 docs/designs/nav-rework-evidence-2026-09-09/research/C7-full-m8i/candidate-s2_16_679963-r2.stderr
 create mode 100644 docs/designs/nav-rework-evidence-2026-09-09/research/C7-full-m8i/candidate-s2_16_679963-r3.json
 create mode 100644 docs/designs/nav-rework-evidence-2026-09-09/research/C7-full-m8i/candidate-s2_16_679963-r3.stderr
 create mode 100644 docs/designs/nav-rework-evidence-2026-09-09/research/C7-full-m8i/candidate-s2_16_679964-r1.json
 create mode 100644 docs/designs/nav-rework-evidence-2026-09-09/research/C7-full-m8i/candidate-s2_16_679964-r1.stderr
 create mode 100644 docs/designs/nav-rework-evidence-2026-09-09/research/C7-full-m8i/candidate-s2_16_679964-r2.json
 create mode 100644 docs/designs/nav-rework-evidence-2026-09-09/research/C7-full-m8i/candidate-s2_16_679964-r2.stderr
 create mode 100644 docs/designs/nav-rework-evidence-2026-09-09/research/C7-full-m8i/candidate-s2_16_679964-r3.json
 create mode 100644 docs/designs/nav-rework-evidence-2026-09-09/research/C7-full-m8i/candidate-s2_16_679964-r3.stderr
 create mode 100644 docs/designs/nav-rework-evidence-2026-09-09/research/C7-full-m8i/candidate-s2_16_679965-r1.json
 create mode 100644 docs/designs/nav-rework-evidence-2026-09-09/research/C7-full-m8i/candidate-s2_16_679965-r1.stderr
 create mode 100644 docs/designs/nav-rework-evidence-2026-09-09/research/C7-full-m8i/candidate-s2_16_679965-r2.json
 create mode 100644 docs/designs/nav-rework-evidence-2026-09-09/research/C7-full-m8i/candidate-s2_16_679965-r2.stderr
 create mode 100644 docs/designs/nav-rework-evidence-2026-09-09/research/C7-full-m8i/candidate-s2_16_679965-r3.json
 create mode 100644 docs/designs/nav-rework-evidence-2026-09-09/research/C7-full-m8i/candidate-s2_16_679965-r3.stderr
 create mode 100644 docs/designs/nav-rework-evidence-2026-09-09/research/C7-full-m8i/candidate-s2_32_679962-r1.json
 create mode 100644 docs/designs/nav-rework-evidence-2026-09-09/research/C7-full-m8i/candidate-s2_32_679962-r1.stderr
 create mode 100644 docs/designs/nav-rework-evidence-2026-09-09/research/C7-full-m8i/candidate-s2_32_679962-r2.json
 create mode 100644 docs/designs/nav-rework-evidence-2026-09-09/research/C7-full-m8i/candidate-s2_32_679962-r2.stderr
 create mode 100644 docs/designs/nav-rework-evidence-2026-09-09/research/C7-full-m8i/candidate-s2_32_679962-r3.json
 create mode 100644 docs/designs/nav-rework-evidence-2026-09-09/research/C7-full-m8i/candidate-s2_32_679962-r3.stderr
 create mode 100644 docs/designs/nav-rework-evidence-2026-09-09/research/C7-full-m8i/candidate-s2_32_679963-r1.json
 create mode 100644 docs/designs/nav-rework-evidence-2026-09-09/research/C7-full-m8i/candidate-s2_32_679963-r1.stderr
 create mode 100644 docs/designs/nav-rework-evidence-2026-09-09/research/C7-full-m8i/candidate-s2_32_679963-r2.json
 create mode 100644 docs/designs/nav-rework-evidence-2026-09-09/research/C7-full-m8i/candidate-s2_32_679963-r2.stderr
 create mode 100644 docs/designs/nav-rework-evidence-2026-09-09/research/C7-full-m8i/candidate-s2_32_679963-r3.json
 create mode 100644 docs/designs/nav-rework-evidence-2026-09-09/research/C7-full-m8i/candidate-s2_32_679963-r3.stderr
 create mode 100644 docs/designs/nav-rework-evidence-2026-09-09/research/C7-full-m8i/candidate-s2_32_679964-r1.json
 create mode 100644 docs/designs/nav-rework-evidence-2026-09-09/research/C7-full-m8i/candidate-s2_32_679964-r1.stderr
 create mode 100644 docs/designs/nav-rework-evidence-2026-09-09/research/C7-full-m8i/candidate-s2_32_679964-r2.json
 create mode 100644 docs/designs/nav-rework-evidence-2026-09-09/research/C7-full-m8i/candidate-s2_32_679964-r2.stderr
 create mode 100644 docs/designs/nav-rework-evidence-2026-09-09/research/C7-full-m8i/candidate-s2_32_679964-r3.json
 create mode 100644 docs/designs/nav-rework-evidence-2026-09-09/research/C7-full-m8i/candidate-s2_32_679964-r3.stderr
 create mode 100644 docs/designs/nav-rework-evidence-2026-09-09/research/C7-full-m8i/candidate-s2_32_679965-r1.json
 create mode 100644 docs/designs/nav-rework-evidence-2026-09-09/research/C7-full-m8i/candidate-s2_32_679965-r1.stderr
 create mode 100644 docs/designs/nav-rework-evidence-2026-09-09/research/C7-full-m8i/candidate-s2_32_679965-r2.json
 create mode 100644 docs/designs/nav-rework-evidence-2026-09-09/research/C7-full-m8i/candidate-s2_32_679965-r2.stderr
 create mode 100644 docs/designs/nav-rework-evidence-2026-09-09/research/C7-full-m8i/candidate-s2_32_679965-r3.json
 create mode 100644 docs/designs/nav-rework-evidence-2026-09-09/research/C7-full-m8i/candidate-s2_32_679965-r3.stderr
 create mode 100644 docs/designs/nav-rework-evidence-2026-09-09/research/C7-full-m8i/candidate-smoke_s2_16_randomized-r1.json
 create mode 100644 docs/designs/nav-rework-evidence-2026-09-09/research/C7-full-m8i/candidate-smoke_s2_16_randomized-r1.stderr
 create mode 100644 docs/designs/nav-rework-evidence-2026-09-09/research/C7-full-m8i/candidate-smoke_s2_16_randomized-r2.json
 create mode 100644 docs/designs/nav-rework-evidence-2026-09-09/research/C7-full-m8i/candidate-smoke_s2_16_randomized-r2.stderr
 create mode 100644 docs/designs/nav-rework-evidence-2026-09-09/research/C7-full-m8i/candidate-smoke_s2_16_randomized-r3.json
 create mode 100644 docs/designs/nav-rework-evidence-2026-09-09/research/C7-full-m8i/candidate-smoke_s2_16_randomized-r3.stderr
 create mode 100644 docs/designs/nav-rework-evidence-2026-09-09/research/C7-full-m8i/candidate.patch
 create mode 100644 docs/designs/nav-rework-evidence-2026-09-09/research/C7-full-m8i/executable-hashes.txt
 create mode 100644 docs/designs/nav-rework-evidence-2026-09-09/research/C7-full-m8i/input-hashes.txt
 create mode 100644 docs/designs/nav-rework-evidence-2026-09-09/research/C7-full-m8i/lscpu.txt
 create mode 100644 docs/designs/nav-rework-evidence-2026-09-09/research/C7-full-m8i/parent-regimes-r1.json
 create mode 100644 docs/designs/nav-rework-evidence-2026-09-09/research/C7-full-m8i/parent-regimes-r1.stderr
 create mode 100644 docs/designs/nav-rework-evidence-2026-09-09/research/C7-full-m8i/parent-regimes-r2.json
 create mode 100644 docs/designs/nav-rework-evidence-2026-09-09/research/C7-full-m8i/parent-regimes-r2.stderr
 create mode 100644 docs/designs/nav-rework-evidence-2026-09-09/research/C7-full-m8i/parent-regimes-r3.json
 create mode 100644 docs/designs/nav-rework-evidence-2026-09-09/research/C7-full-m8i/parent-regimes-r3.stderr
 create mode 100644 docs/designs/nav-rework-evidence-2026-09-09/research/C7-full-m8i/parent-s2_16_679962-r1.json
 create mode 100644 docs/designs/nav-rework-evidence-2026-09-09/research/C7-full-m8i/parent-s2_16_679962-r1.stderr
 create mode 100644 docs/designs/nav-rework-evidence-2026-09-09/research/C7-full-m8i/parent-s2_16_679962-r2.json
 create mode 100644 docs/designs/nav-rework-evidence-2026-09-09/research/C7-full-m8i/parent-s2_16_679962-r2.stderr
 create mode 100644 docs/designs/nav-rework-evidence-2026-09-09/research/C7-full-m8i/parent-s2_16_679962-r3.json
 create mode 100644 docs/designs/nav-rework-evidence-2026-09-09/research/C7-full-m8i/parent-s2_16_679962-r3.stderr
 create mode 100644 docs/designs/nav-rework-evidence-2026-09-09/research/C7-full-m8i/parent-s2_16_679963-r1.json
 create mode 100644 docs/designs/nav-rework-evidence-2026-09-09/research/C7-full-m8i/parent-s2_16_679963-r1.stderr
 create mode 100644 docs/designs/nav-rework-evidence-2026-09-09/research/C7-full-m8i/parent-s2_16_679963-r2.json
 create mode 100644 docs/designs/nav-rework-evidence-2026-09-09/research/C7-full-m8i/parent-s2_16_679963-r2.stderr
 create mode 100644 docs/designs/nav-rework-evidence-2026-09-09/research/C7-full-m8i/parent-s2_16_679963-r3.json
 create mode 100644 docs/designs/nav-rework-evidence-2026-09-09/research/C7-full-m8i/parent-s2_16_679963-r3.stderr
 create mode 100644 docs/designs/nav-rework-evidence-2026-09-09/research/C7-full-m8i/parent-s2_16_679964-r1.json
 create mode 100644 docs/designs/nav-rework-evidence-2026-09-09/research/C7-full-m8i/parent-s2_16_679964-r1.stderr
 create mode 100644 docs/designs/nav-rework-evidence-2026-09-09/research/C7-full-m8i/parent-s2_16_679964-r2.json
 create mode 100644 docs/designs/nav-rework-evidence-2026-09-09/research/C7-full-m8i/parent-s2_16_679964-r2.stderr
 create mode 100644 docs/designs/nav-rework-evidence-2026-09-09/research/C7-full-m8i/parent-s2_16_679964-r3.json
 create mode 100644 docs/designs/nav-rework-evidence-2026-09-09/research/C7-full-m8i/parent-s2_16_679964-r3.stderr
 create mode 100644 docs/designs/nav-rework-evidence-2026-09-09/research/C7-full-m8i/parent-s2_16_679965-r1.json
 create mode 100644 docs/designs/nav-rework-evidence-2026-09-09/research/C7-full-m8i/parent-s2_16_679965-r1.stderr
 create mode 100644 docs/designs/nav-rework-evidence-2026-09-09/research/C7-full-m8i/parent-s2_16_679965-r2.json
 create mode 100644 docs/designs/nav-rework-evidence-2026-09-09/research/C7-full-m8i/parent-s2_16_679965-r2.stderr
 create mode 100644 docs/designs/nav-rework-evidence-2026-09-09/research/C7-full-m8i/parent-s2_16_679965-r3.json
 create mode 100644 docs/designs/nav-rework-evidence-2026-09-09/research/C7-full-m8i/parent-s2_16_679965-r3.stderr
 create mode 100644 docs/designs/nav-rework-evidence-2026-09-09/research/C7-full-m8i/parent-s2_32_679962-r1.json
 create mode 100644 docs/designs/nav-rework-evidence-2026-09-09/research/C7-full-m8i/parent-s2_32_679962-r1.stderr
 create mode 100644 docs/designs/nav-rework-evidence-2026-09-09/research/C7-full-m8i/parent-s2_32_679962-r2.json
 create mode 100644 docs/designs/nav-rework-evidence-2026-09-09/research/C7-full-m8i/parent-s2_32_679962-r2.stderr
 create mode 100644 docs/designs/nav-rework-evidence-2026-09-09/research/C7-full-m8i/parent-s2_32_679962-r3.json
 create mode 100644 docs/designs/nav-rework-evidence-2026-09-09/research/C7-full-m8i/parent-s2_32_679962-r3.stderr
 create mode 100644 docs/designs/nav-rework-evidence-2026-09-09/research/C7-full-m8i/parent-s2_32_679963-r1.json
 create mode 100644 docs/designs/nav-rework-evidence-2026-09-09/research/C7-full-m8i/parent-s2_32_679963-r1.stderr
 create mode 100644 docs/designs/nav-rework-evidence-2026-09-09/research/C7-full-m8i/parent-s2_32_679963-r2.json
 create mode 100644 docs/designs/nav-rework-evidence-2026-09-09/research/C7-full-m8i/parent-s2_32_679963-r2.stderr
 create mode 100644 docs/designs/nav-rework-evidence-2026-09-09/research/C7-full-m8i/parent-s2_32_679963-r3.json
 create mode 100644 docs/designs/nav-rework-evidence-2026-09-09/research/C7-full-m8i/parent-s2_32_679963-r3.stderr
 create mode 100644 docs/designs/nav-rework-evidence-2026-09-09/research/C7-full-m8i/parent-s2_32_679964-r1.json
 create mode 100644 docs/designs/nav-rework-evidence-2026-09-09/research/C7-full-m8i/parent-s2_32_679964-r1.stderr
 create mode 100644 docs/designs/nav-rework-evidence-2026-09-09/research/C7-full-m8i/parent-s2_32_679964-r2.json
 create mode 100644 docs/designs/nav-rework-evidence-2026-09-09/research/C7-full-m8i/parent-s2_32_679964-r2.stderr
 create mode 100644 docs/designs/nav-rework-evidence-2026-09-09/research/C7-full-m8i/parent-s2_32_679964-r3.json
 create mode 100644 docs/designs/nav-rework-evidence-2026-09-09/research/C7-full-m8i/parent-s2_32_679964-r3.stderr
 create mode 100644 docs/designs/nav-rework-evidence-2026-09-09/research/C7-full-m8i/parent-s2_32_679965-r1.json
 create mode 100644 docs/designs/nav-rework-evidence-2026-09-09/research/C7-full-m8i/parent-s2_32_679965-r1.stderr
 create mode 100644 docs/designs/nav-rework-evidence-2026-09-09/research/C7-full-m8i/parent-s2_32_679965-r2.json
 create mode 100644 docs/designs/nav-rework-evidence-2026-09-09/research/C7-full-m8i/parent-s2_32_679965-r2.stderr
 create mode 100644 docs/designs/nav-rework-evidence-2026-09-09/research/C7-full-m8i/parent-s2_32_679965-r3.json
 create mode 100644 docs/designs/nav-rework-evidence-2026-09-09/research/C7-full-m8i/parent-s2_32_679965-r3.stderr
 create mode 100644 docs/designs/nav-rework-evidence-2026-09-09/research/C7-full-m8i/parent-smoke_s2_16_randomized-r1.json
 create mode 100644 docs/designs/nav-rework-evidence-2026-09-09/research/C7-full-m8i/parent-smoke_s2_16_randomized-r1.stderr
 create mode 100644 docs/designs/nav-rework-evidence-2026-09-09/research/C7-full-m8i/parent-smoke_s2_16_randomized-r2.json
 create mode 100644 docs/designs/nav-rework-evidence-2026-09-09/research/C7-full-m8i/parent-smoke_s2_16_randomized-r2.stderr
 create mode 100644 docs/designs/nav-rework-evidence-2026-09-09/research/C7-full-m8i/parent-smoke_s2_16_randomized-r3.json
 create mode 100644 docs/designs/nav-rework-evidence-2026-09-09/research/C7-full-m8i/parent-smoke_s2_16_randomized-r3.stderr
 create mode 100644 docs/designs/nav-rework-evidence-2026-09-09/research/C7-full-m8i/parent.patch
 create mode 100644 docs/designs/nav-rework-evidence-2026-09-09/research/C7-full-m8i/quality.json
 create mode 100644 docs/designs/nav-rework-evidence-2026-09-09/research/C7-full-m8i/quality.stderr
 create mode 100644 docs/designs/nav-rework-evidence-2026-09-09/research/C7-refcount-m5a-regimes-summary.json
 create mode 100644 docs/designs/nav-rework-evidence-2026-09-09/research/C7-refcount-m5a-trace-summary.json
 create mode 100644 docs/designs/nav-rework-evidence-2026-09-09/research/C7-refcount-m5a/DONE
 create mode 100644 docs/designs/nav-rework-evidence-2026-09-09/research/C7-refcount-m5a/base-commit.txt
 create mode 100644 docs/designs/nav-rework-evidence-2026-09-09/research/C7-refcount-m5a/build-candidate-cache.log
 create mode 100644 docs/designs/nav-rework-evidence-2026-09-09/research/C7-refcount-m5a/build-candidate-trace.log
 create mode 100644 docs/designs/nav-rework-evidence-2026-09-09/research/C7-refcount-m5a/build-parent-cache.log
 create mode 100644 docs/designs/nav-rework-evidence-2026-09-09/research/C7-refcount-m5a/build-parent-trace.log
 create mode 100644 docs/designs/nav-rework-evidence-2026-09-09/research/C7-refcount-m5a/build-quality.log
 create mode 100644 docs/designs/nav-rework-evidence-2026-09-09/research/C7-refcount-m5a/candidate-regimes-r1.json
 create mode 100644 docs/designs/nav-rework-evidence-2026-09-09/research/C7-refcount-m5a/candidate-regimes-r1.stderr
 create mode 100644 docs/designs/nav-rework-evidence-2026-09-09/research/C7-refcount-m5a/candidate-regimes-r2.json
 create mode 100644 docs/designs/nav-rework-evidence-2026-09-09/research/C7-refcount-m5a/candidate-regimes-r2.stderr
 create mode 100644 docs/designs/nav-rework-evidence-2026-09-09/research/C7-refcount-m5a/candidate-regimes-r3.json
 create mode 100644 docs/designs/nav-rework-evidence-2026-09-09/research/C7-refcount-m5a/candidate-regimes-r3.stderr
 create mode 100644 docs/designs/nav-rework-evidence-2026-09-09/research/C7-refcount-m5a/candidate-s2_16_679962-r1.json
 create mode 100644 docs/designs/nav-rework-evidence-2026-09-09/research/C7-refcount-m5a/candidate-s2_16_679962-r1.stderr
 create mode 100644 docs/designs/nav-rework-evidence-2026-09-09/research/C7-refcount-m5a/candidate-s2_16_679962-r2.json
 create mode 100644 docs/designs/nav-rework-evidence-2026-09-09/research/C7-refcount-m5a/candidate-s2_16_679962-r2.stderr
 create mode 100644 docs/designs/nav-rework-evidence-2026-09-09/research/C7-refcount-m5a/candidate-s2_16_679962-r3.json
 create mode 100644 docs/designs/nav-rework-evidence-2026-09-09/research/C7-refcount-m5a/candidate-s2_16_679962-r3.stderr
 create mode 100644 docs/designs/nav-rework-evidence-2026-09-09/research/C7-refcount-m5a/candidate-s2_16_679963-r1.json
 create mode 100644 docs/designs/nav-rework-evidence-2026-09-09/research/C7-refcount-m5a/candidate-s2_16_679963-r1.stderr
 create mode 100644 docs/designs/nav-rework-evidence-2026-09-09/research/C7-refcount-m5a/candidate-s2_16_679963-r2.json
 create mode 100644 docs/designs/nav-rework-evidence-2026-09-09/research/C7-refcount-m5a/candidate-s2_16_679963-r2.stderr
 create mode 100644 docs/designs/nav-rework-evidence-2026-09-09/research/C7-refcount-m5a/candidate-s2_16_679963-r3.json
 create mode 100644 docs/designs/nav-rework-evidence-2026-09-09/research/C7-refcount-m5a/candidate-s2_16_679963-r3.stderr
 create mode 100644 docs/designs/nav-rework-evidence-2026-09-09/research/C7-refcount-m5a/candidate-s2_16_679964-r1.json
 create mode 100644 docs/designs/nav-rework-evidence-2026-09-09/research/C7-refcount-m5a/candidate-s2_16_679964-r1.stderr
 create mode 100644 docs/designs/nav-rework-evidence-2026-09-09/research/C7-refcount-m5a/candidate-s2_16_679964-r2.json
 create mode 100644 docs/designs/nav-rework-evidence-2026-09-09/research/C7-refcount-m5a/candidate-s2_16_679964-r2.stderr
 create mode 100644 docs/designs/nav-rework-evidence-2026-09-09/research/C7-refcount-m5a/candidate-s2_16_679964-r3.json
 create mode 100644 docs/designs/nav-rework-evidence-2026-09-09/research/C7-refcount-m5a/candidate-s2_16_679964-r3.stderr
 create mode 100644 docs/designs/nav-rework-evidence-2026-09-09/research/C7-refcount-m5a/candidate-s2_16_679965-r1.json
 create mode 100644 docs/designs/nav-rework-evidence-2026-09-09/research/C7-refcount-m5a/candidate-s2_16_679965-r1.stderr
 create mode 100644 docs/designs/nav-rework-evidence-2026-09-09/research/C7-refcount-m5a/candidate-s2_16_679965-r2.json
 create mode 100644 docs/designs/nav-rework-evidence-2026-09-09/research/C7-refcount-m5a/candidate-s2_16_679965-r2.stderr
 create mode 100644 docs/designs/nav-rework-evidence-2026-09-09/research/C7-refcount-m5a/candidate-s2_16_679965-r3.json
 create mode 100644 docs/designs/nav-rework-evidence-2026-09-09/research/C7-refcount-m5a/candidate-s2_16_679965-r3.stderr
 create mode 100644 docs/designs/nav-rework-evidence-2026-09-09/research/C7-refcount-m5a/candidate-s2_32_679962-r1.json
 create mode 100644 docs/designs/nav-rework-evidence-2026-09-09/research/C7-refcount-m5a/candidate-s2_32_679962-r1.stderr
 create mode 100644 docs/designs/nav-rework-evidence-2026-09-09/research/C7-refcount-m5a/candidate-s2_32_679962-r2.json
 create mode 100644 docs/designs/nav-rework-evidence-2026-09-09/research/C7-refcount-m5a/candidate-s2_32_679962-r2.stderr
 create mode 100644 docs/designs/nav-rework-evidence-2026-09-09/research/C7-refcount-m5a/candidate-s2_32_679962-r3.json
 create mode 100644 docs/designs/nav-rework-evidence-2026-09-09/research/C7-refcount-m5a/candidate-s2_32_679962-r3.stderr
 create mode 100644 docs/designs/nav-rework-evidence-2026-09-09/research/C7-refcount-m5a/candidate-s2_32_679963-r1.json
 create mode 100644 docs/designs/nav-rework-evidence-2026-09-09/research/C7-refcount-m5a/candidate-s2_32_679963-r1.stderr
 create mode 100644 docs/designs/nav-rework-evidence-2026-09-09/research/C7-refcount-m5a/candidate-s2_32_679963-r2.json
 create mode 100644 docs/designs/nav-rework-evidence-2026-09-09/research/C7-refcount-m5a/candidate-s2_32_679963-r2.stderr
 create mode 100644 docs/designs/nav-rework-evidence-2026-09-09/research/C7-refcount-m5a/candidate-s2_32_679963-r3.json
 create mode 100644 docs/designs/nav-rework-evidence-2026-09-09/research/C7-refcount-m5a/candidate-s2_32_679963-r3.stderr
 create mode 100644 docs/designs/nav-rework-evidence-2026-09-09/research/C7-refcount-m5a/candidate-s2_32_679964-r1.json
 create mode 100644 docs/designs/nav-rework-evidence-2026-09-09/research/C7-refcount-m5a/candidate-s2_32_679964-r1.stderr
 create mode 100644 docs/designs/nav-rework-evidence-2026-09-09/research/C7-refcount-m5a/candidate-s2_32_679964-r2.json
 create mode 100644 docs/designs/nav-rework-evidence-2026-09-09/research/C7-refcount-m5a/candidate-s2_32_679964-r2.stderr
 create mode 100644 docs/designs/nav-rework-evidence-2026-09-09/research/C7-refcount-m5a/candidate-s2_32_679964-r3.json
 create mode 100644 docs/designs/nav-rework-evidence-2026-09-09/research/C7-refcount-m5a/candidate-s2_32_679964-r3.stderr
 create mode 100644 docs/designs/nav-rework-evidence-2026-09-09/research/C7-refcount-m5a/candidate-s2_32_679965-r1.json
 create mode 100644 docs/designs/nav-rework-evidence-2026-09-09/research/C7-refcount-m5a/candidate-s2_32_679965-r1.stderr
 create mode 100644 docs/designs/nav-rework-evidence-2026-09-09/research/C7-refcount-m5a/candidate-s2_32_679965-r2.json
 create mode 100644 docs/designs/nav-rework-evidence-2026-09-09/research/C7-refcount-m5a/candidate-s2_32_679965-r2.stderr
 create mode 100644 docs/designs/nav-rework-evidence-2026-09-09/research/C7-refcount-m5a/candidate-s2_32_679965-r3.json
 create mode 100644 docs/designs/nav-rework-evidence-2026-09-09/research/C7-refcount-m5a/candidate-s2_32_679965-r3.stderr
 create mode 100644 docs/designs/nav-rework-evidence-2026-09-09/research/C7-refcount-m5a/candidate-smoke_s2_16_randomized-r1.json
 create mode 100644 docs/designs/nav-rework-evidence-2026-09-09/research/C7-refcount-m5a/candidate-smoke_s2_16_randomized-r1.stderr
 create mode 100644 docs/designs/nav-rework-evidence-2026-09-09/research/C7-refcount-m5a/candidate-smoke_s2_16_randomized-r2.json
 create mode 100644 docs/designs/nav-rework-evidence-2026-09-09/research/C7-refcount-m5a/candidate-smoke_s2_16_randomized-r2.stderr
 create mode 100644 docs/designs/nav-rework-evidence-2026-09-09/research/C7-refcount-m5a/candidate-smoke_s2_16_randomized-r3.json
 create mode 100644 docs/designs/nav-rework-evidence-2026-09-09/research/C7-refcount-m5a/candidate-smoke_s2_16_randomized-r3.stderr
 create mode 100644 docs/designs/nav-rework-evidence-2026-09-09/research/C7-refcount-m5a/candidate.patch
 create mode 100644 docs/designs/nav-rework-evidence-2026-09-09/research/C7-refcount-m5a/executable-hashes.txt
 create mode 100644 docs/designs/nav-rework-evidence-2026-09-09/research/C7-refcount-m5a/input-hashes.txt
 create mode 100644 docs/designs/nav-rework-evidence-2026-09-09/research/C7-refcount-m5a/lscpu.txt
 create mode 100644 docs/designs/nav-rework-evidence-2026-09-09/research/C7-refcount-m5a/original.nim
 create mode 100644 docs/designs/nav-rework-evidence-2026-09-09/research/C7-refcount-m5a/parent-regimes-r1.json
 create mode 100644 docs/designs/nav-rework-evidence-2026-09-09/research/C7-refcount-m5a/parent-regimes-r1.stderr
 create mode 100644 docs/designs/nav-rework-evidence-2026-09-09/research/C7-refcount-m5a/parent-regimes-r2.json
 create mode 100644 docs/designs/nav-rework-evidence-2026-09-09/research/C7-refcount-m5a/parent-regimes-r2.stderr
 create mode 100644 docs/designs/nav-rework-evidence-2026-09-09/research/C7-refcount-m5a/parent-regimes-r3.json
 create mode 100644 docs/designs/nav-rework-evidence-2026-09-09/research/C7-refcount-m5a/parent-regimes-r3.stderr
 create mode 100644 docs/designs/nav-rework-evidence-2026-09-09/research/C7-refcount-m5a/parent-s2_16_679962-r1.json
 create mode 100644 docs/designs/nav-rework-evidence-2026-09-09/research/C7-refcount-m5a/parent-s2_16_679962-r1.stderr
 create mode 100644 docs/designs/nav-rework-evidence-2026-09-09/research/C7-refcount-m5a/parent-s2_16_679962-r2.json
 create mode 100644 docs/designs/nav-rework-evidence-2026-09-09/research/C7-refcount-m5a/parent-s2_16_679962-r2.stderr
 create mode 100644 docs/designs/nav-rework-evidence-2026-09-09/research/C7-refcount-m5a/parent-s2_16_679962-r3.json
 create mode 100644 docs/designs/nav-rework-evidence-2026-09-09/research/C7-refcount-m5a/parent-s2_16_679962-r3.stderr
 create mode 100644 docs/designs/nav-rework-evidence-2026-09-09/research/C7-refcount-m5a/parent-s2_16_679963-r1.json
 create mode 100644 docs/designs/nav-rework-evidence-2026-09-09/research/C7-refcount-m5a/parent-s2_16_679963-r1.stderr
 create mode 100644 docs/designs/nav-rework-evidence-2026-09-09/research/C7-refcount-m5a/parent-s2_16_679963-r2.json
 create mode 100644 docs/designs/nav-rework-evidence-2026-09-09/research/C7-refcount-m5a/parent-s2_16_679963-r2.stderr
 create mode 100644 docs/designs/nav-rework-evidence-2026-09-09/research/C7-refcount-m5a/parent-s2_16_679963-r3.json
 create mode 100644 docs/designs/nav-rework-evidence-2026-09-09/research/C7-refcount-m5a/parent-s2_16_679963-r3.stderr
 create mode 100644 docs/designs/nav-rework-evidence-2026-09-09/research/C7-refcount-m5a/parent-s2_16_679964-r1.json
 create mode 100644 docs/designs/nav-rework-evidence-2026-09-09/research/C7-refcount-m5a/parent-s2_16_679964-r1.stderr
 create mode 100644 docs/designs/nav-rework-evidence-2026-09-09/research/C7-refcount-m5a/parent-s2_16_679964-r2.json
 create mode 100644 docs/designs/nav-rework-evidence-2026-09-09/research/C7-refcount-m5a/parent-s2_16_679964-r2.stderr
 create mode 100644 docs/designs/nav-rework-evidence-2026-09-09/research/C7-refcount-m5a/parent-s2_16_679964-r3.json
 create mode 100644 docs/designs/nav-rework-evidence-2026-09-09/research/C7-refcount-m5a/parent-s2_16_679964-r3.stderr
 create mode 100644 docs/designs/nav-rework-evidence-2026-09-09/research/C7-refcount-m5a/parent-s2_16_679965-r1.json
 create mode 100644 docs/designs/nav-rework-evidence-2026-09-09/research/C7-refcount-m5a/parent-s2_16_679965-r1.stderr
 create mode 100644 docs/designs/nav-rework-evidence-2026-09-09/research/C7-refcount-m5a/parent-s2_16_679965-r2.json
 create mode 100644 docs/designs/nav-rework-evidence-2026-09-09/research/C7-refcount-m5a/parent-s2_16_679965-r2.stderr
 create mode 100644 docs/designs/nav-rework-evidence-2026-09-09/research/C7-refcount-m5a/parent-s2_16_679965-r3.json
 create mode 100644 docs/designs/nav-rework-evidence-2026-09-09/research/C7-refcount-m5a/parent-s2_16_679965-r3.stderr
 create mode 100644 docs/designs/nav-rework-evidence-2026-09-09/research/C7-refcount-m5a/parent-s2_32_679962-r1.json
 create mode 100644 docs/designs/nav-rework-evidence-2026-09-09/research/C7-refcount-m5a/parent-s2_32_679962-r1.stderr
 create mode 100644 docs/designs/nav-rework-evidence-2026-09-09/research/C7-refcount-m5a/parent-s2_32_679962-r2.json
 create mode 100644 docs/designs/nav-rework-evidence-2026-09-09/research/C7-refcount-m5a/parent-s2_32_679962-r2.stderr
 create mode 100644 docs/designs/nav-rework-evidence-2026-09-09/research/C7-refcount-m5a/parent-s2_32_679962-r3.json
 create mode 100644 docs/designs/nav-rework-evidence-2026-09-09/research/C7-refcount-m5a/parent-s2_32_679962-r3.stderr
 create mode 100644 docs/designs/nav-rework-evidence-2026-09-09/research/C7-refcount-m5a/parent-s2_32_679963-r1.json
 create mode 100644 docs/designs/nav-rework-evidence-2026-09-09/research/C7-refcount-m5a/parent-s2_32_679963-r1.stderr
 create mode 100644 docs/designs/nav-rework-evidence-2026-09-09/research/C7-refcount-m5a/parent-s2_32_679963-r2.json
 create mode 100644 docs/designs/nav-rework-evidence-2026-09-09/research/C7-refcount-m5a/parent-s2_32_679963-r2.stderr
 create mode 100644 docs/designs/nav-rework-evidence-2026-09-09/research/C7-refcount-m5a/parent-s2_32_679963-r3.json
 create mode 100644 docs/designs/nav-rework-evidence-2026-09-09/research/C7-refcount-m5a/parent-s2_32_679963-r3.stderr
 create mode 100644 docs/designs/nav-rework-evidence-2026-09-09/research/C7-refcount-m5a/parent-s2_32_679964-r1.json
 create mode 100644 docs/designs/nav-rework-evidence-2026-09-09/research/C7-refcount-m5a/parent-s2_32_679964-r1.stderr
 create mode 100644 docs/designs/nav-rework-evidence-2026-09-09/research/C7-refcount-m5a/parent-s2_32_679964-r2.json
 create mode 100644 docs/designs/nav-rework-evidence-2026-09-09/research/C7-refcount-m5a/parent-s2_32_679964-r2.stderr
 create mode 100644 docs/designs/nav-rework-evidence-2026-09-09/research/C7-refcount-m5a/parent-s2_32_679964-r3.json
 create mode 100644 docs/designs/nav-rework-evidence-2026-09-09/research/C7-refcount-m5a/parent-s2_32_679964-r3.stderr
 create mode 100644 docs/designs/nav-rework-evidence-2026-09-09/research/C7-refcount-m5a/parent-s2_32_679965-r1.json
 create mode 100644 docs/designs/nav-rework-evidence-2026-09-09/research/C7-refcount-m5a/parent-s2_32_679965-r1.stderr
 create mode 100644 docs/designs/nav-rework-evidence-2026-09-09/research/C7-refcount-m5a/parent-s2_32_679965-r2.json
 create mode 100644 docs/designs/nav-rework-evidence-2026-09-09/research/C7-refcount-m5a/parent-s2_32_679965-r2.stderr
 create mode 100644 docs/designs/nav-rework-evidence-2026-09-09/research/C7-refcount-m5a/parent-s2_32_679965-r3.json
 create mode 100644 docs/designs/nav-rework-evidence-2026-09-09/research/C7-refcount-m5a/parent-s2_32_679965-r3.stderr
 create mode 100644 docs/designs/nav-rework-evidence-2026-09-09/research/C7-refcount-m5a/parent-smoke_s2_16_randomized-r1.json
 create mode 100644 docs/designs/nav-rework-evidence-2026-09-09/research/C7-refcount-m5a/parent-smoke_s2_16_randomized-r1.stderr
 create mode 100644 docs/designs/nav-rework-evidence-2026-09-09/research/C7-refcount-m5a/parent-smoke_s2_16_randomized-r2.json
 create mode 100644 docs/designs/nav-rework-evidence-2026-09-09/research/C7-refcount-m5a/parent-smoke_s2_16_randomized-r2.stderr
 create mode 100644 docs/designs/nav-rework-evidence-2026-09-09/research/C7-refcount-m5a/parent-smoke_s2_16_randomized-r3.json
 create mode 100644 docs/designs/nav-rework-evidence-2026-09-09/research/C7-refcount-m5a/parent-smoke_s2_16_randomized-r3.stderr
 create mode 100644 docs/designs/nav-rework-evidence-2026-09-09/research/C7-refcount-m5a/parent.patch
 create mode 100644 docs/designs/nav-rework-evidence-2026-09-09/research/C7-refcount-m5a/quality.json
 create mode 100644 docs/designs/nav-rework-evidence-2026-09-09/research/C7-refcount-m5a/quality.stderr
 create mode 100644 docs/designs/nav-rework-evidence-2026-09-09/research/C7-refcount-m8i-regimes-summary.json
 create mode 100644 docs/designs/nav-rework-evidence-2026-09-09/research/C7-refcount-m8i-trace-summary.json
 create mode 100644 docs/designs/nav-rework-evidence-2026-09-09/research/C7-refcount-m8i/DONE
 create mode 100644 docs/designs/nav-rework-evidence-2026-09-09/research/C7-refcount-m8i/base-commit.txt
 create mode 100644 docs/designs/nav-rework-evidence-2026-09-09/research/C7-refcount-m8i/build-candidate-cache.log
 create mode 100644 docs/designs/nav-rework-evidence-2026-09-09/research/C7-refcount-m8i/build-candidate-trace.log
 create mode 100644 docs/designs/nav-rework-evidence-2026-09-09/research/C7-refcount-m8i/build-parent-cache.log
 create mode 100644 docs/designs/nav-rework-evidence-2026-09-09/research/C7-refcount-m8i/build-parent-trace.log
 create mode 100644 docs/designs/nav-rework-evidence-2026-09-09/research/C7-refcount-m8i/build-quality.log
 create mode 100644 docs/designs/nav-rework-evidence-2026-09-09/research/C7-refcount-m8i/candidate-regimes-r1.json
 create mode 100644 docs/designs/nav-rework-evidence-2026-09-09/research/C7-refcount-m8i/candidate-regimes-r1.stderr
 create mode 100644 docs/designs/nav-rework-evidence-2026-09-09/research/C7-refcount-m8i/candidate-regimes-r2.json
 create mode 100644 docs/designs/nav-rework-evidence-2026-09-09/research/C7-refcount-m8i/candidate-regimes-r2.stderr
 create mode 100644 docs/designs/nav-rework-evidence-2026-09-09/research/C7-refcount-m8i/candidate-regimes-r3.json
 create mode 100644 docs/designs/nav-rework-evidence-2026-09-09/research/C7-refcount-m8i/candidate-regimes-r3.stderr
 create mode 100644 docs/designs/nav-rework-evidence-2026-09-09/research/C7-refcount-m8i/candidate-s2_16_679962-r1.json
 create mode 100644 docs/designs/nav-rework-evidence-2026-09-09/research/C7-refcount-m8i/candidate-s2_16_679962-r1.stderr
 create mode 100644 docs/designs/nav-rework-evidence-2026-09-09/research/C7-refcount-m8i/candidate-s2_16_679962-r2.json
 create mode 100644 docs/designs/nav-rework-evidence-2026-09-09/research/C7-refcount-m8i/candidate-s2_16_679962-r2.stderr
 create mode 100644 docs/designs/nav-rework-evidence-2026-09-09/research/C7-refcount-m8i/candidate-s2_16_679962-r3.json
 create mode 100644 docs/designs/nav-rework-evidence-2026-09-09/research/C7-refcount-m8i/candidate-s2_16_679962-r3.stderr
 create mode 100644 docs/designs/nav-rework-evidence-2026-09-09/research/C7-refcount-m8i/candidate-s2_16_679963-r1.json
 create mode 100644 docs/designs/nav-rework-evidence-2026-09-09/research/C7-refcount-m8i/candidate-s2_16_679963-r1.stderr
 create mode 100644 docs/designs/nav-rework-evidence-2026-09-09/research/C7-refcount-m8i/candidate-s2_16_679963-r2.json
 create mode 100644 docs/designs/nav-rework-evidence-2026-09-09/research/C7-refcount-m8i/candidate-s2_16_679963-r2.stderr
 create mode 100644 docs/designs/nav-rework-evidence-2026-09-09/research/C7-refcount-m8i/candidate-s2_16_679963-r3.json
 create mode 100644 docs/designs/nav-rework-evidence-2026-09-09/research/C7-refcount-m8i/candidate-s2_16_679963-r3.stderr
 create mode 100644 docs/designs/nav-rework-evidence-2026-09-09/research/C7-refcount-m8i/candidate-s2_16_679964-r1.json
 create mode 100644 docs/designs/nav-rework-evidence-2026-09-09/research/C7-refcount-m8i/candidate-s2_16_679964-r1.stderr
 create mode 100644 docs/designs/nav-rework-evidence-2026-09-09/research/C7-refcount-m8i/candidate-s2_16_679964-r2.json
 create mode 100644 docs/designs/nav-rework-evidence-2026-09-09/research/C7-refcount-m8i/candidate-s2_16_679964-r2.stderr
 create mode 100644 docs/designs/nav-rework-evidence-2026-09-09/research/C7-refcount-m8i/candidate-s2_16_679964-r3.json
 create mode 100644 docs/designs/nav-rework-evidence-2026-09-09/research/C7-refcount-m8i/candidate-s2_16_679964-r3.stderr
 create mode 100644 docs/designs/nav-rework-evidence-2026-09-09/research/C7-refcount-m8i/candidate-s2_16_679965-r1.json
 create mode 100644 docs/designs/nav-rework-evidence-2026-09-09/research/C7-refcount-m8i/candidate-s2_16_679965-r1.stderr
 create mode 100644 docs/designs/nav-rework-evidence-2026-09-09/research/C7-refcount-m8i/candidate-s2_16_679965-r2.json
 create mode 100644 docs/designs/nav-rework-evidence-2026-09-09/research/C7-refcount-m8i/candidate-s2_16_679965-r2.stderr
 create mode 100644 docs/designs/nav-rework-evidence-2026-09-09/research/C7-refcount-m8i/candidate-s2_16_679965-r3.json
 create mode 100644 docs/designs/nav-rework-evidence-2026-09-09/research/C7-refcount-m8i/candidate-s2_16_679965-r3.stderr
 create mode 100644 docs/designs/nav-rework-evidence-2026-09-09/research/C7-refcount-m8i/candidate-s2_32_679962-r1.json
 create mode 100644 docs/designs/nav-rework-evidence-2026-09-09/research/C7-refcount-m8i/candidate-s2_32_679962-r1.stderr
 create mode 100644 docs/designs/nav-rework-evidence-2026-09-09/research/C7-refcount-m8i/candidate-s2_32_679962-r2.json
 create mode 100644 docs/designs/nav-rework-evidence-2026-09-09/research/C7-refcount-m8i/candidate-s2_32_679962-r2.stderr
 create mode 100644 docs/designs/nav-rework-evidence-2026-09-09/research/C7-refcount-m8i/candidate-s2_32_679962-r3.json
 create mode 100644 docs/designs/nav-rework-evidence-2026-09-09/research/C7-refcount-m8i/candidate-s2_32_679962-r3.stderr
 create mode 100644 docs/designs/nav-rework-evidence-2026-09-09/research/C7-refcount-m8i/candidate-s2_32_679963-r1.json
 create mode 100644 docs/designs/nav-rework-evidence-2026-09-09/research/C7-refcount-m8i/candidate-s2_32_679963-r1.stderr
 create mode 100644 docs/designs/nav-rework-evidence-2026-09-09/research/C7-refcount-m8i/candidate-s2_32_679963-r2.json
 create mode 100644 docs/designs/nav-rework-evidence-2026-09-09/research/C7-refcount-m8i/candidate-s2_32_679963-r2.stderr
 create mode 100644 docs/designs/nav-rework-evidence-2026-09-09/research/C7-refcount-m8i/candidate-s2_32_679963-r3.json
 create mode 100644 docs/designs/nav-rework-evidence-2026-09-09/research/C7-refcount-m8i/candidate-s2_32_679963-r3.stderr
 create mode 100644 docs/designs/nav-rework-evidence-2026-09-09/research/C7-refcount-m8i/candidate-s2_32_679964-r1.json
 create mode 100644 docs/designs/nav-rework-evidence-2026-09-09/research/C7-refcount-m8i/candidate-s2_32_679964-r1.stderr
 create mode 100644 docs/designs/nav-rework-evidence-2026-09-09/research/C7-refcount-m8i/candidate-s2_32_679964-r2.json
 create mode 100644 docs/designs/nav-rework-evidence-2026-09-09/research/C7-refcount-m8i/candidate-s2_32_679964-r2.stderr
 create mode 100644 docs/designs/nav-rework-evidence-2026-09-09/research/C7-refcount-m8i/candidate-s2_32_679964-r3.json
 create mode 100644 docs/designs/nav-rework-evidence-2026-09-09/research/C7-refcount-m8i/candidate-s2_32_679964-r3.stderr
 create mode 100644 docs/designs/nav-rework-evidence-2026-09-09/research/C7-refcount-m8i/candidate-s2_32_679965-r1.json
 create mode 100644 docs/designs/nav-rework-evidence-2026-09-09/research/C7-refcount-m8i/candidate-s2_32_679965-r1.stderr
 create mode 100644 docs/designs/nav-rework-evidence-2026-09-09/research/C7-refcount-m8i/candidate-s2_32_679965-r2.json
 create mode 100644 docs/designs/nav-rework-evidence-2026-09-09/research/C7-refcount-m8i/candidate-s2_32_679965-r2.stderr
 create mode 100644 docs/designs/nav-rework-evidence-2026-09-09/research/C7-refcount-m8i/candidate-s2_32_679965-r3.json
 create mode 100644 docs/designs/nav-rework-evidence-2026-09-09/research/C7-refcount-m8i/candidate-s2_32_679965-r3.stderr
 create mode 100644 docs/designs/nav-rework-evidence-2026-09-09/research/C7-refcount-m8i/candidate-smoke_s2_16_randomized-r1.json
 create mode 100644 docs/designs/nav-rework-evidence-2026-09-09/research/C7-refcount-m8i/candidate-smoke_s2_16_randomized-r1.stderr
 create mode 100644 docs/designs/nav-rework-evidence-2026-09-09/research/C7-refcount-m8i/candidate-smoke_s2_16_randomized-r2.json
 create mode 100644 docs/designs/nav-rework-evidence-2026-09-09/research/C7-refcount-m8i/candidate-smoke_s2_16_randomized-r2.stderr
 create mode 100644 docs/designs/nav-rework-evidence-2026-09-09/research/C7-refcount-m8i/candidate-smoke_s2_16_randomized-r3.json
 create mode 100644 docs/designs/nav-rework-evidence-2026-09-09/research/C7-refcount-m8i/candidate-smoke_s2_16_randomized-r3.stderr
 create mode 100644 docs/designs/nav-rework-evidence-2026-09-09/research/C7-refcount-m8i/candidate.patch
 create mode 100644 docs/designs/nav-rework-evidence-2026-09-09/research/C7-refcount-m8i/executable-hashes.txt
 create mode 100644 docs/designs/nav-rework-evidence-2026-09-09/research/C7-refcount-m8i/input-hashes.txt
 create mode 100644 docs/designs/nav-rework-evidence-2026-09-09/research/C7-refcount-m8i/lscpu.txt
 create mode 100644 docs/designs/nav-rework-evidence-2026-09-09/research/C7-refcount-m8i/original.nim
 create mode 100644 docs/designs/nav-rework-evidence-2026-09-09/research/C7-refcount-m8i/parent-regimes-r1.json
 create mode 100644 docs/designs/nav-rework-evidence-2026-09-09/research/C7-refcount-m8i/parent-regimes-r1.stderr
 create mode 100644 docs/designs/nav-rework-evidence-2026-09-09/research/C7-refcount-m8i/parent-regimes-r2.json
 create mode 100644 docs/designs/nav-rework-evidence-2026-09-09/research/C7-refcount-m8i/parent-regimes-r2.stderr
 create mode 100644 docs/designs/nav-rework-evidence-2026-09-09/research/C7-refcount-m8i/parent-regimes-r3.json
 create mode 100644 docs/designs/nav-rework-evidence-2026-09-09/research/C7-refcount-m8i/parent-regimes-r3.stderr
 create mode 100644 docs/designs/nav-rework-evidence-2026-09-09/research/C7-refcount-m8i/parent-s2_16_679962-r1.json
 create mode 100644 docs/designs/nav-rework-evidence-2026-09-09/research/C7-refcount-m8i/parent-s2_16_679962-r1.stderr
 create mode 100644 docs/designs/nav-rework-evidence-2026-09-09/research/C7-refcount-m8i/parent-s2_16_679962-r2.json
 create mode 100644 docs/designs/nav-rework-evidence-2026-09-09/research/C7-refcount-m8i/parent-s2_16_679962-r2.stderr
 create mode 100644 docs/designs/nav-rework-evidence-2026-09-09/research/C7-refcount-m8i/parent-s2_16_679962-r3.json
 create mode 100644 docs/designs/nav-rework-evidence-2026-09-09/research/C7-refcount-m8i/parent-s2_16_679962-r3.stderr
 create mode 100644 docs/designs/nav-rework-evidence-2026-09-09/research/C7-refcount-m8i/parent-s2_16_679963-r1.json
 create mode 100644 docs/designs/nav-rework-evidence-2026-09-09/research/C7-refcount-m8i/parent-s2_16_679963-r1.stderr
 create mode 100644 docs/designs/nav-rework-evidence-2026-09-09/research/C7-refcount-m8i/parent-s2_16_679963-r2.json
 create mode 100644 docs/designs/nav-rework-evidence-2026-09-09/research/C7-refcount-m8i/parent-s2_16_679963-r2.stderr
 create mode 100644 docs/designs/nav-rework-evidence-2026-09-09/research/C7-refcount-m8i/parent-s2_16_679963-r3.json
 create mode 100644 docs/designs/nav-rework-evidence-2026-09-09/research/C7-refcount-m8i/parent-s2_16_679963-r3.stderr
 create mode 100644 docs/designs/nav-rework-evidence-2026-09-09/research/C7-refcount-m8i/parent-s2_16_679964-r1.json
 create mode 100644 docs/designs/nav-rework-evidence-2026-09-09/research/C7-refcount-m8i/parent-s2_16_679964-r1.stderr
 create mode 100644 docs/designs/nav-rework-evidence-2026-09-09/research/C7-refcount-m8i/parent-s2_16_679964-r2.json
 create mode 100644 docs/designs/nav-rework-evidence-2026-09-09/research/C7-refcount-m8i/parent-s2_16_679964-r2.stderr
 create mode 100644 docs/designs/nav-rework-evidence-2026-09-09/research/C7-refcount-m8i/parent-s2_16_679964-r3.json
 create mode 100644 docs/designs/nav-rework-evidence-2026-09-09/research/C7-refcount-m8i/parent-s2_16_679964-r3.stderr
 create mode 100644 docs/designs/nav-rework-evidence-2026-09-09/research/C7-refcount-m8i/parent-s2_16_679965-r1.json
 create mode 100644 docs/designs/nav-rework-evidence-2026-09-09/research/C7-refcount-m8i/parent-s2_16_679965-r1.stderr
 create mode 100644 docs/designs/nav-rework-evidence-2026-09-09/research/C7-refcount-m8i/parent-s2_16_679965-r2.json
 create mode 100644 docs/designs/nav-rework-evidence-2026-09-09/research/C7-refcount-m8i/parent-s2_16_679965-r2.stderr
 create mode 100644 docs/designs/nav-rework-evidence-2026-09-09/research/C7-refcount-m8i/parent-s2_16_679965-r3.json
 create mode 100644 docs/designs/nav-rework-evidence-2026-09-09/research/C7-refcount-m8i/parent-s2_16_679965-r3.stderr
 create mode 100644 docs/designs/nav-rework-evidence-2026-09-09/research/C7-refcount-m8i/parent-s2_32_679962-r1.json
 create mode 100644 docs/designs/nav-rework-evidence-2026-09-09/research/C7-refcount-m8i/parent-s2_32_679962-r1.stderr
 create mode 100644 docs/designs/nav-rework-evidence-2026-09-09/research/C7-refcount-m8i/parent-s2_32_679962-r2.json
 create mode 100644 docs/designs/nav-rework-evidence-2026-09-09/research/C7-refcount-m8i/parent-s2_32_679962-r2.stderr
 create mode 100644 docs/designs/nav-rework-evidence-2026-09-09/research/C7-refcount-m8i/parent-s2_32_679962-r3.json
 create mode 100644 docs/designs/nav-rework-evidence-2026-09-09/research/C7-refcount-m8i/parent-s2_32_679962-r3.stderr
 create mode 100644 docs/designs/nav-rework-evidence-2026-09-09/research/C7-refcount-m8i/parent-s2_32_679963-r1.json
 create mode 100644 docs/designs/nav-rework-evidence-2026-09-09/research/C7-refcount-m8i/parent-s2_32_679963-r1.stderr
 create mode 100644 docs/designs/nav-rework-evidence-2026-09-09/research/C7-refcount-m8i/parent-s2_32_679963-r2.json
 create mode 100644 docs/designs/nav-rework-evidence-2026-09-09/research/C7-refcount-m8i/parent-s2_32_679963-r2.stderr
 create mode 100644 docs/designs/nav-rework-evidence-2026-09-09/research/C7-refcount-m8i/parent-s2_32_679963-r3.json
 create mode 100644 docs/designs/nav-rework-evidence-2026-09-09/research/C7-refcount-m8i/parent-s2_32_679963-r3.stderr
 create mode 100644 docs/designs/nav-rework-evidence-2026-09-09/research/C7-refcount-m8i/parent-s2_32_679964-r1.json
 create mode 100644 docs/designs/nav-rework-evidence-2026-09-09/research/C7-refcount-m8i/parent-s2_32_679964-r1.stderr
 create mode 100644 docs/designs/nav-rework-evidence-2026-09-09/research/C7-refcount-m8i/parent-s2_32_679964-r2.json
 create mode 100644 docs/designs/nav-rework-evidence-2026-09-09/research/C7-refcount-m8i/parent-s2_32_679964-r2.stderr
 create mode 100644 docs/designs/nav-rework-evidence-2026-09-09/research/C7-refcount-m8i/parent-s2_32_679964-r3.json
 create mode 100644 docs/designs/nav-rework-evidence-2026-09-09/research/C7-refcount-m8i/parent-s2_32_679964-r3.stderr
 create mode 100644 docs/designs/nav-rework-evidence-2026-09-09/research/C7-refcount-m8i/parent-s2_32_679965-r1.json
 create mode 100644 docs/designs/nav-rework-evidence-2026-09-09/research/C7-refcount-m8i/parent-s2_32_679965-r1.stderr
 create mode 100644 docs/designs/nav-rework-evidence-2026-09-09/research/C7-refcount-m8i/parent-s2_32_679965-r2.json
 create mode 100644 docs/designs/nav-rework-evidence-2026-09-09/research/C7-refcount-m8i/parent-s2_32_679965-r2.stderr
 create mode 100644 docs/designs/nav-rework-evidence-2026-09-09/research/C7-refcount-m8i/parent-s2_32_679965-r3.json
 create mode 100644 docs/designs/nav-rework-evidence-2026-09-09/research/C7-refcount-m8i/parent-s2_32_679965-r3.stderr
 create mode 100644 docs/designs/nav-rework-evidence-2026-09-09/research/C7-refcount-m8i/parent-smoke_s2_16_randomized-r1.json
 create mode 100644 docs/designs/nav-rework-evidence-2026-09-09/research/C7-refcount-m8i/parent-smoke_s2_16_randomized-r1.stderr
 create mode 100644 docs/designs/nav-rework-evidence-2026-09-09/research/C7-refcount-m8i/parent-smoke_s2_16_randomized-r2.json
 create mode 100644 docs/designs/nav-rework-evidence-2026-09-09/research/C7-refcount-m8i/parent-smoke_s2_16_randomized-r2.stderr
 create mode 100644 docs/designs/nav-rework-evidence-2026-09-09/research/C7-refcount-m8i/parent-smoke_s2_16_randomized-r3.json
 create mode 100644 docs/designs/nav-rework-evidence-2026-09-09/research/C7-refcount-m8i/parent-smoke_s2_16_randomized-r3.stderr
 create mode 100644 docs/designs/nav-rework-evidence-2026-09-09/research/C7-refcount-m8i/parent.patch
 create mode 100644 docs/designs/nav-rework-evidence-2026-09-09/research/C7-refcount-m8i/quality.json
 create mode 100644 docs/designs/nav-rework-evidence-2026-09-09/research/C7-refcount-m8i/quality.stderr
 create mode 100644 docs/designs/nav-rework-evidence-2026-09-09/research/C7-refcount-native-addVisibleCell-C.txt
 create mode 100644 docs/designs/nav-rework-evidence-2026-09-09/research/C7/full/C7-candidate-over-parent.patch
 create mode 100644 docs/designs/nav-rework-evidence-2026-09-09/research/C7/full/C7-full-tree-over-f9dff753.diff
 create mode 100644 docs/designs/nav-rework-evidence-2026-09-09/research/C7/full/C7_FULL_READY.md
 create mode 100644 docs/designs/nav-rework-evidence-2026-09-09/research/C7/full/SHA256SUMS
 create mode 100644 docs/designs/nav-rework-evidence-2026-09-09/research/C7/full/baseline/bench_body_nav_rework.nim
 create mode 100644 docs/designs/nav-rework-evidence-2026-09-09/research/C7/full/local-mac/build_ledger.log
 create mode 100644 docs/designs/nav-rework-evidence-2026-09-09/research/C7/full/local-mac/build_regimes_candidate.log
 create mode 100644 docs/designs/nav-rework-evidence-2026-09-09/research/C7/full/local-mac/build_regimes_parent.log
 create mode 100644 docs/designs/nav-rework-evidence-2026-09-09/research/C7/full/local-mac/build_replay.log
 create mode 100644 docs/designs/nav-rework-evidence-2026-09-09/research/C7/full/local-mac/build_test_cache.log
 create mode 100644 docs/designs/nav-rework-evidence-2026-09-09/research/C7/full/local-mac/build_test_nav.log
 create mode 100644 docs/designs/nav-rework-evidence-2026-09-09/research/C7/full/local-mac/chains.txt
 create mode 100644 docs/designs/nav-rework-evidence-2026-09-09/research/C7/full/local-mac/ledger.txt
 create mode 100644 docs/designs/nav-rework-evidence-2026-09-09/research/C7/full/local-mac/regimes.jsonl
 create mode 100644 docs/designs/nav-rework-evidence-2026-09-09/research/C7/full/local-mac/test_cache.log
 create mode 100644 docs/designs/nav-rework-evidence-2026-09-09/research/C7/full/local-mac/test_nav.log
 create mode 100644 docs/designs/nav-rework-evidence-2026-09-09/research/C7/full/snapshots/candidate-body_nav.nim
 create mode 100644 docs/designs/nav-rework-evidence-2026-09-09/research/C7/full/snapshots/parent-body_nav.nim
 create mode 100644 docs/designs/nav-rework-evidence-2026-09-09/research/C7/full/tests/test-over-baseline.patch
 create mode 100644 docs/designs/nav-rework-evidence-2026-09-09/research/C7/full/tests/test_shell_body_danger_source_cache.nim
 create mode 100644 docs/designs/nav-rework-evidence-2026-09-09/research/C7/full/tools-bench_danger_regimes.nim
 create mode 100644 docs/designs/nav-rework-evidence-2026-09-09/research/C7/full/v1/C7-candidate-v1-over-parent.patch
 create mode 100644 docs/designs/nav-rework-evidence-2026-09-09/research/C7/full/v1/C7_FULL_READY-v1.md
 create mode 100644 docs/designs/nav-rework-evidence-2026-09-09/research/C7/full/v1/SHA256SUMS-v1
 create mode 100644 docs/designs/nav-rework-evidence-2026-09-09/research/C7/full/v1/candidate-v1-body_nav.nim
 create mode 100644 docs/designs/nav-rework-evidence-2026-09-09/research/C7/refcount/C7-refcount-full-tree-over-f9dff753.diff
 create mode 100644 docs/designs/nav-rework-evidence-2026-09-09/research/C7/refcount/C7_REFCOUNT_READY.md
 create mode 100644 docs/designs/nav-rework-evidence-2026-09-09/research/C7/refcount/SHA256SUMS
 create mode 100644 docs/designs/nav-rework-evidence-2026-09-09/research/C7/refcount/corrected-over-parent.patch
 create mode 100644 docs/designs/nav-rework-evidence-2026-09-09/research/C7/refcount/corrected-over-v1.patch
 create mode 100644 docs/designs/nav-rework-evidence-2026-09-09/research/C7/refcount/local-mac/addVisibleCell_corrected.c
 create mode 100644 docs/designs/nav-rework-evidence-2026-09-09/research/C7/refcount/local-mac/addVisibleCell_v1.c
 create mode 100644 docs/designs/nav-rework-evidence-2026-09-09/research/C7/refcount/local-mac/build_bench_corrected.log
 create mode 100644 docs/designs/nav-rework-evidence-2026-09-09/research/C7/refcount/local-mac/build_bench_v1.log
 create mode 100644 docs/designs/nav-rework-evidence-2026-09-09/research/C7/refcount/local-mac/build_replay.log
 create mode 100644 docs/designs/nav-rework-evidence-2026-09-09/research/C7/refcount/local-mac/build_test_cache.log
 create mode 100644 docs/designs/nav-rework-evidence-2026-09-09/research/C7/refcount/local-mac/build_test_nav.log
 create mode 100644 docs/designs/nav-rework-evidence-2026-09-09/research/C7/refcount/local-mac/chains.txt
 create mode 100644 docs/designs/nav-rework-evidence-2026-09-09/research/C7/refcount/local-mac/test_cache.log
 create mode 100644 docs/designs/nav-rework-evidence-2026-09-09/research/C7/refcount/local-mac/test_nav.log
 create mode 100644 docs/designs/nav-rework-evidence-2026-09-09/research/C7/refcount/snapshots/corrected-body_nav.nim
 create mode 100644 docs/designs/nav-rework-evidence-2026-09-09/research/C7/refcount/snapshots/parent-body_nav.nim
 create mode 100644 docs/designs/nav-rework-evidence-2026-09-09/research/C7/refcount/snapshots/v1-body_nav.nim
 create mode 100644 docs/designs/nav-rework-evidence-2026-09-09/research/C7/refcount/test_shell_body_danger_source_cache.nim
 create mode 100644 docs/designs/nav-rework-evidence-2026-09-09/research/C7_C9_DOCUMENTATION_AUDIT.md
 create mode 100644 docs/designs/nav-rework-evidence-2026-09-09/research/C7_FULL_ROOT_NOTES.md
 create mode 100644 docs/designs/nav-rework-evidence-2026-09-09/research/C7_IMPLEMENT_REVIEW.md
 create mode 100644 docs/designs/nav-rework-evidence-2026-09-09/research/C7_REFCOUNT_PEER_REVIEW.md
 create mode 100644 docs/designs/nav-rework-evidence-2026-09-09/research/C7_REFCOUNT_REVIEW.md
 create mode 100644 docs/designs/nav-rework-evidence-2026-09-09/research/C7_REFCOUNT_ROOT_RESULT.md
 create mode 100644 docs/designs/nav-rework-evidence-2026-09-09/research/C9-micro-m8i-generated-functions.c
 create mode 100644 docs/designs/nav-rework-evidence-2026-09-09/research/C9-micro-m8i-summary.json
 create mode 100644 docs/designs/nav-rework-evidence-2026-09-09/research/C9-micro-m8i/DONE
 create mode 100644 docs/designs/nav-rework-evidence-2026-09-09/research/C9-micro-m8i/base-commit.txt
 create mode 100644 docs/designs/nav-rework-evidence-2026-09-09/research/C9-micro-m8i/br-gen-5001-1300-r1.json
 create mode 100644 docs/designs/nav-rework-evidence-2026-09-09/research/C9-micro-m8i/br-gen-5001-1300-r1.stderr
 create mode 100644 docs/designs/nav-rework-evidence-2026-09-09/research/C9-micro-m8i/br-gen-5001-1300-r2.json
 create mode 100644 docs/designs/nav-rework-evidence-2026-09-09/research/C9-micro-m8i/br-gen-5001-1300-r2.stderr
 create mode 100644 docs/designs/nav-rework-evidence-2026-09-09/research/C9-micro-m8i/br-gen-5001-1300-r3.json
 create mode 100644 docs/designs/nav-rework-evidence-2026-09-09/research/C9-micro-m8i/br-gen-5001-1300-r3.stderr
 create mode 100644 docs/designs/nav-rework-evidence-2026-09-09/research/C9-micro-m8i/br-gen-5001-1300-r4.json
 create mode 100644 docs/designs/nav-rework-evidence-2026-09-09/research/C9-micro-m8i/br-gen-5001-1300-r4.stderr
 create mode 100644 docs/designs/nav-rework-evidence-2026-09-09/research/C9-micro-m8i/br-gen-5001-1300-r5.json
 create mode 100644 docs/designs/nav-rework-evidence-2026-09-09/research/C9-micro-m8i/br-gen-5001-1300-r5.stderr
 create mode 100644 docs/designs/nav-rework-evidence-2026-09-09/research/C9-micro-m8i/br-gen-5001-331-r1.json
 create mode 100644 docs/designs/nav-rework-evidence-2026-09-09/research/C9-micro-m8i/br-gen-5001-331-r1.stderr
 create mode 100644 docs/designs/nav-rework-evidence-2026-09-09/research/C9-micro-m8i/br-gen-5001-331-r2.json
 create mode 100644 docs/designs/nav-rework-evidence-2026-09-09/research/C9-micro-m8i/br-gen-5001-331-r2.stderr
 create mode 100644 docs/designs/nav-rework-evidence-2026-09-09/research/C9-micro-m8i/br-gen-5001-331-r3.json
 create mode 100644 docs/designs/nav-rework-evidence-2026-09-09/research/C9-micro-m8i/br-gen-5001-331-r3.stderr
 create mode 100644 docs/designs/nav-rework-evidence-2026-09-09/research/C9-micro-m8i/br-gen-5001-331-r4.json
 create mode 100644 docs/designs/nav-rework-evidence-2026-09-09/research/C9-micro-m8i/br-gen-5001-331-r4.stderr
 create mode 100644 docs/designs/nav-rework-evidence-2026-09-09/research/C9-micro-m8i/br-gen-5001-331-r5.json
 create mode 100644 docs/designs/nav-rework-evidence-2026-09-09/research/C9-micro-m8i/br-gen-5001-331-r5.stderr
 create mode 100644 docs/designs/nav-rework-evidence-2026-09-09/research/C9-micro-m8i/br-gen-5120-1300-r1.json
 create mode 100644 docs/designs/nav-rework-evidence-2026-09-09/research/C9-micro-m8i/br-gen-5120-1300-r1.stderr
 create mode 100644 docs/designs/nav-rework-evidence-2026-09-09/research/C9-micro-m8i/br-gen-5120-1300-r2.json
 create mode 100644 docs/designs/nav-rework-evidence-2026-09-09/research/C9-micro-m8i/br-gen-5120-1300-r2.stderr
 create mode 100644 docs/designs/nav-rework-evidence-2026-09-09/research/C9-micro-m8i/br-gen-5120-1300-r3.json
 create mode 100644 docs/designs/nav-rework-evidence-2026-09-09/research/C9-micro-m8i/br-gen-5120-1300-r3.stderr
 create mode 100644 docs/designs/nav-rework-evidence-2026-09-09/research/C9-micro-m8i/br-gen-5120-1300-r4.json
 create mode 100644 docs/designs/nav-rework-evidence-2026-09-09/research/C9-micro-m8i/br-gen-5120-1300-r4.stderr
 create mode 100644 docs/designs/nav-rework-evidence-2026-09-09/research/C9-micro-m8i/br-gen-5120-1300-r5.json
 create mode 100644 docs/designs/nav-rework-evidence-2026-09-09/research/C9-micro-m8i/br-gen-5120-1300-r5.stderr
 create mode 100644 docs/designs/nav-rework-evidence-2026-09-09/research/C9-micro-m8i/br-gen-5120-331-r1.json
 create mode 100644 docs/designs/nav-rework-evidence-2026-09-09/research/C9-micro-m8i/br-gen-5120-331-r1.stderr
 create mode 100644 docs/designs/nav-rework-evidence-2026-09-09/research/C9-micro-m8i/br-gen-5120-331-r2.json
 create mode 100644 docs/designs/nav-rework-evidence-2026-09-09/research/C9-micro-m8i/br-gen-5120-331-r2.stderr
 create mode 100644 docs/designs/nav-rework-evidence-2026-09-09/research/C9-micro-m8i/br-gen-5120-331-r3.json
 create mode 100644 docs/designs/nav-rework-evidence-2026-09-09/research/C9-micro-m8i/br-gen-5120-331-r3.stderr
 create mode 100644 docs/designs/nav-rework-evidence-2026-09-09/research/C9-micro-m8i/br-gen-5120-331-r4.json
 create mode 100644 docs/designs/nav-rework-evidence-2026-09-09/research/C9-micro-m8i/br-gen-5120-331-r4.stderr
 create mode 100644 docs/designs/nav-rework-evidence-2026-09-09/research/C9-micro-m8i/br-gen-5120-331-r5.json
 create mode 100644 docs/designs/nav-rework-evidence-2026-09-09/research/C9-micro-m8i/br-gen-5120-331-r5.stderr
 create mode 100644 docs/designs/nav-rework-evidence-2026-09-09/research/C9-micro-m8i/br-gen-5204-1300-r1.json
 create mode 100644 docs/designs/nav-rework-evidence-2026-09-09/research/C9-micro-m8i/br-gen-5204-1300-r1.stderr
 create mode 100644 docs/designs/nav-rework-evidence-2026-09-09/research/C9-micro-m8i/br-gen-5204-1300-r2.json
 create mode 100644 docs/designs/nav-rework-evidence-2026-09-09/research/C9-micro-m8i/br-gen-5204-1300-r2.stderr
 create mode 100644 docs/designs/nav-rework-evidence-2026-09-09/research/C9-micro-m8i/br-gen-5204-1300-r3.json
 create mode 100644 docs/designs/nav-rework-evidence-2026-09-09/research/C9-micro-m8i/br-gen-5204-1300-r3.stderr
 create mode 100644 docs/designs/nav-rework-evidence-2026-09-09/research/C9-micro-m8i/br-gen-5204-1300-r4.json
 create mode 100644 docs/designs/nav-rework-evidence-2026-09-09/research/C9-micro-m8i/br-gen-5204-1300-r4.stderr
 create mode 100644 docs/designs/nav-rework-evidence-2026-09-09/research/C9-micro-m8i/br-gen-5204-1300-r5.json
 create mode 100644 docs/designs/nav-rework-evidence-2026-09-09/research/C9-micro-m8i/br-gen-5204-1300-r5.stderr
 create mode 100644 docs/designs/nav-rework-evidence-2026-09-09/research/C9-micro-m8i/br-gen-5204-331-r1.json
 create mode 100644 docs/designs/nav-rework-evidence-2026-09-09/research/C9-micro-m8i/br-gen-5204-331-r1.stderr
 create mode 100644 docs/designs/nav-rework-evidence-2026-09-09/research/C9-micro-m8i/br-gen-5204-331-r2.json
 create mode 100644 docs/designs/nav-rework-evidence-2026-09-09/research/C9-micro-m8i/br-gen-5204-331-r2.stderr
 create mode 100644 docs/designs/nav-rework-evidence-2026-09-09/research/C9-micro-m8i/br-gen-5204-331-r3.json
 create mode 100644 docs/designs/nav-rework-evidence-2026-09-09/research/C9-micro-m8i/br-gen-5204-331-r3.stderr
 create mode 100644 docs/designs/nav-rework-evidence-2026-09-09/research/C9-micro-m8i/br-gen-5204-331-r4.json
 create mode 100644 docs/designs/nav-rework-evidence-2026-09-09/research/C9-micro-m8i/br-gen-5204-331-r4.stderr
 create mode 100644 docs/designs/nav-rework-evidence-2026-09-09/research/C9-micro-m8i/br-gen-5204-331-r5.json
 create mode 100644 docs/designs/nav-rework-evidence-2026-09-09/research/C9-micro-m8i/br-gen-5204-331-r5.stderr
 create mode 100644 docs/designs/nav-rework-evidence-2026-09-09/research/C9-micro-m8i/br-gen-5263-1300-r1.json
 create mode 100644 docs/designs/nav-rework-evidence-2026-09-09/research/C9-micro-m8i/br-gen-5263-1300-r1.stderr
 create mode 100644 docs/designs/nav-rework-evidence-2026-09-09/research/C9-micro-m8i/br-gen-5263-1300-r2.json
 create mode 100644 docs/designs/nav-rework-evidence-2026-09-09/research/C9-micro-m8i/br-gen-5263-1300-r2.stderr
 create mode 100644 docs/designs/nav-rework-evidence-2026-09-09/research/C9-micro-m8i/br-gen-5263-1300-r3.json
 create mode 100644 docs/designs/nav-rework-evidence-2026-09-09/research/C9-micro-m8i/br-gen-5263-1300-r3.stderr
 create mode 100644 docs/designs/nav-rework-evidence-2026-09-09/research/C9-micro-m8i/br-gen-5263-1300-r4.json
 create mode 100644 docs/designs/nav-rework-evidence-2026-09-09/research/C9-micro-m8i/br-gen-5263-1300-r4.stderr
 create mode 100644 docs/designs/nav-rework-evidence-2026-09-09/research/C9-micro-m8i/br-gen-5263-1300-r5.json
 create mode 100644 docs/designs/nav-rework-evidence-2026-09-09/research/C9-micro-m8i/br-gen-5263-1300-r5.stderr
 create mode 100644 docs/designs/nav-rework-evidence-2026-09-09/research/C9-micro-m8i/br-gen-5263-331-r1.json
 create mode 100644 docs/designs/nav-rework-evidence-2026-09-09/research/C9-micro-m8i/br-gen-5263-331-r1.stderr
 create mode 100644 docs/designs/nav-rework-evidence-2026-09-09/research/C9-micro-m8i/br-gen-5263-331-r2.json
 create mode 100644 docs/designs/nav-rework-evidence-2026-09-09/research/C9-micro-m8i/br-gen-5263-331-r2.stderr
 create mode 100644 docs/designs/nav-rework-evidence-2026-09-09/research/C9-micro-m8i/br-gen-5263-331-r3.json
 create mode 100644 docs/designs/nav-rework-evidence-2026-09-09/research/C9-micro-m8i/br-gen-5263-331-r3.stderr
 create mode 100644 docs/designs/nav-rework-evidence-2026-09-09/research/C9-micro-m8i/br-gen-5263-331-r4.json
 create mode 100644 docs/designs/nav-rework-evidence-2026-09-09/research/C9-micro-m8i/br-gen-5263-331-r4.stderr
 create mode 100644 docs/designs/nav-rework-evidence-2026-09-09/research/C9-micro-m8i/br-gen-5263-331-r5.json
 create mode 100644 docs/designs/nav-rework-evidence-2026-09-09/research/C9-micro-m8i/br-gen-5263-331-r5.stderr
 create mode 100644 docs/designs/nav-rework-evidence-2026-09-09/research/C9-micro-m8i/build.log
 create mode 100644 docs/designs/nav-rework-evidence-2026-09-09/research/C9-micro-m8i/executable-hashes.txt
 create mode 100644 docs/designs/nav-rework-evidence-2026-09-09/research/C9-micro-m8i/exit-codes.txt
 create mode 100644 docs/designs/nav-rework-evidence-2026-09-09/research/C9-micro-m8i/input-hashes.txt
 create mode 100644 docs/designs/nav-rework-evidence-2026-09-09/research/C9-micro-m8i/lscpu.txt
 create mode 100644 docs/designs/nav-rework-evidence-2026-09-09/research/C9-micro-m8i/original.nim
 create mode 100644 docs/designs/nav-rework-evidence-2026-09-09/research/C9-micro-m8i/parent.patch
 create mode 100644 docs/designs/nav-rework-evidence-2026-09-09/research/C9/c9_lazy_list_count.py
 create mode 100644 docs/designs/nav-rework-evidence-2026-09-09/research/C9/c9_lazy_list_counts-r041.json
 create mode 100644 docs/designs/nav-rework-evidence-2026-09-09/research/C9/c9_lazy_list_counts-r050.json
 create mode 100644 docs/designs/nav-rework-evidence-2026-09-09/research/C9/c9_memory_calc-64.json
 create mode 100644 docs/designs/nav-rework-evidence-2026-09-09/research/C9/c9_memory_calc.py
 create mode 100644 docs/designs/nav-rework-evidence-2026-09-09/research/C9/micro/C9_MICRO_READY.md
 create mode 100644 docs/designs/nav-rework-evidence-2026-09-09/research/C9/micro/SHA256SUMS
 create mode 100644 docs/designs/nav-rework-evidence-2026-09-09/research/C9/micro/bench_danger_lazy_list.nim
 create mode 100644 docs/designs/nav-rework-evidence-2026-09-09/research/C9/micro/local-mac/build.log
 create mode 100644 docs/designs/nav-rework-evidence-2026-09-09/research/C9/micro/local-mac/convertAndReplay.c
 create mode 100644 docs/designs/nav-rework-evidence-2026-09-09/research/C9/micro/local-mac/exits.txt
 create mode 100644 docs/designs/nav-rework-evidence-2026-09-09/research/C9/micro/local-mac/micro_results.jsonl
 create mode 100644 docs/designs/nav-rework-evidence-2026-09-09/research/C9/micro/local-mac/replayList.c
 create mode 100644 docs/designs/nav-rework-evidence-2026-09-09/research/C9/micro/local-mac/summary.json
 create mode 100644 docs/designs/nav-rework-evidence-2026-09-09/research/C9/micro/local-mac/table.md
 create mode 100755 docs/designs/nav-rework-evidence-2026-09-09/research/C9/micro/run_c9_micro.sh
 create mode 100644 docs/designs/nav-rework-evidence-2026-09-09/research/C9/micro/snapshots/parent-body_nav.nim
 create mode 100644 docs/designs/nav-rework-evidence-2026-09-09/research/C9/table.md
 create mode 100644 docs/designs/nav-rework-evidence-2026-09-09/research/C9_COUNT_REVIEW.md
 create mode 100644 docs/designs/nav-rework-evidence-2026-09-09/research/C9_LAZY_LIST_COUNT_REQUEST.md
 create mode 100644 docs/designs/nav-rework-evidence-2026-09-09/research/C9_MICRO_REVIEW.md
 create mode 100644 docs/designs/nav-rework-evidence-2026-09-09/research/C9_NATIVE_RESULT.md
 create mode 100644 docs/designs/nav-rework-evidence-2026-09-09/research/C9_ROOT_COUNT_CHECK.json
 create mode 100644 docs/designs/nav-rework-evidence-2026-09-09/research/run_c7_full.sh
 create mode 100644 docs/designs/nav-rework-evidence-2026-09-09/research/run_c7_refcount.sh
 create mode 100644 docs/designs/nav-rework-evidence-2026-09-09/research/run_c9_owned.sh
 create mode 100644 docs/designs/nav-rework-evidence-2026-09-09/research/summarize_c9_micro.py
