[james/nav-throughput-research 3594b628] Record deferred-cache screen failure and pixel-search recurrence
 460 files changed, 496997 insertions(+), 2 deletions(-)
 create mode 100644 docs/designs/nav-rework-evidence-2026-09-09/research/A8/check_pixel_recurrence.nim
 create mode 100644 docs/designs/nav-rework-evidence-2026-09-09/research/A8/local-mac/DONE
 create mode 100644 docs/designs/nav-rework-evidence-2026-09-09/research/A8/local-mac/build.log
 create mode 100644 docs/designs/nav-rework-evidence-2026-09-09/research/A8/local-mac/counts.json
 create mode 100644 docs/designs/nav-rework-evidence-2026-09-09/research/A8/local-mac/nim-version.txt
 create mode 100644 docs/designs/nav-rework-evidence-2026-09-09/research/A8/local-mac/run.stderr
 create mode 100644 docs/designs/nav-rework-evidence-2026-09-09/research/A8/local-mac/source-hashes.txt
 create mode 100644 docs/designs/nav-rework-evidence-2026-09-09/research/A8/model_failure_memos.py
 create mode 100644 docs/designs/nav-rework-evidence-2026-09-09/research/A8/run_count.sh
 create mode 100644 docs/designs/nav-rework-evidence-2026-09-09/research/A8/snapshots/count-body_route_index.nim
 create mode 100644 docs/designs/nav-rework-evidence-2026-09-09/research/A8/snapshots/parent-body_route_index.nim
 create mode 100644 docs/designs/nav-rework-evidence-2026-09-09/research/A8/v2/check_pixel_recurrence.nim
 create mode 100644 docs/designs/nav-rework-evidence-2026-09-09/research/A8/v2/local-mac/DONE
 create mode 100644 docs/designs/nav-rework-evidence-2026-09-09/research/A8/v2/local-mac/build.log
 create mode 100644 docs/designs/nav-rework-evidence-2026-09-09/research/A8/v2/local-mac/counts.json
 create mode 100644 docs/designs/nav-rework-evidence-2026-09-09/research/A8/v2/local-mac/nim-version.txt
 create mode 100644 docs/designs/nav-rework-evidence-2026-09-09/research/A8/v2/local-mac/run.stderr
 create mode 100644 docs/designs/nav-rework-evidence-2026-09-09/research/A8/v2/local-mac/source-hashes.txt
 create mode 100644 docs/designs/nav-rework-evidence-2026-09-09/research/A8/v2/memo-models.json
 create mode 100644 docs/designs/nav-rework-evidence-2026-09-09/research/A8/v2/run_count.sh
 create mode 100644 docs/designs/nav-rework-evidence-2026-09-09/research/A8/v2/snapshots/count-body_route_index.nim
 create mode 100644 docs/designs/nav-rework-evidence-2026-09-09/research/A8/v2/snapshots/parent-body_route_index.nim
 create mode 100644 docs/designs/nav-rework-evidence-2026-09-09/research/A8_COUNT_PROPOSAL.md
 create mode 100644 docs/designs/nav-rework-evidence-2026-09-09/research/A8_COUNT_RESULT.md
 create mode 100644 docs/designs/nav-rework-evidence-2026-09-09/research/A8_COUNT_REVIEW.md
 create mode 100644 docs/designs/nav-rework-evidence-2026-09-09/research/A8_FULL_COUNT_RESULT.md
 create mode 100644 docs/designs/nav-rework-evidence-2026-09-09/research/A8_IMPLEMENTATION_REVIEW.md
 create mode 100644 docs/designs/nav-rework-evidence-2026-09-09/research/A8_ROOT_REVIEW.md
 create mode 100644 docs/designs/nav-rework-evidence-2026-09-09/research/C9-full-m5a-summary.json
 create mode 100644 docs/designs/nav-rework-evidence-2026-09-09/research/C9-full-m5a/DONE
 create mode 100644 docs/designs/nav-rework-evidence-2026-09-09/research/C9-full-m5a/base-commit.txt
 create mode 100644 docs/designs/nav-rework-evidence-2026-09-09/research/C9-full-m5a/build-candidate-cache.log
 create mode 100644 docs/designs/nav-rework-evidence-2026-09-09/research/C9-full-m5a/build-candidate-trace.log
 create mode 100644 docs/designs/nav-rework-evidence-2026-09-09/research/C9-full-m5a/build-parent-cache.log
 create mode 100644 docs/designs/nav-rework-evidence-2026-09-09/research/C9-full-m5a/build-parent-trace.log
 create mode 100644 docs/designs/nav-rework-evidence-2026-09-09/research/C9-full-m5a/build-quality.log
 create mode 100644 docs/designs/nav-rework-evidence-2026-09-09/research/C9-full-m5a/candidate-regimes-r1.json
 create mode 100644 docs/designs/nav-rework-evidence-2026-09-09/research/C9-full-m5a/candidate-regimes-r1.stderr
 create mode 100644 docs/designs/nav-rework-evidence-2026-09-09/research/C9-full-m5a/candidate-regimes-r2.json
 create mode 100644 docs/designs/nav-rework-evidence-2026-09-09/research/C9-full-m5a/candidate-regimes-r2.stderr
 create mode 100644 docs/designs/nav-rework-evidence-2026-09-09/research/C9-full-m5a/candidate-regimes-r3.json
 create mode 100644 docs/designs/nav-rework-evidence-2026-09-09/research/C9-full-m5a/candidate-regimes-r3.stderr
 create mode 100644 docs/designs/nav-rework-evidence-2026-09-09/research/C9-full-m5a/candidate-s2_16_679962-r1.json
 create mode 100644 docs/designs/nav-rework-evidence-2026-09-09/research/C9-full-m5a/candidate-s2_16_679962-r1.stderr
 create mode 100644 docs/designs/nav-rework-evidence-2026-09-09/research/C9-full-m5a/candidate-s2_16_679962-r2.json
 create mode 100644 docs/designs/nav-rework-evidence-2026-09-09/research/C9-full-m5a/candidate-s2_16_679962-r2.stderr
 create mode 100644 docs/designs/nav-rework-evidence-2026-09-09/research/C9-full-m5a/candidate-s2_16_679962-r3.json
 create mode 100644 docs/designs/nav-rework-evidence-2026-09-09/research/C9-full-m5a/candidate-s2_16_679962-r3.stderr
 create mode 100644 docs/designs/nav-rework-evidence-2026-09-09/research/C9-full-m5a/candidate-s2_16_679963-r1.json
 create mode 100644 docs/designs/nav-rework-evidence-2026-09-09/research/C9-full-m5a/candidate-s2_16_679963-r1.stderr
 create mode 100644 docs/designs/nav-rework-evidence-2026-09-09/research/C9-full-m5a/candidate-s2_16_679963-r2.json
 create mode 100644 docs/designs/nav-rework-evidence-2026-09-09/research/C9-full-m5a/candidate-s2_16_679963-r2.stderr
 create mode 100644 docs/designs/nav-rework-evidence-2026-09-09/research/C9-full-m5a/candidate-s2_16_679963-r3.json
 create mode 100644 docs/designs/nav-rework-evidence-2026-09-09/research/C9-full-m5a/candidate-s2_16_679963-r3.stderr
 create mode 100644 docs/designs/nav-rework-evidence-2026-09-09/research/C9-full-m5a/candidate-s2_16_679964-r1.json
 create mode 100644 docs/designs/nav-rework-evidence-2026-09-09/research/C9-full-m5a/candidate-s2_16_679964-r1.stderr
 create mode 100644 docs/designs/nav-rework-evidence-2026-09-09/research/C9-full-m5a/candidate-s2_16_679964-r2.json
 create mode 100644 docs/designs/nav-rework-evidence-2026-09-09/research/C9-full-m5a/candidate-s2_16_679964-r2.stderr
 create mode 100644 docs/designs/nav-rework-evidence-2026-09-09/research/C9-full-m5a/candidate-s2_16_679964-r3.json
 create mode 100644 docs/designs/nav-rework-evidence-2026-09-09/research/C9-full-m5a/candidate-s2_16_679964-r3.stderr
 create mode 100644 docs/designs/nav-rework-evidence-2026-09-09/research/C9-full-m5a/candidate-s2_16_679965-r1.json
 create mode 100644 docs/designs/nav-rework-evidence-2026-09-09/research/C9-full-m5a/candidate-s2_16_679965-r1.stderr
 create mode 100644 docs/designs/nav-rework-evidence-2026-09-09/research/C9-full-m5a/candidate-s2_16_679965-r2.json
 create mode 100644 docs/designs/nav-rework-evidence-2026-09-09/research/C9-full-m5a/candidate-s2_16_679965-r2.stderr
 create mode 100644 docs/designs/nav-rework-evidence-2026-09-09/research/C9-full-m5a/candidate-s2_16_679965-r3.json
 create mode 100644 docs/designs/nav-rework-evidence-2026-09-09/research/C9-full-m5a/candidate-s2_16_679965-r3.stderr
 create mode 100644 docs/designs/nav-rework-evidence-2026-09-09/research/C9-full-m5a/candidate-s2_32_679962-r1.json
 create mode 100644 docs/designs/nav-rework-evidence-2026-09-09/research/C9-full-m5a/candidate-s2_32_679962-r1.stderr
 create mode 100644 docs/designs/nav-rework-evidence-2026-09-09/research/C9-full-m5a/candidate-s2_32_679962-r2.json
 create mode 100644 docs/designs/nav-rework-evidence-2026-09-09/research/C9-full-m5a/candidate-s2_32_679962-r2.stderr
 create mode 100644 docs/designs/nav-rework-evidence-2026-09-09/research/C9-full-m5a/candidate-s2_32_679962-r3.json
 create mode 100644 docs/designs/nav-rework-evidence-2026-09-09/research/C9-full-m5a/candidate-s2_32_679962-r3.stderr
 create mode 100644 docs/designs/nav-rework-evidence-2026-09-09/research/C9-full-m5a/candidate-s2_32_679963-r1.json
 create mode 100644 docs/designs/nav-rework-evidence-2026-09-09/research/C9-full-m5a/candidate-s2_32_679963-r1.stderr
 create mode 100644 docs/designs/nav-rework-evidence-2026-09-09/research/C9-full-m5a/candidate-s2_32_679963-r2.json
 create mode 100644 docs/designs/nav-rework-evidence-2026-09-09/research/C9-full-m5a/candidate-s2_32_679963-r2.stderr
 create mode 100644 docs/designs/nav-rework-evidence-2026-09-09/research/C9-full-m5a/candidate-s2_32_679963-r3.json
 create mode 100644 docs/designs/nav-rework-evidence-2026-09-09/research/C9-full-m5a/candidate-s2_32_679963-r3.stderr
 create mode 100644 docs/designs/nav-rework-evidence-2026-09-09/research/C9-full-m5a/candidate-s2_32_679964-r1.json
 create mode 100644 docs/designs/nav-rework-evidence-2026-09-09/research/C9-full-m5a/candidate-s2_32_679964-r1.stderr
 create mode 100644 docs/designs/nav-rework-evidence-2026-09-09/research/C9-full-m5a/candidate-s2_32_679964-r2.json
 create mode 100644 docs/designs/nav-rework-evidence-2026-09-09/research/C9-full-m5a/candidate-s2_32_679964-r2.stderr
 create mode 100644 docs/designs/nav-rework-evidence-2026-09-09/research/C9-full-m5a/candidate-s2_32_679964-r3.json
 create mode 100644 docs/designs/nav-rework-evidence-2026-09-09/research/C9-full-m5a/candidate-s2_32_679964-r3.stderr
 create mode 100644 docs/designs/nav-rework-evidence-2026-09-09/research/C9-full-m5a/candidate-s2_32_679965-r1.json
 create mode 100644 docs/designs/nav-rework-evidence-2026-09-09/research/C9-full-m5a/candidate-s2_32_679965-r1.stderr
 create mode 100644 docs/designs/nav-rework-evidence-2026-09-09/research/C9-full-m5a/candidate-s2_32_679965-r2.json
 create mode 100644 docs/designs/nav-rework-evidence-2026-09-09/research/C9-full-m5a/candidate-s2_32_679965-r2.stderr
 create mode 100644 docs/designs/nav-rework-evidence-2026-09-09/research/C9-full-m5a/candidate-s2_32_679965-r3.json
 create mode 100644 docs/designs/nav-rework-evidence-2026-09-09/research/C9-full-m5a/candidate-s2_32_679965-r3.stderr
 create mode 100644 docs/designs/nav-rework-evidence-2026-09-09/research/C9-full-m5a/candidate-smoke_s2_16_randomized-r1.json
 create mode 100644 docs/designs/nav-rework-evidence-2026-09-09/research/C9-full-m5a/candidate-smoke_s2_16_randomized-r1.stderr
 create mode 100644 docs/designs/nav-rework-evidence-2026-09-09/research/C9-full-m5a/candidate-smoke_s2_16_randomized-r2.json
 create mode 100644 docs/designs/nav-rework-evidence-2026-09-09/research/C9-full-m5a/candidate-smoke_s2_16_randomized-r2.stderr
 create mode 100644 docs/designs/nav-rework-evidence-2026-09-09/research/C9-full-m5a/candidate-smoke_s2_16_randomized-r3.json
 create mode 100644 docs/designs/nav-rework-evidence-2026-09-09/research/C9-full-m5a/candidate-smoke_s2_16_randomized-r3.stderr
 create mode 100644 docs/designs/nav-rework-evidence-2026-09-09/research/C9-full-m5a/candidate.patch
 create mode 100644 docs/designs/nav-rework-evidence-2026-09-09/research/C9-full-m5a/executable-hashes.txt
 create mode 100644 docs/designs/nav-rework-evidence-2026-09-09/research/C9-full-m5a/input-hashes.txt
 create mode 100644 docs/designs/nav-rework-evidence-2026-09-09/research/C9-full-m5a/lscpu.txt
 create mode 100644 docs/designs/nav-rework-evidence-2026-09-09/research/C9-full-m5a/original.nim
 create mode 100644 docs/designs/nav-rework-evidence-2026-09-09/research/C9-full-m5a/parent-regimes-r1.json
 create mode 100644 docs/designs/nav-rework-evidence-2026-09-09/research/C9-full-m5a/parent-regimes-r1.stderr
 create mode 100644 docs/designs/nav-rework-evidence-2026-09-09/research/C9-full-m5a/parent-regimes-r2.json
 create mode 100644 docs/designs/nav-rework-evidence-2026-09-09/research/C9-full-m5a/parent-regimes-r2.stderr
 create mode 100644 docs/designs/nav-rework-evidence-2026-09-09/research/C9-full-m5a/parent-regimes-r3.json
 create mode 100644 docs/designs/nav-rework-evidence-2026-09-09/research/C9-full-m5a/parent-regimes-r3.stderr
 create mode 100644 docs/designs/nav-rework-evidence-2026-09-09/research/C9-full-m5a/parent-s2_16_679962-r1.json
 create mode 100644 docs/designs/nav-rework-evidence-2026-09-09/research/C9-full-m5a/parent-s2_16_679962-r1.stderr
 create mode 100644 docs/designs/nav-rework-evidence-2026-09-09/research/C9-full-m5a/parent-s2_16_679962-r2.json
 create mode 100644 docs/designs/nav-rework-evidence-2026-09-09/research/C9-full-m5a/parent-s2_16_679962-r2.stderr
 create mode 100644 docs/designs/nav-rework-evidence-2026-09-09/research/C9-full-m5a/parent-s2_16_679962-r3.json
 create mode 100644 docs/designs/nav-rework-evidence-2026-09-09/research/C9-full-m5a/parent-s2_16_679962-r3.stderr
 create mode 100644 docs/designs/nav-rework-evidence-2026-09-09/research/C9-full-m5a/parent-s2_16_679963-r1.json
 create mode 100644 docs/designs/nav-rework-evidence-2026-09-09/research/C9-full-m5a/parent-s2_16_679963-r1.stderr
 create mode 100644 docs/designs/nav-rework-evidence-2026-09-09/research/C9-full-m5a/parent-s2_16_679963-r2.json
 create mode 100644 docs/designs/nav-rework-evidence-2026-09-09/research/C9-full-m5a/parent-s2_16_679963-r2.stderr
 create mode 100644 docs/designs/nav-rework-evidence-2026-09-09/research/C9-full-m5a/parent-s2_16_679963-r3.json
 create mode 100644 docs/designs/nav-rework-evidence-2026-09-09/research/C9-full-m5a/parent-s2_16_679963-r3.stderr
 create mode 100644 docs/designs/nav-rework-evidence-2026-09-09/research/C9-full-m5a/parent-s2_16_679964-r1.json
 create mode 100644 docs/designs/nav-rework-evidence-2026-09-09/research/C9-full-m5a/parent-s2_16_679964-r1.stderr
 create mode 100644 docs/designs/nav-rework-evidence-2026-09-09/research/C9-full-m5a/parent-s2_16_679964-r2.json
 create mode 100644 docs/designs/nav-rework-evidence-2026-09-09/research/C9-full-m5a/parent-s2_16_679964-r2.stderr
 create mode 100644 docs/designs/nav-rework-evidence-2026-09-09/research/C9-full-m5a/parent-s2_16_679964-r3.json
 create mode 100644 docs/designs/nav-rework-evidence-2026-09-09/research/C9-full-m5a/parent-s2_16_679964-r3.stderr
 create mode 100644 docs/designs/nav-rework-evidence-2026-09-09/research/C9-full-m5a/parent-s2_16_679965-r1.json
 create mode 100644 docs/designs/nav-rework-evidence-2026-09-09/research/C9-full-m5a/parent-s2_16_679965-r1.stderr
 create mode 100644 docs/designs/nav-rework-evidence-2026-09-09/research/C9-full-m5a/parent-s2_16_679965-r2.json
 create mode 100644 docs/designs/nav-rework-evidence-2026-09-09/research/C9-full-m5a/parent-s2_16_679965-r2.stderr
 create mode 100644 docs/designs/nav-rework-evidence-2026-09-09/research/C9-full-m5a/parent-s2_16_679965-r3.json
 create mode 100644 docs/designs/nav-rework-evidence-2026-09-09/research/C9-full-m5a/parent-s2_16_679965-r3.stderr
 create mode 100644 docs/designs/nav-rework-evidence-2026-09-09/research/C9-full-m5a/parent-s2_32_679962-r1.json
 create mode 100644 docs/designs/nav-rework-evidence-2026-09-09/research/C9-full-m5a/parent-s2_32_679962-r1.stderr
 create mode 100644 docs/designs/nav-rework-evidence-2026-09-09/research/C9-full-m5a/parent-s2_32_679962-r2.json
 create mode 100644 docs/designs/nav-rework-evidence-2026-09-09/research/C9-full-m5a/parent-s2_32_679962-r2.stderr
 create mode 100644 docs/designs/nav-rework-evidence-2026-09-09/research/C9-full-m5a/parent-s2_32_679962-r3.json
 create mode 100644 docs/designs/nav-rework-evidence-2026-09-09/research/C9-full-m5a/parent-s2_32_679962-r3.stderr
 create mode 100644 docs/designs/nav-rework-evidence-2026-09-09/research/C9-full-m5a/parent-s2_32_679963-r1.json
 create mode 100644 docs/designs/nav-rework-evidence-2026-09-09/research/C9-full-m5a/parent-s2_32_679963-r1.stderr
 create mode 100644 docs/designs/nav-rework-evidence-2026-09-09/research/C9-full-m5a/parent-s2_32_679963-r2.json
 create mode 100644 docs/designs/nav-rework-evidence-2026-09-09/research/C9-full-m5a/parent-s2_32_679963-r2.stderr
 create mode 100644 docs/designs/nav-rework-evidence-2026-09-09/research/C9-full-m5a/parent-s2_32_679963-r3.json
 create mode 100644 docs/designs/nav-rework-evidence-2026-09-09/research/C9-full-m5a/parent-s2_32_679963-r3.stderr
 create mode 100644 docs/designs/nav-rework-evidence-2026-09-09/research/C9-full-m5a/parent-s2_32_679964-r1.json
 create mode 100644 docs/designs/nav-rework-evidence-2026-09-09/research/C9-full-m5a/parent-s2_32_679964-r1.stderr
 create mode 100644 docs/designs/nav-rework-evidence-2026-09-09/research/C9-full-m5a/parent-s2_32_679964-r2.json
 create mode 100644 docs/designs/nav-rework-evidence-2026-09-09/research/C9-full-m5a/parent-s2_32_679964-r2.stderr
 create mode 100644 docs/designs/nav-rework-evidence-2026-09-09/research/C9-full-m5a/parent-s2_32_679964-r3.json
 create mode 100644 docs/designs/nav-rework-evidence-2026-09-09/research/C9-full-m5a/parent-s2_32_679964-r3.stderr
 create mode 100644 docs/designs/nav-rework-evidence-2026-09-09/research/C9-full-m5a/parent-s2_32_679965-r1.json
 create mode 100644 docs/designs/nav-rework-evidence-2026-09-09/research/C9-full-m5a/parent-s2_32_679965-r1.stderr
 create mode 100644 docs/designs/nav-rework-evidence-2026-09-09/research/C9-full-m5a/parent-s2_32_679965-r2.json
 create mode 100644 docs/designs/nav-rework-evidence-2026-09-09/research/C9-full-m5a/parent-s2_32_679965-r2.stderr
 create mode 100644 docs/designs/nav-rework-evidence-2026-09-09/research/C9-full-m5a/parent-s2_32_679965-r3.json
 create mode 100644 docs/designs/nav-rework-evidence-2026-09-09/research/C9-full-m5a/parent-s2_32_679965-r3.stderr
 create mode 100644 docs/designs/nav-rework-evidence-2026-09-09/research/C9-full-m5a/parent-smoke_s2_16_randomized-r1.json
 create mode 100644 docs/designs/nav-rework-evidence-2026-09-09/research/C9-full-m5a/parent-smoke_s2_16_randomized-r1.stderr
 create mode 100644 docs/designs/nav-rework-evidence-2026-09-09/research/C9-full-m5a/parent-smoke_s2_16_randomized-r2.json
 create mode 100644 docs/designs/nav-rework-evidence-2026-09-09/research/C9-full-m5a/parent-smoke_s2_16_randomized-r2.stderr
 create mode 100644 docs/designs/nav-rework-evidence-2026-09-09/research/C9-full-m5a/parent-smoke_s2_16_randomized-r3.json
 create mode 100644 docs/designs/nav-rework-evidence-2026-09-09/research/C9-full-m5a/parent-smoke_s2_16_randomized-r3.stderr
 create mode 100644 docs/designs/nav-rework-evidence-2026-09-09/research/C9-full-m5a/parent.patch
 create mode 100644 docs/designs/nav-rework-evidence-2026-09-09/research/C9-full-m5a/quality.json
 create mode 100644 docs/designs/nav-rework-evidence-2026-09-09/research/C9-full-m5a/quality.stderr
 create mode 100644 docs/designs/nav-rework-evidence-2026-09-09/research/C9-full-m8i-summary.json
 create mode 100644 docs/designs/nav-rework-evidence-2026-09-09/research/C9-full-m8i/DONE
 create mode 100644 docs/designs/nav-rework-evidence-2026-09-09/research/C9-full-m8i/base-commit.txt
 create mode 100644 docs/designs/nav-rework-evidence-2026-09-09/research/C9-full-m8i/build-candidate-cache.log
 create mode 100644 docs/designs/nav-rework-evidence-2026-09-09/research/C9-full-m8i/build-candidate-trace.log
 create mode 100644 docs/designs/nav-rework-evidence-2026-09-09/research/C9-full-m8i/build-parent-cache.log
 create mode 100644 docs/designs/nav-rework-evidence-2026-09-09/research/C9-full-m8i/build-parent-trace.log
 create mode 100644 docs/designs/nav-rework-evidence-2026-09-09/research/C9-full-m8i/build-quality.log
 create mode 100644 docs/designs/nav-rework-evidence-2026-09-09/research/C9-full-m8i/candidate-regimes-r1.json
 create mode 100644 docs/designs/nav-rework-evidence-2026-09-09/research/C9-full-m8i/candidate-regimes-r1.stderr
 create mode 100644 docs/designs/nav-rework-evidence-2026-09-09/research/C9-full-m8i/candidate-regimes-r2.json
 create mode 100644 docs/designs/nav-rework-evidence-2026-09-09/research/C9-full-m8i/candidate-regimes-r2.stderr
 create mode 100644 docs/designs/nav-rework-evidence-2026-09-09/research/C9-full-m8i/candidate-regimes-r3.json
 create mode 100644 docs/designs/nav-rework-evidence-2026-09-09/research/C9-full-m8i/candidate-regimes-r3.stderr
 create mode 100644 docs/designs/nav-rework-evidence-2026-09-09/research/C9-full-m8i/candidate-s2_16_679962-r1.json
 create mode 100644 docs/designs/nav-rework-evidence-2026-09-09/research/C9-full-m8i/candidate-s2_16_679962-r1.stderr
 create mode 100644 docs/designs/nav-rework-evidence-2026-09-09/research/C9-full-m8i/candidate-s2_16_679962-r2.json
 create mode 100644 docs/designs/nav-rework-evidence-2026-09-09/research/C9-full-m8i/candidate-s2_16_679962-r2.stderr
 create mode 100644 docs/designs/nav-rework-evidence-2026-09-09/research/C9-full-m8i/candidate-s2_16_679962-r3.json
 create mode 100644 docs/designs/nav-rework-evidence-2026-09-09/research/C9-full-m8i/candidate-s2_16_679962-r3.stderr
 create mode 100644 docs/designs/nav-rework-evidence-2026-09-09/research/C9-full-m8i/candidate-s2_16_679963-r1.json
 create mode 100644 docs/designs/nav-rework-evidence-2026-09-09/research/C9-full-m8i/candidate-s2_16_679963-r1.stderr
 create mode 100644 docs/designs/nav-rework-evidence-2026-09-09/research/C9-full-m8i/candidate-s2_16_679963-r2.json
 create mode 100644 docs/designs/nav-rework-evidence-2026-09-09/research/C9-full-m8i/candidate-s2_16_679963-r2.stderr
 create mode 100644 docs/designs/nav-rework-evidence-2026-09-09/research/C9-full-m8i/candidate-s2_16_679963-r3.json
 create mode 100644 docs/designs/nav-rework-evidence-2026-09-09/research/C9-full-m8i/candidate-s2_16_679963-r3.stderr
 create mode 100644 docs/designs/nav-rework-evidence-2026-09-09/research/C9-full-m8i/candidate-s2_16_679964-r1.json
 create mode 100644 docs/designs/nav-rework-evidence-2026-09-09/research/C9-full-m8i/candidate-s2_16_679964-r1.stderr
 create mode 100644 docs/designs/nav-rework-evidence-2026-09-09/research/C9-full-m8i/candidate-s2_16_679964-r2.json
 create mode 100644 docs/designs/nav-rework-evidence-2026-09-09/research/C9-full-m8i/candidate-s2_16_679964-r2.stderr
 create mode 100644 docs/designs/nav-rework-evidence-2026-09-09/research/C9-full-m8i/candidate-s2_16_679964-r3.json
 create mode 100644 docs/designs/nav-rework-evidence-2026-09-09/research/C9-full-m8i/candidate-s2_16_679964-r3.stderr
 create mode 100644 docs/designs/nav-rework-evidence-2026-09-09/research/C9-full-m8i/candidate-s2_16_679965-r1.json
 create mode 100644 docs/designs/nav-rework-evidence-2026-09-09/research/C9-full-m8i/candidate-s2_16_679965-r1.stderr
 create mode 100644 docs/designs/nav-rework-evidence-2026-09-09/research/C9-full-m8i/candidate-s2_16_679965-r2.json
 create mode 100644 docs/designs/nav-rework-evidence-2026-09-09/research/C9-full-m8i/candidate-s2_16_679965-r2.stderr
 create mode 100644 docs/designs/nav-rework-evidence-2026-09-09/research/C9-full-m8i/candidate-s2_16_679965-r3.json
 create mode 100644 docs/designs/nav-rework-evidence-2026-09-09/research/C9-full-m8i/candidate-s2_16_679965-r3.stderr
 create mode 100644 docs/designs/nav-rework-evidence-2026-09-09/research/C9-full-m8i/candidate-s2_32_679962-r1.json
 create mode 100644 docs/designs/nav-rework-evidence-2026-09-09/research/C9-full-m8i/candidate-s2_32_679962-r1.stderr
 create mode 100644 docs/designs/nav-rework-evidence-2026-09-09/research/C9-full-m8i/candidate-s2_32_679962-r2.json
 create mode 100644 docs/designs/nav-rework-evidence-2026-09-09/research/C9-full-m8i/candidate-s2_32_679962-r2.stderr
 create mode 100644 docs/designs/nav-rework-evidence-2026-09-09/research/C9-full-m8i/candidate-s2_32_679962-r3.json
 create mode 100644 docs/designs/nav-rework-evidence-2026-09-09/research/C9-full-m8i/candidate-s2_32_679962-r3.stderr
 create mode 100644 docs/designs/nav-rework-evidence-2026-09-09/research/C9-full-m8i/candidate-s2_32_679963-r1.json
 create mode 100644 docs/designs/nav-rework-evidence-2026-09-09/research/C9-full-m8i/candidate-s2_32_679963-r1.stderr
 create mode 100644 docs/designs/nav-rework-evidence-2026-09-09/research/C9-full-m8i/candidate-s2_32_679963-r2.json
 create mode 100644 docs/designs/nav-rework-evidence-2026-09-09/research/C9-full-m8i/candidate-s2_32_679963-r2.stderr
 create mode 100644 docs/designs/nav-rework-evidence-2026-09-09/research/C9-full-m8i/candidate-s2_32_679963-r3.json
 create mode 100644 docs/designs/nav-rework-evidence-2026-09-09/research/C9-full-m8i/candidate-s2_32_679963-r3.stderr
 create mode 100644 docs/designs/nav-rework-evidence-2026-09-09/research/C9-full-m8i/candidate-s2_32_679964-r1.json
 create mode 100644 docs/designs/nav-rework-evidence-2026-09-09/research/C9-full-m8i/candidate-s2_32_679964-r1.stderr
 create mode 100644 docs/designs/nav-rework-evidence-2026-09-09/research/C9-full-m8i/candidate-s2_32_679964-r2.json
 create mode 100644 docs/designs/nav-rework-evidence-2026-09-09/research/C9-full-m8i/candidate-s2_32_679964-r2.stderr
 create mode 100644 docs/designs/nav-rework-evidence-2026-09-09/research/C9-full-m8i/candidate-s2_32_679964-r3.json
 create mode 100644 docs/designs/nav-rework-evidence-2026-09-09/research/C9-full-m8i/candidate-s2_32_679964-r3.stderr
 create mode 100644 docs/designs/nav-rework-evidence-2026-09-09/research/C9-full-m8i/candidate-s2_32_679965-r1.json
 create mode 100644 docs/designs/nav-rework-evidence-2026-09-09/research/C9-full-m8i/candidate-s2_32_679965-r1.stderr
 create mode 100644 docs/designs/nav-rework-evidence-2026-09-09/research/C9-full-m8i/candidate-s2_32_679965-r2.json
 create mode 100644 docs/designs/nav-rework-evidence-2026-09-09/research/C9-full-m8i/candidate-s2_32_679965-r2.stderr
 create mode 100644 docs/designs/nav-rework-evidence-2026-09-09/research/C9-full-m8i/candidate-s2_32_679965-r3.json
 create mode 100644 docs/designs/nav-rework-evidence-2026-09-09/research/C9-full-m8i/candidate-s2_32_679965-r3.stderr
 create mode 100644 docs/designs/nav-rework-evidence-2026-09-09/research/C9-full-m8i/candidate-smoke_s2_16_randomized-r1.json
 create mode 100644 docs/designs/nav-rework-evidence-2026-09-09/research/C9-full-m8i/candidate-smoke_s2_16_randomized-r1.stderr
 create mode 100644 docs/designs/nav-rework-evidence-2026-09-09/research/C9-full-m8i/candidate-smoke_s2_16_randomized-r2.json
 create mode 100644 docs/designs/nav-rework-evidence-2026-09-09/research/C9-full-m8i/candidate-smoke_s2_16_randomized-r2.stderr
 create mode 100644 docs/designs/nav-rework-evidence-2026-09-09/research/C9-full-m8i/candidate-smoke_s2_16_randomized-r3.json
 create mode 100644 docs/designs/nav-rework-evidence-2026-09-09/research/C9-full-m8i/candidate-smoke_s2_16_randomized-r3.stderr
 create mode 100644 docs/designs/nav-rework-evidence-2026-09-09/research/C9-full-m8i/candidate.patch
 create mode 100644 docs/designs/nav-rework-evidence-2026-09-09/research/C9-full-m8i/executable-hashes.txt
 create mode 100644 docs/designs/nav-rework-evidence-2026-09-09/research/C9-full-m8i/input-hashes.txt
 create mode 100644 docs/designs/nav-rework-evidence-2026-09-09/research/C9-full-m8i/lscpu.txt
 create mode 100644 docs/designs/nav-rework-evidence-2026-09-09/research/C9-full-m8i/original.nim
 create mode 100644 docs/designs/nav-rework-evidence-2026-09-09/research/C9-full-m8i/parent-regimes-r1.json
 create mode 100644 docs/designs/nav-rework-evidence-2026-09-09/research/C9-full-m8i/parent-regimes-r1.stderr
 create mode 100644 docs/designs/nav-rework-evidence-2026-09-09/research/C9-full-m8i/parent-regimes-r2.json
 create mode 100644 docs/designs/nav-rework-evidence-2026-09-09/research/C9-full-m8i/parent-regimes-r2.stderr
 create mode 100644 docs/designs/nav-rework-evidence-2026-09-09/research/C9-full-m8i/parent-regimes-r3.json
 create mode 100644 docs/designs/nav-rework-evidence-2026-09-09/research/C9-full-m8i/parent-regimes-r3.stderr
 create mode 100644 docs/designs/nav-rework-evidence-2026-09-09/research/C9-full-m8i/parent-s2_16_679962-r1.json
 create mode 100644 docs/designs/nav-rework-evidence-2026-09-09/research/C9-full-m8i/parent-s2_16_679962-r1.stderr
 create mode 100644 docs/designs/nav-rework-evidence-2026-09-09/research/C9-full-m8i/parent-s2_16_679962-r2.json
 create mode 100644 docs/designs/nav-rework-evidence-2026-09-09/research/C9-full-m8i/parent-s2_16_679962-r2.stderr
 create mode 100644 docs/designs/nav-rework-evidence-2026-09-09/research/C9-full-m8i/parent-s2_16_679962-r3.json
 create mode 100644 docs/designs/nav-rework-evidence-2026-09-09/research/C9-full-m8i/parent-s2_16_679962-r3.stderr
 create mode 100644 docs/designs/nav-rework-evidence-2026-09-09/research/C9-full-m8i/parent-s2_16_679963-r1.json
 create mode 100644 docs/designs/nav-rework-evidence-2026-09-09/research/C9-full-m8i/parent-s2_16_679963-r1.stderr
 create mode 100644 docs/designs/nav-rework-evidence-2026-09-09/research/C9-full-m8i/parent-s2_16_679963-r2.json
 create mode 100644 docs/designs/nav-rework-evidence-2026-09-09/research/C9-full-m8i/parent-s2_16_679963-r2.stderr
 create mode 100644 docs/designs/nav-rework-evidence-2026-09-09/research/C9-full-m8i/parent-s2_16_679963-r3.json
 create mode 100644 docs/designs/nav-rework-evidence-2026-09-09/research/C9-full-m8i/parent-s2_16_679963-r3.stderr
 create mode 100644 docs/designs/nav-rework-evidence-2026-09-09/research/C9-full-m8i/parent-s2_16_679964-r1.json
 create mode 100644 docs/designs/nav-rework-evidence-2026-09-09/research/C9-full-m8i/parent-s2_16_679964-r1.stderr
 create mode 100644 docs/designs/nav-rework-evidence-2026-09-09/research/C9-full-m8i/parent-s2_16_679964-r2.json
 create mode 100644 docs/designs/nav-rework-evidence-2026-09-09/research/C9-full-m8i/parent-s2_16_679964-r2.stderr
 create mode 100644 docs/designs/nav-rework-evidence-2026-09-09/research/C9-full-m8i/parent-s2_16_679964-r3.json
 create mode 100644 docs/designs/nav-rework-evidence-2026-09-09/research/C9-full-m8i/parent-s2_16_679964-r3.stderr
 create mode 100644 docs/designs/nav-rework-evidence-2026-09-09/research/C9-full-m8i/parent-s2_16_679965-r1.json
 create mode 100644 docs/designs/nav-rework-evidence-2026-09-09/research/C9-full-m8i/parent-s2_16_679965-r1.stderr
 create mode 100644 docs/designs/nav-rework-evidence-2026-09-09/research/C9-full-m8i/parent-s2_16_679965-r2.json
 create mode 100644 docs/designs/nav-rework-evidence-2026-09-09/research/C9-full-m8i/parent-s2_16_679965-r2.stderr
 create mode 100644 docs/designs/nav-rework-evidence-2026-09-09/research/C9-full-m8i/parent-s2_16_679965-r3.json
 create mode 100644 docs/designs/nav-rework-evidence-2026-09-09/research/C9-full-m8i/parent-s2_16_679965-r3.stderr
 create mode 100644 docs/designs/nav-rework-evidence-2026-09-09/research/C9-full-m8i/parent-s2_32_679962-r1.json
 create mode 100644 docs/designs/nav-rework-evidence-2026-09-09/research/C9-full-m8i/parent-s2_32_679962-r1.stderr
 create mode 100644 docs/designs/nav-rework-evidence-2026-09-09/research/C9-full-m8i/parent-s2_32_679962-r2.json
 create mode 100644 docs/designs/nav-rework-evidence-2026-09-09/research/C9-full-m8i/parent-s2_32_679962-r2.stderr
 create mode 100644 docs/designs/nav-rework-evidence-2026-09-09/research/C9-full-m8i/parent-s2_32_679962-r3.json
 create mode 100644 docs/designs/nav-rework-evidence-2026-09-09/research/C9-full-m8i/parent-s2_32_679962-r3.stderr
 create mode 100644 docs/designs/nav-rework-evidence-2026-09-09/research/C9-full-m8i/parent-s2_32_679963-r1.json
 create mode 100644 docs/designs/nav-rework-evidence-2026-09-09/research/C9-full-m8i/parent-s2_32_679963-r1.stderr
 create mode 100644 docs/designs/nav-rework-evidence-2026-09-09/research/C9-full-m8i/parent-s2_32_679963-r2.json
 create mode 100644 docs/designs/nav-rework-evidence-2026-09-09/research/C9-full-m8i/parent-s2_32_679963-r2.stderr
 create mode 100644 docs/designs/nav-rework-evidence-2026-09-09/research/C9-full-m8i/parent-s2_32_679963-r3.json
 create mode 100644 docs/designs/nav-rework-evidence-2026-09-09/research/C9-full-m8i/parent-s2_32_679963-r3.stderr
 create mode 100644 docs/designs/nav-rework-evidence-2026-09-09/research/C9-full-m8i/parent-s2_32_679964-r1.json
 create mode 100644 docs/designs/nav-rework-evidence-2026-09-09/research/C9-full-m8i/parent-s2_32_679964-r1.stderr
 create mode 100644 docs/designs/nav-rework-evidence-2026-09-09/research/C9-full-m8i/parent-s2_32_679964-r2.json
 create mode 100644 docs/designs/nav-rework-evidence-2026-09-09/research/C9-full-m8i/parent-s2_32_679964-r2.stderr
 create mode 100644 docs/designs/nav-rework-evidence-2026-09-09/research/C9-full-m8i/parent-s2_32_679964-r3.json
 create mode 100644 docs/designs/nav-rework-evidence-2026-09-09/research/C9-full-m8i/parent-s2_32_679964-r3.stderr
 create mode 100644 docs/designs/nav-rework-evidence-2026-09-09/research/C9-full-m8i/parent-s2_32_679965-r1.json
 create mode 100644 docs/designs/nav-rework-evidence-2026-09-09/research/C9-full-m8i/parent-s2_32_679965-r1.stderr
 create mode 100644 docs/designs/nav-rework-evidence-2026-09-09/research/C9-full-m8i/parent-s2_32_679965-r2.json
 create mode 100644 docs/designs/nav-rework-evidence-2026-09-09/research/C9-full-m8i/parent-s2_32_679965-r2.stderr
 create mode 100644 docs/designs/nav-rework-evidence-2026-09-09/research/C9-full-m8i/parent-s2_32_679965-r3.json
 create mode 100644 docs/designs/nav-rework-evidence-2026-09-09/research/C9-full-m8i/parent-s2_32_679965-r3.stderr
 create mode 100644 docs/designs/nav-rework-evidence-2026-09-09/research/C9-full-m8i/parent-smoke_s2_16_randomized-r1.json
 create mode 100644 docs/designs/nav-rework-evidence-2026-09-09/research/C9-full-m8i/parent-smoke_s2_16_randomized-r1.stderr
 create mode 100644 docs/designs/nav-rework-evidence-2026-09-09/research/C9-full-m8i/parent-smoke_s2_16_randomized-r2.json
 create mode 100644 docs/designs/nav-rework-evidence-2026-09-09/research/C9-full-m8i/parent-smoke_s2_16_randomized-r2.stderr
 create mode 100644 docs/designs/nav-rework-evidence-2026-09-09/research/C9-full-m8i/parent-smoke_s2_16_randomized-r3.json
 create mode 100644 docs/designs/nav-rework-evidence-2026-09-09/research/C9-full-m8i/parent-smoke_s2_16_randomized-r3.stderr
 create mode 100644 docs/designs/nav-rework-evidence-2026-09-09/research/C9-full-m8i/parent.patch
 create mode 100644 docs/designs/nav-rework-evidence-2026-09-09/research/C9-full-m8i/quality.json
 create mode 100644 docs/designs/nav-rework-evidence-2026-09-09/research/C9-full-m8i/quality.stderr
 create mode 100644 docs/designs/nav-rework-evidence-2026-09-09/research/C9-micro-m5a-generated-functions.c
 create mode 100644 docs/designs/nav-rework-evidence-2026-09-09/research/C9-micro-m5a-summary.json
 create mode 100644 docs/designs/nav-rework-evidence-2026-09-09/research/C9-micro-m5a/DONE
 create mode 100644 docs/designs/nav-rework-evidence-2026-09-09/research/C9-micro-m5a/base-commit.txt
 create mode 100644 docs/designs/nav-rework-evidence-2026-09-09/research/C9-micro-m5a/br-gen-5001-1300-r1.json
 create mode 100644 docs/designs/nav-rework-evidence-2026-09-09/research/C9-micro-m5a/br-gen-5001-1300-r1.stderr
 create mode 100644 docs/designs/nav-rework-evidence-2026-09-09/research/C9-micro-m5a/br-gen-5001-1300-r2.json
 create mode 100644 docs/designs/nav-rework-evidence-2026-09-09/research/C9-micro-m5a/br-gen-5001-1300-r2.stderr
 create mode 100644 docs/designs/nav-rework-evidence-2026-09-09/research/C9-micro-m5a/br-gen-5001-1300-r3.json
 create mode 100644 docs/designs/nav-rework-evidence-2026-09-09/research/C9-micro-m5a/br-gen-5001-1300-r3.stderr
 create mode 100644 docs/designs/nav-rework-evidence-2026-09-09/research/C9-micro-m5a/br-gen-5001-1300-r4.json
 create mode 100644 docs/designs/nav-rework-evidence-2026-09-09/research/C9-micro-m5a/br-gen-5001-1300-r4.stderr
 create mode 100644 docs/designs/nav-rework-evidence-2026-09-09/research/C9-micro-m5a/br-gen-5001-1300-r5.json
 create mode 100644 docs/designs/nav-rework-evidence-2026-09-09/research/C9-micro-m5a/br-gen-5001-1300-r5.stderr
 create mode 100644 docs/designs/nav-rework-evidence-2026-09-09/research/C9-micro-m5a/br-gen-5001-331-r1.json
 create mode 100644 docs/designs/nav-rework-evidence-2026-09-09/research/C9-micro-m5a/br-gen-5001-331-r1.stderr
 create mode 100644 docs/designs/nav-rework-evidence-2026-09-09/research/C9-micro-m5a/br-gen-5001-331-r2.json
 create mode 100644 docs/designs/nav-rework-evidence-2026-09-09/research/C9-micro-m5a/br-gen-5001-331-r2.stderr
 create mode 100644 docs/designs/nav-rework-evidence-2026-09-09/research/C9-micro-m5a/br-gen-5001-331-r3.json
 create mode 100644 docs/designs/nav-rework-evidence-2026-09-09/research/C9-micro-m5a/br-gen-5001-331-r3.stderr
 create mode 100644 docs/designs/nav-rework-evidence-2026-09-09/research/C9-micro-m5a/br-gen-5001-331-r4.json
 create mode 100644 docs/designs/nav-rework-evidence-2026-09-09/research/C9-micro-m5a/br-gen-5001-331-r4.stderr
 create mode 100644 docs/designs/nav-rework-evidence-2026-09-09/research/C9-micro-m5a/br-gen-5001-331-r5.json
 create mode 100644 docs/designs/nav-rework-evidence-2026-09-09/research/C9-micro-m5a/br-gen-5001-331-r5.stderr
 create mode 100644 docs/designs/nav-rework-evidence-2026-09-09/research/C9-micro-m5a/br-gen-5120-1300-r1.json
 create mode 100644 docs/designs/nav-rework-evidence-2026-09-09/research/C9-micro-m5a/br-gen-5120-1300-r1.stderr
 create mode 100644 docs/designs/nav-rework-evidence-2026-09-09/research/C9-micro-m5a/br-gen-5120-1300-r2.json
 create mode 100644 docs/designs/nav-rework-evidence-2026-09-09/research/C9-micro-m5a/br-gen-5120-1300-r2.stderr
 create mode 100644 docs/designs/nav-rework-evidence-2026-09-09/research/C9-micro-m5a/br-gen-5120-1300-r3.json
 create mode 100644 docs/designs/nav-rework-evidence-2026-09-09/research/C9-micro-m5a/br-gen-5120-1300-r3.stderr
 create mode 100644 docs/designs/nav-rework-evidence-2026-09-09/research/C9-micro-m5a/br-gen-5120-1300-r4.json
 create mode 100644 docs/designs/nav-rework-evidence-2026-09-09/research/C9-micro-m5a/br-gen-5120-1300-r4.stderr
 create mode 100644 docs/designs/nav-rework-evidence-2026-09-09/research/C9-micro-m5a/br-gen-5120-1300-r5.json
 create mode 100644 docs/designs/nav-rework-evidence-2026-09-09/research/C9-micro-m5a/br-gen-5120-1300-r5.stderr
 create mode 100644 docs/designs/nav-rework-evidence-2026-09-09/research/C9-micro-m5a/br-gen-5120-331-r1.json
 create mode 100644 docs/designs/nav-rework-evidence-2026-09-09/research/C9-micro-m5a/br-gen-5120-331-r1.stderr
 create mode 100644 docs/designs/nav-rework-evidence-2026-09-09/research/C9-micro-m5a/br-gen-5120-331-r2.json
 create mode 100644 docs/designs/nav-rework-evidence-2026-09-09/research/C9-micro-m5a/br-gen-5120-331-r2.stderr
 create mode 100644 docs/designs/nav-rework-evidence-2026-09-09/research/C9-micro-m5a/br-gen-5120-331-r3.json
 create mode 100644 docs/designs/nav-rework-evidence-2026-09-09/research/C9-micro-m5a/br-gen-5120-331-r3.stderr
 create mode 100644 docs/designs/nav-rework-evidence-2026-09-09/research/C9-micro-m5a/br-gen-5120-331-r4.json
 create mode 100644 docs/designs/nav-rework-evidence-2026-09-09/research/C9-micro-m5a/br-gen-5120-331-r4.stderr
 create mode 100644 docs/designs/nav-rework-evidence-2026-09-09/research/C9-micro-m5a/br-gen-5120-331-r5.json
 create mode 100644 docs/designs/nav-rework-evidence-2026-09-09/research/C9-micro-m5a/br-gen-5120-331-r5.stderr
 create mode 100644 docs/designs/nav-rework-evidence-2026-09-09/research/C9-micro-m5a/br-gen-5204-1300-r1.json
 create mode 100644 docs/designs/nav-rework-evidence-2026-09-09/research/C9-micro-m5a/br-gen-5204-1300-r1.stderr
 create mode 100644 docs/designs/nav-rework-evidence-2026-09-09/research/C9-micro-m5a/br-gen-5204-1300-r2.json
 create mode 100644 docs/designs/nav-rework-evidence-2026-09-09/research/C9-micro-m5a/br-gen-5204-1300-r2.stderr
 create mode 100644 docs/designs/nav-rework-evidence-2026-09-09/research/C9-micro-m5a/br-gen-5204-1300-r3.json
 create mode 100644 docs/designs/nav-rework-evidence-2026-09-09/research/C9-micro-m5a/br-gen-5204-1300-r3.stderr
 create mode 100644 docs/designs/nav-rework-evidence-2026-09-09/research/C9-micro-m5a/br-gen-5204-1300-r4.json
 create mode 100644 docs/designs/nav-rework-evidence-2026-09-09/research/C9-micro-m5a/br-gen-5204-1300-r4.stderr
 create mode 100644 docs/designs/nav-rework-evidence-2026-09-09/research/C9-micro-m5a/br-gen-5204-1300-r5.json
 create mode 100644 docs/designs/nav-rework-evidence-2026-09-09/research/C9-micro-m5a/br-gen-5204-1300-r5.stderr
 create mode 100644 docs/designs/nav-rework-evidence-2026-09-09/research/C9-micro-m5a/br-gen-5204-331-r1.json
 create mode 100644 docs/designs/nav-rework-evidence-2026-09-09/research/C9-micro-m5a/br-gen-5204-331-r1.stderr
 create mode 100644 docs/designs/nav-rework-evidence-2026-09-09/research/C9-micro-m5a/br-gen-5204-331-r2.json
 create mode 100644 docs/designs/nav-rework-evidence-2026-09-09/research/C9-micro-m5a/br-gen-5204-331-r2.stderr
 create mode 100644 docs/designs/nav-rework-evidence-2026-09-09/research/C9-micro-m5a/br-gen-5204-331-r3.json
 create mode 100644 docs/designs/nav-rework-evidence-2026-09-09/research/C9-micro-m5a/br-gen-5204-331-r3.stderr
 create mode 100644 docs/designs/nav-rework-evidence-2026-09-09/research/C9-micro-m5a/br-gen-5204-331-r4.json
 create mode 100644 docs/designs/nav-rework-evidence-2026-09-09/research/C9-micro-m5a/br-gen-5204-331-r4.stderr
 create mode 100644 docs/designs/nav-rework-evidence-2026-09-09/research/C9-micro-m5a/br-gen-5204-331-r5.json
 create mode 100644 docs/designs/nav-rework-evidence-2026-09-09/research/C9-micro-m5a/br-gen-5204-331-r5.stderr
 create mode 100644 docs/designs/nav-rework-evidence-2026-09-09/research/C9-micro-m5a/br-gen-5263-1300-r1.json
 create mode 100644 docs/designs/nav-rework-evidence-2026-09-09/research/C9-micro-m5a/br-gen-5263-1300-r1.stderr
 create mode 100644 docs/designs/nav-rework-evidence-2026-09-09/research/C9-micro-m5a/br-gen-5263-1300-r2.json
 create mode 100644 docs/designs/nav-rework-evidence-2026-09-09/research/C9-micro-m5a/br-gen-5263-1300-r2.stderr
 create mode 100644 docs/designs/nav-rework-evidence-2026-09-09/research/C9-micro-m5a/br-gen-5263-1300-r3.json
 create mode 100644 docs/designs/nav-rework-evidence-2026-09-09/research/C9-micro-m5a/br-gen-5263-1300-r3.stderr
 create mode 100644 docs/designs/nav-rework-evidence-2026-09-09/research/C9-micro-m5a/br-gen-5263-1300-r4.json
 create mode 100644 docs/designs/nav-rework-evidence-2026-09-09/research/C9-micro-m5a/br-gen-5263-1300-r4.stderr
 create mode 100644 docs/designs/nav-rework-evidence-2026-09-09/research/C9-micro-m5a/br-gen-5263-1300-r5.json
 create mode 100644 docs/designs/nav-rework-evidence-2026-09-09/research/C9-micro-m5a/br-gen-5263-1300-r5.stderr
 create mode 100644 docs/designs/nav-rework-evidence-2026-09-09/research/C9-micro-m5a/br-gen-5263-331-r1.json
 create mode 100644 docs/designs/nav-rework-evidence-2026-09-09/research/C9-micro-m5a/br-gen-5263-331-r1.stderr
 create mode 100644 docs/designs/nav-rework-evidence-2026-09-09/research/C9-micro-m5a/br-gen-5263-331-r2.json
 create mode 100644 docs/designs/nav-rework-evidence-2026-09-09/research/C9-micro-m5a/br-gen-5263-331-r2.stderr
 create mode 100644 docs/designs/nav-rework-evidence-2026-09-09/research/C9-micro-m5a/br-gen-5263-331-r3.json
 create mode 100644 docs/designs/nav-rework-evidence-2026-09-09/research/C9-micro-m5a/br-gen-5263-331-r3.stderr
 create mode 100644 docs/designs/nav-rework-evidence-2026-09-09/research/C9-micro-m5a/br-gen-5263-331-r4.json
 create mode 100644 docs/designs/nav-rework-evidence-2026-09-09/research/C9-micro-m5a/br-gen-5263-331-r4.stderr
 create mode 100644 docs/designs/nav-rework-evidence-2026-09-09/research/C9-micro-m5a/br-gen-5263-331-r5.json
 create mode 100644 docs/designs/nav-rework-evidence-2026-09-09/research/C9-micro-m5a/br-gen-5263-331-r5.stderr
 create mode 100644 docs/designs/nav-rework-evidence-2026-09-09/research/C9-micro-m5a/build.log
 create mode 100644 docs/designs/nav-rework-evidence-2026-09-09/research/C9-micro-m5a/executable-hashes.txt
 create mode 100644 docs/designs/nav-rework-evidence-2026-09-09/research/C9-micro-m5a/exit-codes.txt
 create mode 100644 docs/designs/nav-rework-evidence-2026-09-09/research/C9-micro-m5a/input-hashes.txt
 create mode 100644 docs/designs/nav-rework-evidence-2026-09-09/research/C9-micro-m5a/lscpu.txt
 create mode 100644 docs/designs/nav-rework-evidence-2026-09-09/research/C9-micro-m5a/original.nim
 create mode 100644 docs/designs/nav-rework-evidence-2026-09-09/research/C9-micro-m5a/parent.patch
 create mode 100644 docs/designs/nav-rework-evidence-2026-09-09/research/C9/c9_trace_estimate.json
 create mode 100644 docs/designs/nav-rework-evidence-2026-09-09/research/C9/c9_trace_estimate.md
 create mode 100644 docs/designs/nav-rework-evidence-2026-09-09/research/C9/full/C9-candidate-over-parent.patch
 create mode 100644 docs/designs/nav-rework-evidence-2026-09-09/research/C9/full/C9-full-tree-over-f9dff753.diff
 create mode 100644 docs/designs/nav-rework-evidence-2026-09-09/research/C9/full/C9_FULL_READY.md
 create mode 100644 docs/designs/nav-rework-evidence-2026-09-09/research/C9/full/SHA256SUMS
 create mode 100644 docs/designs/nav-rework-evidence-2026-09-09/research/C9/full/baseline-c7corrected/SHA256SUMS
 create mode 100644 docs/designs/nav-rework-evidence-2026-09-09/research/C9/full/baseline-c7corrected/body_nav.nim
 create mode 100644 docs/designs/nav-rework-evidence-2026-09-09/research/C9/full/baseline-c7corrected/test_shell_body_danger_source_cache.nim
 create mode 100644 docs/designs/nav-rework-evidence-2026-09-09/research/C9/full/local-mac/activation.json
 create mode 100644 docs/designs/nav-rework-evidence-2026-09-09/research/C9/full/local-mac/activation.stderr
 create mode 100644 docs/designs/nav-rework-evidence-2026-09-09/research/C9/full/local-mac/build_bench.log
 create mode 100644 docs/designs/nav-rework-evidence-2026-09-09/research/C9/full/local-mac/build_bench_parent.log
 create mode 100644 docs/designs/nav-rework-evidence-2026-09-09/research/C9/full/local-mac/build_ledger_probe.log
 create mode 100644 docs/designs/nav-rework-evidence-2026-09-09/research/C9/full/local-mac/build_regimes_candidate.log
 create mode 100644 docs/designs/nav-rework-evidence-2026-09-09/research/C9/full/local-mac/build_regimes_parent.log
 create mode 100644 docs/designs/nav-rework-evidence-2026-09-09/research/C9/full/local-mac/build_replay.log
 create mode 100644 docs/designs/nav-rework-evidence-2026-09-09/research/C9/full/local-mac/build_state.log
 create mode 100644 docs/designs/nav-rework-evidence-2026-09-09/research/C9/full/local-mac/build_test_cache.log
 create mode 100644 docs/designs/nav-rework-evidence-2026-09-09/research/C9/full/local-mac/build_test_nav.log
 create mode 100644 docs/designs/nav-rework-evidence-2026-09-09/research/C9/full/local-mac/chains.txt
 create mode 100644 docs/designs/nav-rework-evidence-2026-09-09/research/C9/full/local-mac/configured.json
 create mode 100644 docs/designs/nav-rework-evidence-2026-09-09/research/C9/full/local-mac/configured.stderr
 create mode 100644 docs/designs/nav-rework-evidence-2026-09-09/research/C9/full/local-mac/generated-c/addVisibleCell.c
 create mode 100644 docs/designs/nav-rework-evidence-2026-09-09/research/C9/full/local-mac/generated-c/materializeVisibleCells.c
 create mode 100644 docs/designs/nav-rework-evidence-2026-09-09/research/C9/full/local-mac/generated-c/parent_addVisibleCell.c
 create mode 100644 docs/designs/nav-rework-evidence-2026-09-09/research/C9/full/local-mac/generated-c/parent_rebuildDangerFromPoints.c
 create mode 100644 docs/designs/nav-rework-evidence-2026-09-09/research/C9/full/local-mac/generated-c/parent_replayVisibleCells.c
 create mode 100644 docs/designs/nav-rework-evidence-2026-09-09/research/C9/full/local-mac/generated-c/rebuildDangerFromPoints.c
 create mode 100644 docs/designs/nav-rework-evidence-2026-09-09/research/C9/full/local-mac/generated-c/replayListEntries.c
 create mode 100644 docs/designs/nav-rework-evidence-2026-09-09/research/C9/full/local-mac/ledger_probe.txt
 create mode 100644 docs/designs/nav-rework-evidence-2026-09-09/research/C9/full/local-mac/regimes.jsonl
 create mode 100644 docs/designs/nav-rework-evidence-2026-09-09/research/C9/full/local-mac/root-cache-rerun-v2.log
 create mode 100644 docs/designs/nav-rework-evidence-2026-09-09/research/C9/full/local-mac/root-cache-rerun.log
 create mode 100644 docs/designs/nav-rework-evidence-2026-09-09/research/C9/full/local-mac/root-nav-rerun-v2.log
 create mode 100644 docs/designs/nav-rework-evidence-2026-09-09/research/C9/full/local-mac/root-nav-rerun.log
 create mode 100644 docs/designs/nav-rework-evidence-2026-09-09/research/C9/full/local-mac/state.json
 create mode 100644 docs/designs/nav-rework-evidence-2026-09-09/research/C9/full/local-mac/test_cache.log
 create mode 100644 docs/designs/nav-rework-evidence-2026-09-09/research/C9/full/local-mac/test_nav.log
 create mode 100644 docs/designs/nav-rework-evidence-2026-09-09/research/C9/full/snapshots/candidate-body_nav.nim
 create mode 100644 docs/designs/nav-rework-evidence-2026-09-09/research/C9/full/snapshots/parent-body_nav.nim
 create mode 100644 docs/designs/nav-rework-evidence-2026-09-09/research/C9/full/tests/test-over-c7-baseline.patch
 create mode 100644 docs/designs/nav-rework-evidence-2026-09-09/research/C9/full/tests/test_shell_body_danger_source_cache.nim
 create mode 100644 docs/designs/nav-rework-evidence-2026-09-09/research/C9/full/tools/bench_danger_regimes.nim
 create mode 100644 docs/designs/nav-rework-evidence-2026-09-09/research/C9/full/tools/body_nav_source_trace_replay.nim
 create mode 100644 docs/designs/nav-rework-evidence-2026-09-09/research/C9/full/tools/check_danger_lazy_list_state.nim
 create mode 100644 docs/designs/nav-rework-evidence-2026-09-09/research/C9/full/tools/replay_danger_source_trace.nim
 create mode 100644 docs/designs/nav-rework-evidence-2026-09-09/research/C9/integrate_candidate.py
 create mode 100644 docs/designs/nav-rework-evidence-2026-09-09/research/C9/integration/README.md
 create mode 100644 docs/designs/nav-rework-evidence-2026-09-09/research/C9/integration/bench_body_nav_rework.nim
 create mode 100644 docs/designs/nav-rework-evidence-2026-09-09/research/C9/integration/body_nav.nim
 create mode 100644 docs/designs/nav-rework-evidence-2026-09-09/research/C9/integration/candidate.patch
 create mode 100644 docs/designs/nav-rework-evidence-2026-09-09/research/C9/integration/source-hashes.txt
 create mode 100644 docs/designs/nav-rework-evidence-2026-09-09/research/C9/integration/test-cache.log
 create mode 100644 docs/designs/nav-rework-evidence-2026-09-09/research/C9/integration/test_shell_body_danger_source_cache.nim
 create mode 100644 docs/designs/nav-rework-evidence-2026-09-09/research/C9/summarizer-c7-negative-control.json
 create mode 100644 docs/designs/nav-rework-evidence-2026-09-09/research/C9_A8_DOCUMENTATION_AUDIT.md
 create mode 100644 docs/designs/nav-rework-evidence-2026-09-09/research/C9_FULL_ROOT_COUNT_CHECK.json
 create mode 100644 docs/designs/nav-rework-evidence-2026-09-09/research/C9_IMPLEMENT_REVIEW.md
 create mode 100644 docs/designs/nav-rework-evidence-2026-09-09/research/C9_INTEGRATION_NOTES.md
 create mode 100644 docs/designs/nav-rework-evidence-2026-09-09/research/C9_NATIVE_FULL_RESULT.md
 create mode 100644 docs/designs/nav-rework-evidence-2026-09-09/research/C9_NATIVE_REVIEW.md
 create mode 100644 docs/designs/nav-rework-evidence-2026-09-09/research/C9_ROOT_DECISION.md
 create mode 100644 docs/designs/nav-rework-evidence-2026-09-09/research/C9_ROOT_REVIEW.md
 create mode 100644 docs/designs/nav-rework-evidence-2026-09-09/research/run_c9_full.sh
 create mode 100644 docs/designs/nav-rework-evidence-2026-09-09/research/summarize_c9_full.py
