#0 building with "orbstack" instance using docker driver

#1 [internal] load build definition from Dockerfile.replay-viewer
#1 transferring dockerfile: 4.66kB done
#1 DONE 0.0s

#2 [internal] load metadata for docker.io/emscripten/emsdk:4.0.15
#2 DONE 0.6s

#3 [internal] load .dockerignore
#3 transferring context: 117B done
#3 DONE 0.0s

#4 [1/7] FROM docker.io/emscripten/emsdk:4.0.15@sha256:27bc6267cb285223b8aebb7627bfebae7cb3ad2aaa0d5923b8aa5321793033e8
#4 resolve docker.io/emscripten/emsdk:4.0.15@sha256:27bc6267cb285223b8aebb7627bfebae7cb3ad2aaa0d5923b8aa5321793033e8 done
#4 DONE 0.0s

#5 [internal] load build context
#5 transferring context: 1.24GB 4.1s done
#5 DONE 4.1s

#6 [2/7] RUN apt-get update &&   apt-get install -y --no-install-recommends ca-certificates curl git &&   rm -rf /var/lib/apt/lists/* &&   curl -fsSL     -o /usr/local/bin/nimby     https://github.com/treeform/nimby/releases/download/0.1.27/nimby-Linux-X64 &&   echo "3b3084394bd26b09f84a3f82389f075221c8784893238390939d71dd66ac9e8b  /usr/local/bin/nimby" | sha256sum -c - &&   chmod +x /usr/local/bin/nimby &&   nimby use 2.2.4
#6 CACHED

#7 [3/7] WORKDIR /workspace/ctf
#7 CACHED

#8 [4/7] COPY nimby.lock .
#8 CACHED

#9 [5/7] RUN nimby --global sync nimby.lock
#9 CACHED

#10 [6/7] COPY . .
#10 DONE 5.7s

#11 [7/7] RUN nim c -d:emscripten -d:ctfSimSourcesStamp="d9f1533ec50a8026b63e05d797c6b029c1af42905cb3719f5f27c4436bd2fd87"     replay-viewer/ctf_replay.nim &&   nim c -r --hints:off -o:/tmp/gen_wire_constants tools/gen_wire_constants.nim     > replay-viewer/dist/wire_constants.js &&   cp client/broadcast_core.js replay-viewer/dist/broadcast_core.js &&   cp client/chrome_common.js replay-viewer/dist/chrome_common.js &&   cp data/font.ttf replay-viewer/dist/font.ttf &&   cp replay-viewer/static_replay.js replay-viewer/dist/static_replay.js &&   cp replay-viewer/static_replay_worker.js replay-viewer/dist/static_replay_worker.js &&   sed -e 's|<!-- WIRE_CONSTANTS -->|<script src="./wire_constants.js"></script>|'       -e 's|<!-- CHROME_COMMON -->|<script src="./chrome_common.js"></script>|'       -e 's|<!-- BROADCAST_CORE -->|<script src="./static_replay.js"></script>|'     client/replay_broadcast.html > replay-viewer/dist/index.html &&   sed -e 's|<!-- WIRE_CONSTANTS -->|<script src="./wire_constants.js"></script>|'       -e 's|<!-- CHROME_COMMON -->|<script src="./chrome_common.js"></script>|'     client/league_replayer.html > replay-viewer/dist/league.html &&   cp data/soldier_*_front.png data/soldier_*_front_gun.png     replay-viewer/dist/ &&   cp replay-viewer/loop.html replay-viewer/dist/ &&   mkdir -p replay-viewer/dist/art/walls replay-viewer/dist/art/lockerroom &&   cp client/art/walls/wall_h.jpg client/art/walls/wall_v.jpg     replay-viewer/dist/art/walls/ &&   cp client/art/lockerroom/bg.jpg client/art/lockerroom/*.webp     replay-viewer/dist/art/lockerroom/ &&   rm -rf replay-viewer/dist/nimcache &&   test -f replay-viewer/dist/ctf_replay.wasm &&   test -f replay-viewer/dist/ctf_replay.data &&   test -f replay-viewer/dist/static_replay_worker.js &&   test -f replay-viewer/dist/index.html &&   test -f replay-viewer/dist/league.html &&   test -s replay-viewer/dist/wire_constants.js &&   grep -q '^window.CTF_WIRE={' replay-viewer/dist/wire_constants.js &&   grep -q 'wire_constants.js' replay-viewer/dist/index.html &&   grep -q 'wire_constants.js' replay-viewer/dist/league.html &&   test -s replay-viewer/dist/chrome_common.js &&   grep -q 'window.ChromeCommon' replay-viewer/dist/chrome_common.js &&   grep -q 'chrome_common.js' replay-viewer/dist/index.html &&   grep -q 'chrome_common.js' replay-viewer/dist/league.html &&   grep -q 'static_replay_worker.js' replay-viewer/dist/static_replay.js &&   ! grep -q '<script src="./broadcast_core.js"></script>' replay-viewer/dist/index.html &&   ! grep -q '<script src="./ctf_replay.js"></script>' replay-viewer/dist/index.html &&   test -f replay-viewer/dist/soldier_red_front.png &&   test -f replay-viewer/dist/soldier_blue_front.png &&   test -f replay-viewer/dist/soldier_green_front.png &&   test -f replay-viewer/dist/soldier_yellow_front.png &&   test -f replay-viewer/dist/soldier_plum_front.png &&   test -f replay-viewer/dist/soldier_azure_front_gun.png &&   test "$(ls replay-viewer/dist/soldier_*_front.png | wc -l)" = "$(ls data/soldier_*_front.png | wc -l)" &&   test "$(ls replay-viewer/dist/soldier_*_front_gun.png | wc -l)" = "$(ls data/soldier_*_front_gun.png | wc -l)" &&   test -f replay-viewer/dist/art/walls/wall_h.jpg &&   test -f replay-viewer/dist/art/lockerroom/bg.jpg &&   test -f replay-viewer/dist/art/lockerroom/green_1.webp &&   test -f replay-viewer/dist/art/lockerroom/red_6.webp
#11 0.629 Hint: used config file '/root/.nimby/nim/config/nim.cfg' [Conf]
#11 0.629 Hint: used config file '/root/.nimby/nim/config/config.nims' [Conf]
#11 0.629 Hint: used config file '/workspace/ctf/nim.cfg' [Conf]
#11 0.629 Hint: used config file '/workspace/ctf/replay-viewer/config.nims' [Conf]
#11 0.630 .......................................................................................................................................................................................................
#11 2.336 /workspace/ctf/src/ctf/rig_art.nim(552, 5) Hint: 'unitDeg' is declared but not used [XDeclaredButNotUsed]
#11 2.358 .....
#11 2.450 /workspace/ctf/src/ctf/arena.nim(1373, 5) Hint: 'inside' is declared but not used [XDeclaredButNotUsed]
#11 2.578 /workspace/ctf/src/ctf/arena.nim(3702, 6) Hint: 'rectsNode' is declared but not used [XDeclaredButNotUsed]
#11 2.578 /workspace/ctf/src/ctf/arena.nim(3707, 6) Hint: 'rectsFromNode' is declared but not used [XDeclaredButNotUsed]
#11 2.578 ............
#11 3.280 /workspace/ctf/src/ctf/global.nim(3242, 5) Hint: 'v' is declared but not used [XDeclaredButNotUsed]
#11 3.461 /workspace/ctf/src/ctf/global.nim(7594, 7) Hint: 'rebuilt' is declared but not used [XDeclaredButNotUsed]
#11 3.502 /workspace/ctf/src/ctf/global.nim(1499, 6) Hint: 'boardScaledColdMapPixels' is declared but not used [XDeclaredButNotUsed]
#11 3.547 .........
#11 4.326 CC: ../../../root/.nimby/nim/lib/system/exceptions.nim
#11 4.332 CC: ../../../root/.nimby/nim/lib/std/private/digitsutils.nim
#11 4.335 CC: ../../../root/.nimby/nim/lib/std/assertions.nim
#11 4.338 CC: ../../../root/.nimby/nim/lib/std/private/dragonbox.nim
#11 4.342 CC: ../../../root/.nimby/nim/lib/std/formatfloat.nim
#11 4.345 CC: ../../../root/.nimby/nim/lib/system/dollars.nim
#11 4.349 CC: ../../../root/.nimby/nim/lib/std/syncio.nim
#11 4.354 CC: ../../../root/.nimby/nim/lib/system.nim
#11 4.358 CC: ../../../root/.nimby/nim/lib/pure/hashes.nim
#11 4.366 CC: ../../../root/.nimby/nim/lib/pure/math.nim
#11 4.371 CC: ../../../root/.nimby/nim/lib/pure/algorithm.nim
#11 4.380 CC: ../../../root/.nimby/nim/lib/pure/collections/tables.nim
#11 4.387 CC: ../../../root/.nimby/nim/lib/pure/parseutils.nim
#11 4.396 CC: ../../../root/.nimby/nim/lib/pure/unicode.nim
#11 5.126 CC: ../../../root/.nimby/nim/lib/pure/strutils.nim
#11 5.150 CC: ../../../root/.nimby/nim/lib/pure/streams.nim
#11 5.305 CC: ../../../root/.nimby/nim/lib/pure/lexbase.nim
#11 5.336 CC: ../../../root/.nimby/nim/lib/pure/parsejson.nim
#11 5.429 CC: ../../../root/.nimby/nim/lib/pure/json.nim
#11 5.453 CC: ../../../root/.nimby/nim/lib/pure/pathnorm.nim
#11 5.528 CC: ../../../root/.nimby/nim/lib/std/oserrors.nim
#11 5.569 CC: ../../../root/.nimby/nim/lib/std/private/oscommon.nim
#11 5.616 CC: ../../../root/.nimby/nim/lib/std/private/ospaths2.nim
#11 5.672 CC: ../../../root/.nimby/nim/lib/pure/times.nim
#11 5.698 CC: ../../../root/.nimby/nim/lib/std/envvars.nim
#11 5.723 CC: ../../../root/.nimby/nim/lib/std/cmdline.nim
#11 6.198 CC: ../../../root/.nimby/nim/lib/pure/random.nim
#11 6.239 CC: ../../../root/.nimby/pkgs/bumpy/src/bumpy.nim
#11 6.318 CC: ../../../root/.nimby/pkgs/chroma/src/chroma/colortypes.nim
#11 6.443 CC: ../../../root/.nimby/pkgs/chroma/src/chroma/blends.nim
#11 6.454 CC: ../../../root/.nimby/pkgs/chroma/src/chroma/names.nim
#11 6.509 CC: ../../../root/.nimby/pkgs/chroma/src/chroma.nim
#11 6.587 CC: ../../../root/.nimby/pkgs/flatty/src/flatty/binny.nim
#11 6.605 CC: ../../../root/.nimby/pkgs/pixie/src/pixie/common.nim
#11 6.663 CC: ../../../root/.nimby/pkgs/flatty/src/flatty/encode.nim
#11 6.681 CC: ../../../root/.nimby/pkgs/pixie/src/pixie/blends.nim
#11 6.802 CC: ../../../root/.nimby/pkgs/pixie/src/pixie/internal.nim
#11 6.853 CC: ../../../root/.nimby/pkgs/pixie/src/pixie/images.nim
#11 7.000 CC: ../../../root/.nimby/pkgs/pixie/src/pixie/paints.nim
#11 7.011 CC: ../../../root/.nimby/pkgs/pixie/src/pixie/paths.nim
#11 7.252 CC: ../../../root/.nimby/nim/lib/pure/collections/sets.nim
#11 7.329 CC: ../../../root/.nimby/pkgs/pixie/src/pixie/fontformats/opentype.nim
#11 7.339 CC: ../../../root/.nimby/nim/lib/pure/parsexml.nim
#11 7.381 CC: ../../../root/.nimby/nim/lib/pure/strtabs.nim
#11 7.500 CC: ../../../root/.nimby/nim/lib/pure/xmltree.nim
#11 7.650 CC: ../../../root/.nimby/nim/lib/pure/xmlparser.nim
#11 7.684 CC: ../../../root/.nimby/pkgs/pixie/src/pixie/fontformats/svgfont.nim
#11 7.846 CC: ../../../root/.nimby/pkgs/pixie/src/pixie/fonts.nim
#11 7.981 CC: ../../../root/.nimby/pkgs/pixie/src/pixie/fileformats/bmp.nim
#11 8.003 CC: ../../../root/.nimby/pkgs/zippy/src/zippy/common.nim
#11 8.083 CC: ../../../root/.nimby/pkgs/zippy/src/zippy/internal.nim
#11 8.538 CC: ../../../root/.nimby/pkgs/zippy/src/zippy/bitstreams.nim
#11 8.612 CC: ../../../root/.nimby/pkgs/pixie/src/pixie/fileformats/gif.nim
#11 8.624 CC: ../../../root/.nimby/pkgs/pixie/src/pixie/fileformats/jpeg.nim
#11 8.639 CC: ../../../root/.nimby/pkgs/zippy/src/zippy/adler32.nim
#11 8.721 CC: ../../../root/.nimby/pkgs/zippy/src/zippy/crc.nim
#11 8.856 CC: ../../../root/.nimby/nim/lib/pure/collections/heapqueue.nim
#11 8.864 CC: ../../../root/.nimby/pkgs/zippy/src/zippy/inflate.nim
#11 8.928 CC: ../../../root/.nimby/pkgs/zippy/src/zippy/gzip.nim
#11 9.011 CC: ../../../root/.nimby/pkgs/zippy/src/zippy.nim
#11 9.046 CC: ../../../root/.nimby/pkgs/crunchy/src/crunchy/common.nim
#11 9.113 CC: ../../../root/.nimby/pkgs/crunchy/src/crunchy/crc32.nim
#11 9.318 CC: ../../../root/.nimby/pkgs/crunchy/src/crunchy/sha256.nim
#11 9.462 CC: ../../../root/.nimby/pkgs/pixie/src/pixie/fileformats/png.nim
#11 9.473 CC: ../../../root/.nimby/pkgs/pixie/src/pixie/fileformats/ppm.nim
#11 9.734 CC: ../../../root/.nimby/pkgs/pixie/src/pixie/fileformats/qoi.nim
#11 9.799 CC: ../../../root/.nimby/pkgs/pixie/src/pixie/fileformats/svg.nim
#11 9.944 CC: ../../../root/.nimby/pkgs/pixie/src/pixie.nim
#11 9.963 CC: ../../../root/.nimby/pkgs/supersnappy/src/supersnappy/internal.nim
#11 10.04 CC: ../../../root/.nimby/pkgs/supersnappy/src/supersnappy.nim
#11 10.05 CC: ../../../root/.nimby/pkgs/bitworld/src/bitworld/spriteprotocol.nim
#11 10.12 CC: ../../../root/.nimby/pkgs/bitworld/src/bitworld/server.nim
#11 10.24 CC: ../../../root/.nimby/pkgs/bitworld/src/bitworld/aseprite.nim
#11 10.25 CC: ../../../root/.nimby/pkgs/bitworld/src/bitworld/pixelfonts.nim
#11 10.43 CC: ../src/ctf/glory.nim
#11 10.45 CC: ../src/ctf/sim_types.nim
#11 10.46 CC: ../src/ctf/rig_art.nim
#11 10.75 CC: ../../../root/.nimby/nim/lib/pure/collections/deques.nim
#11 10.94 CC: ../../../root/.nimby/pkgs/jsony/src/jsony.nim
#11 10.99 CC: ../src/ctf/map_pool.nim
#11 11.04 CC: ../src/ctf/arena.nim
#11 11.10 CC: ../src/ctf/map_art.nim
#11 11.43 CC: ../../../root/.nimby/nim/lib/pure/strformat.nim
#11 11.49 CC: ../src/ctf/br_map_pool.nim
#11 11.56 CC: ../src/ctf/sim_config.nim
#11 11.58 CC: ../src/ctf/sim_state.nim
#11 11.70 CC: ../src/ctf/paint.nim
#11 11.71 CC: ../src/ctf/roster.nim
#11 11.72 CC: ../src/ctf/zone_field.nim
#11 11.78 CC: ../src/ctf/sim.nim
#11 11.82 CC: ../src/ctf/labels.nim
#11 11.88 CC: ../src/ctf/global.nim
#11 12.20 CC: ../src/ctf/broadcast.nim
#11 12.52 CC: ../../../root/.nimby/pkgs/flatty/src/flatty.nim
#11 12.61 CC: ../../../root/.nimby/pkgs/bitworld/src/bitworld/replays.nim
#11 12.67 CC: ../src/shell/types.nim
#11 12.91 CC: ../src/shell/seats.nim
#11 12.97 CC: ../src/shell/replay_records.nim
#11 13.17 CC: ../src/ctf/replay_codec.nim
#11 13.25 CC: ../src/ctf/replays.nim
#11 13.50 CC: ../src/ctf/replay_runtime.nim
#11 13.57 CC: ctf_replay.nim
#11 15.59 Hint:  [Link]
#11 20.42 Hint: mm: arc; opt: speed; options: -d:release
#11 20.42 169274 lines; 19.793s; 423.91MiB peakmem; proj: /workspace/ctf/replay-viewer/ctf_replay.nim; out: /workspace/ctf/replay-viewer/ctf_replay [SuccessX]
#11 DONE 25.6s

#12 exporting to image
#12 exporting layers
#12 exporting layers 18.0s done
#12 exporting manifest sha256:632500b80e7494f5fe833204fa0bde99bd93f73ef2db85af1dadae44a49263de
#12 exporting manifest sha256:632500b80e7494f5fe833204fa0bde99bd93f73ef2db85af1dadae44a49263de 0.0s done
#12 exporting config sha256:d2f2fd7261ea3bd2af1f7485c3e2b571a5771d84587c78e5eefb4ab47fd776dc done
#12 exporting attestation manifest sha256:1808349e2ada6b4b932b6f534ee7cc3869b43e6a6f4865575fa532b2f30afe21 0.0s done
#12 exporting manifest list sha256:eb51d746473f33ad834282b3387923f2b66dd2ca82cf0822f98aeee0000a6adb done
#12 naming to docker.io/library/coworld-ctf-replay-viewer-build:57988 done
#12 DONE 18.1s
