#0 building with "orbstack" instance using docker driver

#1 [internal] load build definition from Dockerfile.replay-viewer
#1 transferring dockerfile: 4.66kB done
#1 DONE 0.0s

#2 [internal] load metadata for docker.io/emscripten/emsdk:4.0.15
#2 DONE 0.5s

#3 [internal] load .dockerignore
#3 transferring context: 117B 0.0s done
#3 DONE 0.0s

#4 [1/7] FROM docker.io/emscripten/emsdk:4.0.15@sha256:27bc6267cb285223b8aebb7627bfebae7cb3ad2aaa0d5923b8aa5321793033e8
#4 resolve docker.io/emscripten/emsdk:4.0.15@sha256:27bc6267cb285223b8aebb7627bfebae7cb3ad2aaa0d5923b8aa5321793033e8 done
#4 DONE 0.0s

#5 [internal] load build context
#5 transferring context: 5.25MB 0.8s done
#5 DONE 0.8s

#6 [2/7] RUN apt-get update &&   apt-get install -y --no-install-recommends ca-certificates curl git &&   rm -rf /var/lib/apt/lists/* &&   curl -fsSL     -o /usr/local/bin/nimby     https://github.com/treeform/nimby/releases/download/0.1.27/nimby-Linux-X64 &&   echo "3b3084394bd26b09f84a3f82389f075221c8784893238390939d71dd66ac9e8b  /usr/local/bin/nimby" | sha256sum -c - &&   chmod +x /usr/local/bin/nimby &&   nimby use 2.2.4
#6 CACHED

#7 [3/7] WORKDIR /workspace/ctf
#7 CACHED

#8 [4/7] COPY nimby.lock .
#8 CACHED

#9 [5/7] RUN nimby --global sync nimby.lock
#9 CACHED

#10 [6/7] COPY . .
#10 DONE 4.7s

#11 [7/7] RUN nim c -d:emscripten -d:ctfSimSourcesStamp="01c480650930b7bd3a80cfb6e774a9ec8ad0b16af112522fc691f1507c02a17c"     replay-viewer/ctf_replay.nim &&   nim c -r --hints:off -o:/tmp/gen_wire_constants tools/gen_wire_constants.nim     > replay-viewer/dist/wire_constants.js &&   cp client/broadcast_core.js replay-viewer/dist/broadcast_core.js &&   cp client/chrome_common.js replay-viewer/dist/chrome_common.js &&   cp data/font.ttf replay-viewer/dist/font.ttf &&   cp replay-viewer/static_replay.js replay-viewer/dist/static_replay.js &&   cp replay-viewer/static_replay_worker.js replay-viewer/dist/static_replay_worker.js &&   sed -e 's|<!-- WIRE_CONSTANTS -->|<script src="./wire_constants.js"></script>|'       -e 's|<!-- CHROME_COMMON -->|<script src="./chrome_common.js"></script>|'       -e 's|<!-- BROADCAST_CORE -->|<script src="./static_replay.js"></script>|'     client/replay_broadcast.html > replay-viewer/dist/index.html &&   sed -e 's|<!-- WIRE_CONSTANTS -->|<script src="./wire_constants.js"></script>|'       -e 's|<!-- CHROME_COMMON -->|<script src="./chrome_common.js"></script>|'     client/league_replayer.html > replay-viewer/dist/league.html &&   cp data/soldier_*_front.png data/soldier_*_front_gun.png     replay-viewer/dist/ &&   cp replay-viewer/loop.html replay-viewer/dist/ &&   mkdir -p replay-viewer/dist/art/walls replay-viewer/dist/art/lockerroom &&   cp client/art/walls/wall_h.jpg client/art/walls/wall_v.jpg     replay-viewer/dist/art/walls/ &&   cp client/art/lockerroom/bg.jpg client/art/lockerroom/*.webp     replay-viewer/dist/art/lockerroom/ &&   rm -rf replay-viewer/dist/nimcache &&   test -f replay-viewer/dist/ctf_replay.wasm &&   test -f replay-viewer/dist/ctf_replay.data &&   test -f replay-viewer/dist/static_replay_worker.js &&   test -f replay-viewer/dist/index.html &&   test -f replay-viewer/dist/league.html &&   test -s replay-viewer/dist/wire_constants.js &&   grep -q '^window.CTF_WIRE={' replay-viewer/dist/wire_constants.js &&   grep -q 'wire_constants.js' replay-viewer/dist/index.html &&   grep -q 'wire_constants.js' replay-viewer/dist/league.html &&   test -s replay-viewer/dist/chrome_common.js &&   grep -q 'window.ChromeCommon' replay-viewer/dist/chrome_common.js &&   grep -q 'chrome_common.js' replay-viewer/dist/index.html &&   grep -q 'chrome_common.js' replay-viewer/dist/league.html &&   grep -q 'static_replay_worker.js' replay-viewer/dist/static_replay.js &&   ! grep -q '<script src="./broadcast_core.js"></script>' replay-viewer/dist/index.html &&   ! grep -q '<script src="./ctf_replay.js"></script>' replay-viewer/dist/index.html &&   test -f replay-viewer/dist/soldier_red_front.png &&   test -f replay-viewer/dist/soldier_blue_front.png &&   test -f replay-viewer/dist/soldier_green_front.png &&   test -f replay-viewer/dist/soldier_yellow_front.png &&   test -f replay-viewer/dist/soldier_plum_front.png &&   test -f replay-viewer/dist/soldier_azure_front_gun.png &&   test "$(ls replay-viewer/dist/soldier_*_front.png | wc -l)" = "$(ls data/soldier_*_front.png | wc -l)" &&   test "$(ls replay-viewer/dist/soldier_*_front_gun.png | wc -l)" = "$(ls data/soldier_*_front_gun.png | wc -l)" &&   test -f replay-viewer/dist/art/walls/wall_h.jpg &&   test -f replay-viewer/dist/art/lockerroom/bg.jpg &&   test -f replay-viewer/dist/art/lockerroom/green_1.webp &&   test -f replay-viewer/dist/art/lockerroom/red_6.webp
#11 0.635 Hint: used config file '/root/.nimby/nim/config/nim.cfg' [Conf]
#11 0.635 Hint: used config file '/root/.nimby/nim/config/config.nims' [Conf]
#11 0.635 Hint: used config file '/workspace/ctf/nim.cfg' [Conf]
#11 0.635 Hint: used config file '/workspace/ctf/replay-viewer/config.nims' [Conf]
#11 0.636 .......................................................................................................................................................................................................
#11 2.370 /workspace/ctf/src/ctf/rig_art.nim(552, 5) Hint: 'unitDeg' is declared but not used [XDeclaredButNotUsed]
#11 2.394 .....
#11 2.489 /workspace/ctf/src/ctf/arena.nim(1373, 5) Hint: 'inside' is declared but not used [XDeclaredButNotUsed]
#11 2.636 /workspace/ctf/src/ctf/arena.nim(3702, 6) Hint: 'rectsNode' is declared but not used [XDeclaredButNotUsed]
#11 2.636 /workspace/ctf/src/ctf/arena.nim(3707, 6) Hint: 'rectsFromNode' is declared but not used [XDeclaredButNotUsed]
#11 2.636 ............
#11 3.366 /workspace/ctf/src/ctf/global.nim(3242, 5) Hint: 'v' is declared but not used [XDeclaredButNotUsed]
#11 3.560 /workspace/ctf/src/ctf/global.nim(7594, 7) Hint: 'rebuilt' is declared but not used [XDeclaredButNotUsed]
#11 3.606 /workspace/ctf/src/ctf/global.nim(1499, 6) Hint: 'boardScaledColdMapPixels' is declared but not used [XDeclaredButNotUsed]
#11 3.652 .........
#11 4.451 CC: ../../../root/.nimby/nim/lib/system/exceptions.nim
#11 4.456 CC: ../../../root/.nimby/nim/lib/std/private/digitsutils.nim
#11 4.459 CC: ../../../root/.nimby/nim/lib/std/assertions.nim
#11 4.462 CC: ../../../root/.nimby/nim/lib/std/private/dragonbox.nim
#11 4.465 CC: ../../../root/.nimby/nim/lib/std/formatfloat.nim
#11 4.469 CC: ../../../root/.nimby/nim/lib/system/dollars.nim
#11 4.472 CC: ../../../root/.nimby/nim/lib/std/syncio.nim
#11 4.476 CC: ../../../root/.nimby/nim/lib/system.nim
#11 4.481 CC: ../../../root/.nimby/nim/lib/pure/hashes.nim
#11 4.484 CC: ../../../root/.nimby/nim/lib/pure/math.nim
#11 4.489 CC: ../../../root/.nimby/nim/lib/pure/algorithm.nim
#11 4.494 CC: ../../../root/.nimby/nim/lib/pure/collections/tables.nim
#11 4.499 CC: ../../../root/.nimby/nim/lib/pure/parseutils.nim
#11 4.504 CC: ../../../root/.nimby/nim/lib/pure/unicode.nim
#11 5.240 CC: ../../../root/.nimby/nim/lib/pure/strutils.nim
#11 5.266 CC: ../../../root/.nimby/nim/lib/pure/streams.nim
#11 5.383 CC: ../../../root/.nimby/nim/lib/pure/lexbase.nim
#11 5.479 CC: ../../../root/.nimby/nim/lib/pure/parsejson.nim
#11 5.487 CC: ../../../root/.nimby/nim/lib/pure/json.nim
#11 5.498 CC: ../../../root/.nimby/nim/lib/pure/pathnorm.nim
#11 5.566 CC: ../../../root/.nimby/nim/lib/std/oserrors.nim
#11 5.743 CC: ../../../root/.nimby/nim/lib/std/private/oscommon.nim
#11 5.776 CC: ../../../root/.nimby/nim/lib/std/private/ospaths2.nim
#11 5.850 CC: ../../../root/.nimby/nim/lib/pure/times.nim
#11 5.868 CC: ../../../root/.nimby/nim/lib/std/envvars.nim
#11 5.903 CC: ../../../root/.nimby/nim/lib/std/cmdline.nim
#11 6.296 CC: ../../../root/.nimby/nim/lib/pure/random.nim
#11 6.484 CC: ../../../root/.nimby/pkgs/bumpy/src/bumpy.nim
#11 6.488 CC: ../../../root/.nimby/pkgs/chroma/src/chroma/colortypes.nim
#11 6.584 CC: ../../../root/.nimby/pkgs/chroma/src/chroma/blends.nim
#11 6.603 CC: ../../../root/.nimby/pkgs/chroma/src/chroma/names.nim
#11 6.643 CC: ../../../root/.nimby/pkgs/chroma/src/chroma.nim
#11 6.716 CC: ../../../root/.nimby/pkgs/flatty/src/flatty/binny.nim
#11 6.736 CC: ../../../root/.nimby/pkgs/pixie/src/pixie/common.nim
#11 6.766 CC: ../../../root/.nimby/pkgs/flatty/src/flatty/encode.nim
#11 6.803 CC: ../../../root/.nimby/pkgs/pixie/src/pixie/blends.nim
#11 6.897 CC: ../../../root/.nimby/pkgs/pixie/src/pixie/internal.nim
#11 6.971 CC: ../../../root/.nimby/pkgs/pixie/src/pixie/images.nim
#11 7.076 CC: ../../../root/.nimby/pkgs/pixie/src/pixie/paints.nim
#11 7.188 CC: ../../../root/.nimby/pkgs/pixie/src/pixie/paths.nim
#11 7.415 CC: ../../../root/.nimby/nim/lib/pure/collections/sets.nim
#11 7.425 CC: ../../../root/.nimby/pkgs/pixie/src/pixie/fontformats/opentype.nim
#11 7.462 CC: ../../../root/.nimby/nim/lib/pure/parsexml.nim
#11 7.483 CC: ../../../root/.nimby/nim/lib/pure/strtabs.nim
#11 7.547 CC: ../../../root/.nimby/nim/lib/pure/xmltree.nim
#11 7.623 CC: ../../../root/.nimby/nim/lib/pure/xmlparser.nim
#11 7.780 CC: ../../../root/.nimby/pkgs/pixie/src/pixie/fontformats/svgfont.nim
#11 7.915 CC: ../../../root/.nimby/pkgs/pixie/src/pixie/fonts.nim
#11 7.922 CC: ../../../root/.nimby/pkgs/pixie/src/pixie/fileformats/bmp.nim
#11 8.136 CC: ../../../root/.nimby/pkgs/zippy/src/zippy/common.nim
#11 8.242 CC: ../../../root/.nimby/pkgs/zippy/src/zippy/internal.nim
#11 8.341 CC: ../../../root/.nimby/pkgs/zippy/src/zippy/bitstreams.nim
#11 8.586 CC: ../../../root/.nimby/pkgs/pixie/src/pixie/fileformats/gif.nim
#11 8.686 CC: ../../../root/.nimby/pkgs/pixie/src/pixie/fileformats/jpeg.nim
#11 8.737 CC: ../../../root/.nimby/pkgs/zippy/src/zippy/adler32.nim
#11 8.791 CC: ../../../root/.nimby/pkgs/zippy/src/zippy/crc.nim
#11 8.854 CC: ../../../root/.nimby/nim/lib/pure/collections/heapqueue.nim
#11 8.898 CC: ../../../root/.nimby/pkgs/zippy/src/zippy/inflate.nim
#11 8.913 CC: ../../../root/.nimby/pkgs/zippy/src/zippy/gzip.nim
#11 9.082 CC: ../../../root/.nimby/pkgs/zippy/src/zippy.nim
#11 9.106 CC: ../../../root/.nimby/pkgs/crunchy/src/crunchy/common.nim
#11 9.228 CC: ../../../root/.nimby/pkgs/crunchy/src/crunchy/crc32.nim
#11 9.645 CC: ../../../root/.nimby/pkgs/crunchy/src/crunchy/sha256.nim
#11 9.724 CC: ../../../root/.nimby/pkgs/pixie/src/pixie/fileformats/png.nim
#11 9.776 CC: ../../../root/.nimby/pkgs/pixie/src/pixie/fileformats/ppm.nim
#11 9.843 CC: ../../../root/.nimby/pkgs/pixie/src/pixie/fileformats/qoi.nim
#11 9.899 CC: ../../../root/.nimby/pkgs/pixie/src/pixie/fileformats/svg.nim
#11 9.927 CC: ../../../root/.nimby/pkgs/pixie/src/pixie.nim
#11 10.04 CC: ../../../root/.nimby/pkgs/supersnappy/src/supersnappy/internal.nim
#11 10.05 CC: ../../../root/.nimby/pkgs/supersnappy/src/supersnappy.nim
#11 10.10 CC: ../../../root/.nimby/pkgs/bitworld/src/bitworld/spriteprotocol.nim
#11 10.14 CC: ../../../root/.nimby/pkgs/bitworld/src/bitworld/server.nim
#11 10.25 CC: ../../../root/.nimby/pkgs/bitworld/src/bitworld/aseprite.nim
#11 10.28 CC: ../../../root/.nimby/pkgs/bitworld/src/bitworld/pixelfonts.nim
#11 10.29 CC: ../src/ctf/glory.nim
#11 10.54 CC: ../src/ctf/sim_types.nim
#11 10.92 CC: ../src/ctf/rig_art.nim
#11 10.94 CC: ../../../root/.nimby/nim/lib/pure/collections/deques.nim
#11 11.11 CC: ../../../root/.nimby/pkgs/jsony/src/jsony.nim
#11 11.17 CC: ../src/ctf/map_pool.nim
#11 11.18 CC: ../src/ctf/arena.nim
#11 11.33 CC: ../src/ctf/map_art.nim
#11 11.36 CC: ../../../root/.nimby/nim/lib/pure/strformat.nim
#11 11.49 CC: ../src/ctf/br_map_pool.nim
#11 11.53 CC: ../src/ctf/sim_config.nim
#11 11.54 CC: ../src/ctf/sim_state.nim
#11 11.55 CC: ../src/ctf/paint.nim
#11 11.69 CC: ../src/ctf/roster.nim
#11 11.80 CC: ../src/ctf/zone_field.nim
#11 11.81 CC: ../src/ctf/sim.nim
#11 12.10 CC: ../src/ctf/labels.nim
#11 12.11 CC: ../src/ctf/global.nim
#11 12.45 CC: ../src/ctf/broadcast.nim
#11 12.52 CC: ../../../root/.nimby/pkgs/flatty/src/flatty.nim
#11 12.80 CC: ../../../root/.nimby/pkgs/bitworld/src/bitworld/replays.nim
#11 12.92 CC: ../src/shell/types.nim
#11 13.02 CC: ../src/shell/seats.nim
#11 13.23 CC: ../src/shell/replay_records.nim
#11 13.35 CC: ../src/ctf/replay_codec.nim
#11 13.40 CC: ../src/ctf/replays.nim
#11 13.48 CC: ../src/ctf/replay_runtime.nim
#11 13.53 CC: ctf_replay.nim
#11 15.96 Hint:  [Link]
#11 21.07 Hint: mm: arc; opt: speed; options: -d:release
#11 21.07 169445 lines; 20.435s; 423.898MiB peakmem; proj: /workspace/ctf/replay-viewer/ctf_replay.nim; out: /workspace/ctf/replay-viewer/ctf_replay [SuccessX]
#11 DONE 26.5s

#12 exporting to image
#12 exporting layers
#12 exporting layers 21.5s done
#12 exporting manifest sha256:4263e104faf82bb48f675c380416cbcae4e2d86560ced3573a01ee26fe84530c
#12 exporting manifest sha256:4263e104faf82bb48f675c380416cbcae4e2d86560ced3573a01ee26fe84530c done
#12 exporting config sha256:ed88d8fb5b29d5fa41ac289dede909ea6b91f310dc18efa876e50428f2f6a5f3 0.0s done
#12 exporting attestation manifest sha256:ab0bb449abd12258d177ee316fcb39ebc67698da2d64dc35b040d7441891dd0d 0.0s done
#12 exporting manifest list sha256:ab5f5c6d11c44540f18746d1c357458a13858a31023a9acda636b597cccaa8c5 done
#12 naming to docker.io/library/coworld-ctf-replay-viewer-build:98657 done
#12 DONE 21.5s
