#0 building with "orbstack" instance using docker driver

#1 [internal] load build definition from Dockerfile.replay-viewer
#1 transferring dockerfile: 4.66kB done
#1 DONE 0.0s

#2 [internal] load metadata for docker.io/emscripten/emsdk:4.0.15
#2 DONE 0.6s

#3 [internal] load .dockerignore
#3 transferring context: 117B done
#3 DONE 0.0s

#4 [1/7] FROM docker.io/emscripten/emsdk:4.0.15@sha256:27bc6267cb285223b8aebb7627bfebae7cb3ad2aaa0d5923b8aa5321793033e8
#4 resolve docker.io/emscripten/emsdk:4.0.15@sha256:27bc6267cb285223b8aebb7627bfebae7cb3ad2aaa0d5923b8aa5321793033e8 0.0s done
#4 DONE 0.0s

#5 [internal] load build context
#5 transferring context: 8.45MB 0.2s done
#5 DONE 0.2s

#6 [4/7] COPY nimby.lock .
#6 CACHED

#7 [2/7] RUN apt-get update &&   apt-get install -y --no-install-recommends ca-certificates curl git &&   rm -rf /var/lib/apt/lists/* &&   curl -fsSL     -o /usr/local/bin/nimby     https://github.com/treeform/nimby/releases/download/0.1.27/nimby-Linux-X64 &&   echo "3b3084394bd26b09f84a3f82389f075221c8784893238390939d71dd66ac9e8b  /usr/local/bin/nimby" | sha256sum -c - &&   chmod +x /usr/local/bin/nimby &&   nimby use 2.2.4
#7 CACHED

#8 [3/7] WORKDIR /workspace/ctf
#8 CACHED

#9 [5/7] RUN nimby --global sync nimby.lock
#9 CACHED

#10 [6/7] COPY . .
#10 DONE 0.6s

#11 [7/7] RUN nim c -d:emscripten -d:ctfSimSourcesStamp="7055e6585cd8c40e02af6aefd2699b0dfbf1a701614cb1d67069a9173332e0f5"     replay-viewer/ctf_replay.nim &&   nim c -r --hints:off -o:/tmp/gen_wire_constants tools/gen_wire_constants.nim     > replay-viewer/dist/wire_constants.js &&   cp client/broadcast_core.js replay-viewer/dist/broadcast_core.js &&   cp client/chrome_common.js replay-viewer/dist/chrome_common.js &&   cp data/font.ttf replay-viewer/dist/font.ttf &&   cp replay-viewer/static_replay.js replay-viewer/dist/static_replay.js &&   cp replay-viewer/static_replay_worker.js replay-viewer/dist/static_replay_worker.js &&   sed -e 's|<!-- WIRE_CONSTANTS -->|<script src="./wire_constants.js"></script>|'       -e 's|<!-- CHROME_COMMON -->|<script src="./chrome_common.js"></script>|'       -e 's|<!-- BROADCAST_CORE -->|<script src="./static_replay.js"></script>|'     client/replay_broadcast.html > replay-viewer/dist/index.html &&   sed -e 's|<!-- WIRE_CONSTANTS -->|<script src="./wire_constants.js"></script>|'       -e 's|<!-- CHROME_COMMON -->|<script src="./chrome_common.js"></script>|'     client/league_replayer.html > replay-viewer/dist/league.html &&   cp data/soldier_*_front.png data/soldier_*_front_gun.png     replay-viewer/dist/ &&   cp replay-viewer/loop.html replay-viewer/dist/ &&   mkdir -p replay-viewer/dist/art/walls replay-viewer/dist/art/lockerroom &&   cp client/art/walls/wall_h.jpg client/art/walls/wall_v.jpg     replay-viewer/dist/art/walls/ &&   cp client/art/lockerroom/bg.jpg client/art/lockerroom/*.webp     replay-viewer/dist/art/lockerroom/ &&   rm -rf replay-viewer/dist/nimcache &&   test -f replay-viewer/dist/ctf_replay.wasm &&   test -f replay-viewer/dist/ctf_replay.data &&   test -f replay-viewer/dist/static_replay_worker.js &&   test -f replay-viewer/dist/index.html &&   test -f replay-viewer/dist/league.html &&   test -s replay-viewer/dist/wire_constants.js &&   grep -q '^window.CTF_WIRE={' replay-viewer/dist/wire_constants.js &&   grep -q 'wire_constants.js' replay-viewer/dist/index.html &&   grep -q 'wire_constants.js' replay-viewer/dist/league.html &&   test -s replay-viewer/dist/chrome_common.js &&   grep -q 'window.ChromeCommon' replay-viewer/dist/chrome_common.js &&   grep -q 'chrome_common.js' replay-viewer/dist/index.html &&   grep -q 'chrome_common.js' replay-viewer/dist/league.html &&   grep -q 'static_replay_worker.js' replay-viewer/dist/static_replay.js &&   ! grep -q '<script src="./broadcast_core.js"></script>' replay-viewer/dist/index.html &&   ! grep -q '<script src="./ctf_replay.js"></script>' replay-viewer/dist/index.html &&   test -f replay-viewer/dist/soldier_red_front.png &&   test -f replay-viewer/dist/soldier_blue_front.png &&   test -f replay-viewer/dist/soldier_green_front.png &&   test -f replay-viewer/dist/soldier_yellow_front.png &&   test -f replay-viewer/dist/soldier_plum_front.png &&   test -f replay-viewer/dist/soldier_azure_front_gun.png &&   test "$(ls replay-viewer/dist/soldier_*_front.png | wc -l)" = "$(ls data/soldier_*_front.png | wc -l)" &&   test "$(ls replay-viewer/dist/soldier_*_front_gun.png | wc -l)" = "$(ls data/soldier_*_front_gun.png | wc -l)" &&   test -f replay-viewer/dist/art/walls/wall_h.jpg &&   test -f replay-viewer/dist/art/lockerroom/bg.jpg &&   test -f replay-viewer/dist/art/lockerroom/green_1.webp &&   test -f replay-viewer/dist/art/lockerroom/red_6.webp
#11 0.607 Hint: used config file '/root/.nimby/nim/config/nim.cfg' [Conf]
#11 0.608 Hint: used config file '/root/.nimby/nim/config/config.nims' [Conf]
#11 0.608 Hint: used config file '/workspace/ctf/nim.cfg' [Conf]
#11 0.608 Hint: used config file '/workspace/ctf/replay-viewer/config.nims' [Conf]
#11 0.608 .......................................................................................................................................................................................................
#11 2.403 /workspace/ctf/src/ctf/rig_art.nim(552, 5) Hint: 'unitDeg' is declared but not used [XDeclaredButNotUsed]
#11 2.426 .....
#11 2.517 /workspace/ctf/src/ctf/arena.nim(1373, 5) Hint: 'inside' is declared but not used [XDeclaredButNotUsed]
#11 2.652 /workspace/ctf/src/ctf/arena.nim(3702, 6) Hint: 'rectsNode' is declared but not used [XDeclaredButNotUsed]
#11 2.652 /workspace/ctf/src/ctf/arena.nim(3707, 6) Hint: 'rectsFromNode' is declared but not used [XDeclaredButNotUsed]
#11 2.652 ............
#11 3.384 /workspace/ctf/src/ctf/global.nim(3242, 5) Hint: 'v' is declared but not used [XDeclaredButNotUsed]
#11 3.560 /workspace/ctf/src/ctf/global.nim(7594, 7) Hint: 'rebuilt' is declared but not used [XDeclaredButNotUsed]
#11 3.604 /workspace/ctf/src/ctf/global.nim(1499, 6) Hint: 'boardScaledColdMapPixels' is declared but not used [XDeclaredButNotUsed]
#11 3.655 .........
#11 4.425 CC: ../../../root/.nimby/nim/lib/system/exceptions.nim
#11 4.430 CC: ../../../root/.nimby/nim/lib/std/private/digitsutils.nim
#11 4.434 CC: ../../../root/.nimby/nim/lib/std/assertions.nim
#11 4.436 CC: ../../../root/.nimby/nim/lib/std/private/dragonbox.nim
#11 4.440 CC: ../../../root/.nimby/nim/lib/std/formatfloat.nim
#11 4.446 CC: ../../../root/.nimby/nim/lib/system/dollars.nim
#11 4.451 CC: ../../../root/.nimby/nim/lib/std/syncio.nim
#11 4.457 CC: ../../../root/.nimby/nim/lib/system.nim
#11 4.464 CC: ../../../root/.nimby/nim/lib/pure/hashes.nim
#11 4.469 CC: ../../../root/.nimby/nim/lib/pure/math.nim
#11 4.478 CC: ../../../root/.nimby/nim/lib/pure/algorithm.nim
#11 4.488 CC: ../../../root/.nimby/nim/lib/pure/collections/tables.nim
#11 4.495 CC: ../../../root/.nimby/nim/lib/pure/parseutils.nim
#11 4.507 CC: ../../../root/.nimby/nim/lib/pure/unicode.nim
#11 5.413 CC: ../../../root/.nimby/nim/lib/pure/strutils.nim
#11 5.424 CC: ../../../root/.nimby/nim/lib/pure/streams.nim
#11 5.522 CC: ../../../root/.nimby/nim/lib/pure/lexbase.nim
#11 5.548 CC: ../../../root/.nimby/nim/lib/pure/parsejson.nim
#11 5.624 CC: ../../../root/.nimby/nim/lib/pure/json.nim
#11 5.648 CC: ../../../root/.nimby/nim/lib/pure/pathnorm.nim
#11 5.777 CC: ../../../root/.nimby/nim/lib/std/oserrors.nim
#11 5.791 CC: ../../../root/.nimby/nim/lib/std/private/oscommon.nim
#11 5.830 CC: ../../../root/.nimby/nim/lib/std/private/ospaths2.nim
#11 5.861 CC: ../../../root/.nimby/nim/lib/pure/times.nim
#11 5.876 CC: ../../../root/.nimby/nim/lib/std/envvars.nim
#11 5.934 CC: ../../../root/.nimby/nim/lib/std/cmdline.nim
#11 6.663 CC: ../../../root/.nimby/nim/lib/pure/random.nim
#11 6.753 CC: ../../../root/.nimby/pkgs/bumpy/src/bumpy.nim
#11 6.786 CC: ../../../root/.nimby/pkgs/chroma/src/chroma/colortypes.nim
#11 6.830 CC: ../../../root/.nimby/pkgs/chroma/src/chroma/blends.nim
#11 6.872 CC: ../../../root/.nimby/pkgs/chroma/src/chroma/names.nim
#11 6.939 CC: ../../../root/.nimby/pkgs/chroma/src/chroma.nim
#11 6.981 CC: ../../../root/.nimby/pkgs/flatty/src/flatty/binny.nim
#11 7.088 CC: ../../../root/.nimby/pkgs/pixie/src/pixie/common.nim
#11 7.110 CC: ../../../root/.nimby/pkgs/flatty/src/flatty/encode.nim
#11 7.196 CC: ../../../root/.nimby/pkgs/pixie/src/pixie/blends.nim
#11 7.228 CC: ../../../root/.nimby/pkgs/pixie/src/pixie/internal.nim
#11 7.251 CC: ../../../root/.nimby/pkgs/pixie/src/pixie/images.nim
#11 7.310 CC: ../../../root/.nimby/pkgs/pixie/src/pixie/paints.nim
#11 7.630 CC: ../../../root/.nimby/pkgs/pixie/src/pixie/paths.nim
#11 7.752 CC: ../../../root/.nimby/nim/lib/pure/collections/sets.nim
#11 7.786 CC: ../../../root/.nimby/pkgs/pixie/src/pixie/fontformats/opentype.nim
#11 7.834 CC: ../../../root/.nimby/nim/lib/pure/parsexml.nim
#11 7.872 CC: ../../../root/.nimby/nim/lib/pure/strtabs.nim
#11 7.888 CC: ../../../root/.nimby/nim/lib/pure/xmltree.nim
#11 7.901 CC: ../../../root/.nimby/nim/lib/pure/xmlparser.nim
#11 8.223 CC: ../../../root/.nimby/pkgs/pixie/src/pixie/fontformats/svgfont.nim
#11 8.270 CC: ../../../root/.nimby/pkgs/pixie/src/pixie/fonts.nim
#11 8.304 CC: ../../../root/.nimby/pkgs/pixie/src/pixie/fileformats/bmp.nim
#11 8.502 CC: ../../../root/.nimby/pkgs/zippy/src/zippy/common.nim
#11 8.520 CC: ../../../root/.nimby/pkgs/zippy/src/zippy/internal.nim
#11 8.838 CC: ../../../root/.nimby/pkgs/zippy/src/zippy/bitstreams.nim
#11 9.059 CC: ../../../root/.nimby/pkgs/pixie/src/pixie/fileformats/gif.nim
#11 9.122 CC: ../../../root/.nimby/pkgs/pixie/src/pixie/fileformats/jpeg.nim
#11 9.217 CC: ../../../root/.nimby/pkgs/zippy/src/zippy/adler32.nim
#11 9.261 CC: ../../../root/.nimby/pkgs/zippy/src/zippy/crc.nim
#11 9.271 CC: ../../../root/.nimby/nim/lib/pure/collections/heapqueue.nim
#11 9.402 CC: ../../../root/.nimby/pkgs/zippy/src/zippy/inflate.nim
#11 9.413 CC: ../../../root/.nimby/pkgs/zippy/src/zippy/gzip.nim
#11 9.450 CC: ../../../root/.nimby/pkgs/zippy/src/zippy.nim
#11 9.682 CC: ../../../root/.nimby/pkgs/crunchy/src/crunchy/common.nim
#11 9.747 CC: ../../../root/.nimby/pkgs/crunchy/src/crunchy/crc32.nim
#11 9.812 CC: ../../../root/.nimby/pkgs/crunchy/src/crunchy/sha256.nim
#11 9.905 CC: ../../../root/.nimby/pkgs/pixie/src/pixie/fileformats/png.nim
#11 9.927 CC: ../../../root/.nimby/pkgs/pixie/src/pixie/fileformats/ppm.nim
#11 10.28 CC: ../../../root/.nimby/pkgs/pixie/src/pixie/fileformats/qoi.nim
#11 10.33 CC: ../../../root/.nimby/pkgs/pixie/src/pixie/fileformats/svg.nim
#11 10.53 CC: ../../../root/.nimby/pkgs/pixie/src/pixie.nim
#11 10.57 CC: ../../../root/.nimby/pkgs/supersnappy/src/supersnappy/internal.nim
#11 10.61 CC: ../../../root/.nimby/pkgs/supersnappy/src/supersnappy.nim
#11 10.64 CC: ../../../root/.nimby/pkgs/bitworld/src/bitworld/spriteprotocol.nim
#11 10.67 CC: ../../../root/.nimby/pkgs/bitworld/src/bitworld/server.nim
#11 10.80 CC: ../../../root/.nimby/pkgs/bitworld/src/bitworld/aseprite.nim
#11 10.83 CC: ../../../root/.nimby/pkgs/bitworld/src/bitworld/pixelfonts.nim
#11 10.84 CC: ../src/ctf/glory.nim
#11 11.10 CC: ../src/ctf/sim_types.nim
#11 11.25 CC: ../src/ctf/rig_art.nim
#11 11.30 CC: ../../../root/.nimby/nim/lib/pure/collections/deques.nim
#11 11.36 CC: ../../../root/.nimby/pkgs/jsony/src/jsony.nim
#11 11.54 CC: ../src/ctf/map_pool.nim
#11 11.67 CC: ../src/ctf/arena.nim
#11 11.69 CC: ../src/ctf/map_art.nim
#11 11.91 CC: ../../../root/.nimby/nim/lib/pure/strformat.nim
#11 11.93 CC: ../src/ctf/br_map_pool.nim
#11 12.11 CC: ../src/ctf/sim_config.nim
#11 12.13 CC: ../src/ctf/sim_state.nim
#11 12.14 CC: ../src/ctf/paint.nim
#11 12.37 CC: ../src/ctf/roster.nim
#11 12.40 CC: ../src/ctf/zone_field.nim
#11 12.46 CC: ../src/ctf/sim.nim
#11 12.48 CC: ../src/ctf/labels.nim
#11 12.57 CC: ../src/ctf/global.nim
#11 12.95 CC: ../src/ctf/broadcast.nim
#11 12.98 CC: ../../../root/.nimby/pkgs/flatty/src/flatty.nim
#11 13.31 CC: ../../../root/.nimby/pkgs/bitworld/src/bitworld/replays.nim
#11 13.37 CC: ../src/shell/types.nim
#11 13.52 CC: ../src/shell/seats.nim
#11 13.66 CC: ../src/shell/replay_records.nim
#11 13.79 CC: ../src/ctf/replay_codec.nim
#11 14.00 CC: ../src/ctf/replays.nim
#11 14.28 CC: ../src/ctf/replay_runtime.nim
#11 14.30 CC: ctf_replay.nim
#11 16.64 Hint:  [Link]
#11 21.63 Hint: mm: arc; opt: speed; options: -d:release
#11 21.63 169274 lines; 21.018s; 423.91MiB peakmem; proj: /workspace/ctf/replay-viewer/ctf_replay.nim; out: /workspace/ctf/replay-viewer/ctf_replay [SuccessX]
#11 DONE 26.9s

#12 exporting to image
#12 exporting layers
#12 exporting layers 2.3s done
#12 exporting manifest sha256:e4b316d1c77182b4bb1a6f3810e134a1b70e346cf58e49fc4870aa7b584346c8 0.0s done
#12 exporting config sha256:c532c6e0546083194f95fdfb4fb6df54c338107b3f7af536c4611f8eb4e84c4d done
#12 exporting attestation manifest sha256:66fe28e479df9c4e373c4d84d2a8497c68831e0da7ff2c76fd7c293420521fde 0.0s done
#12 exporting manifest list sha256:5fdc56e47583138f03b93f23cc27c8e0104edfba223acaef96f18b87da462723 done
#12 naming to docker.io/library/coworld-ctf-replay-viewer-build:80936 done
#12 DONE 2.3s
