#0 building with "orbstack" instance using docker driver

#1 [internal] load build definition from Dockerfile.replay-viewer
#1 transferring dockerfile: 4.66kB done
#1 DONE 0.0s

#2 [internal] load metadata for docker.io/emscripten/emsdk:4.0.15
#2 DONE 0.6s

#3 [internal] load .dockerignore
#3 transferring context: 117B done
#3 DONE 0.0s

#4 [1/7] FROM docker.io/emscripten/emsdk:4.0.15@sha256:27bc6267cb285223b8aebb7627bfebae7cb3ad2aaa0d5923b8aa5321793033e8
#4 resolve docker.io/emscripten/emsdk:4.0.15@sha256:27bc6267cb285223b8aebb7627bfebae7cb3ad2aaa0d5923b8aa5321793033e8 done
#4 DONE 0.0s

#5 [internal] load build context
#5 transferring context: 8.43MB 0.2s done
#5 DONE 0.2s

#6 [3/7] WORKDIR /workspace/ctf
#6 CACHED

#7 [4/7] COPY nimby.lock .
#7 CACHED

#8 [2/7] RUN apt-get update &&   apt-get install -y --no-install-recommends ca-certificates curl git &&   rm -rf /var/lib/apt/lists/* &&   curl -fsSL     -o /usr/local/bin/nimby     https://github.com/treeform/nimby/releases/download/0.1.27/nimby-Linux-X64 &&   echo "3b3084394bd26b09f84a3f82389f075221c8784893238390939d71dd66ac9e8b  /usr/local/bin/nimby" | sha256sum -c - &&   chmod +x /usr/local/bin/nimby &&   nimby use 2.2.4
#8 CACHED

#9 [5/7] RUN nimby --global sync nimby.lock
#9 CACHED

#10 [6/7] COPY . .
#10 DONE 0.6s

#11 [7/7] RUN nim c -d:emscripten -d:ctfSimSourcesStamp="5ad7183fbe19f4bed5996e28bd9ca9be6ffad5a58dafa35ad0313389c86bbcfa"     replay-viewer/ctf_replay.nim &&   nim c -r --hints:off -o:/tmp/gen_wire_constants tools/gen_wire_constants.nim     > replay-viewer/dist/wire_constants.js &&   cp client/broadcast_core.js replay-viewer/dist/broadcast_core.js &&   cp client/chrome_common.js replay-viewer/dist/chrome_common.js &&   cp data/font.ttf replay-viewer/dist/font.ttf &&   cp replay-viewer/static_replay.js replay-viewer/dist/static_replay.js &&   cp replay-viewer/static_replay_worker.js replay-viewer/dist/static_replay_worker.js &&   sed -e 's|<!-- WIRE_CONSTANTS -->|<script src="./wire_constants.js"></script>|'       -e 's|<!-- CHROME_COMMON -->|<script src="./chrome_common.js"></script>|'       -e 's|<!-- BROADCAST_CORE -->|<script src="./static_replay.js"></script>|'     client/replay_broadcast.html > replay-viewer/dist/index.html &&   sed -e 's|<!-- WIRE_CONSTANTS -->|<script src="./wire_constants.js"></script>|'       -e 's|<!-- CHROME_COMMON -->|<script src="./chrome_common.js"></script>|'     client/league_replayer.html > replay-viewer/dist/league.html &&   cp data/soldier_*_front.png data/soldier_*_front_gun.png     replay-viewer/dist/ &&   cp replay-viewer/loop.html replay-viewer/dist/ &&   mkdir -p replay-viewer/dist/art/walls replay-viewer/dist/art/lockerroom &&   cp client/art/walls/wall_h.jpg client/art/walls/wall_v.jpg     replay-viewer/dist/art/walls/ &&   cp client/art/lockerroom/bg.jpg client/art/lockerroom/*.webp     replay-viewer/dist/art/lockerroom/ &&   rm -rf replay-viewer/dist/nimcache &&   test -f replay-viewer/dist/ctf_replay.wasm &&   test -f replay-viewer/dist/ctf_replay.data &&   test -f replay-viewer/dist/static_replay_worker.js &&   test -f replay-viewer/dist/index.html &&   test -f replay-viewer/dist/league.html &&   test -s replay-viewer/dist/wire_constants.js &&   grep -q '^window.CTF_WIRE={' replay-viewer/dist/wire_constants.js &&   grep -q 'wire_constants.js' replay-viewer/dist/index.html &&   grep -q 'wire_constants.js' replay-viewer/dist/league.html &&   test -s replay-viewer/dist/chrome_common.js &&   grep -q 'window.ChromeCommon' replay-viewer/dist/chrome_common.js &&   grep -q 'chrome_common.js' replay-viewer/dist/index.html &&   grep -q 'chrome_common.js' replay-viewer/dist/league.html &&   grep -q 'static_replay_worker.js' replay-viewer/dist/static_replay.js &&   ! grep -q '<script src="./broadcast_core.js"></script>' replay-viewer/dist/index.html &&   ! grep -q '<script src="./ctf_replay.js"></script>' replay-viewer/dist/index.html &&   test -f replay-viewer/dist/soldier_red_front.png &&   test -f replay-viewer/dist/soldier_blue_front.png &&   test -f replay-viewer/dist/soldier_green_front.png &&   test -f replay-viewer/dist/soldier_yellow_front.png &&   test -f replay-viewer/dist/soldier_plum_front.png &&   test -f replay-viewer/dist/soldier_azure_front_gun.png &&   test "$(ls replay-viewer/dist/soldier_*_front.png | wc -l)" = "$(ls data/soldier_*_front.png | wc -l)" &&   test "$(ls replay-viewer/dist/soldier_*_front_gun.png | wc -l)" = "$(ls data/soldier_*_front_gun.png | wc -l)" &&   test -f replay-viewer/dist/art/walls/wall_h.jpg &&   test -f replay-viewer/dist/art/lockerroom/bg.jpg &&   test -f replay-viewer/dist/art/lockerroom/green_1.webp &&   test -f replay-viewer/dist/art/lockerroom/red_6.webp
#11 0.563 Hint: used config file '/root/.nimby/nim/config/nim.cfg' [Conf]
#11 0.563 Hint: used config file '/root/.nimby/nim/config/config.nims' [Conf]
#11 0.564 Hint: used config file '/workspace/ctf/nim.cfg' [Conf]
#11 0.564 Hint: used config file '/workspace/ctf/replay-viewer/config.nims' [Conf]
#11 0.565 .......................................................................................................................................................................................................
#11 2.283 /workspace/ctf/src/ctf/rig_art.nim(552, 5) Hint: 'unitDeg' is declared but not used [XDeclaredButNotUsed]
#11 2.310 .....
#11 2.394 /workspace/ctf/src/ctf/arena.nim(1373, 5) Hint: 'inside' is declared but not used [XDeclaredButNotUsed]
#11 2.519 /workspace/ctf/src/ctf/arena.nim(3702, 6) Hint: 'rectsNode' is declared but not used [XDeclaredButNotUsed]
#11 2.519 /workspace/ctf/src/ctf/arena.nim(3707, 6) Hint: 'rectsFromNode' is declared but not used [XDeclaredButNotUsed]
#11 2.519 ............
#11 3.239 /workspace/ctf/src/ctf/global.nim(3242, 5) Hint: 'v' is declared but not used [XDeclaredButNotUsed]
#11 3.409 /workspace/ctf/src/ctf/global.nim(7594, 7) Hint: 'rebuilt' is declared but not used [XDeclaredButNotUsed]
#11 3.449 /workspace/ctf/src/ctf/global.nim(1499, 6) Hint: 'boardScaledColdMapPixels' is declared but not used [XDeclaredButNotUsed]
#11 3.491 .........
#11 4.258 CC: ../../../root/.nimby/nim/lib/system/exceptions.nim
#11 4.264 CC: ../../../root/.nimby/nim/lib/std/private/digitsutils.nim
#11 4.267 CC: ../../../root/.nimby/nim/lib/std/assertions.nim
#11 4.270 CC: ../../../root/.nimby/nim/lib/std/private/dragonbox.nim
#11 4.274 CC: ../../../root/.nimby/nim/lib/std/formatfloat.nim
#11 4.278 CC: ../../../root/.nimby/nim/lib/system/dollars.nim
#11 4.283 CC: ../../../root/.nimby/nim/lib/std/syncio.nim
#11 4.288 CC: ../../../root/.nimby/nim/lib/system.nim
#11 4.291 CC: ../../../root/.nimby/nim/lib/pure/hashes.nim
#11 4.297 CC: ../../../root/.nimby/nim/lib/pure/math.nim
#11 4.303 CC: ../../../root/.nimby/nim/lib/pure/algorithm.nim
#11 4.311 CC: ../../../root/.nimby/nim/lib/pure/collections/tables.nim
#11 4.323 CC: ../../../root/.nimby/nim/lib/pure/parseutils.nim
#11 4.329 CC: ../../../root/.nimby/nim/lib/pure/unicode.nim
#11 5.063 CC: ../../../root/.nimby/nim/lib/pure/strutils.nim
#11 5.127 CC: ../../../root/.nimby/nim/lib/pure/streams.nim
#11 5.197 CC: ../../../root/.nimby/nim/lib/pure/lexbase.nim
#11 5.343 CC: ../../../root/.nimby/nim/lib/pure/parsejson.nim
#11 5.408 CC: ../../../root/.nimby/nim/lib/pure/json.nim
#11 5.527 CC: ../../../root/.nimby/nim/lib/pure/pathnorm.nim
#11 5.537 CC: ../../../root/.nimby/nim/lib/std/oserrors.nim
#11 5.547 CC: ../../../root/.nimby/nim/lib/std/private/oscommon.nim
#11 5.559 CC: ../../../root/.nimby/nim/lib/std/private/ospaths2.nim
#11 5.571 CC: ../../../root/.nimby/nim/lib/pure/times.nim
#11 5.637 CC: ../../../root/.nimby/nim/lib/std/envvars.nim
#11 5.660 CC: ../../../root/.nimby/nim/lib/std/cmdline.nim
#11 6.270 CC: ../../../root/.nimby/nim/lib/pure/random.nim
#11 6.281 CC: ../../../root/.nimby/pkgs/bumpy/src/bumpy.nim
#11 6.432 CC: ../../../root/.nimby/pkgs/chroma/src/chroma/colortypes.nim
#11 6.456 CC: ../../../root/.nimby/pkgs/chroma/src/chroma/blends.nim
#11 6.478 CC: ../../../root/.nimby/pkgs/chroma/src/chroma/names.nim
#11 6.595 CC: ../../../root/.nimby/pkgs/chroma/src/chroma.nim
#11 6.612 CC: ../../../root/.nimby/pkgs/flatty/src/flatty/binny.nim
#11 6.726 CC: ../../../root/.nimby/pkgs/pixie/src/pixie/common.nim
#11 6.779 CC: ../../../root/.nimby/pkgs/flatty/src/flatty/encode.nim
#11 6.837 CC: ../../../root/.nimby/pkgs/pixie/src/pixie/blends.nim
#11 6.853 CC: ../../../root/.nimby/pkgs/pixie/src/pixie/internal.nim
#11 6.872 CC: ../../../root/.nimby/pkgs/pixie/src/pixie/images.nim
#11 6.888 CC: ../../../root/.nimby/pkgs/pixie/src/pixie/paints.nim
#11 7.190 CC: ../../../root/.nimby/pkgs/pixie/src/pixie/paths.nim
#11 7.323 CC: ../../../root/.nimby/nim/lib/pure/collections/sets.nim
#11 7.375 CC: ../../../root/.nimby/pkgs/pixie/src/pixie/fontformats/opentype.nim
#11 7.417 CC: ../../../root/.nimby/nim/lib/pure/parsexml.nim
#11 7.525 CC: ../../../root/.nimby/nim/lib/pure/strtabs.nim
#11 7.552 CC: ../../../root/.nimby/nim/lib/pure/xmltree.nim
#11 7.569 CC: ../../../root/.nimby/nim/lib/pure/xmlparser.nim
#11 7.876 CC: ../../../root/.nimby/pkgs/pixie/src/pixie/fontformats/svgfont.nim
#11 7.950 CC: ../../../root/.nimby/pkgs/pixie/src/pixie/fonts.nim
#11 8.000 CC: ../../../root/.nimby/pkgs/pixie/src/pixie/fileformats/bmp.nim
#11 8.052 CC: ../../../root/.nimby/pkgs/zippy/src/zippy/common.nim
#11 8.093 CC: ../../../root/.nimby/pkgs/zippy/src/zippy/internal.nim
#11 8.497 CC: ../../../root/.nimby/pkgs/zippy/src/zippy/bitstreams.nim
#11 8.562 CC: ../../../root/.nimby/pkgs/pixie/src/pixie/fileformats/gif.nim
#11 8.641 CC: ../../../root/.nimby/pkgs/pixie/src/pixie/fileformats/jpeg.nim
#11 8.742 CC: ../../../root/.nimby/pkgs/zippy/src/zippy/adler32.nim
#11 8.774 CC: ../../../root/.nimby/pkgs/zippy/src/zippy/crc.nim
#11 8.838 CC: ../../../root/.nimby/nim/lib/pure/collections/heapqueue.nim
#11 8.849 CC: ../../../root/.nimby/pkgs/zippy/src/zippy/inflate.nim
#11 8.927 CC: ../../../root/.nimby/pkgs/zippy/src/zippy/gzip.nim
#11 8.960 CC: ../../../root/.nimby/pkgs/zippy/src/zippy.nim
#11 9.140 CC: ../../../root/.nimby/pkgs/crunchy/src/crunchy/common.nim
#11 9.354 CC: ../../../root/.nimby/pkgs/crunchy/src/crunchy/crc32.nim
#11 9.557 CC: ../../../root/.nimby/pkgs/crunchy/src/crunchy/sha256.nim
#11 9.674 CC: ../../../root/.nimby/pkgs/pixie/src/pixie/fileformats/png.nim
#11 9.767 CC: ../../../root/.nimby/pkgs/pixie/src/pixie/fileformats/ppm.nim
#11 9.794 CC: ../../../root/.nimby/pkgs/pixie/src/pixie/fileformats/qoi.nim
#11 9.819 CC: ../../../root/.nimby/pkgs/pixie/src/pixie/fileformats/svg.nim
#11 9.896 CC: ../../../root/.nimby/pkgs/pixie/src/pixie.nim
#11 10.00 CC: ../../../root/.nimby/pkgs/supersnappy/src/supersnappy/internal.nim
#11 10.03 CC: ../../../root/.nimby/pkgs/supersnappy/src/supersnappy.nim
#11 10.05 CC: ../../../root/.nimby/pkgs/bitworld/src/bitworld/spriteprotocol.nim
#11 10.14 CC: ../../../root/.nimby/pkgs/bitworld/src/bitworld/server.nim
#11 10.16 CC: ../../../root/.nimby/pkgs/bitworld/src/bitworld/aseprite.nim
#11 10.34 CC: ../../../root/.nimby/pkgs/bitworld/src/bitworld/pixelfonts.nim
#11 10.35 CC: ../src/ctf/glory.nim
#11 10.57 CC: ../src/ctf/sim_types.nim
#11 10.78 CC: ../src/ctf/rig_art.nim
#11 11.02 CC: ../../../root/.nimby/nim/lib/pure/collections/deques.nim
#11 11.06 CC: ../../../root/.nimby/pkgs/jsony/src/jsony.nim
#11 11.08 CC: ../src/ctf/map_pool.nim
#11 11.35 CC: ../src/ctf/arena.nim
#11 11.46 CC: ../src/ctf/map_art.nim
#11 11.47 CC: ../../../root/.nimby/nim/lib/pure/strformat.nim
#11 11.48 CC: ../src/ctf/br_map_pool.nim
#11 11.57 CC: ../src/ctf/sim_config.nim
#11 11.63 CC: ../src/ctf/sim_state.nim
#11 11.69 CC: ../src/ctf/paint.nim
#11 11.74 CC: ../src/ctf/roster.nim
#11 11.76 CC: ../src/ctf/zone_field.nim
#11 11.98 CC: ../src/ctf/sim.nim
#11 11.99 CC: ../src/ctf/labels.nim
#11 12.26 CC: ../src/ctf/global.nim
#11 12.54 CC: ../src/ctf/broadcast.nim
#11 12.56 CC: ../../../root/.nimby/pkgs/flatty/src/flatty.nim
#11 12.77 CC: ../../../root/.nimby/pkgs/bitworld/src/bitworld/replays.nim
#11 13.02 CC: ../src/shell/types.nim
#11 13.17 CC: ../src/shell/seats.nim
#11 13.41 CC: ../src/shell/replay_records.nim
#11 13.42 CC: ../src/ctf/replay_codec.nim
#11 13.49 CC: ../src/ctf/replays.nim
#11 13.71 CC: ../src/ctf/replay_runtime.nim
#11 13.75 CC: ctf_replay.nim
#11 15.98 Hint:  [Link]
#11 20.96 Hint: mm: arc; opt: speed; options: -d:release
#11 20.96 169261 lines; 20.392s; 423.91MiB peakmem; proj: /workspace/ctf/replay-viewer/ctf_replay.nim; out: /workspace/ctf/replay-viewer/ctf_replay [SuccessX]
#11 DONE 26.2s

#12 exporting to image
#12 exporting layers
#12 exporting layers 2.2s done
#12 exporting manifest sha256:4a49e6b4c36ae47547c4fd720a5f9066e487f1facea839a96a5622b6aab53fb7 done
#12 exporting config sha256:b21af5450ab5e43cb0743992b5486f52a11ed4e59bfad030de71ded8cb9b5ddc done
#12 exporting attestation manifest sha256:80d5660cc9f19dc00ef403b5b042e6de3504da17df615c2dec2e28da408a37af 0.0s done
#12 exporting manifest list sha256:0d77620c7cdc4ce70f5a53806328bafe4897b89a92acf43644d2f241cbbf53ce done
#12 naming to docker.io/library/coworld-ctf-replay-viewer-build:61459 done
#12 DONE 2.3s
