#0 building with "orbstack" instance using docker driver

#1 [internal] load build definition from Dockerfile.replay-viewer
#1 transferring dockerfile: 4.66kB done
#1 DONE 0.0s

#2 [internal] load metadata for docker.io/emscripten/emsdk:4.0.15
#2 DONE 0.5s

#3 [internal] load .dockerignore
#3 transferring context: 117B done
#3 DONE 0.0s

#4 [1/7] FROM docker.io/emscripten/emsdk:4.0.15@sha256:27bc6267cb285223b8aebb7627bfebae7cb3ad2aaa0d5923b8aa5321793033e8
#4 resolve docker.io/emscripten/emsdk:4.0.15@sha256:27bc6267cb285223b8aebb7627bfebae7cb3ad2aaa0d5923b8aa5321793033e8 done
#4 DONE 0.0s

#5 [internal] load build context
#5 transferring context: 1.25GB 3.7s done
#5 DONE 3.7s

#6 [2/7] RUN apt-get update &&   apt-get install -y --no-install-recommends ca-certificates curl git &&   rm -rf /var/lib/apt/lists/* &&   curl -fsSL     -o /usr/local/bin/nimby     https://github.com/treeform/nimby/releases/download/0.1.27/nimby-Linux-X64 &&   echo "3b3084394bd26b09f84a3f82389f075221c8784893238390939d71dd66ac9e8b  /usr/local/bin/nimby" | sha256sum -c - &&   chmod +x /usr/local/bin/nimby &&   nimby use 2.2.4
#6 CACHED

#7 [3/7] WORKDIR /workspace/ctf
#7 CACHED

#8 [4/7] COPY nimby.lock .
#8 CACHED

#9 [5/7] RUN nimby --global sync nimby.lock
#9 CACHED

#10 [6/7] COPY . .
#10 DONE 5.0s

#11 [7/7] RUN nim c -d:emscripten -d:ctfSimSourcesStamp="6ffa58159750de4064f871c6fbbc176eaa7d5aa9a8758e8512cca6a920d0a657"     replay-viewer/ctf_replay.nim &&   nim c -r --hints:off -o:/tmp/gen_wire_constants tools/gen_wire_constants.nim     > replay-viewer/dist/wire_constants.js &&   cp client/broadcast_core.js replay-viewer/dist/broadcast_core.js &&   cp client/chrome_common.js replay-viewer/dist/chrome_common.js &&   cp data/font.ttf replay-viewer/dist/font.ttf &&   cp replay-viewer/static_replay.js replay-viewer/dist/static_replay.js &&   cp replay-viewer/static_replay_worker.js replay-viewer/dist/static_replay_worker.js &&   sed -e 's|<!-- WIRE_CONSTANTS -->|<script src="./wire_constants.js"></script>|'       -e 's|<!-- CHROME_COMMON -->|<script src="./chrome_common.js"></script>|'       -e 's|<!-- BROADCAST_CORE -->|<script src="./static_replay.js"></script>|'     client/replay_broadcast.html > replay-viewer/dist/index.html &&   sed -e 's|<!-- WIRE_CONSTANTS -->|<script src="./wire_constants.js"></script>|'       -e 's|<!-- CHROME_COMMON -->|<script src="./chrome_common.js"></script>|'     client/league_replayer.html > replay-viewer/dist/league.html &&   cp data/soldier_*_front.png data/soldier_*_front_gun.png     replay-viewer/dist/ &&   cp replay-viewer/loop.html replay-viewer/dist/ &&   mkdir -p replay-viewer/dist/art/walls replay-viewer/dist/art/lockerroom &&   cp client/art/walls/wall_h.jpg client/art/walls/wall_v.jpg     replay-viewer/dist/art/walls/ &&   cp client/art/lockerroom/bg.jpg client/art/lockerroom/*.webp     replay-viewer/dist/art/lockerroom/ &&   rm -rf replay-viewer/dist/nimcache &&   test -f replay-viewer/dist/ctf_replay.wasm &&   test -f replay-viewer/dist/ctf_replay.data &&   test -f replay-viewer/dist/static_replay_worker.js &&   test -f replay-viewer/dist/index.html &&   test -f replay-viewer/dist/league.html &&   test -s replay-viewer/dist/wire_constants.js &&   grep -q '^window.CTF_WIRE={' replay-viewer/dist/wire_constants.js &&   grep -q 'wire_constants.js' replay-viewer/dist/index.html &&   grep -q 'wire_constants.js' replay-viewer/dist/league.html &&   test -s replay-viewer/dist/chrome_common.js &&   grep -q 'window.ChromeCommon' replay-viewer/dist/chrome_common.js &&   grep -q 'chrome_common.js' replay-viewer/dist/index.html &&   grep -q 'chrome_common.js' replay-viewer/dist/league.html &&   grep -q 'static_replay_worker.js' replay-viewer/dist/static_replay.js &&   ! grep -q '<script src="./broadcast_core.js"></script>' replay-viewer/dist/index.html &&   ! grep -q '<script src="./ctf_replay.js"></script>' replay-viewer/dist/index.html &&   test -f replay-viewer/dist/soldier_red_front.png &&   test -f replay-viewer/dist/soldier_blue_front.png &&   test -f replay-viewer/dist/soldier_green_front.png &&   test -f replay-viewer/dist/soldier_yellow_front.png &&   test -f replay-viewer/dist/soldier_plum_front.png &&   test -f replay-viewer/dist/soldier_azure_front_gun.png &&   test "$(ls replay-viewer/dist/soldier_*_front.png | wc -l)" = "$(ls data/soldier_*_front.png | wc -l)" &&   test "$(ls replay-viewer/dist/soldier_*_front_gun.png | wc -l)" = "$(ls data/soldier_*_front_gun.png | wc -l)" &&   test -f replay-viewer/dist/art/walls/wall_h.jpg &&   test -f replay-viewer/dist/art/lockerroom/bg.jpg &&   test -f replay-viewer/dist/art/lockerroom/green_1.webp &&   test -f replay-viewer/dist/art/lockerroom/red_6.webp
#11 0.650 Hint: used config file '/root/.nimby/nim/config/nim.cfg' [Conf]
#11 0.650 Hint: used config file '/root/.nimby/nim/config/config.nims' [Conf]
#11 0.650 Hint: used config file '/workspace/ctf/nim.cfg' [Conf]
#11 0.650 Hint: used config file '/workspace/ctf/replay-viewer/config.nims' [Conf]
#11 0.651 .......................................................................................................................................................................................................
#11 2.371 /workspace/ctf/src/ctf/rig_art.nim(552, 5) Hint: 'unitDeg' is declared but not used [XDeclaredButNotUsed]
#11 2.392 .....
#11 2.479 /workspace/ctf/src/ctf/arena.nim(1373, 5) Hint: 'inside' is declared but not used [XDeclaredButNotUsed]
#11 2.608 /workspace/ctf/src/ctf/arena.nim(3702, 6) Hint: 'rectsNode' is declared but not used [XDeclaredButNotUsed]
#11 2.608 /workspace/ctf/src/ctf/arena.nim(3707, 6) Hint: 'rectsFromNode' is declared but not used [XDeclaredButNotUsed]
#11 2.609 ............
#11 3.321 /workspace/ctf/src/ctf/global.nim(3242, 5) Hint: 'v' is declared but not used [XDeclaredButNotUsed]
#11 3.491 /workspace/ctf/src/ctf/global.nim(7594, 7) Hint: 'rebuilt' is declared but not used [XDeclaredButNotUsed]
#11 3.532 /workspace/ctf/src/ctf/global.nim(1499, 6) Hint: 'boardScaledColdMapPixels' is declared but not used [XDeclaredButNotUsed]
#11 3.575 .........
#11 4.357 CC: ../../../root/.nimby/nim/lib/system/exceptions.nim
#11 4.360 CC: ../../../root/.nimby/nim/lib/std/private/digitsutils.nim
#11 4.363 CC: ../../../root/.nimby/nim/lib/std/assertions.nim
#11 4.366 CC: ../../../root/.nimby/nim/lib/std/private/dragonbox.nim
#11 4.369 CC: ../../../root/.nimby/nim/lib/std/formatfloat.nim
#11 4.372 CC: ../../../root/.nimby/nim/lib/system/dollars.nim
#11 4.375 CC: ../../../root/.nimby/nim/lib/std/syncio.nim
#11 4.378 CC: ../../../root/.nimby/nim/lib/system.nim
#11 4.380 CC: ../../../root/.nimby/nim/lib/pure/hashes.nim
#11 4.384 CC: ../../../root/.nimby/nim/lib/pure/math.nim
#11 4.387 CC: ../../../root/.nimby/nim/lib/pure/algorithm.nim
#11 4.393 CC: ../../../root/.nimby/nim/lib/pure/collections/tables.nim
#11 4.397 CC: ../../../root/.nimby/nim/lib/pure/parseutils.nim
#11 4.403 CC: ../../../root/.nimby/nim/lib/pure/unicode.nim
#11 5.220 CC: ../../../root/.nimby/nim/lib/pure/strutils.nim
#11 5.354 CC: ../../../root/.nimby/nim/lib/pure/streams.nim
#11 5.461 CC: ../../../root/.nimby/nim/lib/pure/lexbase.nim
#11 5.465 CC: ../../../root/.nimby/nim/lib/pure/parsejson.nim
#11 5.490 CC: ../../../root/.nimby/nim/lib/pure/json.nim
#11 5.514 CC: ../../../root/.nimby/nim/lib/pure/pathnorm.nim
#11 5.602 CC: ../../../root/.nimby/nim/lib/std/oserrors.nim
#11 5.647 CC: ../../../root/.nimby/nim/lib/std/private/oscommon.nim
#11 5.686 CC: ../../../root/.nimby/nim/lib/std/private/ospaths2.nim
#11 5.708 CC: ../../../root/.nimby/nim/lib/pure/times.nim
#11 5.715 CC: ../../../root/.nimby/nim/lib/std/envvars.nim
#11 5.802 CC: ../../../root/.nimby/nim/lib/std/cmdline.nim
#11 6.386 CC: ../../../root/.nimby/nim/lib/pure/random.nim
#11 6.424 CC: ../../../root/.nimby/pkgs/bumpy/src/bumpy.nim
#11 6.531 CC: ../../../root/.nimby/pkgs/chroma/src/chroma/colortypes.nim
#11 6.555 CC: ../../../root/.nimby/pkgs/chroma/src/chroma/blends.nim
#11 6.586 CC: ../../../root/.nimby/pkgs/chroma/src/chroma/names.nim
#11 6.626 CC: ../../../root/.nimby/pkgs/chroma/src/chroma.nim
#11 6.667 CC: ../../../root/.nimby/pkgs/flatty/src/flatty/binny.nim
#11 6.786 CC: ../../../root/.nimby/pkgs/pixie/src/pixie/common.nim
#11 6.796 CC: ../../../root/.nimby/pkgs/flatty/src/flatty/encode.nim
#11 6.820 CC: ../../../root/.nimby/pkgs/pixie/src/pixie/blends.nim
#11 6.911 CC: ../../../root/.nimby/pkgs/pixie/src/pixie/internal.nim
#11 7.049 CC: ../../../root/.nimby/pkgs/pixie/src/pixie/images.nim
#11 7.055 CC: ../../../root/.nimby/pkgs/pixie/src/pixie/paints.nim
#11 7.400 CC: ../../../root/.nimby/pkgs/pixie/src/pixie/paths.nim
#11 7.654 CC: ../../../root/.nimby/nim/lib/pure/collections/sets.nim
#11 7.697 CC: ../../../root/.nimby/pkgs/pixie/src/pixie/fontformats/opentype.nim
#11 7.887 CC: ../../../root/.nimby/nim/lib/pure/parsexml.nim
#11 7.898 CC: ../../../root/.nimby/nim/lib/pure/strtabs.nim
#11 7.935 CC: ../../../root/.nimby/nim/lib/pure/xmltree.nim
#11 8.008 CC: ../../../root/.nimby/nim/lib/pure/xmlparser.nim
#11 8.338 CC: ../../../root/.nimby/pkgs/pixie/src/pixie/fontformats/svgfont.nim
#11 8.362 CC: ../../../root/.nimby/pkgs/pixie/src/pixie/fonts.nim
#11 8.463 CC: ../../../root/.nimby/pkgs/pixie/src/pixie/fileformats/bmp.nim
#11 8.470 CC: ../../../root/.nimby/pkgs/zippy/src/zippy/common.nim
#11 8.616 CC: ../../../root/.nimby/pkgs/zippy/src/zippy/internal.nim
#11 8.712 CC: ../../../root/.nimby/pkgs/zippy/src/zippy/bitstreams.nim
#11 9.011 CC: ../../../root/.nimby/pkgs/pixie/src/pixie/fileformats/gif.nim
#11 9.115 CC: ../../../root/.nimby/pkgs/pixie/src/pixie/fileformats/jpeg.nim
#11 9.165 CC: ../../../root/.nimby/pkgs/zippy/src/zippy/adler32.nim
#11 9.193 CC: ../../../root/.nimby/pkgs/zippy/src/zippy/crc.nim
#11 9.260 CC: ../../../root/.nimby/nim/lib/pure/collections/heapqueue.nim
#11 9.280 CC: ../../../root/.nimby/pkgs/zippy/src/zippy/inflate.nim
#11 9.351 CC: ../../../root/.nimby/pkgs/zippy/src/zippy/gzip.nim
#11 9.626 CC: ../../../root/.nimby/pkgs/zippy/src/zippy.nim
#11 9.646 CC: ../../../root/.nimby/pkgs/crunchy/src/crunchy/common.nim
#11 9.653 CC: ../../../root/.nimby/pkgs/crunchy/src/crunchy/crc32.nim
#11 9.708 CC: ../../../root/.nimby/pkgs/crunchy/src/crunchy/sha256.nim
#11 9.855 CC: ../../../root/.nimby/pkgs/pixie/src/pixie/fileformats/png.nim
#11 9.933 CC: ../../../root/.nimby/pkgs/pixie/src/pixie/fileformats/ppm.nim
#11 10.21 CC: ../../../root/.nimby/pkgs/pixie/src/pixie/fileformats/qoi.nim
#11 10.30 CC: ../../../root/.nimby/pkgs/pixie/src/pixie/fileformats/svg.nim
#11 10.32 CC: ../../../root/.nimby/pkgs/pixie/src/pixie.nim
#11 10.33 CC: ../../../root/.nimby/pkgs/supersnappy/src/supersnappy/internal.nim
#11 10.50 CC: ../../../root/.nimby/pkgs/supersnappy/src/supersnappy.nim
#11 10.54 CC: ../../../root/.nimby/pkgs/bitworld/src/bitworld/spriteprotocol.nim
#11 10.61 CC: ../../../root/.nimby/pkgs/bitworld/src/bitworld/server.nim
#11 10.67 CC: ../../../root/.nimby/pkgs/bitworld/src/bitworld/aseprite.nim
#11 10.76 CC: ../../../root/.nimby/pkgs/bitworld/src/bitworld/pixelfonts.nim
#11 10.81 CC: ../src/ctf/glory.nim
#11 10.83 CC: ../src/ctf/sim_types.nim
#11 10.95 CC: ../src/ctf/rig_art.nim
#11 11.27 CC: ../../../root/.nimby/nim/lib/pure/collections/deques.nim
#11 11.33 CC: ../../../root/.nimby/pkgs/jsony/src/jsony.nim
#11 11.39 CC: ../src/ctf/map_pool.nim
#11 11.47 CC: ../src/ctf/arena.nim
#11 11.48 CC: ../src/ctf/map_art.nim
#11 11.93 CC: ../../../root/.nimby/nim/lib/pure/strformat.nim
#11 12.00 CC: ../src/ctf/br_map_pool.nim
#11 12.02 CC: ../src/ctf/sim_config.nim
#11 12.04 CC: ../src/ctf/sim_state.nim
#11 12.07 CC: ../src/ctf/paint.nim
#11 12.08 CC: ../src/ctf/roster.nim
#11 12.22 CC: ../src/ctf/zone_field.nim
#11 12.26 CC: ../src/ctf/sim.nim
#11 12.26 CC: ../src/ctf/labels.nim
#11 12.28 CC: ../src/ctf/global.nim
#11 12.99 CC: ../src/ctf/broadcast.nim
#11 13.01 CC: ../../../root/.nimby/pkgs/flatty/src/flatty.nim
#11 13.17 CC: ../../../root/.nimby/pkgs/bitworld/src/bitworld/replays.nim
#11 13.20 CC: ../src/shell/types.nim
#11 13.28 CC: ../src/shell/seats.nim
#11 13.33 CC: ../src/shell/replay_records.nim
#11 13.48 CC: ../src/ctf/replay_codec.nim
#11 13.73 CC: ../src/ctf/replays.nim
#11 13.77 CC: ../src/ctf/replay_runtime.nim
#11 14.12 CC: ctf_replay.nim
#11 15.97 Hint:  [Link]
#11 20.80 Hint: mm: arc; opt: speed; options: -d:release
#11 20.80 169445 lines; 20.147s; 423.898MiB peakmem; proj: /workspace/ctf/replay-viewer/ctf_replay.nim; out: /workspace/ctf/replay-viewer/ctf_replay [SuccessX]
#11 DONE 26.3s

#12 exporting to image
#12 exporting layers
#12 exporting layers 18.1s done
#12 exporting manifest sha256:863d96a628ed68090bf6289717fa68591acf65c6d5c587580749f65a9b7db05a
#12 exporting manifest sha256:863d96a628ed68090bf6289717fa68591acf65c6d5c587580749f65a9b7db05a done
#12 exporting config sha256:2da311a7cc4399ec06897da0731da689f269b5f0bce11a3dfe699b7765dddb09 done
#12 exporting attestation manifest sha256:ff3634ac2154903f79d6a0d4e254d8925b7e5764f19be887b973cca75f3bbd8d 0.0s done
#12 exporting manifest list sha256:1a0a98d7c84bb06aa21dcf52c5bfbab0d5f79188631c2f5d4d6abf96d5d059aa done
#12 naming to docker.io/library/coworld-ctf-replay-viewer-build:19017 done
#12 DONE 18.2s
