#0 building with "orbstack" instance using docker driver

#1 [internal] load build definition from Dockerfile.replay-viewer
#1 transferring dockerfile: 4.66kB done
#1 DONE 0.0s

#2 [internal] load metadata for docker.io/emscripten/emsdk:4.0.15
#2 DONE 0.3s

#3 [internal] load .dockerignore
#3 transferring context: 117B done
#3 DONE 0.0s

#4 [1/7] FROM docker.io/emscripten/emsdk:4.0.15@sha256:27bc6267cb285223b8aebb7627bfebae7cb3ad2aaa0d5923b8aa5321793033e8
#4 resolve docker.io/emscripten/emsdk:4.0.15@sha256:27bc6267cb285223b8aebb7627bfebae7cb3ad2aaa0d5923b8aa5321793033e8 done
#4 DONE 0.0s

#5 [internal] load build context
#5 transferring context: 12.38MB 0.1s done
#5 DONE 0.1s

#6 [2/7] RUN apt-get update &&   apt-get install -y --no-install-recommends ca-certificates curl git &&   rm -rf /var/lib/apt/lists/* &&   curl -fsSL     -o /usr/local/bin/nimby     https://github.com/treeform/nimby/releases/download/0.1.27/nimby-Linux-X64 &&   echo "3b3084394bd26b09f84a3f82389f075221c8784893238390939d71dd66ac9e8b  /usr/local/bin/nimby" | sha256sum -c - &&   chmod +x /usr/local/bin/nimby &&   nimby use 2.2.4
#6 CACHED

#7 [3/7] WORKDIR /workspace/ctf
#7 CACHED

#8 [4/7] COPY nimby.lock .
#8 CACHED

#9 [5/7] RUN nimby --global sync nimby.lock
#9 CACHED

#10 [6/7] COPY . .
#10 DONE 0.6s

#11 [7/7] RUN nim c -d:emscripten -d:ctfSimSourcesStamp="7761575d6a57b5365d8e2a579caac25eaa4578ec4b66611bd426f31242dab08a"     replay-viewer/ctf_replay.nim &&   nim c -r --hints:off -o:/tmp/gen_wire_constants tools/gen_wire_constants.nim     > replay-viewer/dist/wire_constants.js &&   cp client/broadcast_core.js replay-viewer/dist/broadcast_core.js &&   cp client/chrome_common.js replay-viewer/dist/chrome_common.js &&   cp data/font.ttf replay-viewer/dist/font.ttf &&   cp replay-viewer/static_replay.js replay-viewer/dist/static_replay.js &&   cp replay-viewer/static_replay_worker.js replay-viewer/dist/static_replay_worker.js &&   sed -e 's|<!-- WIRE_CONSTANTS -->|<script src="./wire_constants.js"></script>|'       -e 's|<!-- CHROME_COMMON -->|<script src="./chrome_common.js"></script>|'       -e 's|<!-- BROADCAST_CORE -->|<script src="./static_replay.js"></script>|'     client/replay_broadcast.html > replay-viewer/dist/index.html &&   sed -e 's|<!-- WIRE_CONSTANTS -->|<script src="./wire_constants.js"></script>|'       -e 's|<!-- CHROME_COMMON -->|<script src="./chrome_common.js"></script>|'     client/league_replayer.html > replay-viewer/dist/league.html &&   cp data/soldier_*_front.png data/soldier_*_front_gun.png     replay-viewer/dist/ &&   cp replay-viewer/loop.html replay-viewer/dist/ &&   mkdir -p replay-viewer/dist/art/walls replay-viewer/dist/art/lockerroom &&   cp client/art/walls/wall_h.jpg client/art/walls/wall_v.jpg     replay-viewer/dist/art/walls/ &&   cp client/art/lockerroom/bg.jpg client/art/lockerroom/*.webp     replay-viewer/dist/art/lockerroom/ &&   rm -rf replay-viewer/dist/nimcache &&   test -f replay-viewer/dist/ctf_replay.wasm &&   test -f replay-viewer/dist/ctf_replay.data &&   test -f replay-viewer/dist/static_replay_worker.js &&   test -f replay-viewer/dist/index.html &&   test -f replay-viewer/dist/league.html &&   test -s replay-viewer/dist/wire_constants.js &&   grep -q '^window.CTF_WIRE={' replay-viewer/dist/wire_constants.js &&   grep -q 'wire_constants.js' replay-viewer/dist/index.html &&   grep -q 'wire_constants.js' replay-viewer/dist/league.html &&   test -s replay-viewer/dist/chrome_common.js &&   grep -q 'window.ChromeCommon' replay-viewer/dist/chrome_common.js &&   grep -q 'chrome_common.js' replay-viewer/dist/index.html &&   grep -q 'chrome_common.js' replay-viewer/dist/league.html &&   grep -q 'static_replay_worker.js' replay-viewer/dist/static_replay.js &&   ! grep -q '<script src="./broadcast_core.js"></script>' replay-viewer/dist/index.html &&   ! grep -q '<script src="./ctf_replay.js"></script>' replay-viewer/dist/index.html &&   test -f replay-viewer/dist/soldier_red_front.png &&   test -f replay-viewer/dist/soldier_blue_front.png &&   test -f replay-viewer/dist/soldier_green_front.png &&   test -f replay-viewer/dist/soldier_yellow_front.png &&   test -f replay-viewer/dist/soldier_plum_front.png &&   test -f replay-viewer/dist/soldier_azure_front_gun.png &&   test "$(ls replay-viewer/dist/soldier_*_front.png | wc -l)" = "$(ls data/soldier_*_front.png | wc -l)" &&   test "$(ls replay-viewer/dist/soldier_*_front_gun.png | wc -l)" = "$(ls data/soldier_*_front_gun.png | wc -l)" &&   test -f replay-viewer/dist/art/walls/wall_h.jpg &&   test -f replay-viewer/dist/art/lockerroom/bg.jpg &&   test -f replay-viewer/dist/art/lockerroom/green_1.webp &&   test -f replay-viewer/dist/art/lockerroom/red_6.webp
#11 0.555 Hint: used config file '/root/.nimby/nim/config/nim.cfg' [Conf]
#11 0.555 Hint: used config file '/root/.nimby/nim/config/config.nims' [Conf]
#11 0.555 Hint: used config file '/workspace/ctf/nim.cfg' [Conf]
#11 0.555 Hint: used config file '/workspace/ctf/replay-viewer/config.nims' [Conf]
#11 0.556 .......................................................................................................................................................................................................
#11 2.279 /workspace/ctf/src/ctf/rig_art.nim(552, 5) Hint: 'unitDeg' is declared but not used [XDeclaredButNotUsed]
#11 2.301 .....
#11 2.390 /workspace/ctf/src/ctf/arena.nim(1373, 5) Hint: 'inside' is declared but not used [XDeclaredButNotUsed]
#11 2.523 /workspace/ctf/src/ctf/arena.nim(3702, 6) Hint: 'rectsNode' is declared but not used [XDeclaredButNotUsed]
#11 2.523 /workspace/ctf/src/ctf/arena.nim(3707, 6) Hint: 'rectsFromNode' is declared but not used [XDeclaredButNotUsed]
#11 2.523 ............
#11 3.231 /workspace/ctf/src/ctf/global.nim(3242, 5) Hint: 'v' is declared but not used [XDeclaredButNotUsed]
#11 3.416 /workspace/ctf/src/ctf/global.nim(7594, 7) Hint: 'rebuilt' is declared but not used [XDeclaredButNotUsed]
#11 3.456 /workspace/ctf/src/ctf/global.nim(1499, 6) Hint: 'boardScaledColdMapPixels' is declared but not used [XDeclaredButNotUsed]
#11 3.500 .........
#11 4.290 CC: ../../../root/.nimby/nim/lib/system/exceptions.nim
#11 4.297 CC: ../../../root/.nimby/nim/lib/std/private/digitsutils.nim
#11 4.301 CC: ../../../root/.nimby/nim/lib/std/assertions.nim
#11 4.306 CC: ../../../root/.nimby/nim/lib/std/private/dragonbox.nim
#11 4.309 CC: ../../../root/.nimby/nim/lib/std/formatfloat.nim
#11 4.313 CC: ../../../root/.nimby/nim/lib/system/dollars.nim
#11 4.317 CC: ../../../root/.nimby/nim/lib/std/syncio.nim
#11 4.320 CC: ../../../root/.nimby/nim/lib/system.nim
#11 4.325 CC: ../../../root/.nimby/nim/lib/pure/hashes.nim
#11 4.331 CC: ../../../root/.nimby/nim/lib/pure/math.nim
#11 4.335 CC: ../../../root/.nimby/nim/lib/pure/algorithm.nim
#11 4.340 CC: ../../../root/.nimby/nim/lib/pure/collections/tables.nim
#11 4.344 CC: ../../../root/.nimby/nim/lib/pure/parseutils.nim
#11 4.353 CC: ../../../root/.nimby/nim/lib/pure/unicode.nim
#11 5.076 CC: ../../../root/.nimby/nim/lib/pure/strutils.nim
#11 5.087 CC: ../../../root/.nimby/nim/lib/pure/streams.nim
#11 5.096 CC: ../../../root/.nimby/nim/lib/pure/lexbase.nim
#11 5.247 CC: ../../../root/.nimby/nim/lib/pure/parsejson.nim
#11 5.389 CC: ../../../root/.nimby/nim/lib/pure/json.nim
#11 5.424 CC: ../../../root/.nimby/nim/lib/pure/pathnorm.nim
#11 5.515 CC: ../../../root/.nimby/nim/lib/std/oserrors.nim
#11 5.559 CC: ../../../root/.nimby/nim/lib/std/private/oscommon.nim
#11 5.570 CC: ../../../root/.nimby/nim/lib/std/private/ospaths2.nim
#11 5.625 CC: ../../../root/.nimby/nim/lib/pure/times.nim
#11 5.693 CC: ../../../root/.nimby/nim/lib/std/envvars.nim
#11 6.078 CC: ../../../root/.nimby/nim/lib/std/cmdline.nim
#11 6.206 CC: ../../../root/.nimby/nim/lib/pure/random.nim
#11 6.364 CC: ../../../root/.nimby/pkgs/bumpy/src/bumpy.nim
#11 6.378 CC: ../../../root/.nimby/pkgs/chroma/src/chroma/colortypes.nim
#11 6.441 CC: ../../../root/.nimby/pkgs/chroma/src/chroma/blends.nim
#11 6.471 CC: ../../../root/.nimby/pkgs/chroma/src/chroma/names.nim
#11 6.549 CC: ../../../root/.nimby/pkgs/chroma/src/chroma.nim
#11 6.616 CC: ../../../root/.nimby/pkgs/flatty/src/flatty/binny.nim
#11 6.659 CC: ../../../root/.nimby/pkgs/pixie/src/pixie/common.nim
#11 6.698 CC: ../../../root/.nimby/pkgs/flatty/src/flatty/encode.nim
#11 6.740 CC: ../../../root/.nimby/pkgs/pixie/src/pixie/blends.nim
#11 6.835 CC: ../../../root/.nimby/pkgs/pixie/src/pixie/internal.nim
#11 6.924 CC: ../../../root/.nimby/pkgs/pixie/src/pixie/images.nim
#11 6.982 CC: ../../../root/.nimby/pkgs/pixie/src/pixie/paints.nim
#11 7.104 CC: ../../../root/.nimby/pkgs/pixie/src/pixie/paths.nim
#11 7.280 CC: ../../../root/.nimby/nim/lib/pure/collections/sets.nim
#11 7.295 CC: ../../../root/.nimby/pkgs/pixie/src/pixie/fontformats/opentype.nim
#11 7.349 CC: ../../../root/.nimby/nim/lib/pure/parsexml.nim
#11 7.432 CC: ../../../root/.nimby/nim/lib/pure/strtabs.nim
#11 7.579 CC: ../../../root/.nimby/nim/lib/pure/xmltree.nim
#11 7.594 CC: ../../../root/.nimby/nim/lib/pure/xmlparser.nim
#11 7.733 CC: ../../../root/.nimby/pkgs/pixie/src/pixie/fontformats/svgfont.nim
#11 7.858 CC: ../../../root/.nimby/pkgs/pixie/src/pixie/fonts.nim
#11 7.865 CC: ../../../root/.nimby/pkgs/pixie/src/pixie/fileformats/bmp.nim
#11 8.075 CC: ../../../root/.nimby/pkgs/zippy/src/zippy/common.nim
#11 8.191 CC: ../../../root/.nimby/pkgs/zippy/src/zippy/internal.nim
#11 8.405 CC: ../../../root/.nimby/pkgs/zippy/src/zippy/bitstreams.nim
#11 8.414 CC: ../../../root/.nimby/pkgs/pixie/src/pixie/fileformats/gif.nim
#11 8.620 CC: ../../../root/.nimby/pkgs/pixie/src/pixie/fileformats/jpeg.nim
#11 8.635 CC: ../../../root/.nimby/pkgs/zippy/src/zippy/adler32.nim
#11 8.819 CC: ../../../root/.nimby/pkgs/zippy/src/zippy/crc.nim
#11 8.861 CC: ../../../root/.nimby/nim/lib/pure/collections/heapqueue.nim
#11 8.932 CC: ../../../root/.nimby/pkgs/zippy/src/zippy/inflate.nim
#11 9.089 CC: ../../../root/.nimby/pkgs/zippy/src/zippy/gzip.nim
#11 9.105 CC: ../../../root/.nimby/pkgs/zippy/src/zippy.nim
#11 9.193 CC: ../../../root/.nimby/pkgs/crunchy/src/crunchy/common.nim
#11 9.314 CC: ../../../root/.nimby/pkgs/crunchy/src/crunchy/crc32.nim
#11 9.354 CC: ../../../root/.nimby/pkgs/crunchy/src/crunchy/sha256.nim
#11 9.465 CC: ../../../root/.nimby/pkgs/pixie/src/pixie/fileformats/png.nim
#11 9.532 CC: ../../../root/.nimby/pkgs/pixie/src/pixie/fileformats/ppm.nim
#11 9.594 CC: ../../../root/.nimby/pkgs/pixie/src/pixie/fileformats/qoi.nim
#11 9.792 CC: ../../../root/.nimby/pkgs/pixie/src/pixie/fileformats/svg.nim
#11 9.880 CC: ../../../root/.nimby/pkgs/pixie/src/pixie.nim
#11 10.00 CC: ../../../root/.nimby/pkgs/supersnappy/src/supersnappy/internal.nim
#11 10.02 CC: ../../../root/.nimby/pkgs/supersnappy/src/supersnappy.nim
#11 10.26 CC: ../../../root/.nimby/pkgs/bitworld/src/bitworld/spriteprotocol.nim
#11 10.27 CC: ../../../root/.nimby/pkgs/bitworld/src/bitworld/server.nim
#11 10.33 CC: ../../../root/.nimby/pkgs/bitworld/src/bitworld/aseprite.nim
#11 10.35 CC: ../../../root/.nimby/pkgs/bitworld/src/bitworld/pixelfonts.nim
#11 10.38 CC: ../src/ctf/glory.nim
#11 10.49 CC: ../src/ctf/sim_types.nim
#11 10.54 CC: ../src/ctf/rig_art.nim
#11 10.95 CC: ../../../root/.nimby/nim/lib/pure/collections/deques.nim
#11 10.97 CC: ../../../root/.nimby/pkgs/jsony/src/jsony.nim
#11 11.10 CC: ../src/ctf/map_pool.nim
#11 11.11 CC: ../src/ctf/arena.nim
#11 11.16 CC: ../src/ctf/map_art.nim
#11 11.37 CC: ../../../root/.nimby/nim/lib/pure/strformat.nim
#11 11.51 CC: ../src/ctf/br_map_pool.nim
#11 11.53 CC: ../src/ctf/sim_config.nim
#11 11.69 CC: ../src/ctf/sim_state.nim
#11 11.73 CC: ../src/ctf/paint.nim
#11 11.85 CC: ../src/ctf/roster.nim
#11 11.89 CC: ../src/ctf/zone_field.nim
#11 11.97 CC: ../src/ctf/sim.nim
#11 12.09 CC: ../src/ctf/labels.nim
#11 12.11 CC: ../src/ctf/global.nim
#11 12.28 CC: ../src/ctf/broadcast.nim
#11 12.65 CC: ../../../root/.nimby/pkgs/flatty/src/flatty.nim
#11 12.77 CC: ../../../root/.nimby/pkgs/bitworld/src/bitworld/replays.nim
#11 12.87 CC: ../src/shell/types.nim
#11 12.96 CC: ../src/shell/seats.nim
#11 13.31 CC: ../src/shell/replay_records.nim
#11 13.31 CC: ../src/ctf/replay_codec.nim
#11 13.39 CC: ../src/ctf/replays.nim
#11 13.57 CC: ../src/ctf/replay_runtime.nim
#11 13.81 CC: ctf_replay.nim
#11 15.93 Hint:  [Link]
#11 20.81 Hint: mm: arc; opt: speed; options: -d:release
#11 20.81 169274 lines; 20.257s; 423.91MiB peakmem; proj: /workspace/ctf/replay-viewer/ctf_replay.nim; out: /workspace/ctf/replay-viewer/ctf_replay [SuccessX]
#11 DONE 26.0s

#12 exporting to image
#12 exporting layers
#12 exporting layers 2.3s done
#12 exporting manifest sha256:5309d232d7908a84ffebb71ff39d17190e32496bc5c56eaa7e80116019c3744b
#12 exporting manifest sha256:5309d232d7908a84ffebb71ff39d17190e32496bc5c56eaa7e80116019c3744b done
#12 exporting config sha256:bac35475b538f2898ac421e07ad95c36b6b1c43dc97510d5effdaacfebec8ce8 done
#12 exporting attestation manifest sha256:87557e20427a606fcd6993c43b6bd12db435383a8d9d6a24844076c2833b857a 0.0s done
#12 exporting manifest list sha256:8604a8cd3db4e0475dec4efeaf2f4439abf284f79a90f719e4b77a7de0899180 done
#12 naming to docker.io/library/coworld-ctf-replay-viewer-build:4258 done
#12 DONE 2.4s
