#0 building with "orbstack" instance using docker driver

#1 [internal] load build definition from Dockerfile.replay-viewer
#1 transferring dockerfile: 4.66kB done
#1 DONE 0.0s

#2 [internal] load metadata for docker.io/emscripten/emsdk:4.0.15
#2 DONE 0.3s

#3 [internal] load .dockerignore
#3 transferring context: 117B done
#3 DONE 0.0s

#4 [1/7] FROM docker.io/emscripten/emsdk:4.0.15@sha256:27bc6267cb285223b8aebb7627bfebae7cb3ad2aaa0d5923b8aa5321793033e8
#4 resolve docker.io/emscripten/emsdk:4.0.15@sha256:27bc6267cb285223b8aebb7627bfebae7cb3ad2aaa0d5923b8aa5321793033e8 done
#4 DONE 0.0s

#5 [internal] load build context
#5 transferring context: 12.51MB 0.1s done
#5 DONE 0.1s

#6 [2/7] RUN apt-get update &&   apt-get install -y --no-install-recommends ca-certificates curl git &&   rm -rf /var/lib/apt/lists/* &&   curl -fsSL     -o /usr/local/bin/nimby     https://github.com/treeform/nimby/releases/download/0.1.27/nimby-Linux-X64 &&   echo "3b3084394bd26b09f84a3f82389f075221c8784893238390939d71dd66ac9e8b  /usr/local/bin/nimby" | sha256sum -c - &&   chmod +x /usr/local/bin/nimby &&   nimby use 2.2.4
#6 CACHED

#7 [3/7] WORKDIR /workspace/ctf
#7 CACHED

#8 [4/7] COPY nimby.lock .
#8 CACHED

#9 [5/7] RUN nimby --global sync nimby.lock
#9 CACHED

#10 [6/7] COPY . .
#10 DONE 0.6s

#11 [7/7] RUN nim c -d:emscripten -d:ctfSimSourcesStamp="d7ea969a8d115234abac36243c41d251985331df97b062c5aa679158169c354e"     replay-viewer/ctf_replay.nim &&   nim c -r --hints:off -o:/tmp/gen_wire_constants tools/gen_wire_constants.nim     > replay-viewer/dist/wire_constants.js &&   cp client/broadcast_core.js replay-viewer/dist/broadcast_core.js &&   cp client/chrome_common.js replay-viewer/dist/chrome_common.js &&   cp data/font.ttf replay-viewer/dist/font.ttf &&   cp replay-viewer/static_replay.js replay-viewer/dist/static_replay.js &&   cp replay-viewer/static_replay_worker.js replay-viewer/dist/static_replay_worker.js &&   sed -e 's|<!-- WIRE_CONSTANTS -->|<script src="./wire_constants.js"></script>|'       -e 's|<!-- CHROME_COMMON -->|<script src="./chrome_common.js"></script>|'       -e 's|<!-- BROADCAST_CORE -->|<script src="./static_replay.js"></script>|'     client/replay_broadcast.html > replay-viewer/dist/index.html &&   sed -e 's|<!-- WIRE_CONSTANTS -->|<script src="./wire_constants.js"></script>|'       -e 's|<!-- CHROME_COMMON -->|<script src="./chrome_common.js"></script>|'     client/league_replayer.html > replay-viewer/dist/league.html &&   cp data/soldier_*_front.png data/soldier_*_front_gun.png     replay-viewer/dist/ &&   cp replay-viewer/loop.html replay-viewer/dist/ &&   mkdir -p replay-viewer/dist/art/walls replay-viewer/dist/art/lockerroom &&   cp client/art/walls/wall_h.jpg client/art/walls/wall_v.jpg     replay-viewer/dist/art/walls/ &&   cp client/art/lockerroom/bg.jpg client/art/lockerroom/*.webp     replay-viewer/dist/art/lockerroom/ &&   rm -rf replay-viewer/dist/nimcache &&   test -f replay-viewer/dist/ctf_replay.wasm &&   test -f replay-viewer/dist/ctf_replay.data &&   test -f replay-viewer/dist/static_replay_worker.js &&   test -f replay-viewer/dist/index.html &&   test -f replay-viewer/dist/league.html &&   test -s replay-viewer/dist/wire_constants.js &&   grep -q '^window.CTF_WIRE={' replay-viewer/dist/wire_constants.js &&   grep -q 'wire_constants.js' replay-viewer/dist/index.html &&   grep -q 'wire_constants.js' replay-viewer/dist/league.html &&   test -s replay-viewer/dist/chrome_common.js &&   grep -q 'window.ChromeCommon' replay-viewer/dist/chrome_common.js &&   grep -q 'chrome_common.js' replay-viewer/dist/index.html &&   grep -q 'chrome_common.js' replay-viewer/dist/league.html &&   grep -q 'static_replay_worker.js' replay-viewer/dist/static_replay.js &&   ! grep -q '<script src="./broadcast_core.js"></script>' replay-viewer/dist/index.html &&   ! grep -q '<script src="./ctf_replay.js"></script>' replay-viewer/dist/index.html &&   test -f replay-viewer/dist/soldier_red_front.png &&   test -f replay-viewer/dist/soldier_blue_front.png &&   test -f replay-viewer/dist/soldier_green_front.png &&   test -f replay-viewer/dist/soldier_yellow_front.png &&   test -f replay-viewer/dist/soldier_plum_front.png &&   test -f replay-viewer/dist/soldier_azure_front_gun.png &&   test "$(ls replay-viewer/dist/soldier_*_front.png | wc -l)" = "$(ls data/soldier_*_front.png | wc -l)" &&   test "$(ls replay-viewer/dist/soldier_*_front_gun.png | wc -l)" = "$(ls data/soldier_*_front_gun.png | wc -l)" &&   test -f replay-viewer/dist/art/walls/wall_h.jpg &&   test -f replay-viewer/dist/art/lockerroom/bg.jpg &&   test -f replay-viewer/dist/art/lockerroom/green_1.webp &&   test -f replay-viewer/dist/art/lockerroom/red_6.webp
#11 0.557 Hint: used config file '/root/.nimby/nim/config/nim.cfg' [Conf]
#11 0.557 Hint: used config file '/root/.nimby/nim/config/config.nims' [Conf]
#11 0.557 Hint: used config file '/workspace/ctf/nim.cfg' [Conf]
#11 0.557 Hint: used config file '/workspace/ctf/replay-viewer/config.nims' [Conf]
#11 0.558 .......................................................................................................................................................................................................
#11 2.208 /workspace/ctf/src/ctf/rig_art.nim(552, 5) Hint: 'unitDeg' is declared but not used [XDeclaredButNotUsed]
#11 2.229 .....
#11 2.312 /workspace/ctf/src/ctf/arena.nim(1373, 5) Hint: 'inside' is declared but not used [XDeclaredButNotUsed]
#11 2.438 /workspace/ctf/src/ctf/arena.nim(3702, 6) Hint: 'rectsNode' is declared but not used [XDeclaredButNotUsed]
#11 2.438 /workspace/ctf/src/ctf/arena.nim(3707, 6) Hint: 'rectsFromNode' is declared but not used [XDeclaredButNotUsed]
#11 2.439 ............
#11 3.139 /workspace/ctf/src/ctf/global.nim(3242, 5) Hint: 'v' is declared but not used [XDeclaredButNotUsed]
#11 3.312 /workspace/ctf/src/ctf/global.nim(7594, 7) Hint: 'rebuilt' is declared but not used [XDeclaredButNotUsed]
#11 3.352 /workspace/ctf/src/ctf/global.nim(1499, 6) Hint: 'boardScaledColdMapPixels' is declared but not used [XDeclaredButNotUsed]
#11 3.399 .........
#11 4.160 CC: ../../../root/.nimby/nim/lib/system/exceptions.nim
#11 4.165 CC: ../../../root/.nimby/nim/lib/std/private/digitsutils.nim
#11 4.168 CC: ../../../root/.nimby/nim/lib/std/assertions.nim
#11 4.171 CC: ../../../root/.nimby/nim/lib/std/private/dragonbox.nim
#11 4.173 CC: ../../../root/.nimby/nim/lib/std/formatfloat.nim
#11 4.176 CC: ../../../root/.nimby/nim/lib/system/dollars.nim
#11 4.179 CC: ../../../root/.nimby/nim/lib/std/syncio.nim
#11 4.183 CC: ../../../root/.nimby/nim/lib/system.nim
#11 4.188 CC: ../../../root/.nimby/nim/lib/pure/hashes.nim
#11 4.192 CC: ../../../root/.nimby/nim/lib/pure/math.nim
#11 4.195 CC: ../../../root/.nimby/nim/lib/pure/algorithm.nim
#11 4.200 CC: ../../../root/.nimby/nim/lib/pure/collections/tables.nim
#11 4.202 CC: ../../../root/.nimby/nim/lib/pure/parseutils.nim
#11 4.210 CC: ../../../root/.nimby/nim/lib/pure/unicode.nim
#11 4.891 CC: ../../../root/.nimby/nim/lib/pure/strutils.nim
#11 4.924 CC: ../../../root/.nimby/nim/lib/pure/streams.nim
#11 4.959 CC: ../../../root/.nimby/nim/lib/pure/lexbase.nim
#11 5.062 CC: ../../../root/.nimby/nim/lib/pure/parsejson.nim
#11 5.237 CC: ../../../root/.nimby/nim/lib/pure/json.nim
#11 5.297 CC: ../../../root/.nimby/nim/lib/pure/pathnorm.nim
#11 5.313 CC: ../../../root/.nimby/nim/lib/std/oserrors.nim
#11 5.338 CC: ../../../root/.nimby/nim/lib/std/private/oscommon.nim
#11 5.435 CC: ../../../root/.nimby/nim/lib/std/private/ospaths2.nim
#11 5.458 CC: ../../../root/.nimby/nim/lib/pure/times.nim
#11 5.466 CC: ../../../root/.nimby/nim/lib/std/envvars.nim
#11 5.569 CC: ../../../root/.nimby/nim/lib/std/cmdline.nim
#11 6.005 CC: ../../../root/.nimby/nim/lib/pure/random.nim
#11 6.101 CC: ../../../root/.nimby/pkgs/bumpy/src/bumpy.nim
#11 6.144 CC: ../../../root/.nimby/pkgs/chroma/src/chroma/colortypes.nim
#11 6.188 CC: ../../../root/.nimby/pkgs/chroma/src/chroma/blends.nim
#11 6.292 CC: ../../../root/.nimby/pkgs/chroma/src/chroma/names.nim
#11 6.334 CC: ../../../root/.nimby/pkgs/chroma/src/chroma.nim
#11 6.432 CC: ../../../root/.nimby/pkgs/flatty/src/flatty/binny.nim
#11 6.495 CC: ../../../root/.nimby/pkgs/pixie/src/pixie/common.nim
#11 6.573 CC: ../../../root/.nimby/pkgs/flatty/src/flatty/encode.nim
#11 6.590 CC: ../../../root/.nimby/pkgs/pixie/src/pixie/blends.nim
#11 6.628 CC: ../../../root/.nimby/pkgs/pixie/src/pixie/internal.nim
#11 6.649 CC: ../../../root/.nimby/pkgs/pixie/src/pixie/images.nim
#11 6.855 CC: ../../../root/.nimby/pkgs/pixie/src/pixie/paints.nim
#11 6.914 CC: ../../../root/.nimby/pkgs/pixie/src/pixie/paths.nim
#11 7.001 CC: ../../../root/.nimby/nim/lib/pure/collections/sets.nim
#11 7.122 CC: ../../../root/.nimby/pkgs/pixie/src/pixie/fontformats/opentype.nim
#11 7.179 CC: ../../../root/.nimby/nim/lib/pure/parsexml.nim
#11 7.220 CC: ../../../root/.nimby/nim/lib/pure/strtabs.nim
#11 7.285 CC: ../../../root/.nimby/nim/lib/pure/xmltree.nim
#11 7.295 CC: ../../../root/.nimby/nim/lib/pure/xmlparser.nim
#11 7.579 CC: ../../../root/.nimby/pkgs/pixie/src/pixie/fontformats/svgfont.nim
#11 7.838 CC: ../../../root/.nimby/pkgs/pixie/src/pixie/fonts.nim
#11 7.848 CC: ../../../root/.nimby/pkgs/pixie/src/pixie/fileformats/bmp.nim
#11 7.873 CC: ../../../root/.nimby/pkgs/zippy/src/zippy/common.nim
#11 7.906 CC: ../../../root/.nimby/pkgs/zippy/src/zippy/internal.nim
#11 8.205 CC: ../../../root/.nimby/pkgs/zippy/src/zippy/bitstreams.nim
#11 8.244 CC: ../../../root/.nimby/pkgs/pixie/src/pixie/fileformats/gif.nim
#11 8.449 CC: ../../../root/.nimby/pkgs/pixie/src/pixie/fileformats/jpeg.nim
#11 8.492 CC: ../../../root/.nimby/pkgs/zippy/src/zippy/adler32.nim
#11 8.496 CC: ../../../root/.nimby/pkgs/zippy/src/zippy/crc.nim
#11 8.529 CC: ../../../root/.nimby/nim/lib/pure/collections/heapqueue.nim
#11 8.606 CC: ../../../root/.nimby/pkgs/zippy/src/zippy/inflate.nim
#11 8.728 CC: ../../../root/.nimby/pkgs/zippy/src/zippy/gzip.nim
#11 8.875 CC: ../../../root/.nimby/pkgs/zippy/src/zippy.nim
#11 8.942 CC: ../../../root/.nimby/pkgs/crunchy/src/crunchy/common.nim
#11 9.008 CC: ../../../root/.nimby/pkgs/crunchy/src/crunchy/crc32.nim
#11 9.030 CC: ../../../root/.nimby/pkgs/crunchy/src/crunchy/sha256.nim
#11 9.430 CC: ../../../root/.nimby/pkgs/pixie/src/pixie/fileformats/png.nim
#11 9.446 CC: ../../../root/.nimby/pkgs/pixie/src/pixie/fileformats/ppm.nim
#11 9.456 CC: ../../../root/.nimby/pkgs/pixie/src/pixie/fileformats/qoi.nim
#11 9.507 CC: ../../../root/.nimby/pkgs/pixie/src/pixie/fileformats/svg.nim
#11 9.627 CC: ../../../root/.nimby/pkgs/pixie/src/pixie.nim
#11 9.713 CC: ../../../root/.nimby/pkgs/supersnappy/src/supersnappy/internal.nim
#11 9.749 CC: ../../../root/.nimby/pkgs/supersnappy/src/supersnappy.nim
#11 9.869 CC: ../../../root/.nimby/pkgs/bitworld/src/bitworld/spriteprotocol.nim
#11 9.907 CC: ../../../root/.nimby/pkgs/bitworld/src/bitworld/server.nim
#11 10.01 CC: ../../../root/.nimby/pkgs/bitworld/src/bitworld/aseprite.nim
#11 10.11 CC: ../../../root/.nimby/pkgs/bitworld/src/bitworld/pixelfonts.nim
#11 10.13 CC: ../src/ctf/glory.nim
#11 10.19 CC: ../src/ctf/sim_types.nim
#11 10.22 CC: ../src/ctf/rig_art.nim
#11 10.80 CC: ../../../root/.nimby/nim/lib/pure/collections/deques.nim
#11 10.83 CC: ../../../root/.nimby/pkgs/jsony/src/jsony.nim
#11 10.89 CC: ../src/ctf/map_pool.nim
#11 10.93 CC: ../src/ctf/arena.nim
#11 10.99 CC: ../src/ctf/map_art.nim
#11 11.11 CC: ../../../root/.nimby/nim/lib/pure/strformat.nim
#11 11.12 CC: ../src/ctf/br_map_pool.nim
#11 11.24 CC: ../src/ctf/sim_config.nim
#11 11.32 CC: ../src/ctf/sim_state.nim
#11 11.41 CC: ../src/ctf/paint.nim
#11 11.49 CC: ../src/ctf/roster.nim
#11 11.52 CC: ../src/ctf/zone_field.nim
#11 11.68 CC: ../src/ctf/sim.nim
#11 11.83 CC: ../src/ctf/labels.nim
#11 11.84 CC: ../src/ctf/global.nim
#11 12.06 CC: ../src/ctf/broadcast.nim
#11 12.21 CC: ../../../root/.nimby/pkgs/flatty/src/flatty.nim
#11 12.33 CC: ../../../root/.nimby/pkgs/bitworld/src/bitworld/replays.nim
#11 12.54 CC: ../src/shell/types.nim
#11 12.81 CC: ../src/shell/seats.nim
#11 12.91 CC: ../src/shell/replay_records.nim
#11 12.97 CC: ../src/ctf/replay_codec.nim
#11 13.02 CC: ../src/ctf/replays.nim
#11 13.15 CC: ../src/ctf/replay_runtime.nim
#11 13.29 CC: ctf_replay.nim
#11 15.49 Hint:  [Link]
#11 20.33 Hint: mm: arc; opt: speed; options: -d:release
#11 20.33 169274 lines; 19.773s; 423.91MiB peakmem; proj: /workspace/ctf/replay-viewer/ctf_replay.nim; out: /workspace/ctf/replay-viewer/ctf_replay [SuccessX]
#11 DONE 25.9s

#12 exporting to image
#12 exporting layers
#12 exporting layers 2.6s done
#12 exporting manifest sha256:265299392769df5b799b8e8862f5d8f769325eaee64691f3eb8b2868c68b27e1
#12 exporting manifest sha256:265299392769df5b799b8e8862f5d8f769325eaee64691f3eb8b2868c68b27e1 done
#12 exporting config sha256:b54341fa96124105c5be5d68448401336d6eb1c252996195026588daadde88b1 done
#12 exporting attestation manifest sha256:584ff6deab64b7ca58339e69c5fba78629125233753e368257091f0409658924 0.0s done
#12 exporting manifest list sha256:7ab27d77bbcd13240c74f5f42b90023f5122b113d6d6226c51b5869b4c5db0f4 done
#12 naming to docker.io/library/coworld-ctf-replay-viewer-build:5289 done
#12 DONE 2.7s
