Hint: used config file '/home/ubuntu/.nimby/nim-2.2.6/config/nim.cfg' [Conf]
Hint: used config file '/home/ubuntu/.nimby/nim-2.2.6/config/config.nims' [Conf]
Hint: used config file '/home/ubuntu/coworld-nav-wavefront-20260909/nim.cfg' [Conf]
...............................................................................................................................................................................................................................
/home/ubuntu/coworld-nav-wavefront-20260909/src/ctf/arena.nim(1373, 5) Hint: 'inside' is declared but not used [XDeclaredButNotUsed]
/home/ubuntu/coworld-nav-wavefront-20260909/src/ctf/arena.nim(3702, 6) Hint: 'rectsNode' is declared but not used [XDeclaredButNotUsed]
/home/ubuntu/coworld-nav-wavefront-20260909/src/ctf/arena.nim(3707, 6) Hint: 'rectsFromNode' is declared but not used [XDeclaredButNotUsed]
.............
CC: system/exceptions.nim
CC: std/private/digitsutils.nim
CC: std/assertions.nim
CC: std/private/dragonbox.nim
CC: std/formatfloat.nim
CC: system/dollars.nim
CC: std/syncio.nim
CC: system.nim
CC: hashes.nim
CC: math.nim
CC: algorithm.nim
CC: tables.nim
CC: parseutils.nim
CC: unicode.nim
CC: strutils.nim
CC: streams.nim
CC: lexbase.nim
CC: parsejson.nim
CC: json.nim
CC: times.nim
CC: std/monotimes.nim
CC: std/envvars.nim
CC: std/cmdline.nim
CC: random.nim
CC: deques.nim
CC: jsony.nim
CC: nimsimd/runtimecheck.nim
CC: pixie/simd.nim
CC: pixie/fontformats/opentype.nim
CC: pixie/fileformats/jpeg.nim
CC: heapqueue.nim
CC: crunchy/sha256.nim
CC: pixie/fileformats/png.nim
CC: bitworld/spriteprotocol.nim
CC: bitworld/pixelfonts.nim
CC: ../ctf/sim_types.nim
CC: ../ctf/arena.nim
CC: strformat.nim
CC: ../ctf/br_map_pool.nim
CC: body_map.nim
CC: body_cache.nim
CC: body_danger.nim
CC: ../ctf/zone_field.nim
CC: body_route_index.nim
CC: body_hazard.nim
CC: body_route_query.nim
CC: body_safety_query.nim
CC: body_nav.nim
CC: bench_body_danger_cache.nim
Hint:  [Link]
Hint: mm: orc; threads: on; opt: speed; options: -d:release
119803 lines; 5.154s; 341.801MiB peakmem; proj: /home/ubuntu/coworld-nav-wavefront-20260909/tools/bench_body_danger_cache.nim; out: /home/ubuntu/nav-throughput-results-20260909/C7-refcount/bench-candidate-cache [SuccessX]
