#0 building with "orbstack" instance using docker driver

#1 [internal] load build definition from Dockerfile.replay-viewer
#1 transferring dockerfile: 4.66kB done
#1 DONE 0.0s

#2 [internal] load metadata for docker.io/emscripten/emsdk:4.0.15
#2 DONE 0.8s

#3 [internal] load .dockerignore
#3 transferring context: 117B done
#3 DONE 0.0s

#4 [1/7] FROM docker.io/emscripten/emsdk:4.0.15@sha256:27bc6267cb285223b8aebb7627bfebae7cb3ad2aaa0d5923b8aa5321793033e8
#4 resolve docker.io/emscripten/emsdk:4.0.15@sha256:27bc6267cb285223b8aebb7627bfebae7cb3ad2aaa0d5923b8aa5321793033e8 0.0s done
#4 DONE 0.0s

#5 [internal] load build context
#5 transferring context: 906.45MB 3.1s done
#5 DONE 3.2s

#6 [2/7] RUN apt-get update &&   apt-get install -y --no-install-recommends ca-certificates curl git &&   rm -rf /var/lib/apt/lists/* &&   curl -fsSL     -o /usr/local/bin/nimby     https://github.com/treeform/nimby/releases/download/0.1.27/nimby-Linux-X64 &&   echo "3b3084394bd26b09f84a3f82389f075221c8784893238390939d71dd66ac9e8b  /usr/local/bin/nimby" | sha256sum -c - &&   chmod +x /usr/local/bin/nimby &&   nimby use 2.2.4
#6 CACHED

#7 [3/7] WORKDIR /workspace/ctf
#7 CACHED

#8 [4/7] COPY nimby.lock .
#8 CACHED

#9 [5/7] RUN nimby --global sync nimby.lock
#9 CACHED

#10 [6/7] COPY . .
#10 DONE 9.6s

#11 [7/7] RUN nim c -d:emscripten -d:ctfSimSourcesStamp="fa6763ada37900c2ec5e20190396aed0f81538d96494770d0f692a1d9842746a"     replay-viewer/ctf_replay.nim &&   nim c -r --hints:off -o:/tmp/gen_wire_constants tools/gen_wire_constants.nim     > replay-viewer/dist/wire_constants.js &&   cp client/broadcast_core.js replay-viewer/dist/broadcast_core.js &&   cp client/chrome_common.js replay-viewer/dist/chrome_common.js &&   cp data/font.ttf replay-viewer/dist/font.ttf &&   cp replay-viewer/static_replay.js replay-viewer/dist/static_replay.js &&   cp replay-viewer/static_replay_worker.js replay-viewer/dist/static_replay_worker.js &&   sed -e 's|<!-- WIRE_CONSTANTS -->|<script src="./wire_constants.js"></script>|'       -e 's|<!-- CHROME_COMMON -->|<script src="./chrome_common.js"></script>|'       -e 's|<!-- BROADCAST_CORE -->|<script src="./static_replay.js"></script>|'     client/replay_broadcast.html > replay-viewer/dist/index.html &&   sed -e 's|<!-- WIRE_CONSTANTS -->|<script src="./wire_constants.js"></script>|'       -e 's|<!-- CHROME_COMMON -->|<script src="./chrome_common.js"></script>|'     client/league_replayer.html > replay-viewer/dist/league.html &&   cp data/soldier_*_front.png data/soldier_*_front_gun.png     replay-viewer/dist/ &&   cp replay-viewer/loop.html replay-viewer/dist/ &&   mkdir -p replay-viewer/dist/art/walls replay-viewer/dist/art/lockerroom &&   cp client/art/walls/wall_h.jpg client/art/walls/wall_v.jpg     replay-viewer/dist/art/walls/ &&   cp client/art/lockerroom/bg.jpg client/art/lockerroom/*.webp     replay-viewer/dist/art/lockerroom/ &&   rm -rf replay-viewer/dist/nimcache &&   test -f replay-viewer/dist/ctf_replay.wasm &&   test -f replay-viewer/dist/ctf_replay.data &&   test -f replay-viewer/dist/static_replay_worker.js &&   test -f replay-viewer/dist/index.html &&   test -f replay-viewer/dist/league.html &&   test -s replay-viewer/dist/wire_constants.js &&   grep -q '^window.CTF_WIRE={' replay-viewer/dist/wire_constants.js &&   grep -q 'wire_constants.js' replay-viewer/dist/index.html &&   grep -q 'wire_constants.js' replay-viewer/dist/league.html &&   test -s replay-viewer/dist/chrome_common.js &&   grep -q 'window.ChromeCommon' replay-viewer/dist/chrome_common.js &&   grep -q 'chrome_common.js' replay-viewer/dist/index.html &&   grep -q 'chrome_common.js' replay-viewer/dist/league.html &&   grep -q 'static_replay_worker.js' replay-viewer/dist/static_replay.js &&   ! grep -q '<script src="./broadcast_core.js"></script>' replay-viewer/dist/index.html &&   ! grep -q '<script src="./ctf_replay.js"></script>' replay-viewer/dist/index.html &&   test -f replay-viewer/dist/soldier_red_front.png &&   test -f replay-viewer/dist/soldier_blue_front.png &&   test -f replay-viewer/dist/soldier_green_front.png &&   test -f replay-viewer/dist/soldier_yellow_front.png &&   test -f replay-viewer/dist/soldier_plum_front.png &&   test -f replay-viewer/dist/soldier_azure_front_gun.png &&   test "$(ls replay-viewer/dist/soldier_*_front.png | wc -l)" = "$(ls data/soldier_*_front.png | wc -l)" &&   test "$(ls replay-viewer/dist/soldier_*_front_gun.png | wc -l)" = "$(ls data/soldier_*_front_gun.png | wc -l)" &&   test -f replay-viewer/dist/art/walls/wall_h.jpg &&   test -f replay-viewer/dist/art/lockerroom/bg.jpg &&   test -f replay-viewer/dist/art/lockerroom/green_1.webp &&   test -f replay-viewer/dist/art/lockerroom/red_6.webp
#11 0.650 Hint: used config file '/root/.nimby/nim/config/nim.cfg' [Conf]
#11 0.650 Hint: used config file '/root/.nimby/nim/config/config.nims' [Conf]
#11 0.650 Hint: used config file '/workspace/ctf/nim.cfg' [Conf]
#11 0.651 Hint: used config file '/workspace/ctf/replay-viewer/config.nims' [Conf]
#11 0.651 .......................................................................................................................................................................................................
#11 2.474 /workspace/ctf/src/ctf/rig_art.nim(552, 5) Hint: 'unitDeg' is declared but not used [XDeclaredButNotUsed]
#11 2.498 .....
#11 2.587 /workspace/ctf/src/ctf/arena.nim(1373, 5) Hint: 'inside' is declared but not used [XDeclaredButNotUsed]
#11 2.719 /workspace/ctf/src/ctf/arena.nim(3702, 6) Hint: 'rectsNode' is declared but not used [XDeclaredButNotUsed]
#11 2.719 /workspace/ctf/src/ctf/arena.nim(3707, 6) Hint: 'rectsFromNode' is declared but not used [XDeclaredButNotUsed]
#11 2.719 ............
#11 3.510 /workspace/ctf/src/ctf/global.nim(3242, 5) Hint: 'v' is declared but not used [XDeclaredButNotUsed]
#11 3.721 /workspace/ctf/src/ctf/global.nim(7594, 7) Hint: 'rebuilt' is declared but not used [XDeclaredButNotUsed]
#11 3.772 /workspace/ctf/src/ctf/global.nim(1499, 6) Hint: 'boardScaledColdMapPixels' is declared but not used [XDeclaredButNotUsed]
#11 3.824 .........
#11 4.674 CC: ../../../root/.nimby/nim/lib/system/exceptions.nim
#11 4.678 CC: ../../../root/.nimby/nim/lib/std/private/digitsutils.nim
#11 4.680 CC: ../../../root/.nimby/nim/lib/std/assertions.nim
#11 4.683 CC: ../../../root/.nimby/nim/lib/std/private/dragonbox.nim
#11 4.685 CC: ../../../root/.nimby/nim/lib/std/formatfloat.nim
#11 4.688 CC: ../../../root/.nimby/nim/lib/system/dollars.nim
#11 4.691 CC: ../../../root/.nimby/nim/lib/std/syncio.nim
#11 4.695 CC: ../../../root/.nimby/nim/lib/system.nim
#11 4.699 CC: ../../../root/.nimby/nim/lib/pure/hashes.nim
#11 4.705 CC: ../../../root/.nimby/nim/lib/pure/math.nim
#11 4.711 CC: ../../../root/.nimby/nim/lib/pure/algorithm.nim
#11 4.715 CC: ../../../root/.nimby/nim/lib/pure/collections/tables.nim
#11 4.720 CC: ../../../root/.nimby/nim/lib/pure/parseutils.nim
#11 4.724 CC: ../../../root/.nimby/nim/lib/pure/unicode.nim
#11 5.624 CC: ../../../root/.nimby/nim/lib/pure/strutils.nim
#11 5.761 CC: ../../../root/.nimby/nim/lib/pure/streams.nim
#11 5.784 CC: ../../../root/.nimby/nim/lib/pure/lexbase.nim
#11 5.825 CC: ../../../root/.nimby/nim/lib/pure/parsejson.nim
#11 5.846 CC: ../../../root/.nimby/nim/lib/pure/json.nim
#11 5.898 CC: ../../../root/.nimby/nim/lib/pure/pathnorm.nim
#11 6.074 CC: ../../../root/.nimby/nim/lib/std/oserrors.nim
#11 6.108 CC: ../../../root/.nimby/nim/lib/std/private/oscommon.nim
#11 6.194 CC: ../../../root/.nimby/nim/lib/std/private/ospaths2.nim
#11 6.296 CC: ../../../root/.nimby/nim/lib/pure/times.nim
#11 6.389 CC: ../../../root/.nimby/nim/lib/std/envvars.nim
#11 6.438 CC: ../../../root/.nimby/nim/lib/std/cmdline.nim
#11 6.868 CC: ../../../root/.nimby/nim/lib/pure/random.nim
#11 6.917 CC: ../../../root/.nimby/pkgs/bumpy/src/bumpy.nim
#11 7.015 CC: ../../../root/.nimby/pkgs/chroma/src/chroma/colortypes.nim
#11 7.053 CC: ../../../root/.nimby/pkgs/chroma/src/chroma/blends.nim
#11 7.061 CC: ../../../root/.nimby/pkgs/chroma/src/chroma/names.nim
#11 7.075 CC: ../../../root/.nimby/pkgs/chroma/src/chroma.nim
#11 7.247 CC: ../../../root/.nimby/pkgs/flatty/src/flatty/binny.nim
#11 7.258 CC: ../../../root/.nimby/pkgs/pixie/src/pixie/common.nim
#11 7.338 CC: ../../../root/.nimby/pkgs/flatty/src/flatty/encode.nim
#11 7.350 CC: ../../../root/.nimby/pkgs/pixie/src/pixie/blends.nim
#11 7.377 CC: ../../../root/.nimby/pkgs/pixie/src/pixie/internal.nim
#11 7.408 CC: ../../../root/.nimby/pkgs/pixie/src/pixie/images.nim
#11 7.630 CC: ../../../root/.nimby/pkgs/pixie/src/pixie/paints.nim
#11 7.653 CC: ../../../root/.nimby/pkgs/pixie/src/pixie/paths.nim
#11 7.941 CC: ../../../root/.nimby/nim/lib/pure/collections/sets.nim
#11 7.988 CC: ../../../root/.nimby/pkgs/pixie/src/pixie/fontformats/opentype.nim
#11 7.993 CC: ../../../root/.nimby/nim/lib/pure/parsexml.nim
#11 8.035 CC: ../../../root/.nimby/nim/lib/pure/strtabs.nim
#11 8.093 CC: ../../../root/.nimby/nim/lib/pure/xmltree.nim
#11 8.155 CC: ../../../root/.nimby/nim/lib/pure/xmlparser.nim
#11 8.344 CC: ../../../root/.nimby/pkgs/pixie/src/pixie/fontformats/svgfont.nim
#11 8.399 CC: ../../../root/.nimby/pkgs/pixie/src/pixie/fonts.nim
#11 8.516 CC: ../../../root/.nimby/pkgs/pixie/src/pixie/fileformats/bmp.nim
#11 8.615 CC: ../../../root/.nimby/pkgs/zippy/src/zippy/common.nim
#11 8.721 CC: ../../../root/.nimby/pkgs/zippy/src/zippy/internal.nim
#11 8.978 CC: ../../../root/.nimby/pkgs/zippy/src/zippy/bitstreams.nim
#11 9.176 CC: ../../../root/.nimby/pkgs/pixie/src/pixie/fileformats/gif.nim
#11 9.362 CC: ../../../root/.nimby/pkgs/pixie/src/pixie/fileformats/jpeg.nim
#11 9.388 CC: ../../../root/.nimby/pkgs/zippy/src/zippy/adler32.nim
#11 9.447 CC: ../../../root/.nimby/pkgs/zippy/src/zippy/crc.nim
#11 9.476 CC: ../../../root/.nimby/nim/lib/pure/collections/heapqueue.nim
#11 9.510 CC: ../../../root/.nimby/pkgs/zippy/src/zippy/inflate.nim
#11 9.702 CC: ../../../root/.nimby/pkgs/zippy/src/zippy/gzip.nim
#11 9.761 CC: ../../../root/.nimby/pkgs/zippy/src/zippy.nim
#11 9.767 CC: ../../../root/.nimby/pkgs/crunchy/src/crunchy/common.nim
#11 10.08 CC: ../../../root/.nimby/pkgs/crunchy/src/crunchy/crc32.nim
#11 10.16 CC: ../../../root/.nimby/pkgs/crunchy/src/crunchy/sha256.nim
#11 10.22 CC: ../../../root/.nimby/pkgs/pixie/src/pixie/fileformats/png.nim
#11 10.25 CC: ../../../root/.nimby/pkgs/pixie/src/pixie/fileformats/ppm.nim
#11 10.42 CC: ../../../root/.nimby/pkgs/pixie/src/pixie/fileformats/qoi.nim
#11 10.64 CC: ../../../root/.nimby/pkgs/pixie/src/pixie/fileformats/svg.nim
#11 10.80 CC: ../../../root/.nimby/pkgs/pixie/src/pixie.nim
#11 10.84 CC: ../../../root/.nimby/pkgs/supersnappy/src/supersnappy/internal.nim
#11 10.91 CC: ../../../root/.nimby/pkgs/supersnappy/src/supersnappy.nim
#11 10.96 CC: ../../../root/.nimby/pkgs/bitworld/src/bitworld/spriteprotocol.nim
#11 10.99 CC: ../../../root/.nimby/pkgs/bitworld/src/bitworld/server.nim
#11 11.18 CC: ../../../root/.nimby/pkgs/bitworld/src/bitworld/aseprite.nim
#11 11.19 CC: ../../../root/.nimby/pkgs/bitworld/src/bitworld/pixelfonts.nim
#11 11.36 CC: ../src/ctf/glory.nim
#11 11.38 CC: ../src/ctf/sim_types.nim
#11 11.55 CC: ../src/ctf/rig_art.nim
#11 11.83 CC: ../../../root/.nimby/nim/lib/pure/collections/deques.nim
#11 12.01 CC: ../../../root/.nimby/pkgs/jsony/src/jsony.nim
#11 12.05 CC: ../src/ctf/map_pool.nim
#11 12.14 CC: ../src/ctf/arena.nim
#11 12.24 CC: ../src/ctf/map_art.nim
#11 12.38 CC: ../../../root/.nimby/nim/lib/pure/strformat.nim
#11 12.81 CC: ../src/ctf/br_map_pool.nim
#11 12.88 CC: ../src/ctf/sim_config.nim
#11 12.91 CC: ../src/ctf/sim_state.nim
#11 12.92 CC: ../src/ctf/paint.nim
#11 12.93 CC: ../src/ctf/roster.nim
#11 13.05 CC: ../src/ctf/zone_field.nim
#11 13.07 CC: ../src/ctf/sim.nim
#11 13.12 CC: ../src/ctf/labels.nim
#11 13.13 CC: ../src/ctf/global.nim
#11 13.65 CC: ../src/ctf/broadcast.nim
#11 13.83 CC: ../../../root/.nimby/pkgs/flatty/src/flatty.nim
#11 13.93 CC: ../../../root/.nimby/pkgs/bitworld/src/bitworld/replays.nim
#11 14.20 CC: ../src/shell/types.nim
#11 14.26 CC: ../src/shell/seats.nim
#11 14.31 CC: ../src/shell/replay_records.nim
#11 14.69 CC: ../src/ctf/replay_codec.nim
#11 14.72 CC: ../src/ctf/replays.nim
#11 14.72 CC: ../src/ctf/replay_runtime.nim
#11 15.19 CC: ctf_replay.nim
#11 16.95 Hint:  [Link]
#11 21.96 Hint: mm: arc; opt: speed; options: -d:release
#11 21.96 169261 lines; 21.312s; 423.91MiB peakmem; proj: /workspace/ctf/replay-viewer/ctf_replay.nim; out: /workspace/ctf/replay-viewer/ctf_replay [SuccessX]
#11 DONE 27.5s

#12 exporting to image
#12 exporting layers
#12 exporting layers 17.9s done
#12 exporting manifest sha256:1426caccac1a0207607f4fee3baaf2493cb5a48242d2b83c6ccceb19edfcb5e8
#12 exporting manifest sha256:1426caccac1a0207607f4fee3baaf2493cb5a48242d2b83c6ccceb19edfcb5e8 done
#12 exporting config sha256:f93332a0d3f6806780392646bdd2daf1d513b7c0dbd8eb47b75bb78aef64522f done
#12 exporting attestation manifest sha256:4a568c6fcdd5bdf6ecf4c2e47bc481170cd63524ec0a845cd6d651fdd22be473 0.0s done
#12 exporting manifest list sha256:4d2e29978086eebd40e43bc2871cb87e0a1c4e88b671f837372987fd424e68bc 0.0s done
#12 naming to docker.io/library/coworld-ctf-replay-viewer-build:98770 done
#12 DONE 17.9s
