Hint: used config file '/home/ubuntu/.nimby/nim-2.2.6/config/nim.cfg' [Conf]
Hint: used config file '/home/ubuntu/.nimby/nim-2.2.6/config/config.nims' [Conf]
Hint: used config file '/home/ubuntu/coworld-nav-wavefront-20260909/nim.cfg' [Conf]
...................................................................................................................................................................................................................................
/home/ubuntu/coworld-nav-wavefront-20260909/src/ctf/arena.nim(1373, 5) Hint: 'inside' is declared but not used [XDeclaredButNotUsed]
/home/ubuntu/coworld-nav-wavefront-20260909/src/ctf/arena.nim(3702, 6) Hint: 'rectsNode' is declared but not used [XDeclaredButNotUsed]
/home/ubuntu/coworld-nav-wavefront-20260909/src/ctf/arena.nim(3707, 6) Hint: 'rectsFromNode' is declared but not used [XDeclaredButNotUsed]
.........
/home/ubuntu/coworld-nav-wavefront-20260909/tools/c10_replay.nim(2, 12) Hint: duplicate import of 'bitops'; previous import here: /home/ubuntu/coworld-nav-wavefront-20260909/src/shell/body_nav.nim(4, 24) [DuplicateModuleImport]
/home/ubuntu/coworld-nav-wavefront-20260909/tools/bench_c10_replay.nim(20, 51) Hint: duplicate import of 'hashes'; previous import here: /home/ubuntu/coworld-nav-wavefront-20260909/src/shell/body_nav.nim(4, 32) [DuplicateModuleImport]
/home/ubuntu/coworld-nav-wavefront-20260909/tools/bench_c10_replay.nim(20, 59) Hint: duplicate import of 'algorithm'; previous import here: /home/ubuntu/coworld-nav-wavefront-20260909/src/shell/body_nav.nim(4, 13) [DuplicateModuleImport]
/home/ubuntu/coworld-nav-wavefront-20260909/tools/bench_c10_replay.nim(20, 70) Hint: duplicate import of 'bitops'; previous import here: /home/ubuntu/coworld-nav-wavefront-20260909/tools/c10_replay.nim(2, 12) [DuplicateModuleImport]
.
/home/ubuntu/coworld-nav-wavefront-20260909/tools/bench_c10_replay.nim(21, 33) Hint: duplicate import of 'sim_types'; previous import here: /home/ubuntu/coworld-nav-wavefront-20260909/src/shell/body_nav.nim(8, 15) [DuplicateModuleImport]
/home/ubuntu/coworld-nav-wavefront-20260909/tools/bench_c10_replay.nim(21, 33) Warning: imported and not used: 'sim_types' [UnusedImport]
CC: system/exceptions.nim
CC: std/private/digitsutils.nim
CC: std/assertions.nim
CC: std/private/dragonbox.nim
CC: std/formatfloat.nim
CC: system/dollars.nim
CC: std/syncio.nim
CC: system.nim
CC: algorithm.nim
CC: hashes.nim
CC: math.nim
CC: parseutils.nim
CC: unicode.nim
CC: strutils.nim
CC: tables.nim
CC: flatty/binny.nim
CC: times.nim
CC: std/envvars.nim
CC: std/cmdline.nim
CC: nimsimd/runtimecheck.nim
CC: pixie/simd.nim
CC: pixie/fontformats/opentype.nim
CC: streams.nim
CC: lexbase.nim
CC: pixie/fileformats/jpeg.nim
CC: heapqueue.nim
CC: crunchy/sha256.nim
CC: pixie/fileformats/png.nim
CC: bitworld/spriteprotocol.nim
CC: std/monotimes.nim
CC: random.nim
CC: bitworld/pixelfonts.nim
CC: ../ctf/sim_types.nim
CC: parsejson.nim
CC: json.nim
CC: jsony.nim
CC: ../ctf/arena.nim
CC: body_map.nim
CC: body_cache.nim
CC: body_danger.nim
CC: ../ctf/zone_field.nim
CC: strformat.nim
CC: body_route_index.nim
CC: body_hazard.nim
CC: body_route_query.nim
CC: body_safety_query.nim
CC: ../ctf/br_map_pool.nim
CC: bench_c10_replay.nim
Hint:  [Link]
Hint: mm: orc; threads: on; opt: speed; options: -d:release
119931 lines; 12.236s; 340.844MiB peakmem; proj: /home/ubuntu/coworld-nav-wavefront-20260909/tools/bench_c10_replay.nim; out: /home/ubuntu/nav-throughput-results-20260909/C10-micro/bench-simd [SuccessX]
